Archive member included because of file (symbol)

.\ARM_GCC_493\Debug\Simple_Oscope.a(cyfitter_cfg.o)
                              .\ARM_GCC_493\Debug\Cm3Start.o (cyfitter_cfg)
.\ARM_GCC_493\Debug\Simple_Oscope.a(CyBootAsmGnu.o)
                              .\ARM_GCC_493\Debug\Simple_Oscope.a(cyfitter_cfg.o) (CyDelayCycles)
.\ARM_GCC_493\Debug\Simple_Oscope.a(CyDmac.o)
                              .\ARM_GCC_493\Debug\Cm3Start.o (CyDmacConfigure)
.\ARM_GCC_493\Debug\Simple_Oscope.a(CyLib.o)
                              .\ARM_GCC_493\Debug\Cm3Start.o (CyResetStatus)
.\ARM_GCC_493\Debug\Simple_Oscope.a(cyPm.o)
                              .\ARM_GCC_493\Debug\Simple_Oscope.a(CyLib.o) (CyPmReadStatus)
.\ARM_GCC_493\Debug\Simple_Oscope.a(UART.o)
                              .\ARM_GCC_493\Debug\main.o (UART_Start)
.\ARM_GCC_493\Debug\Simple_Oscope.a(UART_INT.o)
                              .\ARM_GCC_493\Debug\Simple_Oscope.a(UART.o) (UART_RXISR)
.\ARM_GCC_493\Debug\Simple_Oscope.a(UART_IntClock.o)
                              .\ARM_GCC_493\Debug\Simple_Oscope.a(UART.o) (UART_IntClock_Start)
.\ARM_GCC_493\Debug\Simple_Oscope.a(ADC.o)
                              .\ARM_GCC_493\Debug\main.o (ADC_Start)
.\ARM_GCC_493\Debug\Simple_Oscope.a(ADC_INT.o)
                              .\ARM_GCC_493\Debug\Simple_Oscope.a(ADC.o) (ADC_ISR)
.\ARM_GCC_493\Debug\Simple_Oscope.a(ADC_Clock.o)
                              .\ARM_GCC_493\Debug\main.o (ADC_Clock_SetDividerRegister)
.\ARM_GCC_493\Debug\Simple_Oscope.a(DMA_ADC_MEM_dma.o)
                              .\ARM_GCC_493\Debug\main.o (DMA_ADC_MEM_DmaInitialize)
.\ARM_GCC_493\Debug\Simple_Oscope.a(TIMER_DMA.o)
                              .\ARM_GCC_493\Debug\main.o (TIMER_DMA_Init)
.\ARM_GCC_493\Debug\Simple_Oscope.a(DMA_ENABLE.o)
                              .\ARM_GCC_493\Debug\main.o (DMA_ENABLE_StartEx)
.\ARM_GCC_493\Debug\Simple_Oscope.a(DMA_FRAME_READY.o)
                              .\ARM_GCC_493\Debug\main.o (DMA_FRAME_READY_StartEx)
.\ARM_GCC_493\Debug\Simple_Oscope.a(DAC_1.o)
                              .\ARM_GCC_493\Debug\main.o (DAC_1_Wave1Setup)
.\ARM_GCC_493\Debug\Simple_Oscope.a(DAC_1_Wave1_DMA_dma.o)
                              .\ARM_GCC_493\Debug\Simple_Oscope.a(DAC_1.o) (DAC_1_Wave1_DMA_DmaInitialize)
.\ARM_GCC_493\Debug\Simple_Oscope.a(DAC_1_Wave2_DMA_dma.o)
                              .\ARM_GCC_493\Debug\Simple_Oscope.a(DAC_1.o) (DAC_1_Wave2_DMA_DmaInitialize)
.\ARM_GCC_493\Debug\Simple_Oscope.a(DAC_1_VDAC8.o)
                              .\ARM_GCC_493\Debug\Simple_Oscope.a(DAC_1.o) (DAC_1_VDAC8_Init)
.\ARM_GCC_493\Debug\Simple_Oscope.a(SPS_Divider_Counter.o)
                              .\ARM_GCC_493\Debug\main.o (SPS_Divider_Counter_WritePeriod)
.\ARM_GCC_493\Debug\Simple_Oscope.a(SPS_Divider_Control_Reg.o)
                              .\ARM_GCC_493\Debug\main.o (SPS_Divider_Control_Reg_Write)
.\ARM_GCC_493\Debug\Simple_Oscope.a(SPS_Divider_Control_Reg_PM.o)
                              .\ARM_GCC_493\Debug\main.o (SPS_Divider_Control_Reg_SaveConfig)
.\ARM_GCC_493\Debug\Simple_Oscope.a(DAC_CLOCK.o)
                              .\ARM_GCC_493\Debug\main.o (DAC_Clock_SetDividerRegister)
.\ARM_GCC_493\Debug\Simple_Oscope.a(CyFlash.o)
                              .\ARM_GCC_493\Debug\Simple_Oscope.a(cyPm.o) (CyFlash_SetWaitCycles)
.\ARM_GCC_493\Debug\Simple_Oscope.a(CySpc.o)
                              .\ARM_GCC_493\Debug\Simple_Oscope.a(CyFlash.o) (CySpcStart)
d:/programs/cypress/psoc creator/3.3/psoc creator/import/gnu/arm/4.9.3/bin/../lib/gcc/arm-none-eabi/4.9.3/../../../../arm-none-eabi/lib/armv7-m\libm.a(lib_a-s_floor.o)
                              .\ARM_GCC_493\Debug\main.o (floor)
d:/programs/cypress/psoc creator/3.3/psoc creator/import/gnu/arm/4.9.3/bin/../lib/gcc/arm-none-eabi/4.9.3/armv7-m\libgcc.a(_arm_addsubdf3.o)
                              d:/programs/cypress/psoc creator/3.3/psoc creator/import/gnu/arm/4.9.3/bin/../lib/gcc/arm-none-eabi/4.9.3/../../../../arm-none-eabi/lib/armv7-m\libm.a(lib_a-s_floor.o) (__aeabi_dadd)
d:/programs/cypress/psoc creator/3.3/psoc creator/import/gnu/arm/4.9.3/bin/../lib/gcc/arm-none-eabi/4.9.3/armv7-m\libgcc.a(_arm_muldivdf3.o)
                              .\ARM_GCC_493\Debug\main.o (__aeabi_dmul)
d:/programs/cypress/psoc creator/3.3/psoc creator/import/gnu/arm/4.9.3/bin/../lib/gcc/arm-none-eabi/4.9.3/armv7-m\libgcc.a(_arm_cmpdf2.o)
                              d:/programs/cypress/psoc creator/3.3/psoc creator/import/gnu/arm/4.9.3/bin/../lib/gcc/arm-none-eabi/4.9.3/../../../../arm-none-eabi/lib/armv7-m\libm.a(lib_a-s_floor.o) (__aeabi_dcmpgt)
d:/programs/cypress/psoc creator/3.3/psoc creator/import/gnu/arm/4.9.3/bin/../lib/gcc/arm-none-eabi/4.9.3/armv7-m\libgcc.a(_arm_fixdfsi.o)
                              .\ARM_GCC_493\Debug\main.o (__aeabi_d2iz)
d:/programs/cypress/psoc creator/3.3/psoc creator/import/gnu/arm/4.9.3/bin/../lib/gcc/arm-none-eabi/4.9.3/armv7-m\libgcc.a(_arm_fixunsdfsi.o)
[...]
Memory Configuration

Name             Origin             Length             Attributes
rom              0x00000000         0x00040000         xr
ram              0x1fff8000         0x00010000         xrw
*default*        0x00000000         0xffffffff

Linker script and memory map

LOAD d:/programs/cypress/psoc creator/3.3/psoc creator/import/gnu/arm/4.9.3/bin/../lib/gcc/arm-none-eabi/4.9.3/armv7-m/crti.o
LOAD d:/programs/cypress/psoc creator/3.3/psoc creator/import/gnu/arm/4.9.3/bin/../lib/gcc/arm-none-eabi/4.9.3/armv7-m/crtbegin.o
LOAD d:/programs/cypress/psoc creator/3.3/psoc creator/import/gnu/arm/4.9.3/bin/../lib/gcc/arm-none-eabi/4.9.3/../../../../arm-none-eabi/lib/armv7-m/crt0.o
START GROUP
LOAD .\ARM_GCC_493\Debug\main.o
LOAD .\ARM_GCC_493\Debug\cymetadata.o
LOAD .\ARM_GCC_493\Debug\Cm3Start.o
LOAD .\ARM_GCC_493\Debug\Simple_Oscope.a
LOAD D:\Programs\Cypress\PSoC Creator\3.3\PSoC Creator\psoc\content\cycomponentlibrary\CyComponentLibrary.cylib\CortexM3\ARM_GCC_493\Debug\CyComponentLibrary.a
LOAD d:/programs/cypress/psoc creator/3.3/psoc creator/import/gnu/arm/4.9.3/bin/../lib/gcc/arm-none-eabi/4.9.3/../../../../arm-none-eabi/lib/armv7-m\libm.a
END GROUP
START GROUP
LOAD d:/programs/cypress/psoc creator/3.3/psoc creator/import/gnu/arm/4.9.3/bin/../lib/gcc/arm-none-eabi/4.9.3/armv7-m\libgcc.a
LOAD d:/programs/cypress/psoc creator/3.3/psoc creator/import/gnu/arm/4.9.3/bin/../lib/gcc/arm-none-eabi/4.9.3/../../../../arm-none-eabi/lib/armv7-m\libg_nano.a
LOAD d:/programs/cypress/psoc creator/3.3/psoc creator/import/gnu/arm/4.9.3/bin/../lib/gcc/arm-none-eabi/4.9.3/../../../../arm-none-eabi/lib/armv7-m\libc_nano.a
END GROUP
START GROUP
LOAD d:/programs/cypress/psoc creator/3.3/psoc creator/import/gnu/arm/4.9.3/bin/../lib/gcc/arm-none-eabi/4.9.3/armv7-m\libgcc.a
LOAD d:/programs/cypress/psoc creator/3.3/psoc creator/import/gnu/arm/4.9.3/bin/../lib/gcc/arm-none-eabi/4.9.3/../../../../arm-none-eabi/lib/armv7-m\libc_nano.a
END GROUP
LOAD d:/programs/cypress/psoc creator/3.3/psoc creator/import/gnu/arm/4.9.3/bin/../lib/gcc/arm-none-eabi/4.9.3/armv7-m/crtend.o
LOAD d:/programs/cypress/psoc creator/3.3/psoc creator/import/gnu/arm/4.9.3/bin/../lib/gcc/arm-none-eabi/4.9.3/armv7-m/crtn.o
START GROUP
LOAD d:/programs/cypress/psoc creator/3.3/psoc creator/import/gnu/arm/4.9.3/bin/../lib/gcc/arm-none-eabi/4.9.3/armv7-m\libgcc.a
LOAD d:/programs/cypress/psoc creator/3.3/psoc creator/import/gnu/arm/4.9.3/bin/../lib/gcc/arm-none-eabi/4.9.3/../../../../arm-none-eabi/lib/armv7-m\libc.a
LOAD d:/programs/cypress/psoc creator/3.3/psoc creator/import/gnu/arm/4.9.3/bin/../lib/gcc/arm-none-eabi/4.9.3/../../../../arm-none-eabi/lib/armv7-m\libnosys.a
END GROUP
                0x00000000                CY_APPL_ORIGIN = 0x0
                0x00000100                CY_FLASH_ROW_SIZE = 0x100
                0x00000020                CY_ECC_ROW_SIZE = 0x20
                0x00000000                CY_EE_IN_BTLDR = 0x0
                0x00000000                CY_APPL_LOADABLE = 0x0
                0x00000800                CY_EE_SIZE = 0x800
                0x00000001                CY_APPL_NUM = 0x1
                0x00000001                CY_APPL_MAX = 0x1
                0x00000040                CY_METADATA_SIZE = 0x40
                0x00000000                CY_APPL_LOADABLE = 0x0
                0x00000000                CY_CHECKSUM_EXCLUDE_SIZE = ALIGN (0x0, CY_FLASH_ROW_SIZE)
                0x1fff90d8                PROVIDE (__cy_heap_start, _end)
                0x00000001                PROVIDE (__cy_region_num, ((__cy_regions_end - __cy_regions) / 0x10))
                0x20008000                PROVIDE (__cy_stack, (ORIGIN (ram) + 0x10000))
                0x20007800                PROVIDE (__cy_heap_end, (__cy_stack - 0x800))

.cybootloader   0x00000000        0x0
 *(.cybootloader)
                0x00000000                appl1_start = CY_APPL_ORIGIN?CY_APPL_ORIGIN:ALIGN (CY_FLASH_ROW_SIZE)
                0x0001ff00                appl2_start = (appl1_start + ALIGN ((((0x40000 - appl1_start) - (0x2 * CY_FLASH_ROW_SIZE)) / 0x2), CY_FLASH_ROW_SIZE))
                0x00000000                appl_start = (CY_APPL_NUM == 0x1)?appl1_start:appl2_start
                0x00000000                ecc_offset = ((appl_start / CY_FLASH_ROW_SIZE) * CY_ECC_ROW_SIZE)
                0x00000000                ee_offset = (CY_APPL_LOADABLE && ! (CY_EE_IN_BTLDR))?((CY_EE_SIZE / CY_APPL_MAX) * (CY_APPL_NUM - 0x1)):0x0
                0x00000800                ee_size = (CY_APPL_LOADABLE && ! (CY_EE_IN_BTLDR))?(CY_EE_SIZE / CY_APPL_MAX):CY_EE_SIZE
                0x00000000                PROVIDE (CY_ECC_OFFSET, ecc_offset)

.text           0x00000000     0x4f08
 CREATE_OBJECT_SYMBOLS
                0x00000000                PROVIDE (__cy_interrupt_vector, RomVectors)
 *(.romvectors)
 .romvectors    0x00000000       0x10 .\ARM_GCC_493\Debug\Cm3Start.o
                0x00000000                RomVectors
                0x00000001                ASSERT ((. != __cy_interrupt_vector), No interrupt vector)
                0x00000001                ASSERT (CY_APPL_ORIGIN?(SIZEOF (.cybootloader) <= CY_APPL_ORIGIN):0x1, Wrong image location)
                0x00000010                PROVIDE (__cy_reset, Reset)
 *(.text.Reset)
 .text.Reset    0x00000010       0x18 .\ARM_GCC_493\Debug\Cm3Start.o
                0x00000010                Reset
                0x00000001                ASSERT ((. != __cy_reset), No reset code)
 *(.dma_init)
                0x00000001                ASSERT ((((appl_start + .) <= 0x10000) || 0x1), DMA Init must be within the first 64k of flash)
 *(.text .text.* .gnu.linkonce.t.*)
 .text          0x00000028       0x5c d:/programs/cypress/psoc creator/3.3/psoc creator/import/gnu/arm/4.9.3/bin/../lib/gcc/arm-none-eabi/4.9.3/armv7-m/crtbegin.o
 .text.main     0x00000084       0xd4 .\ARM_GCC_493\Debug\main.o
                0x00000084                main
 .text.parseCommand
                0x00000158      0x3e0 .\ARM_GCC_493\Debug\main.o
                0x00000158                parseCommand
 .text.regenerateWave
                0x00000538      0x37c .\ARM_GCC_493\Debug\main.o
                0x00000538                regenerateWave
 .text.startADC
                0x000008b4       0x30 .\ARM_GCC_493\Debug\main.o
                0x000008b4                startADC
 .text.stopADC  0x000008e4       0x40 .\ARM_GCC_493\Debug\main.o
                0x000008e4                stopADC
 .text.startDAC
                0x00000924       0x1c .\ARM_GCC_493\Debug\main.o
                0x00000924                startDAC
 .text.stopDAC  0x00000940       0x1c .\ARM_GCC_493\Debug\main.o
                0x00000940                stopDAC
 .text.changeSPS
                0x0000095c       0xd8 .\ARM_GCC_493\Debug\main.o
                0x0000095c                changeSPS
 .text.changeRes
                0x00000a34       0x78 .\ARM_GCC_493\Debug\main.o
                0x00000a34                changeRes
 .text.adcFrameResize
                0x00000aac       0x30 .\ARM_GCC_493\Debug\main.o
                0x00000aac                adcFrameResize
 .text.UART_RXISR_ExitCallback
                0x00000adc       0xb0 .\ARM_GCC_493\Debug\main.o
                0x00000adc                UART_RXISR_ExitCallback
 .text.TIMER_DMA_INTER
                0x00000b8c       0x54 .\ARM_GCC_493\Debug\main.o
                0x00000b8c                TIMER_DMA_INTER
 .text.DMA_FRAME_INTER
                0x00000be0       0x18 .\ARM_GCC_493\Debug\main.o
                0x00000be0                DMA_FRAME_INTER
 .text.DMA_ADC_MEM_Config
                0x00000bf8       0x78 .\ARM_GCC_493\Debug\main.o
                0x00000bf8                DMA_ADC_MEM_Config
 .text.DMA_ADC_MEM_Destruct
                0x00000c70       0x18 .\ARM_GCC_493\Debug\main.o
                0x00000c70                DMA_ADC_MEM_Destruct
 .text.IntDefaultHandler
                0x00000c88        0x8 .\ARM_GCC_493\Debug\Cm3Start.o
                0x00000c88                IntDefaultHandler
 .text._sbrk    0x00000c90       0x50 .\ARM_GCC_493\Debug\Cm3Start.o
                0x00000c90                _sbrk
 .text.Start_c  0x00000ce0       0x98 .\ARM_GCC_493\Debug\Cm3Start.o
                0x00000ce0                Start_c
 .text.initialize_psoc
                0x00000d78       0x90 .\ARM_GCC_493\Debug\Cm3Start.o
                0x00000d78                initialize_psoc
 .text.CYMEMZERO
                0x00000e08       0x1c .\ARM_GCC_493\Debug\Simple_Oscope.a(cyfitter_cfg.o)
 .text.CYCONFIGCPY
                0x00000e24       0x1c .\ARM_GCC_493\Debug\Simple_Oscope.a(cyfitter_cfg.o)
 .text.cfg_write_bytes32
                0x00000e40       0x74 .\ARM_GCC_493\Debug\Simple_Oscope.a(cyfitter_cfg.o)
 .text.ClockSetup
                0x00000eb4      0x16c .\ARM_GCC_493\Debug\Simple_Oscope.a(cyfitter_cfg.o)
 .text.AnalogSetDefault
                0x00001020       0xc4 .\ARM_GCC_493\Debug\Simple_Oscope.a(cyfitter_cfg.o)
 .text.cyfitter_cfg
                0x000010e4      0x168 .\ARM_GCC_493\Debug\Simple_Oscope.a(cyfitter_cfg.o)
                0x000010e4                cyfitter_cfg
 *fill*         0x0000124c        0x4 
 .text          0x00001250       0x58 .\ARM_GCC_493\Debug\Simple_Oscope.a(CyBootAsmGnu.o)
                0x00001250                CyDelayCycles
                0x0000128e                CyEnterCriticalSection
                0x00001296                CyExitCriticalSection
 .text.CyDmacConfigure
                0x000012a8       0x5c .\ARM_GCC_493\Debug\Simple_Oscope.a(CyDmac.o)
                0x000012a8                CyDmacConfigure
 .text.CyDmaChEnable
                0x00001304       0x8c .\ARM_GCC_493\Debug\Simple_Oscope.a(CyDmac.o)
                0x00001304                CyDmaChEnable
 .text.CyDmaChDisable
                0x00001390       0x64 .\ARM_GCC_493\Debug\Simple_Oscope.a(CyDmac.o)
                0x00001390                CyDmaChDisable
 .text.CyDmaChPriority
                0x000013f4       0x60 .\ARM_GCC_493\Debug\Simple_Oscope.a(CyDmac.o)
                0x000013f4                CyDmaChPriority
 .text.CyDmaChSetExtendedAddress
                0x00001454       0x7c .\ARM_GCC_493\Debug\Simple_Oscope.a(CyDmac.o)
                0x00001454                CyDmaChSetExtendedAddress
 .text.CyDmaChSetInitialTd
                0x000014d0       0x3c .\ARM_GCC_493\Debug\Simple_Oscope.a(CyDmac.o)
                0x000014d0                CyDmaChSetInitialTd
 .text.CyDmaChStatus
                0x0000150c       0x60 .\ARM_GCC_493\Debug\Simple_Oscope.a(CyDmac.o)
                0x0000150c                CyDmaChStatus
 .text.CyDmaChSetConfiguration
                0x0000156c       0xa0 .\ARM_GCC_493\Debug\Simple_Oscope.a(CyDmac.o)
                0x0000156c                CyDmaChSetConfiguration
 .text.CyDmaTdAllocate
                0x0000160c       0x5c .\ARM_GCC_493\Debug\Simple_Oscope.a(CyDmac.o)
                0x0000160c                CyDmaTdAllocate
 .text.CyDmaTdFree
                0x00001668       0x54 .\ARM_GCC_493\Debug\Simple_Oscope.a(CyDmac.o)
                0x00001668                CyDmaTdFree
 .text.CyDmaTdSetConfiguration
                0x000016bc       0x80 .\ARM_GCC_493\Debug\Simple_Oscope.a(CyDmac.o)
                0x000016bc                CyDmaTdSetConfiguration
 .text.CyDmaTdSetAddress
                0x0000173c       0x5c .\ARM_GCC_493\Debug\Simple_Oscope.a(CyDmac.o)
                0x0000173c                CyDmaTdSetAddress
 .text.CyHalt   0x00001798       0x18 .\ARM_GCC_493\Debug\Simple_Oscope.a(CyLib.o)
                0x00001798                CyHalt
 .text.CySoftwareReset
                0x000017b0       0x20 .\ARM_GCC_493\Debug\Simple_Oscope.a(CyLib.o)
                0x000017b0                CySoftwareReset
 .text.CyDelayUs
                0x000017d0       0x24 .\ARM_GCC_493\Debug\Simple_Oscope.a(CyLib.o)
                0x000017d0                CyDelayUs
 .text.CyIntSetVector
                0x000017f4       0x50 .\ARM_GCC_493\Debug\Simple_Oscope.a(CyLib.o)
                0x000017f4                CyIntSetVector
 .text.CyIntSetPriority
                0x00001844       0x44 .\ARM_GCC_493\Debug\Simple_Oscope.a(CyLib.o)
                0x00001844                CyIntSetPriority
 .text.UART_Start
                0x00001888       0x20 .\ARM_GCC_493\Debug\Simple_Oscope.a(UART.o)
                0x00001888                UART_Start
 .text.UART_Init
                0x000018a8       0x6c .\ARM_GCC_493\Debug\Simple_Oscope.a(UART.o)
                0x000018a8                UART_Init
 .text.UART_Enable
                0x00001914       0x78 .\ARM_GCC_493\Debug\Simple_Oscope.a(UART.o)
                0x00001914                UART_Enable
 .text.UART_ReadRxStatus
                0x0000198c       0x40 .\ARM_GCC_493\Debug\Simple_Oscope.a(UART.o)
                0x0000198c                UART_ReadRxStatus
 .text.UART_GetChar
                0x000019cc       0xb8 .\ARM_GCC_493\Debug\Simple_Oscope.a(UART.o)
                0x000019cc                UART_GetChar
 .text.UART_GetRxBufferSize
                0x00001a84       0x90 .\ARM_GCC_493\Debug\Simple_Oscope.a(UART.o)
                0x00001a84                UART_GetRxBufferSize
 .text.UART_PutChar
                0x00001b14       0xbc .\ARM_GCC_493\Debug\Simple_Oscope.a(UART.o)
                0x00001b14                UART_PutChar
 .text.UART_PutString
                0x00001bd0       0x40 .\ARM_GCC_493\Debug\Simple_Oscope.a(UART.o)
                0x00001bd0                UART_PutString
 .text.UART_PutArray
                0x00001c10       0x40 .\ARM_GCC_493\Debug\Simple_Oscope.a(UART.o)
                0x00001c10                UART_PutArray
 .text.UART_RXISR
                0x00001c50       0xd8 .\ARM_GCC_493\Debug\Simple_Oscope.a(UART_INT.o)
                0x00001c50                UART_RXISR
 .text.UART_TXISR
                0x00001d28       0x70 .\ARM_GCC_493\Debug\Simple_Oscope.a(UART_INT.o)
                0x00001d28                UART_TXISR
 .text.UART_IntClock_Start
                0x00001d98       0x34 .\ARM_GCC_493\Debug\Simple_Oscope.a(UART_IntClock.o)
                0x00001d98                UART_IntClock_Start
 .text.ADC_Start
                0x00001dcc       0x20 .\ARM_GCC_493\Debug\Simple_Oscope.a(ADC.o)
                0x00001dcc                ADC_Start
 .text.ADC_Init
                0x00001dec       0x40 .\ARM_GCC_493\Debug\Simple_Oscope.a(ADC.o)
                0x00001dec                ADC_Init
 .text.ADC_Enable
                0x00001e2c       0xcc .\ARM_GCC_493\Debug\Simple_Oscope.a(ADC.o)
                0x00001e2c                ADC_Enable
 .text.ADC_SetPower
                0x00001ef8       0x40 .\ARM_GCC_493\Debug\Simple_Oscope.a(ADC.o)
                0x00001ef8                ADC_SetPower
 .text.ADC_SetResolution
                0x00001f38       0x50 .\ARM_GCC_493\Debug\Simple_Oscope.a(ADC.o)
                0x00001f38                ADC_SetResolution
 .text.ADC_StartConvert
                0x00001f88       0x20 .\ARM_GCC_493\Debug\Simple_Oscope.a(ADC.o)
                0x00001f88                ADC_StartConvert
 .text.ADC_CalcGain
                0x00001fa8       0x94 .\ARM_GCC_493\Debug\Simple_Oscope.a(ADC.o)
 .text.ADC_ISR  0x0000203c        0xc .\ARM_GCC_493\Debug\Simple_Oscope.a(ADC_INT.o)
                0x0000203c                ADC_ISR
 .text.ADC_Clock_SetDividerRegister
                0x00002048      0x160 .\ARM_GCC_493\Debug\Simple_Oscope.a(ADC_Clock.o)
                0x00002048                ADC_Clock_SetDividerRegister
 .text.ADC_Clock_GetDividerRegister
                0x000021a8       0x18 .\ARM_GCC_493\Debug\Simple_Oscope.a(ADC_Clock.o)
                0x000021a8                ADC_Clock_GetDividerRegister
 .text.ADC_Clock_GetSourceRegister
                0x000021c0       0x20 .\ARM_GCC_493\Debug\Simple_Oscope.a(ADC_Clock.o)
                0x000021c0                ADC_Clock_GetSourceRegister
 .text.DMA_ADC_MEM_DmaInitialize
                0x000021e0       0x68 .\ARM_GCC_493\Debug\Simple_Oscope.a(DMA_ADC_MEM_dma.o)
                0x000021e0                DMA_ADC_MEM_DmaInitialize
 .text.DMA_ADC_MEM_DmaRelease
                0x00002248       0x14 .\ARM_GCC_493\Debug\Simple_Oscope.a(DMA_ADC_MEM_dma.o)
                0x00002248                DMA_ADC_MEM_DmaRelease
 .text.TIMER_DMA_Init
                0x0000225c       0x4c .\ARM_GCC_493\Debug\Simple_Oscope.a(TIMER_DMA.o)
                0x0000225c                TIMER_DMA_Init
 .text.TIMER_DMA_Enable
                0x000022a8       0x20 .\ARM_GCC_493\Debug\Simple_Oscope.a(TIMER_DMA.o)
                0x000022a8                TIMER_DMA_Enable
 .text.TIMER_DMA_Start
                0x000022c8       0x20 .\ARM_GCC_493\Debug\Simple_Oscope.a(TIMER_DMA.o)
                0x000022c8                TIMER_DMA_Start
 .text.TIMER_DMA_Stop
                0x000022e8       0x20 .\ARM_GCC_493\Debug\Simple_Oscope.a(TIMER_DMA.o)
                0x000022e8                TIMER_DMA_Stop
 .text.TIMER_DMA_SetInterruptMode
                0x00002308       0x20 .\ARM_GCC_493\Debug\Simple_Oscope.a(TIMER_DMA.o)
                0x00002308                TIMER_DMA_SetInterruptMode
 .text.TIMER_DMA_ReadStatusRegister
                0x00002328       0x18 .\ARM_GCC_493\Debug\Simple_Oscope.a(TIMER_DMA.o)
                0x00002328                TIMER_DMA_ReadStatusRegister
 .text.TIMER_DMA_WritePeriod
                0x00002340       0x1c .\ARM_GCC_493\Debug\Simple_Oscope.a(TIMER_DMA.o)
                0x00002340                TIMER_DMA_WritePeriod
 .text.TIMER_DMA_ReadCapture
                0x0000235c       0x18 .\ARM_GCC_493\Debug\Simple_Oscope.a(TIMER_DMA.o)
                0x0000235c                TIMER_DMA_ReadCapture
 .text.TIMER_DMA_WriteCounter
                0x00002374       0x1c .\ARM_GCC_493\Debug\Simple_Oscope.a(TIMER_DMA.o)
                0x00002374                TIMER_DMA_WriteCounter
 .text.TIMER_DMA_ClearFIFO
                0x00002390       0x1c .\ARM_GCC_493\Debug\Simple_Oscope.a(TIMER_DMA.o)
                0x00002390                TIMER_DMA_ClearFIFO
 .text.DMA_ENABLE_StartEx
                0x000023ac       0x24 .\ARM_GCC_493\Debug\Simple_Oscope.a(DMA_ENABLE.o)
                0x000023ac                DMA_ENABLE_StartEx
 .text.DMA_ENABLE_SetVector
                0x000023d0       0x24 .\ARM_GCC_493\Debug\Simple_Oscope.a(DMA_ENABLE.o)
                0x000023d0                DMA_ENABLE_SetVector
 .text.DMA_ENABLE_SetPriority
                0x000023f4       0x24 .\ARM_GCC_493\Debug\Simple_Oscope.a(DMA_ENABLE.o)
                0x000023f4                DMA_ENABLE_SetPriority
 .text.DMA_ENABLE_Enable
                0x00002418       0x18 .\ARM_GCC_493\Debug\Simple_Oscope.a(DMA_ENABLE.o)
                0x00002418                DMA_ENABLE_Enable
 .text.DMA_ENABLE_Disable
                0x00002430       0x18 .\ARM_GCC_493\Debug\Simple_Oscope.a(DMA_ENABLE.o)
                0x00002430                DMA_ENABLE_Disable
 .text.DMA_FRAME_READY_StartEx
                0x00002448       0x24 .\ARM_GCC_493\Debug\Simple_Oscope.a(DMA_FRAME_READY.o)
                0x00002448                DMA_FRAME_READY_StartEx
 .text.DMA_FRAME_READY_SetVector
                0x0000246c       0x24 .\ARM_GCC_493\Debug\Simple_Oscope.a(DMA_FRAME_READY.o)
                0x0000246c                DMA_FRAME_READY_SetVector
 .text.DMA_FRAME_READY_SetPriority
                0x00002490       0x24 .\ARM_GCC_493\Debug\Simple_Oscope.a(DMA_FRAME_READY.o)
                0x00002490                DMA_FRAME_READY_SetPriority
 .text.DMA_FRAME_READY_Enable
                0x000024b4       0x18 .\ARM_GCC_493\Debug\Simple_Oscope.a(DMA_FRAME_READY.o)
                0x000024b4                DMA_FRAME_READY_Enable
 .text.DMA_FRAME_READY_Disable
                0x000024cc       0x18 .\ARM_GCC_493\Debug\Simple_Oscope.a(DMA_FRAME_READY.o)
                0x000024cc                DMA_FRAME_READY_Disable
 .text.DAC_1_Init
                0x000024e4       0x54 .\ARM_GCC_493\Debug\Simple_Oscope.a(DAC_1.o)
                0x000024e4                DAC_1_Init
 .text.DAC_1_Enable
                0x00002538       0x30 .\ARM_GCC_493\Debug\Simple_Oscope.a(DAC_1.o)
                0x00002538                DAC_1_Enable
 .text.DAC_1_Start
                0x00002568       0x20 .\ARM_GCC_493\Debug\Simple_Oscope.a(DAC_1.o)
                0x00002568                DAC_1_Start
 .text.DAC_1_Stop
                0x00002588       0x28 .\ARM_GCC_493\Debug\Simple_Oscope.a(DAC_1.o)
                0x00002588                DAC_1_Stop
 .text.DAC_1_Wave1Setup
                0x000025b0       0x70 .\ARM_GCC_493\Debug\Simple_Oscope.a(DAC_1.o)
                0x000025b0                DAC_1_Wave1Setup
 .text.DAC_1_Wave2Setup
                0x00002620       0x70 .\ARM_GCC_493\Debug\Simple_Oscope.a(DAC_1.o)
                0x00002620                DAC_1_Wave2Setup
 .text.DAC_1_Wave1_DMA_DmaInitialize
                0x00002690       0x68 .\ARM_GCC_493\Debug\Simple_Oscope.a(DAC_1_Wave1_DMA_dma.o)
                0x00002690                DAC_1_Wave1_DMA_DmaInitialize
 .text.DAC_1_Wave2_DMA_DmaInitialize
                0x000026f8       0x68 .\ARM_GCC_493\Debug\Simple_Oscope.a(DAC_1_Wave2_DMA_dma.o)
                0x000026f8                DAC_1_Wave2_DMA_DmaInitialize
 .text.DAC_1_VDAC8_Init
                0x00002760       0x3c .\ARM_GCC_493\Debug\Simple_Oscope.a(DAC_1_VDAC8.o)
                0x00002760                DAC_1_VDAC8_Init
 .text.DAC_1_VDAC8_Enable
                0x0000279c       0x34 .\ARM_GCC_493\Debug\Simple_Oscope.a(DAC_1_VDAC8.o)
                0x0000279c                DAC_1_VDAC8_Enable
 .text.DAC_1_VDAC8_Stop
                0x000027d0       0x34 .\ARM_GCC_493\Debug\Simple_Oscope.a(DAC_1_VDAC8.o)
                0x000027d0                DAC_1_VDAC8_Stop
 .text.DAC_1_VDAC8_SetSpeed
                0x00002804       0x40 .\ARM_GCC_493\Debug\Simple_Oscope.a(DAC_1_VDAC8.o)
                0x00002804                DAC_1_VDAC8_SetSpeed
 .text.DAC_1_VDAC8_SetRange
                0x00002844       0x40 .\ARM_GCC_493\Debug\Simple_Oscope.a(DAC_1_VDAC8.o)
                0x00002844                DAC_1_VDAC8_SetRange
 .text.DAC_1_VDAC8_SetValue
                0x00002884       0x20 .\ARM_GCC_493\Debug\Simple_Oscope.a(DAC_1_VDAC8.o)
                0x00002884                DAC_1_VDAC8_SetValue
 .text.DAC_1_VDAC8_DacTrim
                0x000028a4       0x3c .\ARM_GCC_493\Debug\Simple_Oscope.a(DAC_1_VDAC8.o)
                0x000028a4                DAC_1_VDAC8_DacTrim
 .text.SPS_Divider_Counter_Init
                0x000028e0       0x80 .\ARM_GCC_493\Debug\Simple_Oscope.a(SPS_Divider_Counter.o)
                0x000028e0                SPS_Divider_Counter_Init
 .text.SPS_Divider_Counter_Enable
                0x00002960       0x20 .\ARM_GCC_493\Debug\Simple_Oscope.a(SPS_Divider_Counter.o)
                0x00002960                SPS_Divider_Counter_Enable
 .text.SPS_Divider_Counter_Start
                0x00002980       0x20 .\ARM_GCC_493\Debug\Simple_Oscope.a(SPS_Divider_Counter.o)
                0x00002980                SPS_Divider_Counter_Start
 .text.SPS_Divider_Counter_SetInterruptMode
                0x000029a0       0x20 .\ARM_GCC_493\Debug\Simple_Oscope.a(SPS_Divider_Counter.o)
                0x000029a0                SPS_Divider_Counter_SetInterruptMode
 .text.SPS_Divider_Counter_ReadStatusRegister
                0x000029c0       0x18 .\ARM_GCC_493\Debug\Simple_Oscope.a(SPS_Divider_Counter.o)
                0x000029c0                SPS_Divider_Counter_ReadStatusRegister
 .text.SPS_Divider_Counter_WriteCounter
                0x000029d8       0x20 .\ARM_GCC_493\Debug\Simple_Oscope.a(SPS_Divider_Counter.o)
                0x000029d8                SPS_Divider_Counter_WriteCounter
 .text.SPS_Divider_Counter_ReadCapture
                0x000029f8       0x18 .\ARM_GCC_493\Debug\Simple_Oscope.a(SPS_Divider_Counter.o)
                0x000029f8                SPS_Divider_Counter_ReadCapture
 .text.SPS_Divider_Counter_WritePeriod
                0x00002a10       0x20 .\ARM_GCC_493\Debug\Simple_Oscope.a(SPS_Divider_Counter.o)
                0x00002a10                SPS_Divider_Counter_WritePeriod
 .text.SPS_Divider_Counter_WriteCompare
                0x00002a30       0x20 .\ARM_GCC_493\Debug\Simple_Oscope.a(SPS_Divider_Counter.o)
                0x00002a30                SPS_Divider_Counter_WriteCompare
 .text.SPS_Divider_Counter_ClearFIFO
                0x00002a50       0x1c .\ARM_GCC_493\Debug\Simple_Oscope.a(SPS_Divider_Counter.o)
                0x00002a50                SPS_Divider_Counter_ClearFIFO
 .text.SPS_Divider_Control_Reg_Write
                0x00002a6c       0x20 .\ARM_GCC_493\Debug\Simple_Oscope.a(SPS_Divider_Control_Reg.o)
                0x00002a6c                SPS_Divider_Control_Reg_Write
 .text.SPS_Divider_Control_Reg_SaveConfig
                0x00002a8c       0x20 .\ARM_GCC_493\Debug\Simple_Oscope.a(SPS_Divider_Control_Reg_PM.o)
                0x00002a8c                SPS_Divider_Control_Reg_SaveConfig
 .text.DAC_Clock_SetDividerRegister
                0x00002aac      0x160 .\ARM_GCC_493\Debug\Simple_Oscope.a(DAC_CLOCK.o)
                0x00002aac                DAC_Clock_SetDividerRegister
 .text.DAC_Clock_GetDividerRegister
                0x00002c0c       0x18 .\ARM_GCC_493\Debug\Simple_Oscope.a(DAC_CLOCK.o)
                0x00002c0c                DAC_Clock_GetDividerRegister
 .text.DAC_Clock_GetSourceRegister
                0x00002c24       0x20 .\ARM_GCC_493\Debug\Simple_Oscope.a(DAC_CLOCK.o)
                0x00002c24                DAC_Clock_GetSourceRegister
 *fill*         0x00002c44        0x4 
 .text.floor    0x00002c48      0x118 d:/programs/cypress/psoc creator/3.3/psoc creator/import/gnu/arm/4.9.3/bin/../lib/gcc/arm-none-eabi/4.9.3/../../../../arm-none-eabi/lib/armv7-m\libm.a(lib_a-s_floor.o)
                0x00002c48                floor
 .text          0x00002d60      0x370 d:/programs/cypress/psoc creator/3.3/psoc creator/import/gnu/arm/4.9.3/bin/../lib/gcc/arm-none-eabi/4.9.3/armv7-m\libgcc.a(_arm_addsubdf3.o)
                0x00002d60                __aeabi_drsub
                0x00002d68                __aeabi_dsub
                0x00002d68                __subdf3
                0x00002d6c                __aeabi_dadd
                0x00002d6c                __adddf3
                0x00002fe4                __floatunsidf
                0x00002fe4                __aeabi_ui2d
                0x00003004                __floatsidf
                0x00003004                __aeabi_i2d
                0x00003028                __aeabi_f2d
                0x00003028                __extendsfdf2
                0x00003064                __floatundidf
                0x00003064                __aeabi_ul2d
                0x00003074                __floatdidf
                0x00003074                __aeabi_l2d
 .text          0x000030d0      0x424 d:/programs/cypress/psoc creator/3.3/psoc creator/import/gnu/arm/4.9.3/bin/../lib/gcc/arm-none-eabi/4.9.3/armv7-m\libgcc.a(_arm_muldivdf3.o)
                0x000030d0                __aeabi_dmul
                0x000030d0                __muldf3
                0x00003324                __divdf3
                0x00003324                __aeabi_ddiv
 .text          0x000034f4      0x110 d:/programs/cypress/psoc creator/3.3/psoc creator/import/gnu/arm/4.9.3/bin/../lib/gcc/arm-none-eabi/4.9.3/armv7-m\libgcc.a(_arm_cmpdf2.o)
                0x000034f4                __gtdf2
                0x000034f4                __gedf2
                0x000034fc                __ltdf2
                0x000034fc                __ledf2
                0x00003504                __nedf2
                0x00003504                __eqdf2
                0x00003504                __cmpdf2
                0x00003580                __aeabi_cdrcmple
                0x00003590                __aeabi_cdcmpeq
                0x00003590                __aeabi_cdcmple
                0x000035a0                __aeabi_dcmpeq
                0x000035b4                __aeabi_dcmplt
                0x000035c8                __aeabi_dcmple
                0x000035dc                __aeabi_dcmpge
                0x000035f0                __aeabi_dcmpgt
 .text          0x00003604       0x50 d:/programs/cypress/psoc creator/3.3/psoc creator/import/gnu/arm/4.9.3/bin/../lib/gcc/arm-none-eabi/4.9.3/armv7-m\libgcc.a(_arm_fixdfsi.o)
                0x00003604                __aeabi_d2iz
                0x00003604                __fixdfsi
 .text          0x00003654       0x40 d:/programs/cypress/psoc creator/3.3/psoc creator/import/gnu/arm/4.9.3/bin/../lib/gcc/arm-none-eabi/4.9.3/armv7-m\libgcc.a(_arm_fixunsdfsi.o)
                0x00003654                __aeabi_d2uiz
                0x00003654                __fixunsdfsi
 .text          0x00003694       0xa0 d:/programs/cypress/psoc creator/3.3/psoc creator/import/gnu/arm/4.9.3/bin/../lib/gcc/arm-none-eabi/4.9.3/armv7-m\libgcc.a(_arm_truncdfsf2.o)
                0x00003694                __truncdfsf2
                0x00003694                __aeabi_d2f
 .text          0x00003734      0x21c d:/programs/cypress/psoc creator/3.3/psoc creator/import/gnu/arm/4.9.3/bin/../lib/gcc/arm-none-eabi/4.9.3/armv7-m\libgcc.a(_arm_addsubsf3.o)
                0x00003734                __aeabi_frsub
                0x0000373c                __subsf3
                0x0000373c                __aeabi_fsub
                0x00003740                __aeabi_fadd
                0x00003740                __addsf3
                0x000038a0                __aeabi_ui2f
                0x000038a0                __floatunsisf
                0x000038a8                __aeabi_i2f
                0x000038a8                __floatsisf
                0x000038c4                __aeabi_ul2f
                0x000038c4                __floatundisf
                0x000038d4                __aeabi_l2f
                0x000038d4                __floatdisf
 .text          0x00003950      0x2a0 d:/programs/cypress/psoc creator/3.3/psoc creator/import/gnu/arm/4.9.3/bin/../lib/gcc/arm-none-eabi/4.9.3/armv7-m\libgcc.a(_arm_muldivsf3.o)
                0x00003950                __mulsf3
                0x00003950                __aeabi_fmul
                0x00003ab8                __aeabi_fdiv
                0x00003ab8                __divsf3
 .text          0x00003bf0       0xec d:/programs/cypress/psoc creator/3.3/psoc creator/import/gnu/arm/4.9.3/bin/../lib/gcc/arm-none-eabi/4.9.3/armv7-m\libgcc.a(_arm_cmpsf2.o)
                0x00003bf0                __gesf2
                0x00003bf0                __gtsf2
                0x00003bf8                __lesf2
                0x00003bf8                __ltsf2
                0x00003c00                __nesf2
                0x00003c00                __eqsf2
                0x00003c00                __cmpsf2
                0x00003c60                __aeabi_cfrcmple
                0x00003c68                __aeabi_cfcmpeq
                0x00003c68                __aeabi_cfcmple
                0x00003c78                __aeabi_fcmpeq
                0x00003c8c                __aeabi_fcmplt
                0x00003ca0                __aeabi_fcmple
                0x00003cb4                __aeabi_fcmpge
                0x00003cc8                __aeabi_fcmpgt
 .text.__errno  0x00003cdc        0xc d:/programs/cypress/psoc creator/3.3/psoc creator/import/gnu/arm/4.9.3/bin/../lib/gcc/arm-none-eabi/4.9.3/../../../../arm-none-eabi/lib/armv7-m\libg_nano.a(lib_a-errno.o)
                0x00003cdc                __errno
 .text.__libc_init_array
                0x00003ce8       0x4c d:/programs/cypress/psoc creator/3.3/psoc creator/import/gnu/arm/4.9.3/bin/../lib/gcc/arm-none-eabi/4.9.3/../../../../arm-none-eabi/lib/armv7-m\libg_nano.a(lib_a-init.o)
                0x00003ce8                __libc_init_array
 .text.memcpy   0x00003d34       0x16 d:/programs/cypress/psoc creator/3.3/psoc creator/import/gnu/arm/4.9.3/bin/../lib/gcc/arm-none-eabi/4.9.3/../../../../arm-none-eabi/lib/armv7-m\libg_nano.a(lib_a-memcpy.o)
                0x00003d34                memcpy
 .text.memset   0x00003d4a       0x10 d:/programs/cypress/psoc creator/3.3/psoc creator/import/gnu/arm/4.9.3/bin/../lib/gcc/arm-none-eabi/4.9.3/../../../../arm-none-eabi/lib/armv7-m\libg_nano.a(lib_a-memset.o)
                0x00003d4a                memset
 *fill*         0x00003d5a        0x2 
 .text.sprintf  0x00003d5c       0x48 d:/programs/cypress/psoc creator/3.3/psoc creator/import/gnu/arm/4.9.3/bin/../lib/gcc/arm-none-eabi/4.9.3/../../../../arm-none-eabi/lib/armv7-m\libg_nano.a(lib_a-sprintf.o)
                0x00003d5c                siprintf
                0x00003d5c                sprintf
 .text.sscanf   0x00003da4       0x54 d:/programs/cypress/psoc creator/3.3/psoc creator/import/gnu/arm/4.9.3/bin/../lib/gcc/arm-none-eabi/4.9.3/../../../../arm-none-eabi/lib/armv7-m\libg_nano.a(lib_a-sscanf.o)
                0x00003da4                siscanf
                0x00003da4                sscanf
 .text.__seofread
                0x00003df8        0x4 d:/programs/cypress/psoc creator/3.3/psoc creator/import/gnu/arm/4.9.3/bin/../lib/gcc/arm-none-eabi/4.9.3/../../../../arm-none-eabi/lib/armv7-m\libg_nano.a(lib_a-stdio.o)
                0x00003df8                __seofread
 .text          0x00003dfc       0x14 d:/programs/cypress/psoc creator/3.3/psoc creator/import/gnu/arm/4.9.3/bin/../lib/gcc/arm-none-eabi/4.9.3/../../../../arm-none-eabi/lib/armv7-m\libg_nano.a(lib_a-strcmp.o)
                0x00003dfc                strcmp
 .text.strlen   0x00003e10       0x10 d:/programs/cypress/psoc creator/3.3/psoc creator/import/gnu/arm/4.9.3/bin/../lib/gcc/arm-none-eabi/4.9.3/../../../../arm-none-eabi/lib/armv7-m\libg_nano.a(lib_a-strlen.o)
                0x00003e10                strlen
 .text.strncpy  0x00003e20       0x24 d:/programs/cypress/psoc creator/3.3/psoc creator/import/gnu/arm/4.9.3/bin/../lib/gcc/arm-none-eabi/4.9.3/../../../../arm-none-eabi/lib/armv7-m\libg_nano.a(lib_a-strncpy.o)
                0x00003e20                strncpy
 .text.strpbrk  0x00003e44       0x30 d:/programs/cypress/psoc creator/3.3/psoc creator/import/gnu/arm/4.9.3/bin/../lib/gcc/arm-none-eabi/4.9.3/../../../../arm-none-eabi/lib/armv7-m\libg_nano.a(lib_a-strpbrk.o)
                0x00003e44                strpbrk
 .text.__ssputs_r
                0x00003e74       0xb2 d:/programs/cypress/psoc creator/3.3/psoc creator/import/gnu/arm/4.9.3/bin/../lib/gcc/arm-none-eabi/4.9.3/../../../../arm-none-eabi/lib/armv7-m\libg_nano.a(lib_a-nano-svfprintf.o)
                0x00003e74                __ssputs_r
 *fill*         0x00003f26        0x2 
 .text._svfprintf_r
                0x00003f28      0x1e4 d:/programs/cypress/psoc creator/3.3/psoc creator/import/gnu/arm/4.9.3/bin/../lib/gcc/arm-none-eabi/4.9.3/../../../../arm-none-eabi/lib/armv7-m\libg_nano.a(lib_a-nano-svfprintf.o)
                0x00003f28                _svfiprintf_r
                0x00003f28                _svfprintf_r
 .text._sungetc_r
                0x0000410c       0x7a d:/programs/cypress/psoc creator/3.3/psoc creator/import/gnu/arm/4.9.3/bin/../lib/gcc/arm-none-eabi/4.9.3/../../../../arm-none-eabi/lib/armv7-m\libg_nano.a(lib_a-nano-svfscanf.o)
                0x0000410c                _sungetc_r
 .text.__ssrefill_r
                0x00004186       0x3a d:/programs/cypress/psoc creator/3.3/psoc creator/import/gnu/arm/4.9.3/bin/../lib/gcc/arm-none-eabi/4.9.3/../../../../arm-none-eabi/lib/armv7-m\libg_nano.a(lib_a-nano-svfscanf.o)
                0x00004186                __ssrefill_r
 .text.__ssvfscanf_r
                0x000041c0      0x29c d:/programs/cypress/psoc creator/3.3/psoc creator/import/gnu/arm/4.9.3/bin/../lib/gcc/arm-none-eabi/4.9.3/../../../../arm-none-eabi/lib/armv7-m\libg_nano.a(lib_a-nano-svfscanf.o)
                0x000041c0                __ssvfiscanf_r
                0x000041c0                __ssvfscanf_r
 .text._printf_common
                0x0000445c       0xea d:/programs/cypress/psoc creator/3.3/psoc creator/import/gnu/arm/4.9.3/bin/../lib/gcc/arm-none-eabi/4.9.3/../../../../arm-none-eabi/lib/armv7-m\libg_nano.a(lib_a-nano-vfprintf_i.o)
                0x0000445c                _printf_common
 *fill*         0x00004546        0x2 
 .text._printf_i
                0x00004548      0x240 d:/programs/cypress/psoc creator/3.3/psoc creator/import/gnu/arm/4.9.3/bin/../lib/gcc/arm-none-eabi/4.9.3/../../../../arm-none-eabi/lib/armv7-m\libg_nano.a(lib_a-nano-vfprintf_i.o)
                0x00004548                _printf_i
 .text._scanf_chars
                0x00004788       0xbc d:/programs/cypress/psoc creator/3.3/psoc creator/import/gnu/arm/4.9.3/bin/../lib/gcc/arm-none-eabi/4.9.3/../../../../arm-none-eabi/lib/armv7-m\libg_nano.a(lib_a-nano-vfscanf_i.o)
                0x00004788                _scanf_chars
 .text._scanf_i
                0x00004844      0x1e4 d:/programs/cypress/psoc creator/3.3/psoc creator/import/gnu/arm/4.9.3/bin/../lib/gcc/arm-none-eabi/4.9.3/../../../../arm-none-eabi/lib/armv7-m\libg_nano.a(lib_a-nano-vfscanf_i.o)
                0x00004844                _scanf_i
 .text.__sccl   0x00004a28       0x62 d:/programs/cypress/psoc creator/3.3/psoc creator/import/gnu/arm/4.9.3/bin/../lib/gcc/arm-none-eabi/4.9.3/../../../../arm-none-eabi/lib/armv7-m\libg_nano.a(lib_a-sccl.o)
                0x00004a28                __sccl
 *fill*         0x00004a8a        0x2 
 .text._strtol_r
                0x00004a8c      0x10c d:/programs/cypress/psoc creator/3.3/psoc creator/import/gnu/arm/4.9.3/bin/../lib/gcc/arm-none-eabi/4.9.3/../../../../arm-none-eabi/lib/armv7-m\libg_nano.a(lib_a-strtol.o)
                0x00004a8c                _strtol_r
 .text._strtoul_r
                0x00004b98       0xf8 d:/programs/cypress/psoc creator/3.3/psoc creator/import/gnu/arm/4.9.3/bin/../lib/gcc/arm-none-eabi/4.9.3/../../../../arm-none-eabi/lib/armv7-m\libg_nano.a(lib_a-strtoul.o)
                0x00004b98                _strtoul_r
 .text.__submore
                0x00004c90       0x72 d:/programs/cypress/psoc creator/3.3/psoc creator/import/gnu/arm/4.9.3/bin/../lib/gcc/arm-none-eabi/4.9.3/../../../../arm-none-eabi/lib/armv7-m\libg_nano.a(lib_a-ungetc.o)
                0x00004c90                __submore
 .text.memchr   0x00004d02       0x1c d:/programs/cypress/psoc creator/3.3/psoc creator/import/gnu/arm/4.9.3/bin/../lib/gcc/arm-none-eabi/4.9.3/../../../../arm-none-eabi/lib/armv7-m\libg_nano.a(lib_a-memchr.o)
                0x00004d02                memchr
 .text.memmove  0x00004d1e       0x36 d:/programs/cypress/psoc creator/3.3/psoc creator/import/gnu/arm/4.9.3/bin/../lib/gcc/arm-none-eabi/4.9.3/../../../../arm-none-eabi/lib/armv7-m\libg_nano.a(lib_a-memmove.o)
                0x00004d1e                memmove
 .text._free_r  0x00004d54       0x88 d:/programs/cypress/psoc creator/3.3/psoc creator/import/gnu/arm/4.9.3/bin/../lib/gcc/arm-none-eabi/4.9.3/../../../../arm-none-eabi/lib/armv7-m\libg_nano.a(lib_a-nano-freer.o)
                0x00004d54                _free_r
 .text._malloc_r
                0x00004ddc       0xac d:/programs/cypress/psoc creator/3.3/psoc creator/import/gnu/arm/4.9.3/bin/../lib/gcc/arm-none-eabi/4.9.3/../../../../arm-none-eabi/lib/armv7-m\libg_nano.a(lib_a-nano-mallocr.o)
                0x00004ddc                _malloc_r
 .text._realloc_r
                0x00004e88       0x4c d:/programs/cypress/psoc creator/3.3/psoc creator/import/gnu/arm/4.9.3/bin/../lib/gcc/arm-none-eabi/4.9.3/../../../../arm-none-eabi/lib/armv7-m\libg_nano.a(lib_a-nano-reallocr.o)
                0x00004e88                _realloc_r
 .text._sbrk_r  0x00004ed4       0x20 d:/programs/cypress/psoc creator/3.3/psoc creator/import/gnu/arm/4.9.3/bin/../lib/gcc/arm-none-eabi/4.9.3/../../../../arm-none-eabi/lib/armv7-m\libg_nano.a(lib_a-sbrkr.o)
                0x00004ed4                _sbrk_r
 .text._malloc_usable_size_r
                0x00004ef4       0x14 d:/programs/cypress/psoc creator/3.3/psoc creator/import/gnu/arm/4.9.3/bin/../lib/gcc/arm-none-eabi/4.9.3/../../../../arm-none-eabi/lib/armv7-m\libg_nano.a(lib_a-nano-msizer.o)
                0x00004ef4                _malloc_usable_size_r
 *(.plt)
 *(.gnu.warning)
 *(.glue_7t)
 .glue_7t       0x00000000        0x0 linker stubs
 *(.glue_7)
 .glue_7        0x00000000        0x0 linker stubs
 *(.vfp11_veneer)
 .vfp11_veneer  0x00000000        0x0 linker stubs
 *(.bootloader)
 *(.ARM.extab* .gnu.linkonce.armextab.*)
 *(.gcc_except_table)

.v4_bx          0x00004f08        0x0
 .v4_bx         0x00000000        0x0 linker stubs

.iplt           0x00004f08        0x0
 .iplt          0x00000000        0x0 d:/programs/cypress/psoc creator/3.3/psoc creator/import/gnu/arm/4.9.3/bin/../lib/gcc/arm-none-eabi/4.9.3/armv7-m/crtbegin.o

.eh_frame_hdr
 *(.eh_frame_hdr)

.eh_frame       0x00004f08       0x2c
 *(.eh_frame)
 .eh_frame      0x00004f08        0x0 d:/programs/cypress/psoc creator/3.3/psoc creator/import/gnu/arm/4.9.3/bin/../lib/gcc/arm-none-eabi/4.9.3/armv7-m/crtbegin.o
 .eh_frame      0x00004f08       0x28 d:/programs/cypress/psoc creator/3.3/psoc creator/import/gnu/arm/4.9.3/bin/../lib/gcc/arm-none-eabi/4.9.3/../../../../arm-none-eabi/lib/armv7-m\libg_nano.a(lib_a-strcmp.o)
 .eh_frame      0x00004f30        0x4 d:/programs/cypress/psoc creator/3.3/psoc creator/import/gnu/arm/4.9.3/bin/../lib/gcc/arm-none-eabi/4.9.3/armv7-m/crtend.o
                0x00004f34                PROVIDE (__exidx_start, .)

.ARM.exidx
 *(.ARM.exidx* .gnu.linkonce.armexidx.*)
                0x00004f34                __exidx_end = .

.rodata         0x00004f34     0x337c
 *(.rodata .rodata.* .gnu.linkonce.r.*)
 .rodata        0x00004f34     0x2f3c .\ARM_GCC_493\Debug\main.o
                0x00004f34                sine
                0x00005ed4                triangle
                0x00006e74                sawtooth
 .rodata        0x00007e70       0x30 .\ARM_GCC_493\Debug\Simple_Oscope.a(cyfitter_cfg.o)
 .rodata        0x00007ea0      0x218 .\ARM_GCC_493\Debug\Simple_Oscope.a(DAC_1.o)
                0x00007ea0                DAC_1_wave1
                0x00007fac                DAC_1_wave2
 .rodata.str1.1
                0x000080b8        0x2 d:/programs/cypress/psoc creator/3.3/psoc creator/import/gnu/arm/4.9.3/bin/../lib/gcc/arm-none-eabi/4.9.3/../../../../arm-none-eabi/lib/armv7-m\libg_nano.a(lib_a-impure.o)
 .rodata.str1.1
                0x000080ba       0x11 d:/programs/cypress/psoc creator/3.3/psoc creator/import/gnu/arm/4.9.3/bin/../lib/gcc/arm-none-eabi/4.9.3/../../../../arm-none-eabi/lib/armv7-m\libg_nano.a(lib_a-nano-svfprintf.o)
 .rodata.str1.1
                0x00000000        0x4 d:/programs/cypress/psoc creator/3.3/psoc creator/import/gnu/arm/4.9.3/bin/../lib/gcc/arm-none-eabi/4.9.3/../../../../arm-none-eabi/lib/armv7-m\libg_nano.a(lib_a-nano-svfscanf.o)
 .rodata.str1.1
                0x000080cb       0x22 d:/programs/cypress/psoc creator/3.3/psoc creator/import/gnu/arm/4.9.3/bin/../lib/gcc/arm-none-eabi/4.9.3/../../../../arm-none-eabi/lib/armv7-m\libg_nano.a(lib_a-nano-vfprintf_i.o)
 *fill*         0x000080ed        0x3 
 .rodata        0x000080f0        0xc d:/programs/cypress/psoc creator/3.3/psoc creator/import/gnu/arm/4.9.3/bin/../lib/gcc/arm-none-eabi/4.9.3/../../../../arm-none-eabi/lib/armv7-m\libg_nano.a(lib_a-nano-vfscanf_i.o)
 .rodata.str1.1
                0x000080fc       0x1b d:/programs/cypress/psoc creator/3.3/psoc creator/import/gnu/arm/4.9.3/bin/../lib/gcc/arm-none-eabi/4.9.3/../../../../arm-none-eabi/lib/armv7-m\libg_nano.a(lib_a-nano-vfscanf_i.o)
 .rodata._ctype_
                0x00008117      0x101 d:/programs/cypress/psoc creator/3.3/psoc creator/import/gnu/arm/4.9.3/bin/../lib/gcc/arm-none-eabi/4.9.3/../../../../arm-none-eabi/lib/armv7-m\libg_nano.a(lib_a-ctype_.o)
                0x00008117                _ctype_
 .rodata.__sf_fake_stdin
                0x00008218       0x20 d:/programs/cypress/psoc creator/3.3/psoc creator/import/gnu/arm/4.9.3/bin/../lib/gcc/arm-none-eabi/4.9.3/../../../../arm-none-eabi/lib/armv7-m\libg_nano.a(lib_a-findfp.o)
                0x00008218                __sf_fake_stdin
 .rodata.__sf_fake_stdout
                0x00008238       0x20 d:/programs/cypress/psoc creator/3.3/psoc creator/import/gnu/arm/4.9.3/bin/../lib/gcc/arm-none-eabi/4.9.3/../../../../arm-none-eabi/lib/armv7-m\libg_nano.a(lib_a-findfp.o)
                0x00008238                __sf_fake_stdout
 .rodata.__sf_fake_stderr
                0x00008258       0x20 d:/programs/cypress/psoc creator/3.3/psoc creator/import/gnu/arm/4.9.3/bin/../lib/gcc/arm-none-eabi/4.9.3/../../../../arm-none-eabi/lib/armv7-m\libg_nano.a(lib_a-findfp.o)
                0x00008258                __sf_fake_stderr
                0x00008278                . = ALIGN (0x4)
 *(.init)
 .init          0x00008278        0x4 d:/programs/cypress/psoc creator/3.3/psoc creator/import/gnu/arm/4.9.3/bin/../lib/gcc/arm-none-eabi/4.9.3/armv7-m/crti.o
                0x00008278                _init
 .init          0x0000827c        0x8 d:/programs/cypress/psoc creator/3.3/psoc creator/import/gnu/arm/4.9.3/bin/../lib/gcc/arm-none-eabi/4.9.3/armv7-m/crtn.o
                0x00008284                . = ALIGN (0x4)
                0x00008284                __preinit_array_start = .
 *(.preinit_array)
                0x00008284                __preinit_array_end = .
                0x00008284                . = ALIGN (0x4)
                0x00008284                __init_array_start = .
 *(SORT(.init_array.*))
 *(.init_array)
 .init_array    0x00008284        0x4 d:/programs/cypress/psoc creator/3.3/psoc creator/import/gnu/arm/4.9.3/bin/../lib/gcc/arm-none-eabi/4.9.3/armv7-m/crtbegin.o
 .init_array    0x00008288        0x4 .\ARM_GCC_493\Debug\Cm3Start.o
                0x0000828c                __init_array_end = .
                0x0000828c                . = ALIGN (0x4)
 *(.fini)
 .fini          0x0000828c        0x4 d:/programs/cypress/psoc creator/3.3/psoc creator/import/gnu/arm/4.9.3/bin/../lib/gcc/arm-none-eabi/4.9.3/armv7-m/crti.o
                0x0000828c                _fini
 .fini          0x00008290        0x8 d:/programs/cypress/psoc creator/3.3/psoc creator/import/gnu/arm/4.9.3/bin/../lib/gcc/arm-none-eabi/4.9.3/armv7-m/crtn.o
                0x00008298                . = ALIGN (0x4)
                0x00008298                __fini_array_start = .
 *(.fini_array)
 .fini_array    0x00008298        0x4 d:/programs/cypress/psoc creator/3.3/psoc creator/import/gnu/arm/4.9.3/bin/../lib/gcc/arm-none-eabi/4.9.3/armv7-m/crtbegin.o
 *(SORT(.fini_array.*))
                0x0000829c                __fini_array_end = .
                0x0000829c                . = ALIGN (0x4)
 *crtbegin.o(.ctors)
 *(EXCLUDE_FILE(*crtend.o) .ctors)
 *(SORT(.ctors.*))
 *crtend.o(.ctors)
                0x0000829c                . = ALIGN (0x4)
 *crtbegin.o(.dtors)
 *(EXCLUDE_FILE(*crtend.o) .dtors)
 *(SORT(.dtors.*))
 *crtend.o(.dtors)
                0x0000829c                . = ALIGN (0x4)
                0x0000829c                __cy_regions = .
                0x0000829c        0x4 LONG 0x82b0 __cy_region_init_ram
                0x000082a0        0x4 LONG 0x1fff8108 __cy_region_start_data
                0x000082a4        0x4 LONG 0x110 __cy_region_init_size_ram
                0x000082a8        0x4 LONG 0xec0 __cy_region_zero_size_ram
                0x000082ac                __cy_regions_end = .
                0x000082b0                . = ALIGN (0x8)
 *fill*         0x000082ac        0x4 
                0x000082b0                _etext = .

.cy_checksum_exclude
                0x000082b0        0x0
 *(.cy_checksum_exclude)

.ramvectors     0x1fff8000      0x100
                0x1fff8000                __cy_region_start_ram = .
 *(.ramvectors)
 .ramvectors    0x1fff8000      0x100 .\ARM_GCC_493\Debug\Cm3Start.o
                0x1fff8000                CyRamVectors

.noinit         0x1fff8100        0x5
 *(.noinit)
 .noinit        0x1fff8100        0x4 .\ARM_GCC_493\Debug\Cm3Start.o
 .noinit        0x1fff8104        0x1 .\ARM_GCC_493\Debug\Simple_Oscope.a(CyLib.o)
                0x1fff8104                CyResetStatus

.data           0x1fff8108      0x110 load address 0x000082b0
                0x1fff8108                __cy_region_start_data = .
 *(.jcr)
 .jcr           0x1fff8108        0x0 d:/programs/cypress/psoc creator/3.3/psoc creator/import/gnu/arm/4.9.3/bin/../lib/gcc/arm-none-eabi/4.9.3/armv7-m/crtbegin.o
 .jcr           0x1fff8108        0x4 d:/programs/cypress/psoc creator/3.3/psoc creator/import/gnu/arm/4.9.3/bin/../lib/gcc/arm-none-eabi/4.9.3/armv7-m/crtend.o
 *(.got.plt)
 *(.got)
 *(.shdata)
 *(.data .data.* .gnu.linkonce.d.*)
 .data          0x1fff810c       0x84 .\ARM_GCC_493\Debug\main.o
                0x1fff810c                adcRez
                0x1fff8110                adcSPS
                0x1fff8114                adcFPS
                0x1fff8118                adcFrameSize
                0x1fff811c                adcSPSValues
                0x1fff8134                adcDiv8Bit
                0x1fff8140                adcCount8Bit
                0x1fff814c                adcDiv12Bit
                0x1fff8158                adcCount12Bit
                0x1fff8164                dacFreq
                0x1fff8168                dacVPP
                0x1fff816c                dacOffset
                0x1fff8170                dacWave
                0x1fff8174                dacDuty
                0x1fff8178                dacSample
                0x1fff817c                sample_size
                0x1fff8180                sample_rate
                0x1fff8184                wavetype
                0x1fff8188                lowerLimit
                0x1fff818c                upperLimit
 .data          0x1fff8190        0x4 .\ARM_GCC_493\Debug\Cm3Start.o
 .data          0x1fff8194        0x8 .\ARM_GCC_493\Debug\Simple_Oscope.a(CyDmac.o)
 .data          0x1fff819c       0x10 .\ARM_GCC_493\Debug\Simple_Oscope.a(CyLib.o)
                0x1fff819c                cydelay_freq_hz
                0x1fff81a0                cydelay_freq_khz
                0x1fff81a4                cydelay_freq_mhz
                0x1fff81a8                cydelay_32k_ms
 .data          0x1fff81ac        0x1 .\ARM_GCC_493\Debug\Simple_Oscope.a(DMA_ADC_MEM_dma.o)
                0x1fff81ac                DMA_ADC_MEM_DmaHandle
 .data          0x1fff81ad        0x1 .\ARM_GCC_493\Debug\Simple_Oscope.a(DAC_1_Wave1_DMA_dma.o)
                0x1fff81ad                DAC_1_Wave1_DMA_DmaHandle
 .data          0x1fff81ae        0x1 .\ARM_GCC_493\Debug\Simple_Oscope.a(DAC_1_Wave2_DMA_dma.o)
                0x1fff81ae                DAC_1_Wave2_DMA_DmaHandle
 *fill*         0x1fff81af        0x1 
 .data.impure_data
                0x1fff81b0       0x60 d:/programs/cypress/psoc creator/3.3/psoc creator/import/gnu/arm/4.9.3/bin/../lib/gcc/arm-none-eabi/4.9.3/../../../../arm-none-eabi/lib/armv7-m\libg_nano.a(lib_a-impure.o)
 .data._impure_ptr
                0x1fff8210        0x4 d:/programs/cypress/psoc creator/3.3/psoc creator/import/gnu/arm/4.9.3/bin/../lib/gcc/arm-none-eabi/4.9.3/../../../../arm-none-eabi/lib/armv7-m\libg_nano.a(lib_a-impure.o)
                0x1fff8210                _impure_ptr
 .data.__ctype_ptr__
                0x1fff8214        0x4 d:/programs/cypress/psoc creator/3.3/psoc creator/import/gnu/arm/4.9.3/bin/../lib/gcc/arm-none-eabi/4.9.3/../../../../arm-none-eabi/lib/armv7-m\libg_nano.a(lib_a-ctype_.o)
                0x1fff8214                __ctype_ptr__
                0x1fff8218                . = ALIGN (0x8)
 *(.ram)
                0x1fff8218                _edata = .

.igot.plt       0x1fff8218        0x0 load address 0x000083c0
 .igot.plt      0x00000000        0x0 d:/programs/cypress/psoc creator/3.3/psoc creator/import/gnu/arm/4.9.3/bin/../lib/gcc/arm-none-eabi/4.9.3/armv7-m/crtbegin.o

.bss            0x1fff8218      0xec0 load address 0x000083c0
                0x1fff8218                PROVIDE (__bss_start__, .)
 *(.shbss)
 *(.bss .bss.* .gnu.linkonce.b.*)
 .bss           0x1fff8218       0x1c d:/programs/cypress/psoc creator/3.3/psoc creator/import/gnu/arm/4.9.3/bin/../lib/gcc/arm-none-eabi/4.9.3/armv7-m/crtbegin.o
 .bss           0x1fff8234        0x6 .\ARM_GCC_493\Debug\main.o
                0x1fff8234                initialized
                0x1fff8235                rxBufLen
                0x1fff8236                commandReady
                0x1fff8237                adcOn
                0x1fff8238                adcFrameReady
                0x1fff8239                dacOn
 .bss           0x1fff823a        0xc .\ARM_GCC_493\Debug\Simple_Oscope.a(UART.o)
                0x1fff823a                UART_initVar
                0x1fff823c                UART_txBufferRead
                0x1fff823e                UART_txBufferWrite
                0x1fff8240                UART_errorStatus
                0x1fff8241                UART_rxBufferRead
                0x1fff8242                UART_rxBufferWrite
                0x1fff8243                UART_rxBufferLoopDetect
                0x1fff8244                UART_rxBufferOverflow
 .bss           0x1fff8246        0x1 .\ARM_GCC_493\Debug\Simple_Oscope.a(ADC.o)
                0x1fff8246                ADC_initVar
 .bss           0x1fff8247        0x1 .\ARM_GCC_493\Debug\Simple_Oscope.a(TIMER_DMA.o)
                0x1fff8247                TIMER_DMA_initVar
 .bss           0x1fff8248        0x5 .\ARM_GCC_493\Debug\Simple_Oscope.a(DAC_1.o)
                0x1fff8248                DAC_1_initVar
 .bss           0x1fff824d        0x1 .\ARM_GCC_493\Debug\Simple_Oscope.a(SPS_Divider_Counter.o)
                0x1fff824d                SPS_Divider_Counter_initVar
 *fill*         0x1fff824e        0x2 
 .bss           0x1fff8250        0x4 .\ARM_GCC_493\Debug\Simple_Oscope.a(SPS_Divider_Control_Reg_PM.o)
 .bss.__malloc_sbrk_start
                0x1fff8254        0x4 d:/programs/cypress/psoc creator/3.3/psoc creator/import/gnu/arm/4.9.3/bin/../lib/gcc/arm-none-eabi/4.9.3/../../../../arm-none-eabi/lib/armv7-m\libg_nano.a(lib_a-nano-mallocr.o)
                0x1fff8254                __malloc_sbrk_start
 .bss.__malloc_free_list
                0x1fff8258        0x4 d:/programs/cypress/psoc creator/3.3/psoc creator/import/gnu/arm/4.9.3/bin/../lib/gcc/arm-none-eabi/4.9.3/../../../../arm-none-eabi/lib/armv7-m\libg_nano.a(lib_a-nano-mallocr.o)
                0x1fff8258                __malloc_free_list
 *(COMMON)
 COMMON         0x1fff825c      0x688 .\ARM_GCC_493\Debug\main.o
                0x1fff825c                DMA_ADC_MEM_TD
                0x1fff8260                command
                0x1fff8280                rxBuffer
                0x1fff82a0                DMA_ADC_MEM_Chan
                0x1fff82a4                adcFrame
 COMMON         0x1fff88e4      0x7e4 .\ARM_GCC_493\Debug\Simple_Oscope.a(UART.o)
                0x1fff88e4                UART_rxBuffer
                0x1fff88f8                UART_txBuffer
 COMMON         0x1fff90c8        0xa .\ARM_GCC_493\Debug\Simple_Oscope.a(ADC.o)
                0x1fff90c8                ADC_countsPer10Volt
                0x1fff90cc                ADC_shift
                0x1fff90ce                ADC_countsPerVolt
                0x1fff90d0                ADC_offset
 *fill*         0x1fff90d2        0x2 
 COMMON         0x1fff90d4        0x4 d:/programs/cypress/psoc creator/3.3/psoc creator/import/gnu/arm/4.9.3/bin/../lib/gcc/arm-none-eabi/4.9.3/../../../../arm-none-eabi/lib/armv7-m\libg_nano.a(lib_a-reent.o)
                0x1fff90d4                errno
                0x1fff90d8                . = ALIGN (0x8)
 *(.ram.b)
                0x1fff90d8                _end = .
                0x1fff90d8                __end = .
                0x1fff90d8                PROVIDE (end, .)
                0x1fff90d8                PROVIDE (__bss_end__, .)
                0x000082b0                __cy_region_init_ram = LOADADDR (.data)
                0x00000110                __cy_region_init_size_ram = (_edata - ADDR (.data))
                0x00000ec0                __cy_region_zero_size_ram = (_end - _edata)

.heap           0x1fff90d8       0x80 load address 0x000083c0
                0x1fff90d8                . = _end
                0x1fff9158                . = (. + 0x80)
 *fill*         0x1fff90d8       0x80 
                0x1fff9158                __cy_heap_limit = .

.stack          0x20007800      0x800
                0x20007800                __cy_stack_limit = .
                0x20008000                . = (. + 0x800)
 *fill*         0x20007800      0x800 
                0x00000001                ASSERT ((__cy_stack_limit >= __cy_heap_limit), region RAM overflowed with stack)
                0x00000000                cy_checksum_exclude_size = (CY_APPL_LOADABLE == 0x1)?SIZEOF (.cy_checksum_exclude):0x0
                0x00000001                ASSERT ((cy_checksum_exclude_size <= CY_CHECKSUM_EXCLUDE_SIZE), CY_BOOT: Section .cy_checksum_exclude size exceedes specified limit.)

.cyloadermeta
 *(.cyloadermeta)

.cyloadablemeta
 *(.cyloadablemeta)

.cyconfigecc    0x80000000      0x6d4
 *(.cyconfigecc)
 .cyconfigecc   0x80000000      0x6d4 .\ARM_GCC_493\Debug\cymetadata.o
                0x80000000                cy_meta_configecc

.cycustnvl      0x90000000        0x4
 *(.cycustnvl)
 .cycustnvl     0x90000000        0x4 .\ARM_GCC_493\Debug\cymetadata.o
                0x90000000                cy_meta_custnvl

.cywolatch      0x90100000        0x4
 *(.cywolatch)
 .cywolatch     0x90100000        0x4 .\ARM_GCC_493\Debug\cymetadata.o
                0x90100000                cy_meta_wonvl

.cyeeprom       0x90200000        0x0
 *(.cyeeprom)
                0x00000001                ASSERT ((. <= ((0x90200000 + ee_offset) + ee_size)), .cyeeprom data will not fit in EEPROM)

.cyflashprotect
                0x90400000      0x100
 *(.cyflashprotect)
 .cyflashprotect
                0x90400000      0x100 .\ARM_GCC_493\Debug\cymetadata.o
                0x90400000                cy_meta_flashprotect

.cymeta         0x90500000        0xc
 *(.cymeta)
 .cymeta        0x90500000        0xc .\ARM_GCC_493\Debug\cymetadata.o
                0x90500000                cy_metadata

.rel.dyn        0x000083c0        0x0 load address 0x9050000c
 .rel.iplt      0x00000000        0x0 d:/programs/cypress/psoc creator/3.3/psoc creator/import/gnu/arm/4.9.3/bin/../lib/gcc/arm-none-eabi/4.9.3/armv7-m/crtbegin.o

.stab           0x00000000       0x6c
 *(.stab)
 .stab          0x00000000       0x24 d:/programs/cypress/psoc creator/3.3/psoc creator/import/gnu/arm/4.9.3/bin/../lib/gcc/arm-none-eabi/4.9.3/../../../../arm-none-eabi/lib/armv7-m\libnosys.a(close.o)
 .stab          0x00000024       0x18 d:/programs/cypress/psoc creator/3.3/psoc creator/import/gnu/arm/4.9.3/bin/../lib/gcc/arm-none-eabi/4.9.3/../../../../arm-none-eabi/lib/armv7-m\libnosys.a(lseek.o)
                                 0x24 (size before relaxing)
 .stab          0x0000003c       0x18 d:/programs/cypress/psoc creator/3.3/psoc creator/import/gnu/arm/4.9.3/bin/../lib/gcc/arm-none-eabi/4.9.3/../../../../arm-none-eabi/lib/armv7-m\libnosys.a(read.o)
                                 0x24 (size before relaxing)
 .stab          0x00000054       0x18 d:/programs/cypress/psoc creator/3.3/psoc creator/import/gnu/arm/4.9.3/bin/../lib/gcc/arm-none-eabi/4.9.3/../../../../arm-none-eabi/lib/armv7-m\libnosys.a(write.o)
                                 0x24 (size before relaxing)

.stabstr        0x00000000       0xdf
 *(.stabstr)
 .stabstr       0x00000000       0xdf d:/programs/cypress/psoc creator/3.3/psoc creator/import/gnu/arm/4.9.3/bin/../lib/gcc/arm-none-eabi/4.9.3/../../../../arm-none-eabi/lib/armv7-m\libnosys.a(close.o)

.debug
 *(.debug)

.line
 *(.line)

.debug_srcinfo
 *(.debug_srcinfo)

.debug_sfnames
 *(.debug_sfnames)

.debug_aranges  0x00000000      0xd40
 *(.debug_aranges)
 .debug_aranges
                0x00000000       0x90 .\ARM_GCC_493\Debug\main.o
 .debug_aranges
                0x00000090       0x18 .\ARM_GCC_493\Debug\cymetadata.o
 .debug_aranges
                0x000000a8       0x48 .\ARM_GCC_493\Debug\Cm3Start.o
 .debug_aranges
                0x000000f0       0x58 .\ARM_GCC_493\Debug\Simple_Oscope.a(cyfitter_cfg.o)
 .debug_aranges
                0x00000148       0x20 .\ARM_GCC_493\Debug\Simple_Oscope.a(CyBootAsmGnu.o)
 .debug_aranges
                0x00000168       0xd8 .\ARM_GCC_493\Debug\Simple_Oscope.a(CyDmac.o)
 .debug_aranges
                0x00000240      0x298 .\ARM_GCC_493\Debug\Simple_Oscope.a(CyLib.o)
 .debug_aranges
                0x000004d8       0x98 .\ARM_GCC_493\Debug\Simple_Oscope.a(cyPm.o)
 .debug_aranges
                0x00000570       0xf0 .\ARM_GCC_493\Debug\Simple_Oscope.a(UART.o)
 .debug_aranges
                0x00000660       0x28 .\ARM_GCC_493\Debug\Simple_Oscope.a(UART_INT.o)
 .debug_aranges
                0x00000688       0x70 .\ARM_GCC_493\Debug\Simple_Oscope.a(UART_IntClock.o)
 .debug_aranges
                0x000006f8       0xa8 .\ARM_GCC_493\Debug\Simple_Oscope.a(ADC.o)
 .debug_aranges
                0x000007a0       0x20 .\ARM_GCC_493\Debug\Simple_Oscope.a(ADC_INT.o)
 .debug_aranges
                0x000007c0       0x70 .\ARM_GCC_493\Debug\Simple_Oscope.a(ADC_Clock.o)
 .debug_aranges
                0x00000830       0x28 .\ARM_GCC_493\Debug\Simple_Oscope.a(DMA_ADC_MEM_dma.o)
 .debug_aranges
                0x00000858       0x90 .\ARM_GCC_493\Debug\Simple_Oscope.a(TIMER_DMA.o)
 .debug_aranges
                0x000008e8       0x80 .\ARM_GCC_493\Debug\Simple_Oscope.a(DMA_ENABLE.o)
 .debug_aranges
                0x00000968       0x80 .\ARM_GCC_493\Debug\Simple_Oscope.a(DMA_FRAME_READY.o)
 .debug_aranges
                0x000009e8       0x50 .\ARM_GCC_493\Debug\Simple_Oscope.a(DAC_1.o)
 .debug_aranges
                0x00000a38       0x28 .\ARM_GCC_493\Debug\Simple_Oscope.a(DAC_1_Wave1_DMA_dma.o)
 .debug_aranges
                0x00000a60       0x28 .\ARM_GCC_493\Debug\Simple_Oscope.a(DAC_1_Wave2_DMA_dma.o)
 .debug_aranges
                0x00000a88       0x58 .\ARM_GCC_493\Debug\Simple_Oscope.a(DAC_1_VDAC8.o)
 .debug_aranges
                0x00000ae0       0x98 .\ARM_GCC_493\Debug\Simple_Oscope.a(SPS_Divider_Counter.o)
 .debug_aranges
                0x00000b78       0x28 .\ARM_GCC_493\Debug\Simple_Oscope.a(SPS_Divider_Control_Reg.o)
 .debug_aranges
                0x00000ba0       0x38 .\ARM_GCC_493\Debug\Simple_Oscope.a(SPS_Divider_Control_Reg_PM.o)
 .debug_aranges
                0x00000bd8       0x70 .\ARM_GCC_493\Debug\Simple_Oscope.a(DAC_CLOCK.o)
 .debug_aranges
                0x00000c48       0x80 .\ARM_GCC_493\Debug\Simple_Oscope.a(CyFlash.o)
 .debug_aranges
                0x00000cc8       0x78 .\ARM_GCC_493\Debug\Simple_Oscope.a(CySpc.o)

.debug_pubnames
 *(.debug_pubnames)

.debug_info     0x00000000     0x590a
 *(.debug_info .gnu.linkonce.wi.*)
 .debug_info    0x00000000      0x661 .\ARM_GCC_493\Debug\main.o
 .debug_info    0x00000661      0x13e .\ARM_GCC_493\Debug\cymetadata.o
 .debug_info    0x0000079f      0x317 .\ARM_GCC_493\Debug\Cm3Start.o
 .debug_info    0x00000ab6      0x38a .\ARM_GCC_493\Debug\Simple_Oscope.a(cyfitter_cfg.o)
 .debug_info    0x00000e40       0x8d .\ARM_GCC_493\Debug\Simple_Oscope.a(CyBootAsmGnu.o)
 .debug_info    0x00000ecd      0x8b1 .\ARM_GCC_493\Debug\Simple_Oscope.a(CyDmac.o)
 .debug_info    0x0000177e      0xe31 .\ARM_GCC_493\Debug\Simple_Oscope.a(CyLib.o)
 .debug_info    0x000025af      0x55f .\ARM_GCC_493\Debug\Simple_Oscope.a(cyPm.o)
 .debug_info    0x00002b0e      0x653 .\ARM_GCC_493\Debug\Simple_Oscope.a(UART.o)
 .debug_info    0x00003161      0x19c .\ARM_GCC_493\Debug\Simple_Oscope.a(UART_INT.o)
 .debug_info    0x000032fd      0x25b .\ARM_GCC_493\Debug\Simple_Oscope.a(UART_IntClock.o)
 .debug_info    0x00003558      0x47f .\ARM_GCC_493\Debug\Simple_Oscope.a(ADC.o)
 .debug_info    0x000039d7       0x92 .\ARM_GCC_493\Debug\Simple_Oscope.a(ADC_INT.o)
 .debug_info    0x00003a69      0x25b .\ARM_GCC_493\Debug\Simple_Oscope.a(ADC_Clock.o)
 .debug_info    0x00003cc4      0x112 .\ARM_GCC_493\Debug\Simple_Oscope.a(DMA_ADC_MEM_dma.o)
 .debug_info    0x00003dd6      0x252 .\ARM_GCC_493\Debug\Simple_Oscope.a(TIMER_DMA.o)
 .debug_info    0x00004028      0x238 .\ARM_GCC_493\Debug\Simple_Oscope.a(DMA_ENABLE.o)
 .debug_info    0x00004260      0x238 .\ARM_GCC_493\Debug\Simple_Oscope.a(DMA_FRAME_READY.o)
 .debug_info    0x00004498      0x23f .\ARM_GCC_493\Debug\Simple_Oscope.a(DAC_1.o)
 .debug_info    0x000046d7      0x112 .\ARM_GCC_493\Debug\Simple_Oscope.a(DAC_1_Wave1_DMA_dma.o)
 .debug_info    0x000047e9      0x112 .\ARM_GCC_493\Debug\Simple_Oscope.a(DAC_1_Wave2_DMA_dma.o)
 .debug_info    0x000048fb      0x184 .\ARM_GCC_493\Debug\Simple_Oscope.a(DAC_1_VDAC8.o)
 .debug_info    0x00004a7f      0x288 .\ARM_GCC_493\Debug\Simple_Oscope.a(SPS_Divider_Counter.o)
 .debug_info    0x00004d07       0xd6 .\ARM_GCC_493\Debug\Simple_Oscope.a(SPS_Divider_Control_Reg.o)
 .debug_info    0x00004ddd      0x112 .\ARM_GCC_493\Debug\Simple_Oscope.a(SPS_Divider_Control_Reg_PM.o)
 .debug_info    0x00004eef      0x25b .\ARM_GCC_493\Debug\Simple_Oscope.a(DAC_CLOCK.o)
 .debug_info    0x0000514a      0x36a .\ARM_GCC_493\Debug\Simple_Oscope.a(CyFlash.o)
 .debug_info    0x000054b4      0x456 .\ARM_GCC_493\Debug\Simple_Oscope.a(CySpc.o)

.debug_abbrev   0x00000000     0x1ef7
 *(.debug_abbrev)
 .debug_abbrev  0x00000000      0x1de .\ARM_GCC_493\Debug\main.o
 .debug_abbrev  0x000001de       0x77 .\ARM_GCC_493\Debug\cymetadata.o
 .debug_abbrev  0x00000255      0x1b6 .\ARM_GCC_493\Debug\Cm3Start.o
 .debug_abbrev  0x0000040b      0x19d .\ARM_GCC_493\Debug\Simple_Oscope.a(cyfitter_cfg.o)
 .debug_abbrev  0x000005a8       0x14 .\ARM_GCC_493\Debug\Simple_Oscope.a(CyBootAsmGnu.o)
 .debug_abbrev  0x000005bc      0x194 .\ARM_GCC_493\Debug\Simple_Oscope.a(CyDmac.o)
 .debug_abbrev  0x00000750      0x217 .\ARM_GCC_493\Debug\Simple_Oscope.a(CyLib.o)
 .debug_abbrev  0x00000967      0x16e .\ARM_GCC_493\Debug\Simple_Oscope.a(cyPm.o)
 .debug_abbrev  0x00000ad5      0x175 .\ARM_GCC_493\Debug\Simple_Oscope.a(UART.o)
 .debug_abbrev  0x00000c4a       0xb8 .\ARM_GCC_493\Debug\Simple_Oscope.a(UART_INT.o)
 .debug_abbrev  0x00000d02      0x12a .\ARM_GCC_493\Debug\Simple_Oscope.a(UART_IntClock.o)
 .debug_abbrev  0x00000e2c      0x180 .\ARM_GCC_493\Debug\Simple_Oscope.a(ADC.o)
 .debug_abbrev  0x00000fac       0x42 .\ARM_GCC_493\Debug\Simple_Oscope.a(ADC_INT.o)
 .debug_abbrev  0x00000fee      0x12a .\ARM_GCC_493\Debug\Simple_Oscope.a(ADC_Clock.o)
 .debug_abbrev  0x00001118       0x8b .\ARM_GCC_493\Debug\Simple_Oscope.a(DMA_ADC_MEM_dma.o)
 .debug_abbrev  0x000011a3      0x128 .\ARM_GCC_493\Debug\Simple_Oscope.a(TIMER_DMA.o)
 .debug_abbrev  0x000012cb      0x17f .\ARM_GCC_493\Debug\Simple_Oscope.a(DMA_ENABLE.o)
 .debug_abbrev  0x0000144a      0x17f .\ARM_GCC_493\Debug\Simple_Oscope.a(DMA_FRAME_READY.o)
 .debug_abbrev  0x000015c9       0xe3 .\ARM_GCC_493\Debug\Simple_Oscope.a(DAC_1.o)
 .debug_abbrev  0x000016ac       0x8b .\ARM_GCC_493\Debug\Simple_Oscope.a(DAC_1_Wave1_DMA_dma.o)
 .debug_abbrev  0x00001737       0x8b .\ARM_GCC_493\Debug\Simple_Oscope.a(DAC_1_Wave2_DMA_dma.o)
 .debug_abbrev  0x000017c2       0xf8 .\ARM_GCC_493\Debug\Simple_Oscope.a(DAC_1_VDAC8.o)
 .debug_abbrev  0x000018ba      0x139 .\ARM_GCC_493\Debug\Simple_Oscope.a(SPS_Divider_Counter.o)
 .debug_abbrev  0x000019f3       0x8e .\ARM_GCC_493\Debug\Simple_Oscope.a(SPS_Divider_Control_Reg.o)
 .debug_abbrev  0x00001a81       0xa6 .\ARM_GCC_493\Debug\Simple_Oscope.a(SPS_Divider_Control_Reg_PM.o)
 .debug_abbrev  0x00001b27      0x12a .\ARM_GCC_493\Debug\Simple_Oscope.a(DAC_CLOCK.o)
 .debug_abbrev  0x00001c51      0x12d .\ARM_GCC_493\Debug\Simple_Oscope.a(CyFlash.o)
 .debug_abbrev  0x00001d7e      0x179 .\ARM_GCC_493\Debug\Simple_Oscope.a(CySpc.o)

.debug_line     0x00000000     0x3257
 *(.debug_line)
 .debug_line    0x00000000      0x4ae .\ARM_GCC_493\Debug\main.o
 .debug_line    0x000004ae       0x53 .\ARM_GCC_493\Debug\cymetadata.o
 .debug_line    0x00000501      0x1ca .\ARM_GCC_493\Debug\Cm3Start.o
 .debug_line    0x000006cb      0x1ea .\ARM_GCC_493\Debug\Simple_Oscope.a(cyfitter_cfg.o)
 .debug_line    0x000008b5       0x7f .\ARM_GCC_493\Debug\Simple_Oscope.a(CyBootAsmGnu.o)
 .debug_line    0x00000934      0x2b7 .\ARM_GCC_493\Debug\Simple_Oscope.a(CyDmac.o)
 .debug_line    0x00000beb      0x872 .\ARM_GCC_493\Debug\Simple_Oscope.a(CyLib.o)
 .debug_line    0x0000145d      0x381 .\ARM_GCC_493\Debug\Simple_Oscope.a(cyPm.o)
 .debug_line    0x000017de      0x342 .\ARM_GCC_493\Debug\Simple_Oscope.a(UART.o)
 .debug_line    0x00001b20       0xae .\ARM_GCC_493\Debug\Simple_Oscope.a(UART_INT.o)
 .debug_line    0x00001bce      0x1c1 .\ARM_GCC_493\Debug\Simple_Oscope.a(UART_IntClock.o)
 .debug_line    0x00001d8f      0x20a .\ARM_GCC_493\Debug\Simple_Oscope.a(ADC.o)
 .debug_line    0x00001f99       0x55 .\ARM_GCC_493\Debug\Simple_Oscope.a(ADC_INT.o)
 .debug_line    0x00001fee      0x1bd .\ARM_GCC_493\Debug\Simple_Oscope.a(ADC_Clock.o)
 .debug_line    0x000021ab       0x97 .\ARM_GCC_493\Debug\Simple_Oscope.a(DMA_ADC_MEM_dma.o)
 .debug_line    0x00002242      0x174 .\ARM_GCC_493\Debug\Simple_Oscope.a(TIMER_DMA.o)
 .debug_line    0x000023b6      0x16e .\ARM_GCC_493\Debug\Simple_Oscope.a(DMA_ENABLE.o)
 .debug_line    0x00002524      0x163 .\ARM_GCC_493\Debug\Simple_Oscope.a(DMA_FRAME_READY.o)
 .debug_line    0x00002687       0xef .\ARM_GCC_493\Debug\Simple_Oscope.a(DAC_1.o)
 .debug_line    0x00002776       0x9b .\ARM_GCC_493\Debug\Simple_Oscope.a(DAC_1_Wave1_DMA_dma.o)
 .debug_line    0x00002811       0x9b .\ARM_GCC_493\Debug\Simple_Oscope.a(DAC_1_Wave2_DMA_dma.o)
 .debug_line    0x000028ac       0xf5 .\ARM_GCC_493\Debug\Simple_Oscope.a(DAC_1_VDAC8.o)
 .debug_line    0x000029a1      0x193 .\ARM_GCC_493\Debug\Simple_Oscope.a(SPS_Divider_Counter.o)
 .debug_line    0x00002b34       0x82 .\ARM_GCC_493\Debug\Simple_Oscope.a(SPS_Divider_Control_Reg.o)
 .debug_line    0x00002bb6       0xc6 .\ARM_GCC_493\Debug\Simple_Oscope.a(SPS_Divider_Control_Reg_PM.o)
 .debug_line    0x00002c7c      0x1bd .\ARM_GCC_493\Debug\Simple_Oscope.a(DAC_CLOCK.o)
 .debug_line    0x00002e39      0x207 .\ARM_GCC_493\Debug\Simple_Oscope.a(CyFlash.o)
 .debug_line    0x00003040      0x217 .\ARM_GCC_493\Debug\Simple_Oscope.a(CySpc.o)

.debug_frame    0x00000000     0x3e88
 *(.debug_frame)
 .debug_frame   0x00000000      0x22c .\ARM_GCC_493\Debug\main.o
 .debug_frame   0x0000022c       0xd8 .\ARM_GCC_493\Debug\Cm3Start.o
 .debug_frame   0x00000304      0x150 .\ARM_GCC_493\Debug\Simple_Oscope.a(cyfitter_cfg.o)
 .debug_frame   0x00000454      0x3d0 .\ARM_GCC_493\Debug\Simple_Oscope.a(CyDmac.o)
 .debug_frame   0x00000824      0xbe8 .\ARM_GCC_493\Debug\Simple_Oscope.a(CyLib.o)
 .debug_frame   0x0000140c      0x234 .\ARM_GCC_493\Debug\Simple_Oscope.a(cyPm.o)
 .debug_frame   0x00001640      0x428 .\ARM_GCC_493\Debug\Simple_Oscope.a(UART.o)
 .debug_frame   0x00001a68       0x5c .\ARM_GCC_493\Debug\Simple_Oscope.a(UART_INT.o)
 .debug_frame   0x00001ac4      0x1b4 .\ARM_GCC_493\Debug\Simple_Oscope.a(UART_IntClock.o)
 .debug_frame   0x00001c78      0x2c0 .\ARM_GCC_493\Debug\Simple_Oscope.a(ADC.o)
 .debug_frame   0x00001f38       0x34 .\ARM_GCC_493\Debug\Simple_Oscope.a(ADC_INT.o)
 .debug_frame   0x00001f6c      0x1b4 .\ARM_GCC_493\Debug\Simple_Oscope.a(ADC_Clock.o)
 .debug_frame   0x00002120       0x58 .\ARM_GCC_493\Debug\Simple_Oscope.a(DMA_ADC_MEM_dma.o)
 .debug_frame   0x00002178      0x230 .\ARM_GCC_493\Debug\Simple_Oscope.a(TIMER_DMA.o)
 .debug_frame   0x000023a8      0x1e8 .\ARM_GCC_493\Debug\Simple_Oscope.a(DMA_ENABLE.o)
 .debug_frame   0x00002590      0x1e8 .\ARM_GCC_493\Debug\Simple_Oscope.a(DMA_FRAME_READY.o)
 .debug_frame   0x00002778       0xf8 .\ARM_GCC_493\Debug\Simple_Oscope.a(DAC_1.o)
 .debug_frame   0x00002870       0x58 .\ARM_GCC_493\Debug\Simple_Oscope.a(DAC_1_Wave1_DMA_dma.o)
 .debug_frame   0x000028c8       0x58 .\ARM_GCC_493\Debug\Simple_Oscope.a(DAC_1_Wave2_DMA_dma.o)
 .debug_frame   0x00002920      0x130 .\ARM_GCC_493\Debug\Simple_Oscope.a(DAC_1_VDAC8.o)
 .debug_frame   0x00002a50      0x258 .\ARM_GCC_493\Debug\Simple_Oscope.a(SPS_Divider_Counter.o)
 .debug_frame   0x00002ca8       0x5c .\ARM_GCC_493\Debug\Simple_Oscope.a(SPS_Divider_Control_Reg.o)
 .debug_frame   0x00002d04       0x90 .\ARM_GCC_493\Debug\Simple_Oscope.a(SPS_Divider_Control_Reg_PM.o)
 .debug_frame   0x00002d94      0x1b4 .\ARM_GCC_493\Debug\Simple_Oscope.a(DAC_CLOCK.o)
 .debug_frame   0x00002f48      0x210 .\ARM_GCC_493\Debug\Simple_Oscope.a(CyFlash.o)
 .debug_frame   0x00003158      0x1f8 .\ARM_GCC_493\Debug\Simple_Oscope.a(CySpc.o)
 .debug_frame   0x00003350       0x34 d:/programs/cypress/psoc creator/3.3/psoc creator/import/gnu/arm/4.9.3/bin/../lib/gcc/arm-none-eabi/4.9.3/../../../../arm-none-eabi/lib/armv7-m\libm.a(lib_a-s_floor.o)
 .debug_frame   0x00003384       0x28 d:/programs/cypress/psoc creator/3.3/psoc creator/import/gnu/arm/4.9.3/bin/../lib/gcc/arm-none-eabi/4.9.3/armv7-m\libgcc.a(_aeabi_ldivmod.o)
 .debug_frame   0x000033ac       0x54 d:/programs/cypress/psoc creator/3.3/psoc creator/import/gnu/arm/4.9.3/bin/../lib/gcc/arm-none-eabi/4.9.3/armv7-m\libgcc.a(bpabi.o)
 .debug_frame   0x00003400       0x34 d:/programs/cypress/psoc creator/3.3/psoc creator/import/gnu/arm/4.9.3/bin/../lib/gcc/arm-none-eabi/4.9.3/armv7-m\libgcc.a(_divdi3.o)
 .debug_frame   0x00003434       0x34 d:/programs/cypress/psoc creator/3.3/psoc creator/import/gnu/arm/4.9.3/bin/../lib/gcc/arm-none-eabi/4.9.3/armv7-m\libgcc.a(_udivdi3.o)
 .debug_frame   0x00003468       0x20 d:/programs/cypress/psoc creator/3.3/psoc creator/import/gnu/arm/4.9.3/bin/../lib/gcc/arm-none-eabi/4.9.3/../../../../arm-none-eabi/lib/armv7-m\libg_nano.a(lib_a-errno.o)
 .debug_frame   0x00003488       0x28 d:/programs/cypress/psoc creator/3.3/psoc creator/import/gnu/arm/4.9.3/bin/../lib/gcc/arm-none-eabi/4.9.3/../../../../arm-none-eabi/lib/armv7-m\libg_nano.a(lib_a-exit.o)
 .debug_frame   0x000034b0       0x2c d:/programs/cypress/psoc creator/3.3/psoc creator/import/gnu/arm/4.9.3/bin/../lib/gcc/arm-none-eabi/4.9.3/../../../../arm-none-eabi/lib/armv7-m\libg_nano.a(lib_a-init.o)
 .debug_frame   0x000034dc       0x28 d:/programs/cypress/psoc creator/3.3/psoc creator/import/gnu/arm/4.9.3/bin/../lib/gcc/arm-none-eabi/4.9.3/../../../../arm-none-eabi/lib/armv7-m\libg_nano.a(lib_a-memcpy.o)
 .debug_frame   0x00003504       0x20 d:/programs/cypress/psoc creator/3.3/psoc creator/import/gnu/arm/4.9.3/bin/../lib/gcc/arm-none-eabi/4.9.3/../../../../arm-none-eabi/lib/armv7-m\libg_nano.a(lib_a-memset.o)
 .debug_frame   0x00003524       0x70 d:/programs/cypress/psoc creator/3.3/psoc creator/import/gnu/arm/4.9.3/bin/../lib/gcc/arm-none-eabi/4.9.3/../../../../arm-none-eabi/lib/armv7-m\libg_nano.a(lib_a-sprintf.o)
 .debug_frame   0x00003594       0x80 d:/programs/cypress/psoc creator/3.3/psoc creator/import/gnu/arm/4.9.3/bin/../lib/gcc/arm-none-eabi/4.9.3/../../../../arm-none-eabi/lib/armv7-m\libg_nano.a(lib_a-sscanf.o)
 .debug_frame   0x00003614       0x88 d:/programs/cypress/psoc creator/3.3/psoc creator/import/gnu/arm/4.9.3/bin/../lib/gcc/arm-none-eabi/4.9.3/../../../../arm-none-eabi/lib/armv7-m\libg_nano.a(lib_a-stdio.o)
 .debug_frame   0x0000369c       0x20 d:/programs/cypress/psoc creator/3.3/psoc creator/import/gnu/arm/4.9.3/bin/../lib/gcc/arm-none-eabi/4.9.3/../../../../arm-none-eabi/lib/armv7-m\libg_nano.a(lib_a-strlen.o)
 .debug_frame   0x000036bc       0x28 d:/programs/cypress/psoc creator/3.3/psoc creator/import/gnu/arm/4.9.3/bin/../lib/gcc/arm-none-eabi/4.9.3/../../../../arm-none-eabi/lib/armv7-m\libg_nano.a(lib_a-strncpy.o)
 .debug_frame   0x000036e4       0x2c d:/programs/cypress/psoc creator/3.3/psoc creator/import/gnu/arm/4.9.3/bin/../lib/gcc/arm-none-eabi/4.9.3/../../../../arm-none-eabi/lib/armv7-m\libg_nano.a(lib_a-strpbrk.o)
 .debug_frame   0x00003710       0x2c d:/programs/cypress/psoc creator/3.3/psoc creator/import/gnu/arm/4.9.3/bin/../lib/gcc/arm-none-eabi/4.9.3/../../../../arm-none-eabi/lib/armv7-m\libg_nano.a(lib_a-writer.o)
 .debug_frame   0x0000373c       0x2c d:/programs/cypress/psoc creator/3.3/psoc creator/import/gnu/arm/4.9.3/bin/../lib/gcc/arm-none-eabi/4.9.3/../../../../arm-none-eabi/lib/armv7-m\libg_nano.a(lib_a-closer.o)
 .debug_frame   0x00003768       0x2c d:/programs/cypress/psoc creator/3.3/psoc creator/import/gnu/arm/4.9.3/bin/../lib/gcc/arm-none-eabi/4.9.3/../../../../arm-none-eabi/lib/armv7-m\libg_nano.a(lib_a-lseekr.o)
 .debug_frame   0x00003794       0x8c d:/programs/cypress/psoc creator/3.3/psoc creator/import/gnu/arm/4.9.3/bin/../lib/gcc/arm-none-eabi/4.9.3/../../../../arm-none-eabi/lib/armv7-m\libg_nano.a(lib_a-nano-svfprintf.o)
 .debug_frame   0x00003820       0x70 d:/programs/cypress/psoc creator/3.3/psoc creator/import/gnu/arm/4.9.3/bin/../lib/gcc/arm-none-eabi/4.9.3/../../../../arm-none-eabi/lib/armv7-m\libg_nano.a(lib_a-nano-svfscanf.o)
 .debug_frame   0x00003890       0x58 d:/programs/cypress/psoc creator/3.3/psoc creator/import/gnu/arm/4.9.3/bin/../lib/gcc/arm-none-eabi/4.9.3/../../../../arm-none-eabi/lib/armv7-m\libg_nano.a(lib_a-nano-vfprintf_i.o)
 .debug_frame   0x000038e8       0x5c d:/programs/cypress/psoc creator/3.3/psoc creator/import/gnu/arm/4.9.3/bin/../lib/gcc/arm-none-eabi/4.9.3/../../../../arm-none-eabi/lib/armv7-m\libg_nano.a(lib_a-nano-vfscanf_i.o)
 .debug_frame   0x00003944       0x2c d:/programs/cypress/psoc creator/3.3/psoc creator/import/gnu/arm/4.9.3/bin/../lib/gcc/arm-none-eabi/4.9.3/../../../../arm-none-eabi/lib/armv7-m\libg_nano.a(lib_a-readr.o)
 .debug_frame   0x00003970       0x5c d:/programs/cypress/psoc creator/3.3/psoc creator/import/gnu/arm/4.9.3/bin/../lib/gcc/arm-none-eabi/4.9.3/../../../../arm-none-eabi/lib/armv7-m\libg_nano.a(lib_a-reent.o)
 .debug_frame   0x000039cc       0x30 d:/programs/cypress/psoc creator/3.3/psoc creator/import/gnu/arm/4.9.3/bin/../lib/gcc/arm-none-eabi/4.9.3/../../../../arm-none-eabi/lib/armv7-m\libg_nano.a(lib_a-sccl.o)
 .debug_frame   0x000039fc       0x54 d:/programs/cypress/psoc creator/3.3/psoc creator/import/gnu/arm/4.9.3/bin/../lib/gcc/arm-none-eabi/4.9.3/../../../../arm-none-eabi/lib/armv7-m\libg_nano.a(lib_a-strtol.o)
 .debug_frame   0x00003a50       0x54 d:/programs/cypress/psoc creator/3.3/psoc creator/import/gnu/arm/4.9.3/bin/../lib/gcc/arm-none-eabi/4.9.3/../../../../arm-none-eabi/lib/armv7-m\libg_nano.a(lib_a-strtoul.o)
 .debug_frame   0x00003aa4       0x5c d:/programs/cypress/psoc creator/3.3/psoc creator/import/gnu/arm/4.9.3/bin/../lib/gcc/arm-none-eabi/4.9.3/../../../../arm-none-eabi/lib/armv7-m\libg_nano.a(lib_a-ungetc.o)
 .debug_frame   0x00003b00       0x68 d:/programs/cypress/psoc creator/3.3/psoc creator/import/gnu/arm/4.9.3/bin/../lib/gcc/arm-none-eabi/4.9.3/../../../../arm-none-eabi/lib/armv7-m\libg_nano.a(lib_a-fflush.o)
 .debug_frame   0x00003b68      0x11c d:/programs/cypress/psoc creator/3.3/psoc creator/import/gnu/arm/4.9.3/bin/../lib/gcc/arm-none-eabi/4.9.3/../../../../arm-none-eabi/lib/armv7-m\libg_nano.a(lib_a-findfp.o)
 .debug_frame   0x00003c84       0x54 d:/programs/cypress/psoc creator/3.3/psoc creator/import/gnu/arm/4.9.3/bin/../lib/gcc/arm-none-eabi/4.9.3/../../../../arm-none-eabi/lib/armv7-m\libg_nano.a(lib_a-fwalk.o)
 .debug_frame   0x00003cd8       0x28 d:/programs/cypress/psoc creator/3.3/psoc creator/import/gnu/arm/4.9.3/bin/../lib/gcc/arm-none-eabi/4.9.3/../../../../arm-none-eabi/lib/armv7-m\libg_nano.a(lib_a-memchr.o)
 .debug_frame   0x00003d00       0x28 d:/programs/cypress/psoc creator/3.3/psoc creator/import/gnu/arm/4.9.3/bin/../lib/gcc/arm-none-eabi/4.9.3/../../../../arm-none-eabi/lib/armv7-m\libg_nano.a(lib_a-memmove.o)
 .debug_frame   0x00003d28       0x2c d:/programs/cypress/psoc creator/3.3/psoc creator/import/gnu/arm/4.9.3/bin/../lib/gcc/arm-none-eabi/4.9.3/../../../../arm-none-eabi/lib/armv7-m\libg_nano.a(lib_a-nano-freer.o)
 .debug_frame   0x00003d54       0x2c d:/programs/cypress/psoc creator/3.3/psoc creator/import/gnu/arm/4.9.3/bin/../lib/gcc/arm-none-eabi/4.9.3/../../../../arm-none-eabi/lib/armv7-m\libg_nano.a(lib_a-nano-mallocr.o)
 .debug_frame   0x00003d80       0x3c d:/programs/cypress/psoc creator/3.3/psoc creator/import/gnu/arm/4.9.3/bin/../lib/gcc/arm-none-eabi/4.9.3/../../../../arm-none-eabi/lib/armv7-m\libg_nano.a(lib_a-nano-reallocr.o)
 .debug_frame   0x00003dbc       0x2c d:/programs/cypress/psoc creator/3.3/psoc creator/import/gnu/arm/4.9.3/bin/../lib/gcc/arm-none-eabi/4.9.3/../../../../arm-none-eabi/lib/armv7-m\libg_nano.a(lib_a-sbrkr.o)
 .debug_frame   0x00003de8       0x20 d:/programs/cypress/psoc creator/3.3/psoc creator/import/gnu/arm/4.9.3/bin/../lib/gcc/arm-none-eabi/4.9.3/../../../../arm-none-eabi/lib/armv7-m\libg_nano.a(lib_a-nano-msizer.o)
 .debug_frame   0x00003e08       0x20 d:/programs/cypress/psoc creator/3.3/psoc creator/import/gnu/arm/4.9.3/bin/../lib/gcc/arm-none-eabi/4.9.3/../../../../arm-none-eabi/lib/armv7-m\libnosys.a(close.o)
 .debug_frame   0x00003e28       0x20 d:/programs/cypress/psoc creator/3.3/psoc creator/import/gnu/arm/4.9.3/bin/../lib/gcc/arm-none-eabi/4.9.3/../../../../arm-none-eabi/lib/armv7-m\libnosys.a(lseek.o)
 .debug_frame   0x00003e48       0x20 d:/programs/cypress/psoc creator/3.3/psoc creator/import/gnu/arm/4.9.3/bin/../lib/gcc/arm-none-eabi/4.9.3/../../../../arm-none-eabi/lib/armv7-m\libnosys.a(read.o)
 .debug_frame   0x00003e68       0x20 d:/programs/cypress/psoc creator/3.3/psoc creator/import/gnu/arm/4.9.3/bin/../lib/gcc/arm-none-eabi/4.9.3/../../../../arm-none-eabi/lib/armv7-m\libnosys.a(write.o)

.debug_str      0x00000000     0x2db9
 *(.debug_str)
 .debug_str     0x00000000      0x401 .\ARM_GCC_493\Debug\main.o
                                0x459 (size before relaxing)
 .debug_str     0x00000401       0x77 .\ARM_GCC_493\Debug\cymetadata.o
                                0x1e7 (size before relaxing)
 .debug_str     0x00000478      0x132 .\ARM_GCC_493\Debug\Cm3Start.o
                                0x2c8 (size before relaxing)
 .debug_str     0x000005aa      0x132 .\ARM_GCC_493\Debug\Simple_Oscope.a(cyfitter_cfg.o)
                                0x2d6 (size before relaxing)
 .debug_str     0x000006dc      0x359 .\ARM_GCC_493\Debug\Simple_Oscope.a(CyDmac.o)
                                0x50e (size before relaxing)
 .debug_str     0x00000a35      0x7c8 .\ARM_GCC_493\Debug\Simple_Oscope.a(CyLib.o)
                                0x9c3 (size before relaxing)
 .debug_str     0x000011fd      0x367 .\ARM_GCC_493\Debug\Simple_Oscope.a(cyPm.o)
                                0x528 (size before relaxing)
 .debug_str     0x00001564      0x378 .\ARM_GCC_493\Debug\Simple_Oscope.a(UART.o)
                                0x515 (size before relaxing)
 .debug_str     0x000018dc       0x60 .\ARM_GCC_493\Debug\Simple_Oscope.a(UART_INT.o)
                                0x281 (size before relaxing)
 .debug_str     0x0000193c      0x1ac .\ARM_GCC_493\Debug\Simple_Oscope.a(UART_IntClock.o)
                                0x333 (size before relaxing)
 .debug_str     0x00001ae8      0x1c3 .\ARM_GCC_493\Debug\Simple_Oscope.a(ADC.o)
                                0x3a8 (size before relaxing)
 .debug_str     0x00001cab       0x2b .\ARM_GCC_493\Debug\Simple_Oscope.a(ADC_INT.o)
                                0x18c (size before relaxing)
 .debug_str     0x00001cd6      0x131 .\ARM_GCC_493\Debug\Simple_Oscope.a(ADC_Clock.o)
                                0x303 (size before relaxing)
 .debug_str     0x00001e07       0xad .\ARM_GCC_493\Debug\Simple_Oscope.a(DMA_ADC_MEM_dma.o)
                                0x224 (size before relaxing)
 .debug_str     0x00001eb4      0x1bd .\ARM_GCC_493\Debug\Simple_Oscope.a(TIMER_DMA.o)
                                0x347 (size before relaxing)
 .debug_str     0x00002071      0x12e .\ARM_GCC_493\Debug\Simple_Oscope.a(DMA_ENABLE.o)
                                0x2dd (size before relaxing)
 .debug_str     0x0000219f      0x174 .\ARM_GCC_493\Debug\Simple_Oscope.a(DMA_FRAME_READY.o)
                                0x323 (size before relaxing)
 .debug_str     0x00002313      0x11f .\ARM_GCC_493\Debug\Simple_Oscope.a(DAC_1.o)
                                0x29d (size before relaxing)
 .debug_str     0x00002432       0x82 .\ARM_GCC_493\Debug\Simple_Oscope.a(DAC_1_Wave1_DMA_dma.o)
                                0x234 (size before relaxing)
 .debug_str     0x000024b4       0x82 .\ARM_GCC_493\Debug\Simple_Oscope.a(DAC_1_Wave2_DMA_dma.o)
                                0x234 (size before relaxing)
 .debug_str     0x00002536       0xe1 .\ARM_GCC_493\Debug\Simple_Oscope.a(DAC_1_VDAC8.o)
                                0x258 (size before relaxing)
 .debug_str     0x00002617      0x28d .\ARM_GCC_493\Debug\Simple_Oscope.a(SPS_Divider_Counter.o)
                                0x426 (size before relaxing)
 .debug_str     0x000028a4       0x6e .\ARM_GCC_493\Debug\Simple_Oscope.a(SPS_Divider_Control_Reg.o)
                                0x1e2 (size before relaxing)
 .debug_str     0x00002912      0x10e .\ARM_GCC_493\Debug\Simple_Oscope.a(SPS_Divider_Control_Reg_PM.o)
                                0x27a (size before relaxing)
 .debug_str     0x00002a20      0x131 .\ARM_GCC_493\Debug\Simple_Oscope.a(DAC_CLOCK.o)
                                0x303 (size before relaxing)
 .debug_str     0x00002b51      0x147 .\ARM_GCC_493\Debug\Simple_Oscope.a(CyFlash.o)
                                0x2e7 (size before relaxing)
 .debug_str     0x00002c98      0x121 .\ARM_GCC_493\Debug\Simple_Oscope.a(CySpc.o)
                                0x2e4 (size before relaxing)

.debug_loc
 *(.debug_loc)

.debug_macinfo
 *(.debug_macinfo)

.debug_ranges   0x00000000      0xb68
 *(.debug_ranges)
 .debug_ranges  0x00000000       0x80 .\ARM_GCC_493\Debug\main.o
 .debug_ranges  0x00000080       0x38 .\ARM_GCC_493\Debug\Cm3Start.o
 .debug_ranges  0x000000b8       0x48 .\ARM_GCC_493\Debug\Simple_Oscope.a(cyfitter_cfg.o)
 .debug_ranges  0x00000100       0xc8 .\ARM_GCC_493\Debug\Simple_Oscope.a(CyDmac.o)
 .debug_ranges  0x000001c8      0x288 .\ARM_GCC_493\Debug\Simple_Oscope.a(CyLib.o)
 .debug_ranges  0x00000450       0x88 .\ARM_GCC_493\Debug\Simple_Oscope.a(cyPm.o)
 .debug_ranges  0x000004d8       0xe0 .\ARM_GCC_493\Debug\Simple_Oscope.a(UART.o)
 .debug_ranges  0x000005b8       0x18 .\ARM_GCC_493\Debug\Simple_Oscope.a(UART_INT.o)
 .debug_ranges  0x000005d0       0x60 .\ARM_GCC_493\Debug\Simple_Oscope.a(UART_IntClock.o)
 .debug_ranges  0x00000630       0x98 .\ARM_GCC_493\Debug\Simple_Oscope.a(ADC.o)
 .debug_ranges  0x000006c8       0x10 .\ARM_GCC_493\Debug\Simple_Oscope.a(ADC_INT.o)
 .debug_ranges  0x000006d8       0x60 .\ARM_GCC_493\Debug\Simple_Oscope.a(ADC_Clock.o)
 .debug_ranges  0x00000738       0x18 .\ARM_GCC_493\Debug\Simple_Oscope.a(DMA_ADC_MEM_dma.o)
 .debug_ranges  0x00000750       0x80 .\ARM_GCC_493\Debug\Simple_Oscope.a(TIMER_DMA.o)
 .debug_ranges  0x000007d0       0x70 .\ARM_GCC_493\Debug\Simple_Oscope.a(DMA_ENABLE.o)
 .debug_ranges  0x00000840       0x70 .\ARM_GCC_493\Debug\Simple_Oscope.a(DMA_FRAME_READY.o)
 .debug_ranges  0x000008b0       0x40 .\ARM_GCC_493\Debug\Simple_Oscope.a(DAC_1.o)
 .debug_ranges  0x000008f0       0x18 .\ARM_GCC_493\Debug\Simple_Oscope.a(DAC_1_Wave1_DMA_dma.o)
 .debug_ranges  0x00000908       0x18 .\ARM_GCC_493\Debug\Simple_Oscope.a(DAC_1_Wave2_DMA_dma.o)
 .debug_ranges  0x00000920       0x48 .\ARM_GCC_493\Debug\Simple_Oscope.a(DAC_1_VDAC8.o)
 .debug_ranges  0x00000968       0x88 .\ARM_GCC_493\Debug\Simple_Oscope.a(SPS_Divider_Counter.o)
 .debug_ranges  0x000009f0       0x18 .\ARM_GCC_493\Debug\Simple_Oscope.a(SPS_Divider_Control_Reg.o)
 .debug_ranges  0x00000a08       0x28 .\ARM_GCC_493\Debug\Simple_Oscope.a(SPS_Divider_Control_Reg_PM.o)
 .debug_ranges  0x00000a30       0x60 .\ARM_GCC_493\Debug\Simple_Oscope.a(DAC_CLOCK.o)
 .debug_ranges  0x00000a90       0x70 .\ARM_GCC_493\Debug\Simple_Oscope.a(CyFlash.o)
 .debug_ranges  0x00000b00       0x68 .\ARM_GCC_493\Debug\Simple_Oscope.a(CySpc.o)

.comment        0x00000000       0x70
 .comment       0x00000000       0x70 .\ARM_GCC_493\Debug\main.o
                                 0x71 (size before relaxing)
 .comment       0x00000000       0x71 .\ARM_GCC_493\Debug\cymetadata.o
 .comment       0x00000000       0x71 .\ARM_GCC_493\Debug\Cm3Start.o
 .comment       0x00000000       0x71 .\ARM_GCC_493\Debug\Simple_Oscope.a(cyfitter_cfg.o)
 .comment       0x00000000       0x71 .\ARM_GCC_493\Debug\Simple_Oscope.a(CyDmac.o)
 .comment       0x00000000       0x71 .\ARM_GCC_493\Debug\Simple_Oscope.a(CyLib.o)
 .comment       0x00000000       0x71 .\ARM_GCC_493\Debug\Simple_Oscope.a(cyPm.o)
 .comment       0x00000000       0x71 .\ARM_GCC_493\Debug\Simple_Oscope.a(UART.o)
 .comment       0x00000000       0x71 .\ARM_GCC_493\Debug\Simple_Oscope.a(UART_INT.o)
 .comment       0x00000000       0x71 .\ARM_GCC_493\Debug\Simple_Oscope.a(UART_IntClock.o)
 .comment       0x00000000       0x71 .\ARM_GCC_493\Debug\Simple_Oscope.a(ADC.o)
 .comment       0x00000000       0x71 .\ARM_GCC_493\Debug\Simple_Oscope.a(ADC_INT.o)
 .comment       0x00000000       0x71 .\ARM_GCC_493\Debug\Simple_Oscope.a(ADC_Clock.o)
 .comment       0x00000000       0x71 .\ARM_GCC_493\Debug\Simple_Oscope.a(DMA_ADC_MEM_dma.o)
 .comment       0x00000000       0x71 .\ARM_GCC_493\Debug\Simple_Oscope.a(TIMER_DMA.o)
 .comment       0x00000000       0x71 .\ARM_GCC_493\Debug\Simple_Oscope.a(DMA_ENABLE.o)
 .comment       0x00000000       0x71 .\ARM_GCC_493\Debug\Simple_Oscope.a(DMA_FRAME_READY.o)
 .comment       0x00000000       0x71 .\ARM_GCC_493\Debug\Simple_Oscope.a(DAC_1.o)
 .comment       0x00000000       0x71 .\ARM_GCC_493\Debug\Simple_Oscope.a(DAC_1_Wave1_DMA_dma.o)
 .comment       0x00000000       0x71 .\ARM_GCC_493\Debug\Simple_Oscope.a(DAC_1_Wave2_DMA_dma.o)
 .comment       0x00000000       0x71 .\ARM_GCC_493\Debug\Simple_Oscope.a(DAC_1_VDAC8.o)
 .comment       0x00000000       0x71 .\ARM_GCC_493\Debug\Simple_Oscope.a(SPS_Divider_Counter.o)
 .comment       0x00000000       0x71 .\ARM_GCC_493\Debug\Simple_Oscope.a(SPS_Divider_Control_Reg.o)
 .comment       0x00000000       0x71 .\ARM_GCC_493\Debug\Simple_Oscope.a(SPS_Divider_Control_Reg_PM.o)
 .comment       0x00000000       0x71 .\ARM_GCC_493\Debug\Simple_Oscope.a(DAC_CLOCK.o)
 .comment       0x00000000       0x71 .\ARM_GCC_493\Debug\Simple_Oscope.a(CyFlash.o)
 .comment       0x00000000       0x71 .\ARM_GCC_493\Debug\Simple_Oscope.a(CySpc.o)

.debug_weaknames
 *(.debug_weaknames)

.debug_funcnames
 *(.debug_funcnames)

.debug_typenames
 *(.debug_typenames)

.debug_varnames
 *(.debug_varnames)

.note.gnu.arm.ident
 *(.note.gnu.arm.ident)

.ARM.attributes
                0x00000000       0x29
 *(.ARM.attributes)
 .ARM.attributes
                0x00000000       0x1d d:/programs/cypress/psoc creator/3.3/psoc creator/import/gnu/arm/4.9.3/bin/../lib/gcc/arm-none-eabi/4.9.3/armv7-m/crti.o
 .ARM.attributes
                0x0000001d       0x2d d:/programs/cypress/psoc creator/3.3/psoc creator/import/gnu/arm/4.9.3/bin/../lib/gcc/arm-none-eabi/4.9.3/armv7-m/crtbegin.o
 .ARM.attributes
                0x0000004a       0x1b d:/programs/cypress/psoc creator/3.3/psoc creator/import/gnu/arm/4.9.3/bin/../lib/gcc/arm-none-eabi/4.9.3/../../../../arm-none-eabi/lib/armv7-m/crt0.o
 .ARM.attributes
                0x00000065       0x33 .\ARM_GCC_493\Debug\main.o
 .ARM.attributes
                0x00000098       0x33 .\ARM_GCC_493\Debug\cymetadata.o
 .ARM.attributes
                0x000000cb       0x33 .\ARM_GCC_493\Debug\Cm3Start.o
 .ARM.attributes
                0x000000fe       0x33 .\ARM_GCC_493\Debug\Simple_Oscope.a(cyfitter_cfg.o)
 .ARM.attributes
                0x00000131       0x21 .\ARM_GCC_493\Debug\Simple_Oscope.a(CyBootAsmGnu.o)
 .ARM.attributes
                0x00000152       0x33 .\ARM_GCC_493\Debug\Simple_Oscope.a(CyDmac.o)
 .ARM.attributes
                0x00000185       0x33 .\ARM_GCC_493\Debug\Simple_Oscope.a(CyLib.o)
 .ARM.attributes
                0x000001b8       0x33 .\ARM_GCC_493\Debug\Simple_Oscope.a(cyPm.o)
 .ARM.attributes
                0x000001eb       0x33 .\ARM_GCC_493\Debug\Simple_Oscope.a(UART.o)
 .ARM.attributes
                0x0000021e       0x33 .\ARM_GCC_493\Debug\Simple_Oscope.a(UART_INT.o)
 .ARM.attributes
                0x00000251       0x33 .\ARM_GCC_493\Debug\Simple_Oscope.a(UART_IntClock.o)
 .ARM.attributes
                0x00000284       0x33 .\ARM_GCC_493\Debug\Simple_Oscope.a(ADC.o)
 .ARM.attributes
                0x000002b7       0x33 .\ARM_GCC_493\Debug\Simple_Oscope.a(ADC_INT.o)
 .ARM.attributes
                0x000002ea       0x33 .\ARM_GCC_493\Debug\Simple_Oscope.a(ADC_Clock.o)
 .ARM.attributes
                0x0000031d       0x33 .\ARM_GCC_493\Debug\Simple_Oscope.a(DMA_ADC_MEM_dma.o)
 .ARM.attributes
                0x00000350       0x33 .\ARM_GCC_493\Debug\Simple_Oscope.a(TIMER_DMA.o)
 .ARM.attributes
                0x00000383       0x33 .\ARM_GCC_493\Debug\Simple_Oscope.a(DMA_ENABLE.o)
 .ARM.attributes
                0x000003b6       0x33 .\ARM_GCC_493\Debug\Simple_Oscope.a(DMA_FRAME_READY.o)
 .ARM.attributes
                0x000003e9       0x33 .\ARM_GCC_493\Debug\Simple_Oscope.a(DAC_1.o)
 .ARM.attributes
                0x0000041c       0x33 .\ARM_GCC_493\Debug\Simple_Oscope.a(DAC_1_Wave1_DMA_dma.o)
 .ARM.attributes
                0x0000044f       0x33 .\ARM_GCC_493\Debug\Simple_Oscope.a(DAC_1_Wave2_DMA_dma.o)
 .ARM.attributes
                0x00000482       0x33 .\ARM_GCC_493\Debug\Simple_Oscope.a(DAC_1_VDAC8.o)
 .ARM.attributes
                0x000004b5       0x33 .\ARM_GCC_493\Debug\Simple_Oscope.a(SPS_Divider_Counter.o)
 .ARM.attributes
                0x000004e8       0x33 .\ARM_GCC_493\Debug\Simple_Oscope.a(SPS_Divider_Control_Reg.o)
 .ARM.attributes
                0x0000051b       0x33 .\ARM_GCC_493\Debug\Simple_Oscope.a(SPS_Divider_Control_Reg_PM.o)
 .ARM.attributes
                0x0000054e       0x33 .\ARM_GCC_493\Debug\Simple_Oscope.a(DAC_CLOCK.o)
 .ARM.attributes
                0x00000581       0x33 .\ARM_GCC_493\Debug\Simple_Oscope.a(CyFlash.o)
 .ARM.attributes
                0x000005b4       0x33 .\ARM_GCC_493\Debug\Simple_Oscope.a(CySpc.o)
 .ARM.attributes
                0x000005e7       0x2d d:/programs/cypress/psoc creator/3.3/psoc creator/import/gnu/arm/4.9.3/bin/../lib/gcc/arm-none-eabi/4.9.3/../../../../arm-none-eabi/lib/armv7-m\libm.a(lib_a-s_floor.o)
 .ARM.attributes
                0x00000614       0x1d d:/programs/cypress/psoc creator/3.3/psoc creator/import/gnu/arm/4.9.3/bin/../lib/gcc/arm-none-eabi/4.9.3/armv7-m\libgcc.a(_arm_addsubdf3.o)
 .ARM.attributes