Archive member included because of file (symbol)

.\ARM_GCC_493\Debug\Simple_Oscope.a(cyfitter_cfg.o)
                              .\ARM_GCC_493\Debug\Cm3Start.o (cyfitter_cfg)
.\ARM_GCC_493\Debug\Simple_Oscope.a(CyBootAsmGnu.o)
                              .\ARM_GCC_493\Debug\Simple_Oscope.a(cyfitter_cfg.o) (CyDelayCycles)
.\ARM_GCC_493\Debug\Simple_Oscope.a(CyDmac.o)
                              .\ARM_GCC_493\Debug\Cm3Start.o (CyDmacConfigure)
.\ARM_GCC_493\Debug\Simple_Oscope.a(CyLib.o)
                              .\ARM_GCC_493\Debug\Cm3Start.o (CyResetStatus)
.\ARM_GCC_493\Debug\Simple_Oscope.a(cyPm.o)
                              .\ARM_GCC_493\Debug\Simple_Oscope.a(CyLib.o) (CyPmReadStatus)
.\ARM_GCC_493\Debug\Simple_Oscope.a(UART_RX.o)
                              .\ARM_GCC_493\Debug\main.o (UART_RX_StartEx)
.\ARM_GCC_493\Debug\Simple_Oscope.a(UART.o)
                              .\ARM_GCC_493\Debug\main.o (UART_Start)
.\ARM_GCC_493\Debug\Simple_Oscope.a(UART_INT.o)
                              .\ARM_GCC_493\Debug\Simple_Oscope.a(UART.o) (UART_TXISR)
.\ARM_GCC_493\Debug\Simple_Oscope.a(UART_IntClock.o)
                              .\ARM_GCC_493\Debug\Simple_Oscope.a(UART.o) (UART_IntClock_Start)
.\ARM_GCC_493\Debug\Simple_Oscope.a(ADC.o)
                              .\ARM_GCC_493\Debug\main.o (ADC_Start)
.\ARM_GCC_493\Debug\Simple_Oscope.a(ADC_INT.o)
                              .\ARM_GCC_493\Debug\Simple_Oscope.a(ADC.o) (ADC_ISR)
.\ARM_GCC_493\Debug\Simple_Oscope.a(ADC_Clock.o)
                              .\ARM_GCC_493\Debug\main.o (ADC_Clock_SetDividerRegister)
.\ARM_GCC_493\Debug\Simple_Oscope.a(DMA_ADC_MEM_dma.o)
                              .\ARM_GCC_493\Debug\main.o (DMA_ADC_MEM_DmaInitialize)
.\ARM_GCC_493\Debug\Simple_Oscope.a(TIMER_DMA.o)
                              .\ARM_GCC_493\Debug\main.o (TIMER_DMA_Init)
.\ARM_GCC_493\Debug\Simple_Oscope.a(DMA_ENABLE.o)
                              .\ARM_GCC_493\Debug\main.o (DMA_ENABLE_StartEx)
.\ARM_GCC_493\Debug\Simple_Oscope.a(DMA_FRAME_READY.o)
                              .\ARM_GCC_493\Debug\main.o (DMA_FRAME_READY_StartEx)
.\ARM_GCC_493\Debug\Simple_Oscope.a(DAC_1.o)
                              .\ARM_GCC_493\Debug\main.o (DAC_1_Wave1Setup)
.\ARM_GCC_493\Debug\Simple_Oscope.a(DAC_1_DacClk.o)
                              .\ARM_GCC_493\Debug\Simple_Oscope.a(DAC_1.o) (DAC_1_DacClk_Start)
.\ARM_GCC_493\Debug\Simple_Oscope.a(DAC_1_Wave1_DMA_dma.o)
                              .\ARM_GCC_493\Debug\Simple_Oscope.a(DAC_1.o) (DAC_1_Wave1_DMA_DmaInitialize)
.\ARM_GCC_493\Debug\Simple_Oscope.a(DAC_1_Wave2_DMA_dma.o)
                              .\ARM_GCC_493\Debug\Simple_Oscope.a(DAC_1.o) (DAC_1_Wave2_DMA_DmaInitialize)
.\ARM_GCC_493\Debug\Simple_Oscope.a(DAC_1_VDAC8.o)
                              .\ARM_GCC_493\Debug\Simple_Oscope.a(DAC_1.o) (DAC_1_VDAC8_Init)
.\ARM_GCC_493\Debug\Simple_Oscope.a(SPS_Divider_Counter.o)
                              .\ARM_GCC_493\Debug\main.o (SPS_Divider_Counter_WritePeriod)
.\ARM_GCC_493\Debug\Simple_Oscope.a(SPS_Divider_Control_Reg.o)
                              .\ARM_GCC_493\Debug\main.o (SPS_Divider_Control_Reg_Write)
.\ARM_GCC_493\Debug\Simple_Oscope.a(CyFlash.o)
                              .\ARM_GCC_493\Debug\Simple_Oscope.a(cyPm.o) (CyFlash_SetWaitCycles)
.\ARM_GCC_493\Debug\Simple_Oscope.a(CySpc.o)
                              .\ARM_GCC_493\Debug\Simple_Oscope.a(CyFlash.o) (CySpcStart)
c:/program files (x86)/cypress/psoc creator/3.3/psoc creator/import/gnu/arm/4.9.3/bin/../lib/gcc/arm-none-eabi/4.9.3/../../../../arm-none-eabi/lib/armv7-m\libm.a(lib_a-s_floor.o)
                              .\ARM_GCC_493\Debug\main.o (floor)
c:/program files (x86)/cypress/psoc creator/3.3/psoc creator/import/gnu/arm/4.9.3/bin/../lib/gcc/arm-none-eabi/4.9.3/armv7-m\libgcc.a(_arm_addsubdf3.o)
                              c:/program files (x86)/cypress/psoc creator/3.3/psoc creator/import/gnu/arm/4.9.3/bin/../lib/gcc/arm-none-eabi/4.9.3/../../../../arm-none-eabi/lib/armv7-m\libm.a(lib_a-s_floor.o) (__aeabi_dadd)
c:/program files (x86)/cypress/psoc creator/3.3/psoc creator/import/gnu/arm/4.9.3/bin/../lib/gcc/arm-none-eabi/4.9.3/armv7-m\libgcc.a(_arm_muldivdf3.o)
                              .\ARM_GCC_493\Debug\main.o (__aeabi_dmul)
c:/program files (x86)/cypress/psoc creator/3.3/psoc creator/import/gnu/arm/4.9.3/bin/../lib/gcc/arm-none-eabi/4.9.3/armv7-m\libgcc.a(_arm_cmpdf2.o)
                              c:/program files (x86)/cypress/psoc creator/3.3/psoc creator/import/gnu/arm/4.9.3/bin/../lib/gcc/arm-none-eabi/4.9.3/../../../../arm-none-eabi/lib/armv7-m\libm.a(lib_a-s_floor.o) (__aeabi_dcmpgt)
c:/program files (x86)/cypress/psoc creator/3.3/psoc creator/import/gnu/arm/4.9.3/bin/../lib/gcc/arm-none-eabi/4.9.3/armv7-m\libgcc.a(_arm_fixdfsi.o)
                              .\ARM_GCC_493\Debug\main.o (__aeabi_d2iz)
[...]
Memory Configuration

Name             Origin             Length             Attributes
rom              0x00000000         0x00040000         xr
ram              0x1fff8000         0x00010000         xrw
*default*        0x00000000         0xffffffff

Linker script and memory map

LOAD c:/program files (x86)/cypress/psoc creator/3.3/psoc creator/import/gnu/arm/4.9.3/bin/../lib/gcc/arm-none-eabi/4.9.3/armv7-m/crti.o
LOAD c:/program files (x86)/cypress/psoc creator/3.3/psoc creator/import/gnu/arm/4.9.3/bin/../lib/gcc/arm-none-eabi/4.9.3/armv7-m/crtbegin.o
LOAD c:/program files (x86)/cypress/psoc creator/3.3/psoc creator/import/gnu/arm/4.9.3/bin/../lib/gcc/arm-none-eabi/4.9.3/../../../../arm-none-eabi/lib/armv7-m/crt0.o
START GROUP
LOAD .\ARM_GCC_493\Debug\main.o
LOAD .\ARM_GCC_493\Debug\cymetadata.o
LOAD .\ARM_GCC_493\Debug\Cm3Start.o
LOAD .\ARM_GCC_493\Debug\Simple_Oscope.a
LOAD C:\Program Files (x86)\Cypress\PSoC Creator\3.3\PSoC Creator\psoc\content\cycomponentlibrary\CyComponentLibrary.cylib\CortexM3\ARM_GCC_493\Debug\CyComponentLibrary.a
LOAD c:/program files (x86)/cypress/psoc creator/3.3/psoc creator/import/gnu/arm/4.9.3/bin/../lib/gcc/arm-none-eabi/4.9.3/../../../../arm-none-eabi/lib/armv7-m\libm.a
END GROUP
START GROUP
LOAD c:/program files (x86)/cypress/psoc creator/3.3/psoc creator/import/gnu/arm/4.9.3/bin/../lib/gcc/arm-none-eabi/4.9.3/armv7-m\libgcc.a
LOAD c:/program files (x86)/cypress/psoc creator/3.3/psoc creator/import/gnu/arm/4.9.3/bin/../lib/gcc/arm-none-eabi/4.9.3/../../../../arm-none-eabi/lib/armv7-m\libg_nano.a
LOAD c:/program files (x86)/cypress/psoc creator/3.3/psoc creator/import/gnu/arm/4.9.3/bin/../lib/gcc/arm-none-eabi/4.9.3/../../../../arm-none-eabi/lib/armv7-m\libc_nano.a
END GROUP
START GROUP
LOAD c:/program files (x86)/cypress/psoc creator/3.3/psoc creator/import/gnu/arm/4.9.3/bin/../lib/gcc/arm-none-eabi/4.9.3/armv7-m\libgcc.a
LOAD c:/program files (x86)/cypress/psoc creator/3.3/psoc creator/import/gnu/arm/4.9.3/bin/../lib/gcc/arm-none-eabi/4.9.3/../../../../arm-none-eabi/lib/armv7-m\libc_nano.a
END GROUP
LOAD c:/program files (x86)/cypress/psoc creator/3.3/psoc creator/import/gnu/arm/4.9.3/bin/../lib/gcc/arm-none-eabi/4.9.3/armv7-m/crtend.o
LOAD c:/program files (x86)/cypress/psoc creator/3.3/psoc creator/import/gnu/arm/4.9.3/bin/../lib/gcc/arm-none-eabi/4.9.3/armv7-m/crtn.o
START GROUP
LOAD c:/program files (x86)/cypress/psoc creator/3.3/psoc creator/import/gnu/arm/4.9.3/bin/../lib/gcc/arm-none-eabi/4.9.3/armv7-m\libgcc.a
LOAD c:/program files (x86)/cypress/psoc creator/3.3/psoc creator/import/gnu/arm/4.9.3/bin/../lib/gcc/arm-none-eabi/4.9.3/../../../../arm-none-eabi/lib/armv7-m\libc.a
LOAD c:/program files (x86)/cypress/psoc creator/3.3/psoc creator/import/gnu/arm/4.9.3/bin/../lib/gcc/arm-none-eabi/4.9.3/../../../../arm-none-eabi/lib/armv7-m\libnosys.a
END GROUP
                0x00000000                CY_APPL_ORIGIN = 0x0
                0x00000100                CY_FLASH_ROW_SIZE = 0x100
                0x00000020                CY_ECC_ROW_SIZE = 0x20
                0x00000000                CY_EE_IN_BTLDR = 0x0
                0x00000000                CY_APPL_LOADABLE = 0x0
                0x00000800                CY_EE_SIZE = 0x800
                0x00000001                CY_APPL_NUM = 0x1
                0x00000001                CY_APPL_MAX = 0x1
                0x00000040                CY_METADATA_SIZE = 0x40
                0x00000000                CY_APPL_LOADABLE = 0x0
                0x00000000                CY_CHECKSUM_EXCLUDE_SIZE = ALIGN (0x0, CY_FLASH_ROW_SIZE)
                0x1fff8c08                PROVIDE (__cy_heap_start, _end)
                0x00000001                PROVIDE (__cy_region_num, ((__cy_regions_end - __cy_regions) / 0x10))
                0x20008000                PROVIDE (__cy_stack, (ORIGIN (ram) + 0x10000))
                0x20007800                PROVIDE (__cy_heap_end, (__cy_stack - 0x800))

.cybootloader   0x00000000        0x0
 *(.cybootloader)
                0x00000000                appl1_start = CY_APPL_ORIGIN?CY_APPL_ORIGIN:ALIGN (CY_FLASH_ROW_SIZE)
                0x0001ff00                appl2_start = (appl1_start + ALIGN ((((0x40000 - appl1_start) - (0x2 * CY_FLASH_ROW_SIZE)) / 0x2), CY_FLASH_ROW_SIZE))
                0x00000000                appl_start = (CY_APPL_NUM == 0x1)?appl1_start:appl2_start
                0x00000000                ecc_offset = ((appl_start / CY_FLASH_ROW_SIZE) * CY_ECC_ROW_SIZE)
                0x00000000                ee_offset = (CY_APPL_LOADABLE && ! (CY_EE_IN_BTLDR))?((CY_EE_SIZE / CY_APPL_MAX) * (CY_APPL_NUM - 0x1)):0x0
                0x00000800                ee_size = (CY_APPL_LOADABLE && ! (CY_EE_IN_BTLDR))?(CY_EE_SIZE / CY_APPL_MAX):CY_EE_SIZE
                0x00000000                PROVIDE (CY_ECC_OFFSET, ecc_offset)

.text           0x00000000     0x4c78
 CREATE_OBJECT_SYMBOLS
                0x00000000                PROVIDE (__cy_interrupt_vector, RomVectors)
 *(.romvectors)
 .romvectors    0x00000000       0x10 .\ARM_GCC_493\Debug\Cm3Start.o
                0x00000000                RomVectors
                0x00000001                ASSERT ((. != __cy_interrupt_vector), No interrupt vector)
                0x00000001                ASSERT (CY_APPL_ORIGIN?(SIZEOF (.cybootloader) <= CY_APPL_ORIGIN):0x1, Wrong image location)
                0x00000010                PROVIDE (__cy_reset, Reset)
 *(.text.Reset)
 .text.Reset    0x00000010       0x18 .\ARM_GCC_493\Debug\Cm3Start.o
                0x00000010                Reset
                0x00000001                ASSERT ((. != __cy_reset), No reset code)
 *(.dma_init)
                0x00000001                ASSERT ((((appl_start + .) <= 0x10000) || 0x1), DMA Init must be within the first 64k of flash)
 *(.text .text.* .gnu.linkonce.t.*)
 .text          0x00000028       0x5c c:/program files (x86)/cypress/psoc creator/3.3/psoc creator/import/gnu/arm/4.9.3/bin/../lib/gcc/arm-none-eabi/4.9.3/armv7-m/crtbegin.o
 .text.main     0x00000084       0xe0 .\ARM_GCC_493\Debug\main.o
                0x00000084                main
 .text.parseCommand
                0x00000164      0x3d4 .\ARM_GCC_493\Debug\main.o
                0x00000164                parseCommand
 .text.regenerateWave
                0x00000538      0x238 .\ARM_GCC_493\Debug\main.o
                0x00000538                regenerateWave
 .text.changeDuty
                0x00000770      0x1ac .\ARM_GCC_493\Debug\main.o
                0x00000770                changeDuty
 .text.startADC
                0x0000091c       0x30 .\ARM_GCC_493\Debug\main.o
                0x0000091c                startADC
 .text.stopADC  0x0000094c       0x4c .\ARM_GCC_493\Debug\main.o
                0x0000094c                stopADC
 .text.startDAC
                0x00000998       0x1c .\ARM_GCC_493\Debug\main.o
                0x00000998                startDAC
 .text.stopDAC  0x000009b4       0x1c .\ARM_GCC_493\Debug\main.o
                0x000009b4                stopDAC
 .text.changeSPS
                0x000009d0       0xc4 .\ARM_GCC_493\Debug\main.o
                0x000009d0                changeSPS
 .text.changeRes
                0x00000a94       0x78 .\ARM_GCC_493\Debug\main.o
                0x00000a94                changeRes
 .text.adcFrameResize
                0x00000b0c       0x30 .\ARM_GCC_493\Debug\main.o
                0x00000b0c                adcFrameResize
 .text.UART_RX_INTER
                0x00000b3c       0x94 .\ARM_GCC_493\Debug\main.o
                0x00000b3c                UART_RX_INTER
 .text.TIMER_DMA_INTER
                0x00000bd0       0x48 .\ARM_GCC_493\Debug\main.o
                0x00000bd0                TIMER_DMA_INTER
 .text.DMA_FRAME_INTER
                0x00000c18       0x18 .\ARM_GCC_493\Debug\main.o
                0x00000c18                DMA_FRAME_INTER
 .text.DMA_ADC_MEM_Config
                0x00000c30       0x78 .\ARM_GCC_493\Debug\main.o
                0x00000c30                DMA_ADC_MEM_Config
 .text.DMA_ADC_MEM_Destruct
                0x00000ca8       0x18 .\ARM_GCC_493\Debug\main.o
                0x00000ca8                DMA_ADC_MEM_Destruct
 .text.IntDefaultHandler
                0x00000cc0        0x8 .\ARM_GCC_493\Debug\Cm3Start.o
                0x00000cc0                IntDefaultHandler
 .text._sbrk    0x00000cc8       0x50 .\ARM_GCC_493\Debug\Cm3Start.o
                0x00000cc8                _sbrk
 .text.Start_c  0x00000d18       0x98 .\ARM_GCC_493\Debug\Cm3Start.o
                0x00000d18                Start_c
 .text.initialize_psoc
                0x00000db0       0x90 .\ARM_GCC_493\Debug\Cm3Start.o
                0x00000db0                initialize_psoc
 .text.CYMEMZERO
                0x00000e40       0x1c .\ARM_GCC_493\Debug\Simple_Oscope.a(cyfitter_cfg.o)
 .text.CYCONFIGCPY
                0x00000e5c       0x1c .\ARM_GCC_493\Debug\Simple_Oscope.a(cyfitter_cfg.o)
 .text.cfg_write_bytes32
                0x00000e78       0x74 .\ARM_GCC_493\Debug\Simple_Oscope.a(cyfitter_cfg.o)
 .text.ClockSetup
                0x00000eec      0x16c .\ARM_GCC_493\Debug\Simple_Oscope.a(cyfitter_cfg.o)
 .text.AnalogSetDefault
                0x00001058       0xc4 .\ARM_GCC_493\Debug\Simple_Oscope.a(cyfitter_cfg.o)
 .text.cyfitter_cfg
                0x0000111c      0x168 .\ARM_GCC_493\Debug\Simple_Oscope.a(cyfitter_cfg.o)
                0x0000111c                cyfitter_cfg
 *fill*         0x00001284        0x4 
 .text          0x00001288       0x58 .\ARM_GCC_493\Debug\Simple_Oscope.a(CyBootAsmGnu.o)
                0x00001288                CyDelayCycles
                0x000012c6                CyEnterCriticalSection
                0x000012ce                CyExitCriticalSection
 .text.CyDmacConfigure
                0x000012e0       0x5c .\ARM_GCC_493\Debug\Simple_Oscope.a(CyDmac.o)
                0x000012e0                CyDmacConfigure
 .text.CyDmaChEnable
                0x0000133c       0x8c .\ARM_GCC_493\Debug\Simple_Oscope.a(CyDmac.o)
                0x0000133c                CyDmaChEnable
 .text.CyDmaChDisable
                0x000013c8       0x64 .\ARM_GCC_493\Debug\Simple_Oscope.a(CyDmac.o)
                0x000013c8                CyDmaChDisable
 .text.CyDmaChPriority
                0x0000142c       0x60 .\ARM_GCC_493\Debug\Simple_Oscope.a(CyDmac.o)
                0x0000142c                CyDmaChPriority
 .text.CyDmaChSetExtendedAddress
                0x0000148c       0x7c .\ARM_GCC_493\Debug\Simple_Oscope.a(CyDmac.o)
                0x0000148c                CyDmaChSetExtendedAddress
 .text.CyDmaChSetInitialTd
                0x00001508       0x3c .\ARM_GCC_493\Debug\Simple_Oscope.a(CyDmac.o)
                0x00001508                CyDmaChSetInitialTd
 .text.CyDmaChStatus
                0x00001544       0x60 .\ARM_GCC_493\Debug\Simple_Oscope.a(CyDmac.o)
                0x00001544                CyDmaChStatus
 .text.CyDmaChSetConfiguration
                0x000015a4       0xa0 .\ARM_GCC_493\Debug\Simple_Oscope.a(CyDmac.o)
                0x000015a4                CyDmaChSetConfiguration
 .text.CyDmaTdAllocate
                0x00001644       0x5c .\ARM_GCC_493\Debug\Simple_Oscope.a(CyDmac.o)
                0x00001644                CyDmaTdAllocate
 .text.CyDmaTdFree
                0x000016a0       0x54 .\ARM_GCC_493\Debug\Simple_Oscope.a(CyDmac.o)
                0x000016a0                CyDmaTdFree
 .text.CyDmaTdSetConfiguration
                0x000016f4       0x80 .\ARM_GCC_493\Debug\Simple_Oscope.a(CyDmac.o)
                0x000016f4                CyDmaTdSetConfiguration
 .text.CyDmaTdSetAddress
                0x00001774       0x5c .\ARM_GCC_493\Debug\Simple_Oscope.a(CyDmac.o)
                0x00001774                CyDmaTdSetAddress
 .text.CyHalt   0x000017d0       0x18 .\ARM_GCC_493\Debug\Simple_Oscope.a(CyLib.o)
                0x000017d0                CyHalt
 .text.CySoftwareReset
                0x000017e8       0x20 .\ARM_GCC_493\Debug\Simple_Oscope.a(CyLib.o)
                0x000017e8                CySoftwareReset
 .text.CyDelayUs
                0x00001808       0x24 .\ARM_GCC_493\Debug\Simple_Oscope.a(CyLib.o)
                0x00001808                CyDelayUs
 .text.CyIntSetVector
                0x0000182c       0x50 .\ARM_GCC_493\Debug\Simple_Oscope.a(CyLib.o)
                0x0000182c                CyIntSetVector
 .text.CyIntSetPriority
                0x0000187c       0x44 .\ARM_GCC_493\Debug\Simple_Oscope.a(CyLib.o)
                0x0000187c                CyIntSetPriority
 .text.UART_RX_StartEx
                0x000018c0       0x24 .\ARM_GCC_493\Debug\Simple_Oscope.a(UART_RX.o)
                0x000018c0                UART_RX_StartEx
 .text.UART_RX_SetVector
                0x000018e4       0x24 .\ARM_GCC_493\Debug\Simple_Oscope.a(UART_RX.o)
                0x000018e4                UART_RX_SetVector
 .text.UART_RX_SetPriority
                0x00001908       0x24 .\ARM_GCC_493\Debug\Simple_Oscope.a(UART_RX.o)
                0x00001908                UART_RX_SetPriority
 .text.UART_RX_Enable
                0x0000192c       0x18 .\ARM_GCC_493\Debug\Simple_Oscope.a(UART_RX.o)
                0x0000192c                UART_RX_Enable
 .text.UART_RX_Disable
                0x00001944       0x18 .\ARM_GCC_493\Debug\Simple_Oscope.a(UART_RX.o)
                0x00001944                UART_RX_Disable
 .text.UART_Start
                0x0000195c       0x20 .\ARM_GCC_493\Debug\Simple_Oscope.a(UART.o)
                0x0000195c                UART_Start
 .text.UART_Init
                0x0000197c       0x4c .\ARM_GCC_493\Debug\Simple_Oscope.a(UART.o)
                0x0000197c                UART_Init
 .text.UART_Enable
                0x000019c8       0x70 .\ARM_GCC_493\Debug\Simple_Oscope.a(UART.o)
                0x000019c8                UART_Enable
 .text.UART_ReadRxStatus
                0x00001a38       0x24 .\ARM_GCC_493\Debug\Simple_Oscope.a(UART.o)
                0x00001a38                UART_ReadRxStatus
 .text.UART_GetChar
                0x00001a5c       0x44 .\ARM_GCC_493\Debug\Simple_Oscope.a(UART.o)
                0x00001a5c                UART_GetChar
 .text.UART_GetRxBufferSize
                0x00001aa0       0x30 .\ARM_GCC_493\Debug\Simple_Oscope.a(UART.o)
                0x00001aa0                UART_GetRxBufferSize
 .text.UART_PutChar
                0x00001ad0       0xbc .\ARM_GCC_493\Debug\Simple_Oscope.a(UART.o)
                0x00001ad0                UART_PutChar
 .text.UART_PutString
                0x00001b8c       0x40 .\ARM_GCC_493\Debug\Simple_Oscope.a(UART.o)
                0x00001b8c                UART_PutString
 .text.UART_PutArray
                0x00001bcc       0x40 .\ARM_GCC_493\Debug\Simple_Oscope.a(UART.o)
                0x00001bcc                UART_PutArray
 .text.UART_TXISR
                0x00001c0c       0x70 .\ARM_GCC_493\Debug\Simple_Oscope.a(UART_INT.o)
                0x00001c0c                UART_TXISR
 .text.UART_IntClock_Start
                0x00001c7c       0x34 .\ARM_GCC_493\Debug\Simple_Oscope.a(UART_IntClock.o)
                0x00001c7c                UART_IntClock_Start
 .text.ADC_Start
                0x00001cb0       0x20 .\ARM_GCC_493\Debug\Simple_Oscope.a(ADC.o)
                0x00001cb0                ADC_Start
 .text.ADC_Init
                0x00001cd0       0x40 .\ARM_GCC_493\Debug\Simple_Oscope.a(ADC.o)
                0x00001cd0                ADC_Init
 .text.ADC_Enable
                0x00001d10       0xcc .\ARM_GCC_493\Debug\Simple_Oscope.a(ADC.o)
                0x00001d10                ADC_Enable
 .text.ADC_Stop
                0x00001ddc       0x58 .\ARM_GCC_493\Debug\Simple_Oscope.a(ADC.o)
                0x00001ddc                ADC_Stop
 .text.ADC_SetResolution
                0x00001e34       0x50 .\ARM_GCC_493\Debug\Simple_Oscope.a(ADC.o)
                0x00001e34                ADC_SetResolution
 .text.ADC_StartConvert
                0x00001e84       0x20 .\ARM_GCC_493\Debug\Simple_Oscope.a(ADC.o)
                0x00001e84                ADC_StartConvert
 .text.ADC_CalcGain
                0x00001ea4       0x94 .\ARM_GCC_493\Debug\Simple_Oscope.a(ADC.o)
 .text.ADC_ISR  0x00001f38        0xc .\ARM_GCC_493\Debug\Simple_Oscope.a(ADC_INT.o)
                0x00001f38                ADC_ISR
 .text.ADC_Clock_SetDividerRegister
                0x00001f44      0x160 .\ARM_GCC_493\Debug\Simple_Oscope.a(ADC_Clock.o)
                0x00001f44                ADC_Clock_SetDividerRegister
 .text.ADC_Clock_GetDividerRegister
                0x000020a4       0x18 .\ARM_GCC_493\Debug\Simple_Oscope.a(ADC_Clock.o)
                0x000020a4                ADC_Clock_GetDividerRegister
 .text.ADC_Clock_GetSourceRegister
                0x000020bc       0x20 .\ARM_GCC_493\Debug\Simple_Oscope.a(ADC_Clock.o)
                0x000020bc                ADC_Clock_GetSourceRegister
 .text.DMA_ADC_MEM_DmaInitialize
                0x000020dc       0x68 .\ARM_GCC_493\Debug\Simple_Oscope.a(DMA_ADC_MEM_dma.o)
                0x000020dc                DMA_ADC_MEM_DmaInitialize
 .text.DMA_ADC_MEM_DmaRelease
                0x00002144       0x14 .\ARM_GCC_493\Debug\Simple_Oscope.a(DMA_ADC_MEM_dma.o)
                0x00002144                DMA_ADC_MEM_DmaRelease
 .text.TIMER_DMA_Init
                0x00002158       0x4c .\ARM_GCC_493\Debug\Simple_Oscope.a(TIMER_DMA.o)
                0x00002158                TIMER_DMA_Init
 .text.TIMER_DMA_Enable
                0x000021a4       0x20 .\ARM_GCC_493\Debug\Simple_Oscope.a(TIMER_DMA.o)
                0x000021a4                TIMER_DMA_Enable
 .text.TIMER_DMA_Start
                0x000021c4       0x20 .\ARM_GCC_493\Debug\Simple_Oscope.a(TIMER_DMA.o)
                0x000021c4                TIMER_DMA_Start
 .text.TIMER_DMA_Stop
                0x000021e4       0x20 .\ARM_GCC_493\Debug\Simple_Oscope.a(TIMER_DMA.o)
                0x000021e4                TIMER_DMA_Stop
 .text.TIMER_DMA_SetInterruptMode
                0x00002204       0x20 .\ARM_GCC_493\Debug\Simple_Oscope.a(TIMER_DMA.o)
                0x00002204                TIMER_DMA_SetInterruptMode
 .text.TIMER_DMA_ReadStatusRegister
                0x00002224       0x18 .\ARM_GCC_493\Debug\Simple_Oscope.a(TIMER_DMA.o)
                0x00002224                TIMER_DMA_ReadStatusRegister
 .text.TIMER_DMA_WritePeriod
                0x0000223c       0x1c .\ARM_GCC_493\Debug\Simple_Oscope.a(TIMER_DMA.o)
                0x0000223c                TIMER_DMA_WritePeriod
 .text.TIMER_DMA_ReadCapture
                0x00002258       0x18 .\ARM_GCC_493\Debug\Simple_Oscope.a(TIMER_DMA.o)
                0x00002258                TIMER_DMA_ReadCapture
 .text.TIMER_DMA_WriteCounter
                0x00002270       0x1c .\ARM_GCC_493\Debug\Simple_Oscope.a(TIMER_DMA.o)
                0x00002270                TIMER_DMA_WriteCounter
 .text.TIMER_DMA_ClearFIFO
                0x0000228c       0x1c .\ARM_GCC_493\Debug\Simple_Oscope.a(TIMER_DMA.o)
                0x0000228c                TIMER_DMA_ClearFIFO
 .text.DMA_ENABLE_StartEx
                0x000022a8       0x24 .\ARM_GCC_493\Debug\Simple_Oscope.a(DMA_ENABLE.o)
                0x000022a8                DMA_ENABLE_StartEx
 .text.DMA_ENABLE_SetVector
                0x000022cc       0x24 .\ARM_GCC_493\Debug\Simple_Oscope.a(DMA_ENABLE.o)
                0x000022cc                DMA_ENABLE_SetVector
 .text.DMA_ENABLE_SetPriority
                0x000022f0       0x24 .\ARM_GCC_493\Debug\Simple_Oscope.a(DMA_ENABLE.o)
                0x000022f0                DMA_ENABLE_SetPriority
 .text.DMA_ENABLE_Enable
                0x00002314       0x18 .\ARM_GCC_493\Debug\Simple_Oscope.a(DMA_ENABLE.o)
                0x00002314                DMA_ENABLE_Enable
 .text.DMA_ENABLE_Disable
                0x0000232c       0x18 .\ARM_GCC_493\Debug\Simple_Oscope.a(DMA_ENABLE.o)
                0x0000232c                DMA_ENABLE_Disable
 .text.DMA_FRAME_READY_StartEx
                0x00002344       0x24 .\ARM_GCC_493\Debug\Simple_Oscope.a(DMA_FRAME_READY.o)
                0x00002344                DMA_FRAME_READY_StartEx
 .text.DMA_FRAME_READY_SetVector
                0x00002368       0x24 .\ARM_GCC_493\Debug\Simple_Oscope.a(DMA_FRAME_READY.o)
                0x00002368                DMA_FRAME_READY_SetVector
 .text.DMA_FRAME_READY_SetPriority
                0x0000238c       0x24 .\ARM_GCC_493\Debug\Simple_Oscope.a(DMA_FRAME_READY.o)
                0x0000238c                DMA_FRAME_READY_SetPriority
 .text.DMA_FRAME_READY_Enable
                0x000023b0       0x18 .\ARM_GCC_493\Debug\Simple_Oscope.a(DMA_FRAME_READY.o)
                0x000023b0                DMA_FRAME_READY_Enable
 .text.DMA_FRAME_READY_Disable
                0x000023c8       0x18 .\ARM_GCC_493\Debug\Simple_Oscope.a(DMA_FRAME_READY.o)
                0x000023c8                DMA_FRAME_READY_Disable
 .text.DAC_1_Init
                0x000023e0       0x54 .\ARM_GCC_493\Debug\Simple_Oscope.a(DAC_1.o)
                0x000023e0                DAC_1_Init
 .text.DAC_1_Enable
                0x00002434       0x34 .\ARM_GCC_493\Debug\Simple_Oscope.a(DAC_1.o)
                0x00002434                DAC_1_Enable
 .text.DAC_1_Start
                0x00002468       0x20 .\ARM_GCC_493\Debug\Simple_Oscope.a(DAC_1.o)
                0x00002468                DAC_1_Start
 .text.DAC_1_Stop
                0x00002488       0x2c .\ARM_GCC_493\Debug\Simple_Oscope.a(DAC_1.o)
                0x00002488                DAC_1_Stop
 .text.DAC_1_Wave1Setup
                0x000024b4       0x70 .\ARM_GCC_493\Debug\Simple_Oscope.a(DAC_1.o)
                0x000024b4                DAC_1_Wave1Setup
 .text.DAC_1_Wave2Setup
                0x00002524       0x70 .\ARM_GCC_493\Debug\Simple_Oscope.a(DAC_1.o)
                0x00002524                DAC_1_Wave2Setup
 .text.DAC_1_DacClk_Start
                0x00002594       0x34 .\ARM_GCC_493\Debug\Simple_Oscope.a(DAC_1_DacClk.o)
                0x00002594                DAC_1_DacClk_Start
 .text.DAC_1_DacClk_Stop
                0x000025c8       0x34 .\ARM_GCC_493\Debug\Simple_Oscope.a(DAC_1_DacClk.o)
                0x000025c8                DAC_1_DacClk_Stop
 .text.DAC_1_Wave1_DMA_DmaInitialize
                0x000025fc       0x68 .\ARM_GCC_493\Debug\Simple_Oscope.a(DAC_1_Wave1_DMA_dma.o)
                0x000025fc                DAC_1_Wave1_DMA_DmaInitialize
 .text.DAC_1_Wave2_DMA_DmaInitialize
                0x00002664       0x68 .\ARM_GCC_493\Debug\Simple_Oscope.a(DAC_1_Wave2_DMA_dma.o)
                0x00002664                DAC_1_Wave2_DMA_DmaInitialize
 .text.DAC_1_VDAC8_Init
                0x000026cc       0x3c .\ARM_GCC_493\Debug\Simple_Oscope.a(DAC_1_VDAC8.o)
                0x000026cc                DAC_1_VDAC8_Init
 .text.DAC_1_VDAC8_Enable
                0x00002708       0x34 .\ARM_GCC_493\Debug\Simple_Oscope.a(DAC_1_VDAC8.o)
                0x00002708                DAC_1_VDAC8_Enable
 .text.DAC_1_VDAC8_Stop
                0x0000273c       0x34 .\ARM_GCC_493\Debug\Simple_Oscope.a(DAC_1_VDAC8.o)
                0x0000273c                DAC_1_VDAC8_Stop
 .text.DAC_1_VDAC8_SetSpeed
                0x00002770       0x40 .\ARM_GCC_493\Debug\Simple_Oscope.a(DAC_1_VDAC8.o)
                0x00002770                DAC_1_VDAC8_SetSpeed
 .text.DAC_1_VDAC8_SetRange
                0x000027b0       0x40 .\ARM_GCC_493\Debug\Simple_Oscope.a(DAC_1_VDAC8.o)
                0x000027b0                DAC_1_VDAC8_SetRange
 .text.DAC_1_VDAC8_SetValue
                0x000027f0       0x20 .\ARM_GCC_493\Debug\Simple_Oscope.a(DAC_1_VDAC8.o)
                0x000027f0                DAC_1_VDAC8_SetValue
 .text.DAC_1_VDAC8_DacTrim
                0x00002810       0x3c .\ARM_GCC_493\Debug\Simple_Oscope.a(DAC_1_VDAC8.o)
                0x00002810                DAC_1_VDAC8_DacTrim
 .text.SPS_Divider_Counter_Init
                0x0000284c       0x80 .\ARM_GCC_493\Debug\Simple_Oscope.a(SPS_Divider_Counter.o)
                0x0000284c                SPS_Divider_Counter_Init
 .text.SPS_Divider_Counter_Enable
                0x000028cc       0x20 .\ARM_GCC_493\Debug\Simple_Oscope.a(SPS_Divider_Counter.o)
                0x000028cc                SPS_Divider_Counter_Enable
 .text.SPS_Divider_Counter_Start
                0x000028ec       0x20 .\ARM_GCC_493\Debug\Simple_Oscope.a(SPS_Divider_Counter.o)
                0x000028ec                SPS_Divider_Counter_Start
 .text.SPS_Divider_Counter_SetInterruptMode
                0x0000290c       0x20 .\ARM_GCC_493\Debug\Simple_Oscope.a(SPS_Divider_Counter.o)
                0x0000290c                SPS_Divider_Counter_SetInterruptMode
 .text.SPS_Divider_Counter_ReadStatusRegister
                0x0000292c       0x18 .\ARM_GCC_493\Debug\Simple_Oscope.a(SPS_Divider_Counter.o)
                0x0000292c                SPS_Divider_Counter_ReadStatusRegister
 .text.SPS_Divider_Counter_WriteCounter
                0x00002944       0x20 .\ARM_GCC_493\Debug\Simple_Oscope.a(SPS_Divider_Counter.o)
                0x00002944                SPS_Divider_Counter_WriteCounter
 .text.SPS_Divider_Counter_ReadCapture
                0x00002964       0x18 .\ARM_GCC_493\Debug\Simple_Oscope.a(SPS_Divider_Counter.o)
                0x00002964                SPS_Divider_Counter_ReadCapture
 .text.SPS_Divider_Counter_WritePeriod
                0x0000297c       0x20 .\ARM_GCC_493\Debug\Simple_Oscope.a(SPS_Divider_Counter.o)
                0x0000297c                SPS_Divider_Counter_WritePeriod
 .text.SPS_Divider_Counter_WriteCompare
                0x0000299c       0x20 .\ARM_GCC_493\Debug\Simple_Oscope.a(SPS_Divider_Counter.o)
                0x0000299c                SPS_Divider_Counter_WriteCompare
 .text.SPS_Divider_Counter_ClearFIFO
                0x000029bc       0x1c .\ARM_GCC_493\Debug\Simple_Oscope.a(SPS_Divider_Counter.o)
                0x000029bc                SPS_Divider_Counter_ClearFIFO
 .text.SPS_Divider_Control_Reg_Write
                0x000029d8       0x20 .\ARM_GCC_493\Debug\Simple_Oscope.a(SPS_Divider_Control_Reg.o)
                0x000029d8                SPS_Divider_Control_Reg_Write
 .text.floor    0x000029f8      0x118 c:/program files (x86)/cypress/psoc creator/3.3/psoc creator/import/gnu/arm/4.9.3/bin/../lib/gcc/arm-none-eabi/4.9.3/../../../../arm-none-eabi/lib/armv7-m\libm.a(lib_a-s_floor.o)
                0x000029f8                floor
 .text          0x00002b10      0x370 c:/program files (x86)/cypress/psoc creator/3.3/psoc creator/import/gnu/arm/4.9.3/bin/../lib/gcc/arm-none-eabi/4.9.3/armv7-m\libgcc.a(_arm_addsubdf3.o)
                0x00002b10                __aeabi_drsub
                0x00002b18                __aeabi_dsub
                0x00002b18                __subdf3
                0x00002b1c                __aeabi_dadd
                0x00002b1c                __adddf3
                0x00002d94                __floatunsidf
                0x00002d94                __aeabi_ui2d
                0x00002db4                __floatsidf
                0x00002db4                __aeabi_i2d
                0x00002dd8                __aeabi_f2d
                0x00002dd8                __extendsfdf2
                0x00002e14                __floatundidf
                0x00002e14                __aeabi_ul2d
                0x00002e24                __floatdidf
                0x00002e24                __aeabi_l2d
 .text          0x00002e80      0x424 c:/program files (x86)/cypress/psoc creator/3.3/psoc creator/import/gnu/arm/4.9.3/bin/../lib/gcc/arm-none-eabi/4.9.3/armv7-m\libgcc.a(_arm_muldivdf3.o)
                0x00002e80                __aeabi_dmul
                0x00002e80                __muldf3
                0x000030d4                __divdf3
                0x000030d4                __aeabi_ddiv
 .text          0x000032a4      0x110 c:/program files (x86)/cypress/psoc creator/3.3/psoc creator/import/gnu/arm/4.9.3/bin/../lib/gcc/arm-none-eabi/4.9.3/armv7-m\libgcc.a(_arm_cmpdf2.o)
                0x000032a4                __gtdf2
                0x000032a4                __gedf2
                0x000032ac                __ltdf2
                0x000032ac                __ledf2
                0x000032b4                __nedf2
                0x000032b4                __eqdf2
                0x000032b4                __cmpdf2
                0x00003330                __aeabi_cdrcmple
                0x00003340                __aeabi_cdcmpeq
                0x00003340                __aeabi_cdcmple
                0x00003350                __aeabi_dcmpeq
                0x00003364                __aeabi_dcmplt
                0x00003378                __aeabi_dcmple
                0x0000338c                __aeabi_dcmpge
                0x000033a0                __aeabi_dcmpgt
 .text          0x000033b4       0x50 c:/program files (x86)/cypress/psoc creator/3.3/psoc creator/import/gnu/arm/4.9.3/bin/../lib/gcc/arm-none-eabi/4.9.3/armv7-m\libgcc.a(_arm_fixdfsi.o)
                0x000033b4                __aeabi_d2iz
                0x000033b4                __fixdfsi
 .text          0x00003404       0xa0 c:/program files (x86)/cypress/psoc creator/3.3/psoc creator/import/gnu/arm/4.9.3/bin/../lib/gcc/arm-none-eabi/4.9.3/armv7-m\libgcc.a(_arm_truncdfsf2.o)
                0x00003404                __truncdfsf2
                0x00003404                __aeabi_d2f
 .text          0x000034a4      0x21c c:/program files (x86)/cypress/psoc creator/3.3/psoc creator/import/gnu/arm/4.9.3/bin/../lib/gcc/arm-none-eabi/4.9.3/armv7-m\libgcc.a(_arm_addsubsf3.o)
                0x000034a4                __aeabi_frsub
                0x000034ac                __subsf3
                0x000034ac                __aeabi_fsub
                0x000034b0                __aeabi_fadd
                0x000034b0                __addsf3
                0x00003610                __aeabi_ui2f
                0x00003610                __floatunsisf
                0x00003618                __aeabi_i2f
                0x00003618                __floatsisf
                0x00003634                __aeabi_ul2f
                0x00003634                __floatundisf
                0x00003644                __aeabi_l2f
                0x00003644                __floatdisf
 .text          0x000036c0      0x2a0 c:/program files (x86)/cypress/psoc creator/3.3/psoc creator/import/gnu/arm/4.9.3/bin/../lib/gcc/arm-none-eabi/4.9.3/armv7-m\libgcc.a(_arm_muldivsf3.o)
                0x000036c0                __mulsf3
                0x000036c0                __aeabi_fmul
                0x00003828                __aeabi_fdiv
                0x00003828                __divsf3
 .text          0x00003960       0xec c:/program files (x86)/cypress/psoc creator/3.3/psoc creator/import/gnu/arm/4.9.3/bin/../lib/gcc/arm-none-eabi/4.9.3/armv7-m\libgcc.a(_arm_cmpsf2.o)
                0x00003960                __gesf2
                0x00003960                __gtsf2
                0x00003968                __lesf2
                0x00003968                __ltsf2
                0x00003970                __nesf2
                0x00003970                __eqsf2
                0x00003970                __cmpsf2
                0x000039d0                __aeabi_cfrcmple
                0x000039d8                __aeabi_cfcmpeq
                0x000039d8                __aeabi_cfcmple
                0x000039e8                __aeabi_fcmpeq
                0x000039fc                __aeabi_fcmplt
                0x00003a10                __aeabi_fcmple
                0x00003a24                __aeabi_fcmpge
                0x00003a38                __aeabi_fcmpgt
 .text.__errno  0x00003a4c        0xc c:/program files (x86)/cypress/psoc creator/3.3/psoc creator/import/gnu/arm/4.9.3/bin/../lib/gcc/arm-none-eabi/4.9.3/../../../../arm-none-eabi/lib/armv7-m\libg_nano.a(lib_a-errno.o)
                0x00003a4c                __errno
 .text.__libc_init_array
                0x00003a58       0x4c c:/program files (x86)/cypress/psoc creator/3.3/psoc creator/import/gnu/arm/4.9.3/bin/../lib/gcc/arm-none-eabi/4.9.3/../../../../arm-none-eabi/lib/armv7-m\libg_nano.a(lib_a-init.o)
                0x00003a58                __libc_init_array
 .text.memcpy   0x00003aa4       0x16 c:/program files (x86)/cypress/psoc creator/3.3/psoc creator/import/gnu/arm/4.9.3/bin/../lib/gcc/arm-none-eabi/4.9.3/../../../../arm-none-eabi/lib/armv7-m\libg_nano.a(lib_a-memcpy.o)
                0x00003aa4                memcpy
 .text.memset   0x00003aba       0x10 c:/program files (x86)/cypress/psoc creator/3.3/psoc creator/import/gnu/arm/4.9.3/bin/../lib/gcc/arm-none-eabi/4.9.3/../../../../arm-none-eabi/lib/armv7-m\libg_nano.a(lib_a-memset.o)
                0x00003aba                memset
 *fill*         0x00003aca        0x2 
 .text.sprintf  0x00003acc       0x48 c:/program files (x86)/cypress/psoc creator/3.3/psoc creator/import/gnu/arm/4.9.3/bin/../lib/gcc/arm-none-eabi/4.9.3/../../../../arm-none-eabi/lib/armv7-m\libg_nano.a(lib_a-sprintf.o)
                0x00003acc                siprintf
                0x00003acc                sprintf
 .text.sscanf   0x00003b14       0x54 c:/program files (x86)/cypress/psoc creator/3.3/psoc creator/import/gnu/arm/4.9.3/bin/../lib/gcc/arm-none-eabi/4.9.3/../../../../arm-none-eabi/lib/armv7-m\libg_nano.a(lib_a-sscanf.o)
                0x00003b14                siscanf
                0x00003b14                sscanf
 .text.__seofread
                0x00003b68        0x4 c:/program files (x86)/cypress/psoc creator/3.3/psoc creator/import/gnu/arm/4.9.3/bin/../lib/gcc/arm-none-eabi/4.9.3/../../../../arm-none-eabi/lib/armv7-m\libg_nano.a(lib_a-stdio.o)
                0x00003b68                __seofread
 .text          0x00003b6c       0x14 c:/program files (x86)/cypress/psoc creator/3.3/psoc creator/import/gnu/arm/4.9.3/bin/../lib/gcc/arm-none-eabi/4.9.3/../../../../arm-none-eabi/lib/armv7-m\libg_nano.a(lib_a-strcmp.o)
                0x00003b6c                strcmp
 .text.strlen   0x00003b80       0x10 c:/program files (x86)/cypress/psoc creator/3.3/psoc creator/import/gnu/arm/4.9.3/bin/../lib/gcc/arm-none-eabi/4.9.3/../../../../arm-none-eabi/lib/armv7-m\libg_nano.a(lib_a-strlen.o)
                0x00003b80                strlen
 .text.strncpy  0x00003b90       0x24 c:/program files (x86)/cypress/psoc creator/3.3/psoc creator/import/gnu/arm/4.9.3/bin/../lib/gcc/arm-none-eabi/4.9.3/../../../../arm-none-eabi/lib/armv7-m\libg_nano.a(lib_a-strncpy.o)
                0x00003b90                strncpy
 .text.strpbrk  0x00003bb4       0x30 c:/program files (x86)/cypress/psoc creator/3.3/psoc creator/import/gnu/arm/4.9.3/bin/../lib/gcc/arm-none-eabi/4.9.3/../../../../arm-none-eabi/lib/armv7-m\libg_nano.a(lib_a-strpbrk.o)
                0x00003bb4                strpbrk
 .text.__ssputs_r
                0x00003be4       0xb2 c:/program files (x86)/cypress/psoc creator/3.3/psoc creator/import/gnu/arm/4.9.3/bin/../lib/gcc/arm-none-eabi/4.9.3/../../../../arm-none-eabi/lib/armv7-m\libg_nano.a(lib_a-nano-svfprintf.o)
                0x00003be4                __ssputs_r
 *fill*         0x00003c96        0x2 
 .text._svfprintf_r
                0x00003c98      0x1e4 c:/program files (x86)/cypress/psoc creator/3.3/psoc creator/import/gnu/arm/4.9.3/bin/../lib/gcc/arm-none-eabi/4.9.3/../../../../arm-none-eabi/lib/armv7-m\libg_nano.a(lib_a-nano-svfprintf.o)
                0x00003c98                _svfiprintf_r
                0x00003c98                _svfprintf_r
 .text._sungetc_r
                0x00003e7c       0x7a c:/program files (x86)/cypress/psoc creator/3.3/psoc creator/import/gnu/arm/4.9.3/bin/../lib/gcc/arm-none-eabi/4.9.3/../../../../arm-none-eabi/lib/armv7-m\libg_nano.a(lib_a-nano-svfscanf.o)
                0x00003e7c                _sungetc_r
 .text.__ssrefill_r
                0x00003ef6       0x3a c:/program files (x86)/cypress/psoc creator/3.3/psoc creator/import/gnu/arm/4.9.3/bin/../lib/gcc/arm-none-eabi/4.9.3/../../../../arm-none-eabi/lib/armv7-m\libg_nano.a(lib_a-nano-svfscanf.o)
                0x00003ef6                __ssrefill_r
 .text.__ssvfscanf_r
                0x00003f30      0x29c c:/program files (x86)/cypress/psoc creator/3.3/psoc creator/import/gnu/arm/4.9.3/bin/../lib/gcc/arm-none-eabi/4.9.3/../../../../arm-none-eabi/lib/armv7-m\libg_nano.a(lib_a-nano-svfscanf.o)
                0x00003f30                __ssvfiscanf_r
                0x00003f30                __ssvfscanf_r
 .text._printf_common
                0x000041cc       0xea c:/program files (x86)/cypress/psoc creator/3.3/psoc creator/import/gnu/arm/4.9.3/bin/../lib/gcc/arm-none-eabi/4.9.3/../../../../arm-none-eabi/lib/armv7-m\libg_nano.a(lib_a-nano-vfprintf_i.o)
                0x000041cc                _printf_common
 *fill*         0x000042b6        0x2 
 .text._printf_i
                0x000042b8      0x240 c:/program files (x86)/cypress/psoc creator/3.3/psoc creator/import/gnu/arm/4.9.3/bin/../lib/gcc/arm-none-eabi/4.9.3/../../../../arm-none-eabi/lib/armv7-m\libg_nano.a(lib_a-nano-vfprintf_i.o)
                0x000042b8                _printf_i
 .text._scanf_chars
                0x000044f8       0xbc c:/program files (x86)/cypress/psoc creator/3.3/psoc creator/import/gnu/arm/4.9.3/bin/../lib/gcc/arm-none-eabi/4.9.3/../../../../arm-none-eabi/lib/armv7-m\libg_nano.a(lib_a-nano-vfscanf_i.o)
                0x000044f8                _scanf_chars
 .text._scanf_i
                0x000045b4      0x1e4 c:/program files (x86)/cypress/psoc creator/3.3/psoc creator/import/gnu/arm/4.9.3/bin/../lib/gcc/arm-none-eabi/4.9.3/../../../../arm-none-eabi/lib/armv7-m\libg_nano.a(lib_a-nano-vfscanf_i.o)
                0x000045b4                _scanf_i
 .text.__sccl   0x00004798       0x62 c:/program files (x86)/cypress/psoc creator/3.3/psoc creator/import/gnu/arm/4.9.3/bin/../lib/gcc/arm-none-eabi/4.9.3/../../../../arm-none-eabi/lib/armv7-m\libg_nano.a(lib_a-sccl.o)
                0x00004798                __sccl
 *fill*         0x000047fa        0x2 
 .text._strtol_r
                0x000047fc      0x10c c:/program files (x86)/cypress/psoc creator/3.3/psoc creator/import/gnu/arm/4.9.3/bin/../lib/gcc/arm-none-eabi/4.9.3/../../../../arm-none-eabi/lib/armv7-m\libg_nano.a(lib_a-strtol.o)
                0x000047fc                _strtol_r
 .text._strtoul_r
                0x00004908       0xf8 c:/program files (x86)/cypress/psoc creator/3.3/psoc creator/import/gnu/arm/4.9.3/bin/../lib/gcc/arm-none-eabi/4.9.3/../../../../arm-none-eabi/lib/armv7-m\libg_nano.a(lib_a-strtoul.o)
                0x00004908                _strtoul_r
 .text.__submore
                0x00004a00       0x72 c:/program files (x86)/cypress/psoc creator/3.3/psoc creator/import/gnu/arm/4.9.3/bin/../lib/gcc/arm-none-eabi/4.9.3/../../../../arm-none-eabi/lib/armv7-m\libg_nano.a(lib_a-ungetc.o)
                0x00004a00                __submore
 .text.memchr   0x00004a72       0x1c c:/program files (x86)/cypress/psoc creator/3.3/psoc creator/import/gnu/arm/4.9.3/bin/../lib/gcc/arm-none-eabi/4.9.3/../../../../arm-none-eabi/lib/armv7-m\libg_nano.a(lib_a-memchr.o)
                0x00004a72                memchr
 .text.memmove  0x00004a8e       0x36 c:/program files (x86)/cypress/psoc creator/3.3/psoc creator/import/gnu/arm/4.9.3/bin/../lib/gcc/arm-none-eabi/4.9.3/../../../../arm-none-eabi/lib/armv7-m\libg_nano.a(lib_a-memmove.o)
                0x00004a8e                memmove
 .text._free_r  0x00004ac4       0x88 c:/program files (x86)/cypress/psoc creator/3.3/psoc creator/import/gnu/arm/4.9.3/bin/../lib/gcc/arm-none-eabi/4.9.3/../../../../arm-none-eabi/lib/armv7-m\libg_nano.a(lib_a-nano-freer.o)
                0x00004ac4                _free_r
 .text._malloc_r
                0x00004b4c       0xac c:/program files (x86)/cypress/psoc creator/3.3/psoc creator/import/gnu/arm/4.9.3/bin/../lib/gcc/arm-none-eabi/4.9.3/../../../../arm-none-eabi/lib/armv7-m\libg_nano.a(lib_a-nano-mallocr.o)
                0x00004b4c                _malloc_r
 .text._realloc_r
                0x00004bf8       0x4c c:/program files (x86)/cypress/psoc creator/3.3/psoc creator/import/gnu/arm/4.9.3/bin/../lib/gcc/arm-none-eabi/4.9.3/../../../../arm-none-eabi/lib/armv7-m\libg_nano.a(lib_a-nano-reallocr.o)
                0x00004bf8                _realloc_r
 .text._sbrk_r  0x00004c44       0x20 c:/program files (x86)/cypress/psoc creator/3.3/psoc creator/import/gnu/arm/4.9.3/bin/../lib/gcc/arm-none-eabi/4.9.3/../../../../arm-none-eabi/lib/armv7-m\libg_nano.a(lib_a-sbrkr.o)
                0x00004c44                _sbrk_r
 .text._malloc_usable_size_r
                0x00004c64       0x14 c:/program files (x86)/cypress/psoc creator/3.3/psoc creator/import/gnu/arm/4.9.3/bin/../lib/gcc/arm-none-eabi/4.9.3/../../../../arm-none-eabi/lib/armv7-m\libg_nano.a(lib_a-nano-msizer.o)
                0x00004c64                _malloc_usable_size_r
 *(.plt)
 *(.gnu.warning)
 *(.glue_7t)
 .glue_7t       0x00000000        0x0 linker stubs
 *(.glue_7)
 .glue_7        0x00000000        0x0 linker stubs
 *(.vfp11_veneer)
 .vfp11_veneer  0x00000000        0x0 linker stubs
 *(.bootloader)
 *(.ARM.extab* .gnu.linkonce.armextab.*)
 *(.gcc_except_table)

.v4_bx          0x00004c78        0x0
 .v4_bx         0x00000000        0x0 linker stubs

.iplt           0x00004c78        0x0
 .iplt          0x00000000        0x0 c:/program files (x86)/cypress/psoc creator/3.3/psoc creator/import/gnu/arm/4.9.3/bin/../lib/gcc/arm-none-eabi/4.9.3/armv7-m/crtbegin.o

.eh_frame_hdr
 *(.eh_frame_hdr)

.eh_frame       0x00004c78       0x2c
 *(.eh_frame)
 .eh_frame      0x00004c78        0x0 c:/program files (x86)/cypress/psoc creator/3.3/psoc creator/import/gnu/arm/4.9.3/bin/../lib/gcc/arm-none-eabi/4.9.3/armv7-m/crtbegin.o
 .eh_frame      0x00004c78       0x28 c:/program files (x86)/cypress/psoc creator/3.3/psoc creator/import/gnu/arm/4.9.3/bin/../lib/gcc/arm-none-eabi/4.9.3/../../../../arm-none-eabi/lib/armv7-m\libg_nano.a(lib_a-strcmp.o)
 .eh_frame      0x00004ca0        0x4 c:/program files (x86)/cypress/psoc creator/3.3/psoc creator/import/gnu/arm/4.9.3/bin/../lib/gcc/arm-none-eabi/4.9.3/armv7-m/crtend.o
                0x00004ca4                PROVIDE (__exidx_start, .)

.ARM.exidx
 *(.ARM.exidx* .gnu.linkonce.armexidx.*)
                0x00004ca4                __exidx_end = .

.rodata         0x00004ca4     0x431c
 *(.rodata .rodata.* .gnu.linkonce.r.*)
 .rodata        0x00004ca4     0x3edc .\ARM_GCC_493\Debug\main.o
                0x00004ca4                sine
                0x00005c44                triangle
                0x00006be4                sawtooth
                0x00007b84                square
 .rodata        0x00008b80       0x30 .\ARM_GCC_493\Debug\Simple_Oscope.a(cyfitter_cfg.o)
 .rodata        0x00008bb0      0x218 .\ARM_GCC_493\Debug\Simple_Oscope.a(DAC_1.o)
                0x00008bb0                DAC_1_wave1
                0x00008cbc                DAC_1_wave2
 .rodata.str1.1
                0x00008dc8        0x2 c:/program files (x86)/cypress/psoc creator/3.3/psoc creator/import/gnu/arm/4.9.3/bin/../lib/gcc/arm-none-eabi/4.9.3/../../../../arm-none-eabi/lib/armv7-m\libg_nano.a(lib_a-impure.o)
 .rodata.str1.1
                0x00008dca       0x11 c:/program files (x86)/cypress/psoc creator/3.3/psoc creator/import/gnu/arm/4.9.3/bin/../lib/gcc/arm-none-eabi/4.9.3/../../../../arm-none-eabi/lib/armv7-m\libg_nano.a(lib_a-nano-svfprintf.o)
 .rodata.str1.1
                0x00000000        0x4 c:/program files (x86)/cypress/psoc creator/3.3/psoc creator/import/gnu/arm/4.9.3/bin/../lib/gcc/arm-none-eabi/4.9.3/../../../../arm-none-eabi/lib/armv7-m\libg_nano.a(lib_a-nano-svfscanf.o)
 .rodata.str1.1
                0x00008ddb       0x22 c:/program files (x86)/cypress/psoc creator/3.3/psoc creator/import/gnu/arm/4.9.3/bin/../lib/gcc/arm-none-eabi/4.9.3/../../../../arm-none-eabi/lib/armv7-m\libg_nano.a(lib_a-nano-vfprintf_i.o)
 *fill*         0x00008dfd        0x3 
 .rodata        0x00008e00        0xc c:/program files (x86)/cypress/psoc creator/3.3/psoc creator/import/gnu/arm/4.9.3/bin/../lib/gcc/arm-none-eabi/4.9.3/../../../../arm-none-eabi/lib/armv7-m\libg_nano.a(lib_a-nano-vfscanf_i.o)
 .rodata.str1.1
                0x00008e0c       0x1b c:/program files (x86)/cypress/psoc creator/3.3/psoc creator/import/gnu/arm/4.9.3/bin/../lib/gcc/arm-none-eabi/4.9.3/../../../../arm-none-eabi/lib/armv7-m\libg_nano.a(lib_a-nano-vfscanf_i.o)
 .rodata._ctype_
                0x00008e27      0x101 c:/program files (x86)/cypress/psoc creator/3.3/psoc creator/import/gnu/arm/4.9.3/bin/../lib/gcc/arm-none-eabi/4.9.3/../../../../arm-none-eabi/lib/armv7-m\libg_nano.a(lib_a-ctype_.o)
                0x00008e27                _ctype_
 .rodata.__sf_fake_stdin
                0x00008f28       0x20 c:/program files (x86)/cypress/psoc creator/3.3/psoc creator/import/gnu/arm/4.9.3/bin/../lib/gcc/arm-none-eabi/4.9.3/../../../../arm-none-eabi/lib/armv7-m\libg_nano.a(lib_a-findfp.o)
                0x00008f28                __sf_fake_stdin
 .rodata.__sf_fake_stdout
                0x00008f48       0x20 c:/program files (x86)/cypress/psoc creator/3.3/psoc creator/import/gnu/arm/4.9.3/bin/../lib/gcc/arm-none-eabi/4.9.3/../../../../arm-none-eabi/lib/armv7-m\libg_nano.a(lib_a-findfp.o)
                0x00008f48                __sf_fake_stdout
 .rodata.__sf_fake_stderr
                0x00008f68       0x20 c:/program files (x86)/cypress/psoc creator/3.3/psoc creator/import/gnu/arm/4.9.3/bin/../lib/gcc/arm-none-eabi/4.9.3/../../../../arm-none-eabi/lib/armv7-m\libg_nano.a(lib_a-findfp.o)
                0x00008f68                __sf_fake_stderr
                0x00008f88                . = ALIGN (0x4)
 *(.init)
 .init          0x00008f88        0x4 c:/program files (x86)/cypress/psoc creator/3.3/psoc creator/import/gnu/arm/4.9.3/bin/../lib/gcc/arm-none-eabi/4.9.3/armv7-m/crti.o
                0x00008f88                _init
 .init          0x00008f8c        0x8 c:/program files (x86)/cypress/psoc creator/3.3/psoc creator/import/gnu/arm/4.9.3/bin/../lib/gcc/arm-none-eabi/4.9.3/armv7-m/crtn.o
                0x00008f94                . = ALIGN (0x4)
                0x00008f94                __preinit_array_start = .
 *(.preinit_array)
                0x00008f94                __preinit_array_end = .
                0x00008f94                . = ALIGN (0x4)
                0x00008f94                __init_array_start = .
 *(SORT(.init_array.*))
 *(.init_array)
 .init_array    0x00008f94        0x4 c:/program files (x86)/cypress/psoc creator/3.3/psoc creator/import/gnu/arm/4.9.3/bin/../lib/gcc/arm-none-eabi/4.9.3/armv7-m/crtbegin.o
 .init_array    0x00008f98        0x4 .\ARM_GCC_493\Debug\Cm3Start.o
                0x00008f9c                __init_array_end = .
                0x00008f9c                . = ALIGN (0x4)
 *(.fini)
 .fini          0x00008f9c        0x4 c:/program files (x86)/cypress/psoc creator/3.3/psoc creator/import/gnu/arm/4.9.3/bin/../lib/gcc/arm-none-eabi/4.9.3/armv7-m/crti.o
                0x00008f9c                _fini
 .fini          0x00008fa0        0x8 c:/program files (x86)/cypress/psoc creator/3.3/psoc creator/import/gnu/arm/4.9.3/bin/../lib/gcc/arm-none-eabi/4.9.3/armv7-m/crtn.o
                0x00008fa8                . = ALIGN (0x4)
                0x00008fa8                __fini_array_start = .
 *(.fini_array)
 .fini_array    0x00008fa8        0x4 c:/program files (x86)/cypress/psoc creator/3.3/psoc creator/import/gnu/arm/4.9.3/bin/../lib/gcc/arm-none-eabi/4.9.3/armv7-m/crtbegin.o
 *(SORT(.fini_array.*))
                0x00008fac                __fini_array_end = .
                0x00008fac                . = ALIGN (0x4)
 *crtbegin.o(.ctors)
 *(EXCLUDE_FILE(*crtend.o) .ctors)
 *(SORT(.ctors.*))
 *crtend.o(.ctors)
                0x00008fac                . = ALIGN (0x4)
 *crtbegin.o(.dtors)
 *(EXCLUDE_FILE(*crtend.o) .dtors)
 *(SORT(.dtors.*))
 *crtend.o(.dtors)
                0x00008fac                . = ALIGN (0x4)
                0x00008fac                __cy_regions = .
                0x00008fac        0x4 LONG 0x8fc0 __cy_region_init_ram
                0x00008fb0        0x4 LONG 0x1fff8108 __cy_region_start_data
                0x00008fb4        0x4 LONG 0x108 __cy_region_init_size_ram
                0x00008fb8        0x4 LONG 0x9f8 __cy_region_zero_size_ram
                0x00008fbc                __cy_regions_end = .
                0x00008fc0                . = ALIGN (0x8)
 *fill*         0x00008fbc        0x4 
                0x00008fc0                _etext = .

.cy_checksum_exclude
                0x00008fc0        0x0
 *(.cy_checksum_exclude)

.ramvectors     0x1fff8000      0x100
                0x1fff8000                __cy_region_start_ram = .
 *(.ramvectors)
 .ramvectors    0x1fff8000      0x100 .\ARM_GCC_493\Debug\Cm3Start.o
                0x1fff8000                CyRamVectors

.noinit         0x1fff8100        0x5
 *(.noinit)
 .noinit        0x1fff8100        0x4 .\ARM_GCC_493\Debug\Cm3Start.o
 .noinit        0x1fff8104        0x1 .\ARM_GCC_493\Debug\Simple_Oscope.a(CyLib.o)
                0x1fff8104                CyResetStatus

.data           0x1fff8108      0x108 load address 0x00008fc0
                0x1fff8108                __cy_region_start_data = .
 *(.jcr)
 .jcr           0x1fff8108        0x0 c:/program files (x86)/cypress/psoc creator/3.3/psoc creator/import/gnu/arm/4.9.3/bin/../lib/gcc/arm-none-eabi/4.9.3/armv7-m/crtbegin.o
 .jcr           0x1fff8108        0x4 c:/program files (x86)/cypress/psoc creator/3.3/psoc creator/import/gnu/arm/4.9.3/bin/../lib/gcc/arm-none-eabi/4.9.3/armv7-m/crtend.o
 *(.got.plt)
 *(.got)
 *(.shdata)
 *(.data .data.* .gnu.linkonce.d.*)
 .data          0x1fff810c       0x78 .\ARM_GCC_493\Debug\main.o
                0x1fff810c                adcRez
                0x1fff8110                adcSPS
                0x1fff8114                adcFPS
                0x1fff8118                adcFrameSize
                0x1fff811c                adcSPSValues
                0x1fff8134                adcDiv8Bit
                0x1fff813c                adcCount8Bit
                0x1fff8148                adcDiv12Bit
                0x1fff8150                adcCount12Bit
                0x1fff815c                dacFreq
                0x1fff8160                dacVPP
                0x1fff8164                dacOffset
                0x1fff8168                dacWave
                0x1fff816c                dacDuty
                0x1fff8170                sample_size
                0x1fff8172                ws
                0x1fff8174                sample_rate
                0x1fff8178                wavetype
                0x1fff817c                lowerLimit
                0x1fff8180                upperLimit
 .data          0x1fff8184        0x4 .\ARM_GCC_493\Debug\Cm3Start.o
 .data          0x1fff8188        0x8 .\ARM_GCC_493\Debug\Simple_Oscope.a(CyDmac.o)
 .data          0x1fff8190       0x10 .\ARM_GCC_493\Debug\Simple_Oscope.a(CyLib.o)
                0x1fff8190                cydelay_freq_hz
                0x1fff8194                cydelay_freq_khz
                0x1fff8198                cydelay_freq_mhz
                0x1fff819c                cydelay_32k_ms
 .data          0x1fff81a0        0x1 .\ARM_GCC_493\Debug\Simple_Oscope.a(DMA_ADC_MEM_dma.o)
                0x1fff81a0                DMA_ADC_MEM_DmaHandle
 .data          0x1fff81a1        0x1 .\ARM_GCC_493\Debug\Simple_Oscope.a(DAC_1_Wave1_DMA_dma.o)
                0x1fff81a1                DAC_1_Wave1_DMA_DmaHandle
 .data          0x1fff81a2        0x1 .\ARM_GCC_493\Debug\Simple_Oscope.a(DAC_1_Wave2_DMA_dma.o)
                0x1fff81a2                DAC_1_Wave2_DMA_DmaHandle
 *fill*         0x1fff81a3        0x1 
 .data.impure_data
                0x1fff81a4       0x60 c:/program files (x86)/cypress/psoc creator/3.3/psoc creator/import/gnu/arm/4.9.3/bin/../lib/gcc/arm-none-eabi/4.9.3/../../../../arm-none-eabi/lib/armv7-m\libg_nano.a(lib_a-impure.o)
 .data._impure_ptr
                0x1fff8204        0x4 c:/program files (x86)/cypress/psoc creator/3.3/psoc creator/import/gnu/arm/4.9.3/bin/../lib/gcc/arm-none-eabi/4.9.3/../../../../arm-none-eabi/lib/armv7-m\libg_nano.a(lib_a-impure.o)
                0x1fff8204                _impure_ptr
 .data.__ctype_ptr__
                0x1fff8208        0x4 c:/program files (x86)/cypress/psoc creator/3.3/psoc creator/import/gnu/arm/4.9.3/bin/../lib/gcc/arm-none-eabi/4.9.3/../../../../arm-none-eabi/lib/armv7-m\libg_nano.a(lib_a-ctype_.o)
                0x1fff8208                __ctype_ptr__
                0x1fff8210                . = ALIGN (0x8)
 *fill*         0x1fff820c        0x4 
 *(.ram)
                0x1fff8210                _edata = .

.igot.plt       0x1fff8210        0x0 load address 0x000090c8
 .igot.plt      0x00000000        0x0 c:/program files (x86)/cypress/psoc creator/3.3/psoc creator/import/gnu/arm/4.9.3/bin/../lib/gcc/arm-none-eabi/4.9.3/armv7-m/crtbegin.o

.bss            0x1fff8210      0x9f8 load address 0x000090c8
                0x1fff8210                PROVIDE (__bss_start__, .)
 *(.shbss)
 *(.bss .bss.* .gnu.linkonce.b.*)
 .bss           0x1fff8210       0x1c c:/program files (x86)/cypress/psoc creator/3.3/psoc creator/import/gnu/arm/4.9.3/bin/../lib/gcc/arm-none-eabi/4.9.3/armv7-m/crtbegin.o
 .bss           0x1fff822c        0x7 .\ARM_GCC_493\Debug\main.o
                0x1fff822c                initialized
                0x1fff822d                rxBufLen
                0x1fff822e                commandReady
                0x1fff822f                adcOn
                0x1fff8230                adcFrameReady
                0x1fff8231                dacOn
                0x1fff8232                ms
 *fill*         0x1fff8233        0x1 
 .bss           0x1fff8234        0x8 .\ARM_GCC_493\Debug\Simple_Oscope.a(UART.o)
                0x1fff8234                UART_initVar
                0x1fff8236                UART_txBufferRead
                0x1fff8238                UART_txBufferWrite
 .bss           0x1fff823c        0x1 .\ARM_GCC_493\Debug\Simple_Oscope.a(ADC.o)
                0x1fff823c                ADC_initVar
 .bss           0x1fff823d        0x1 .\ARM_GCC_493\Debug\Simple_Oscope.a(TIMER_DMA.o)
                0x1fff823d                TIMER_DMA_initVar
 .bss           0x1fff823e        0x5 .\ARM_GCC_493\Debug\Simple_Oscope.a(DAC_1.o)
                0x1fff823e                DAC_1_initVar
 .bss           0x1fff8243        0x1 .\ARM_GCC_493\Debug\Simple_Oscope.a(SPS_Divider_Counter.o)
                0x1fff8243                SPS_Divider_Counter_initVar
 .bss.__malloc_sbrk_start
                0x1fff8244        0x4 c:/program files (x86)/cypress/psoc creator/3.3/psoc creator/import/gnu/arm/4.9.3/bin/../lib/gcc/arm-none-eabi/4.9.3/../../../../arm-none-eabi/lib/armv7-m\libg_nano.a(lib_a-nano-mallocr.o)
                0x1fff8244                __malloc_sbrk_start
 .bss.__malloc_free_list
                0x1fff8248        0x4 c:/program files (x86)/cypress/psoc creator/3.3/psoc creator/import/gnu/arm/4.9.3/bin/../lib/gcc/arm-none-eabi/4.9.3/../../../../arm-none-eabi/lib/armv7-m\libg_nano.a(lib_a-nano-mallocr.o)
                0x1fff8248                __malloc_free_list
 *(COMMON)
 COMMON         0x1fff824c      0x688 .\ARM_GCC_493\Debug\main.o
                0x1fff824c                DMA_ADC_MEM_TD
                0x1fff8250                command
                0x1fff8270                rxBuffer
                0x1fff8290                DMA_ADC_MEM_Chan
                0x1fff8294                adcFrame
 COMMON         0x1fff88d4      0x320 .\ARM_GCC_493\Debug\Simple_Oscope.a(UART.o)
                0x1fff88d4                UART_txBuffer
 COMMON         0x1fff8bf4        0xa .\ARM_GCC_493\Debug\Simple_Oscope.a(ADC.o)
                0x1fff8bf4                ADC_countsPer10Volt
                0x1fff8bf8                ADC_shift
                0x1fff8bfa                ADC_countsPerVolt
                0x1fff8bfc                ADC_offset
 *fill*         0x1fff8bfe        0x2 
 COMMON         0x1fff8c00        0x4 c:/program files (x86)/cypress/psoc creator/3.3/psoc creator/import/gnu/arm/4.9.3/bin/../lib/gcc/arm-none-eabi/4.9.3/../../../../arm-none-eabi/lib/armv7-m\libg_nano.a(lib_a-reent.o)
                0x1fff8c00                errno
                0x1fff8c08                . = ALIGN (0x8)
 *fill*         0x1fff8c04        0x4 
 *(.ram.b)
                0x1fff8c08                _end = .
                0x1fff8c08                __end = .
                0x1fff8c08                PROVIDE (end, .)
                0x1fff8c08                PROVIDE (__bss_end__, .)
                0x00008fc0                __cy_region_init_ram = LOADADDR (.data)
                0x00000108                __cy_region_init_size_ram = (_edata - ADDR (.data))
                0x000009f8                __cy_region_zero_size_ram = (_end - _edata)

.heap           0x1fff8c08       0x80 load address 0x000090c8
                0x1fff8c08                . = _end
                0x1fff8c88                . = (. + 0x80)
 *fill*         0x1fff8c08       0x80 
                0x1fff8c88                __cy_heap_limit = .

.stack          0x20007800      0x800
                0x20007800                __cy_stack_limit = .
                0x20008000                . = (. + 0x800)
 *fill*         0x20007800      0x800 
                0x00000001                ASSERT ((__cy_stack_limit >= __cy_heap_limit), region RAM overflowed with stack)
                0x00000000                cy_checksum_exclude_size = (CY_APPL_LOADABLE == 0x1)?SIZEOF (.cy_checksum_exclude):0x0
                0x00000001                ASSERT ((cy_checksum_exclude_size <= CY_CHECKSUM_EXCLUDE_SIZE), CY_BOOT: Section .cy_checksum_exclude size exceedes specified limit.)

.cyloadermeta
 *(.cyloadermeta)

.cyloadablemeta
 *(.cyloadablemeta)

.cyconfigecc    0x80000000      0x6b4
 *(.cyconfigecc)
 .cyconfigecc   0x80000000      0x6b4 .\ARM_GCC_493\Debug\cymetadata.o
                0x80000000                cy_meta_configecc

.cycustnvl      0x90000000        0x4
 *(.cycustnvl)
 .cycustnvl     0x90000000        0x4 .\ARM_GCC_493\Debug\cymetadata.o
                0x90000000                cy_meta_custnvl

.cywolatch      0x90100000        0x4
 *(.cywolatch)
 .cywolatch     0x90100000        0x4 .\ARM_GCC_493\Debug\cymetadata.o
                0x90100000                cy_meta_wonvl

.cyeeprom       0x90200000        0x0
 *(.cyeeprom)
                0x00000001                ASSERT ((. <= ((0x90200000 + ee_offset) + ee_size)), .cyeeprom data will not fit in EEPROM)

.cyflashprotect
                0x90400000      0x100
 *(.cyflashprotect)
 .cyflashprotect
                0x90400000      0x100 .\ARM_GCC_493\Debug\cymetadata.o
                0x90400000                cy_meta_flashprotect

.cymeta         0x90500000        0xc
 *(.cymeta)
 .cymeta        0x90500000        0xc .\ARM_GCC_493\Debug\cymetadata.o
                0x90500000                cy_metadata

.rel.dyn        0x000090c8        0x0 load address 0x9050000c
 .rel.iplt      0x00000000        0x0 c:/program files (x86)/cypress/psoc creator/3.3/psoc creator/import/gnu/arm/4.9.3/bin/../lib/gcc/arm-none-eabi/4.9.3/armv7-m/crtbegin.o

.stab           0x00000000       0x6c
 *(.stab)
 .stab          0x00000000       0x24 c:/program files (x86)/cypress/psoc creator/3.3/psoc creator/import/gnu/arm/4.9.3/bin/../lib/gcc/arm-none-eabi/4.9.3/../../../../arm-none-eabi/lib/armv7-m\libnosys.a(close.o)
 .stab          0x00000024       0x18 c:/program files (x86)/cypress/psoc creator/3.3/psoc creator/import/gnu/arm/4.9.3/bin/../lib/gcc/arm-none-eabi/4.9.3/../../../../arm-none-eabi/lib/armv7-m\libnosys.a(lseek.o)
                                 0x24 (size before relaxing)
 .stab          0x0000003c       0x18 c:/program files (x86)/cypress/psoc creator/3.3/psoc creator/import/gnu/arm/4.9.3/bin/../lib/gcc/arm-none-eabi/4.9.3/../../../../arm-none-eabi/lib/armv7-m\libnosys.a(read.o)
                                 0x24 (size before relaxing)
 .stab          0x00000054       0x18 c:/program files (x86)/cypress/psoc creator/3.3/psoc creator/import/gnu/arm/4.9.3/bin/../lib/gcc/arm-none-eabi/4.9.3/../../../../arm-none-eabi/lib/armv7-m\libnosys.a(write.o)
                                 0x24 (size before relaxing)

.stabstr        0x00000000       0xdf
 *(.stabstr)
 .stabstr       0x00000000       0xdf c:/program files (x86)/cypress/psoc creator/3.3/psoc creator/import/gnu/arm/4.9.3/bin/../lib/gcc/arm-none-eabi/4.9.3/../../../../arm-none-eabi/lib/armv7-m\libnosys.a(close.o)

.debug
 *(.debug)

.line
 *(.line)

.debug_srcinfo
 *(.debug_srcinfo)

.debug_sfnames
 *(.debug_sfnames)

.debug_aranges  0x00000000      0xd88
 *(.debug_aranges)
 .debug_aranges
                0x00000000       0x98 .\ARM_GCC_493\Debug\main.o
 .debug_aranges
                0x00000098       0x18 .\ARM_GCC_493\Debug\cymetadata.o
 .debug_aranges
                0x000000b0       0x48 .\ARM_GCC_493\Debug\Cm3Start.o
 .debug_aranges
                0x000000f8       0x58 .\ARM_GCC_493\Debug\Simple_Oscope.a(cyfitter_cfg.o)
 .debug_aranges
                0x00000150       0x20 .\ARM_GCC_493\Debug\Simple_Oscope.a(CyBootAsmGnu.o)
 .debug_aranges
                0x00000170       0xd8 .\ARM_GCC_493\Debug\Simple_Oscope.a(CyDmac.o)
 .debug_aranges
                0x00000248      0x298 .\ARM_GCC_493\Debug\Simple_Oscope.a(CyLib.o)
 .debug_aranges
                0x000004e0       0x98 .\ARM_GCC_493\Debug\Simple_Oscope.a(cyPm.o)
 .debug_aranges
                0x00000578       0x80 .\ARM_GCC_493\Debug\Simple_Oscope.a(UART_RX.o)
 .debug_aranges
                0x000005f8       0xf0 .\ARM_GCC_493\Debug\Simple_Oscope.a(UART.o)
 .debug_aranges
                0x000006e8       0x20 .\ARM_GCC_493\Debug\Simple_Oscope.a(UART_INT.o)
 .debug_aranges
                0x00000708       0x70 .\ARM_GCC_493\Debug\Simple_Oscope.a(UART_IntClock.o)
 .debug_aranges
                0x00000778       0xa8 .\ARM_GCC_493\Debug\Simple_Oscope.a(ADC.o)
 .debug_aranges
                0x00000820       0x20 .\ARM_GCC_493\Debug\Simple_Oscope.a(ADC_INT.o)
 .debug_aranges
                0x00000840       0x70 .\ARM_GCC_493\Debug\Simple_Oscope.a(ADC_Clock.o)
 .debug_aranges
                0x000008b0       0x28 .\ARM_GCC_493\Debug\Simple_Oscope.a(DMA_ADC_MEM_dma.o)
 .debug_aranges
                0x000008d8       0x90 .\ARM_GCC_493\Debug\Simple_Oscope.a(TIMER_DMA.o)
 .debug_aranges
                0x00000968       0x80 .\ARM_GCC_493\Debug\Simple_Oscope.a(DMA_ENABLE.o)
 .debug_aranges
                0x000009e8       0x80 .\ARM_GCC_493\Debug\Simple_Oscope.a(DMA_FRAME_READY.o)
 .debug_aranges
                0x00000a68       0x50 .\ARM_GCC_493\Debug\Simple_Oscope.a(DAC_1.o)
 .debug_aranges
                0x00000ab8       0x70 .\ARM_GCC_493\Debug\Simple_Oscope.a(DAC_1_DacClk.o)
 .debug_aranges
                0x00000b28       0x28 .\ARM_GCC_493\Debug\Simple_Oscope.a(DAC_1_Wave1_DMA_dma.o)
 .debug_aranges
                0x00000b50       0x28 .\ARM_GCC_493\Debug\Simple_Oscope.a(DAC_1_Wave2_DMA_dma.o)
 .debug_aranges
                0x00000b78       0x58 .\ARM_GCC_493\Debug\Simple_Oscope.a(DAC_1_VDAC8.o)
 .debug_aranges
                0x00000bd0       0x98 .\ARM_GCC_493\Debug\Simple_Oscope.a(SPS_Divider_Counter.o)
 .debug_aranges
                0x00000c68       0x28 .\ARM_GCC_493\Debug\Simple_Oscope.a(SPS_Divider_Control_Reg.o)
 .debug_aranges
                0x00000c90       0x80 .\ARM_GCC_493\Debug\Simple_Oscope.a(CyFlash.o)
 .debug_aranges
                0x00000d10       0x78 .\ARM_GCC_493\Debug\Simple_Oscope.a(CySpc.o)

.debug_pubnames
 *(.debug_pubnames)

.debug_info     0x00000000     0x5945
 *(.debug_info .gnu.linkonce.wi.*)
 .debug_info    0x00000000      0x6d4 .\ARM_GCC_493\Debug\main.o
 .debug_info    0x000006d4      0x13d .\ARM_GCC_493\Debug\cymetadata.o
 .debug_info    0x00000811      0x317 .\ARM_GCC_493\Debug\Cm3Start.o
 .debug_info    0x00000b28      0x38a .\ARM_GCC_493\Debug\Simple_Oscope.a(cyfitter_cfg.o)
 .debug_info    0x00000eb2       0x98 .\ARM_GCC_493\Debug\Simple_Oscope.a(CyBootAsmGnu.o)
 .debug_info    0x00000f4a      0x8b1 .\ARM_GCC_493\Debug\Simple_Oscope.a(CyDmac.o)
 .debug_info    0x000017fb      0xe31 .\ARM_GCC_493\Debug\Simple_Oscope.a(CyLib.o)
 .debug_info    0x0000262c      0x55f .\ARM_GCC_493\Debug\Simple_Oscope.a(cyPm.o)
 .debug_info    0x00002b8b      0x238 .\ARM_GCC_493\Debug\Simple_Oscope.a(UART_RX.o)
 .debug_info    0x00002dc3      0x588 .\ARM_GCC_493\Debug\Simple_Oscope.a(UART.o)
 .debug_info    0x0000334b       0xff .\ARM_GCC_493\Debug\Simple_Oscope.a(UART_INT.o)
 .debug_info    0x0000344a      0x25b .\ARM_GCC_493\Debug\Simple_Oscope.a(UART_IntClock.o)
 .debug_info    0x000036a5      0x47f .\ARM_GCC_493\Debug\Simple_Oscope.a(ADC.o)
 .debug_info    0x00003b24       0x92 .\ARM_GCC_493\Debug\Simple_Oscope.a(ADC_INT.o)
 .debug_info    0x00003bb6      0x25b .\ARM_GCC_493\Debug\Simple_Oscope.a(ADC_Clock.o)
 .debug_info    0x00003e11      0x112 .\ARM_GCC_493\Debug\Simple_Oscope.a(DMA_ADC_MEM_dma.o)
 .debug_info    0x00003f23      0x252 .\ARM_GCC_493\Debug\Simple_Oscope.a(TIMER_DMA.o)
 .debug_info    0x00004175      0x238 .\ARM_GCC_493\Debug\Simple_Oscope.a(DMA_ENABLE.o)
 .debug_info    0x000043ad      0x238 .\ARM_GCC_493\Debug\Simple_Oscope.a(DMA_FRAME_READY.o)
 .debug_info    0x000045e5      0x23f .\ARM_GCC_493\Debug\Simple_Oscope.a(DAC_1.o)
 .debug_info    0x00004824      0x25b .\ARM_GCC_493\Debug\Simple_Oscope.a(DAC_1_DacClk.o)
 .debug_info    0x00004a7f      0x112 .\ARM_GCC_493\Debug\Simple_Oscope.a(DAC_1_Wave1_DMA_dma.o)
 .debug_info    0x00004b91      0x112 .\ARM_GCC_493\Debug\Simple_Oscope.a(DAC_1_Wave2_DMA_dma.o)
 .debug_info    0x00004ca3      0x184 .\ARM_GCC_493\Debug\Simple_Oscope.a(DAC_1_VDAC8.o)
 .debug_info    0x00004e27      0x288 .\ARM_GCC_493\Debug\Simple_Oscope.a(SPS_Divider_Counter.o)
 .debug_info    0x000050af       0xd6 .\ARM_GCC_493\Debug\Simple_Oscope.a(SPS_Divider_Control_Reg.o)
 .debug_info    0x00005185      0x36a .\ARM_GCC_493\Debug\Simple_Oscope.a(CyFlash.o)
 .debug_info    0x000054ef      0x456 .\ARM_GCC_493\Debug\Simple_Oscope.a(CySpc.o)

.debug_abbrev   0x00000000     0x1f9b
 *(.debug_abbrev)
 .debug_abbrev  0x00000000      0x1e6 .\ARM_GCC_493\Debug\main.o
 .debug_abbrev  0x000001e6       0x77 .\ARM_GCC_493\Debug\cymetadata.o
 .debug_abbrev  0x0000025d      0x1b6 .\ARM_GCC_493\Debug\Cm3Start.o
 .debug_abbrev  0x00000413      0x19d .\ARM_GCC_493\Debug\Simple_Oscope.a(cyfitter_cfg.o)
 .debug_abbrev  0x000005b0       0x14 .\ARM_GCC_493\Debug\Simple_Oscope.a(CyBootAsmGnu.o)
 .debug_abbrev  0x000005c4      0x194 .\ARM_GCC_493\Debug\Simple_Oscope.a(CyDmac.o)
 .debug_abbrev  0x00000758      0x217 .\ARM_GCC_493\Debug\Simple_Oscope.a(CyLib.o)
 .debug_abbrev  0x0000096f      0x16e .\ARM_GCC_493\Debug\Simple_Oscope.a(cyPm.o)
 .debug_abbrev  0x00000add      0x17f .\ARM_GCC_493\Debug\Simple_Oscope.a(UART_RX.o)
 .debug_abbrev  0x00000c5c      0x16a .\ARM_GCC_493\Debug\Simple_Oscope.a(UART.o)
 .debug_abbrev  0x00000dc6       0x86 .\ARM_GCC_493\Debug\Simple_Oscope.a(UART_INT.o)
 .debug_abbrev  0x00000e4c      0x12a .\ARM_GCC_493\Debug\Simple_Oscope.a(UART_IntClock.o)
 .debug_abbrev  0x00000f76      0x180 .\ARM_GCC_493\Debug\Simple_Oscope.a(ADC.o)
 .debug_abbrev  0x000010f6       0x42 .\ARM_GCC_493\Debug\Simple_Oscope.a(ADC_INT.o)
 .debug_abbrev  0x00001138      0x12a .\ARM_GCC_493\Debug\Simple_Oscope.a(ADC_Clock.o)
 .debug_abbrev  0x00001262       0x8b .\ARM_GCC_493\Debug\Simple_Oscope.a(DMA_ADC_MEM_dma.o)
 .debug_abbrev  0x000012ed      0x128 .\ARM_GCC_493\Debug\Simple_Oscope.a(TIMER_DMA.o)
 .debug_abbrev  0x00001415      0x17f .\ARM_GCC_493\Debug\Simple_Oscope.a(DMA_ENABLE.o)
 .debug_abbrev  0x00001594      0x17f .\ARM_GCC_493\Debug\Simple_Oscope.a(DMA_FRAME_READY.o)
 .debug_abbrev  0x00001713       0xe3 .\ARM_GCC_493\Debug\Simple_Oscope.a(DAC_1.o)
 .debug_abbrev  0x000017f6      0x12a .\ARM_GCC_493\Debug\Simple_Oscope.a(DAC_1_DacClk.o)
 .debug_abbrev  0x00001920       0x8b .\ARM_GCC_493\Debug\Simple_Oscope.a(DAC_1_Wave1_DMA_dma.o)
 .debug_abbrev  0x000019ab       0x8b .\ARM_GCC_493\Debug\Simple_Oscope.a(DAC_1_Wave2_DMA_dma.o)
 .debug_abbrev  0x00001a36       0xf8 .\ARM_GCC_493\Debug\Simple_Oscope.a(DAC_1_VDAC8.o)
 .debug_abbrev  0x00001b2e      0x139 .\ARM_GCC_493\Debug\Simple_Oscope.a(SPS_Divider_Counter.o)
 .debug_abbrev  0x00001c67       0x8e .\ARM_GCC_493\Debug\Simple_Oscope.a(SPS_Divider_Control_Reg.o)
 .debug_abbrev  0x00001cf5      0x12d .\ARM_GCC_493\Debug\Simple_Oscope.a(CyFlash.o)
 .debug_abbrev  0x00001e22      0x179 .\ARM_GCC_493\Debug\Simple_Oscope.a(CySpc.o)

.debug_line     0x00000000     0x32bb
 *(.debug_line)
 .debug_line    0x00000000      0x4a6 .\ARM_GCC_493\Debug\main.o
 .debug_line    0x000004a6       0x53 .\ARM_GCC_493\Debug\cymetadata.o
 .debug_line    0x000004f9      0x1d5 .\ARM_GCC_493\Debug\Cm3Start.o
 .debug_line    0x000006ce      0x1f5 .\ARM_GCC_493\Debug\Simple_Oscope.a(cyfitter_cfg.o)
 .debug_line    0x000008c3       0x7f .\ARM_GCC_493\Debug\Simple_Oscope.a(CyBootAsmGnu.o)
 .debug_line    0x00000942      0x2b7 .\ARM_GCC_493\Debug\Simple_Oscope.a(CyDmac.o)
 .debug_line    0x00000bf9      0x872 .\ARM_GCC_493\Debug\Simple_Oscope.a(CyLib.o)
 .debug_line    0x0000146b      0x381 .\ARM_GCC_493\Debug\Simple_Oscope.a(cyPm.o)
 .debug_line    0x000017ec      0x16b .\ARM_GCC_493\Debug\Simple_Oscope.a(UART_RX.o)
 .debug_line    0x00001957      0x31a .\ARM_GCC_493\Debug\Simple_Oscope.a(UART.o)
 .debug_line    0x00001c71       0x82 .\ARM_GCC_493\Debug\Simple_Oscope.a(UART_INT.o)
 .debug_line    0x00001cf3      0x1c1 .\ARM_GCC_493\Debug\Simple_Oscope.a(UART_IntClock.o)
 .debug_line    0x00001eb4      0x20a .\ARM_GCC_493\Debug\Simple_Oscope.a(ADC.o)
 .debug_line    0x000020be       0x55 .\ARM_GCC_493\Debug\Simple_Oscope.a(ADC_INT.o)
 .debug_line    0x00002113      0x1bd .\ARM_GCC_493\Debug\Simple_Oscope.a(ADC_Clock.o)
 .debug_line    0x000022d0       0x97 .\ARM_GCC_493\Debug\Simple_Oscope.a(DMA_ADC_MEM_dma.o)
 .debug_line    0x00002367      0x174 .\ARM_GCC_493\Debug\Simple_Oscope.a(TIMER_DMA.o)
 .debug_line    0x000024db      0x16e .\ARM_GCC_493\Debug\Simple_Oscope.a(DMA_ENABLE.o)
 .debug_line    0x00002649      0x163 .\ARM_GCC_493\Debug\Simple_Oscope.a(DMA_FRAME_READY.o)
 .debug_line    0x000027ac       0xf1 .\ARM_GCC_493\Debug\Simple_Oscope.a(DAC_1.o)
 .debug_line    0x0000289d      0x1c0 .\ARM_GCC_493\Debug\Simple_Oscope.a(DAC_1_DacClk.o)
 .debug_line    0x00002a5d       0x9b .\ARM_GCC_493\Debug\Simple_Oscope.a(DAC_1_Wave1_DMA_dma.o)
 .debug_line    0x00002af8       0x9b .\ARM_GCC_493\Debug\Simple_Oscope.a(DAC_1_Wave2_DMA_dma.o)
 .debug_line    0x00002b93       0xf5 .\ARM_GCC_493\Debug\Simple_Oscope.a(DAC_1_VDAC8.o)
 .debug_line    0x00002c88      0x193 .\ARM_GCC_493\Debug\Simple_Oscope.a(SPS_Divider_Counter.o)
 .debug_line    0x00002e1b       0x82 .\ARM_GCC_493\Debug\Simple_Oscope.a(SPS_Divider_Control_Reg.o)
 .debug_line    0x00002e9d      0x207 .\ARM_GCC_493\Debug\Simple_Oscope.a(CyFlash.o)
 .debug_line    0x000030a4      0x217 .\ARM_GCC_493\Debug\Simple_Oscope.a(CySpc.o)

.debug_frame    0x00000000     0x3fec
 *(.debug_frame)
 .debug_frame   0x00000000      0x264 .\ARM_GCC_493\Debug\main.o
 .debug_frame   0x00000264       0xd8 .\ARM_GCC_493\Debug\Cm3Start.o
 .debug_frame   0x0000033c      0x150 .\ARM_GCC_493\Debug\Simple_Oscope.a(cyfitter_cfg.o)
 .debug_frame   0x0000048c      0x3d0 .\ARM_GCC_493\Debug\Simple_Oscope.a(CyDmac.o)
 .debug_frame   0x0000085c      0xbe8 .\ARM_GCC_493\Debug\Simple_Oscope.a(CyLib.o)
 .debug_frame   0x00001444      0x234 .\ARM_GCC_493\Debug\Simple_Oscope.a(cyPm.o)
 .debug_frame   0x00001678      0x1e8 .\ARM_GCC_493\Debug\Simple_Oscope.a(UART_RX.o)
 .debug_frame   0x00001860      0x424 .\ARM_GCC_493\Debug\Simple_Oscope.a(UART.o)
 .debug_frame   0x00001c84       0x34 .\ARM_GCC_493\Debug\Simple_Oscope.a(UART_INT.o)
 .debug_frame   0x00001cb8      0x1b4 .\ARM_GCC_493\Debug\Simple_Oscope.a(UART_IntClock.o)
 .debug_frame   0x00001e6c      0x2c0 .\ARM_GCC_493\Debug\Simple_Oscope.a(ADC.o)
 .debug_frame   0x0000212c       0x34 .\ARM_GCC_493\Debug\Simple_Oscope.a(ADC_INT.o)
 .debug_frame   0x00002160      0x1b4 .\ARM_GCC_493\Debug\Simple_Oscope.a(ADC_Clock.o)
 .debug_frame   0x00002314       0x58 .\ARM_GCC_493\Debug\Simple_Oscope.a(DMA_ADC_MEM_dma.o)
 .debug_frame   0x0000236c      0x230 .\ARM_GCC_493\Debug\Simple_Oscope.a(TIMER_DMA.o)
 .debug_frame   0x0000259c      0x1e8 .\ARM_GCC_493\Debug\Simple_Oscope.a(DMA_ENABLE.o)
 .debug_frame   0x00002784      0x1e8 .\ARM_GCC_493\Debug\Simple_Oscope.a(DMA_FRAME_READY.o)
 .debug_frame   0x0000296c       0xf8 .\ARM_GCC_493\Debug\Simple_Oscope.a(DAC_1.o)
 .debug_frame   0x00002a64      0x1b4 .\ARM_GCC_493\Debug\Simple_Oscope.a(DAC_1_DacClk.o)
 .debug_frame   0x00002c18       0x58 .\ARM_GCC_493\Debug\Simple_Oscope.a(DAC_1_Wave1_DMA_dma.o)
 .debug_frame   0x00002c70       0x58 .\ARM_GCC_493\Debug\Simple_Oscope.a(DAC_1_Wave2_DMA_dma.o)
 .debug_frame   0x00002cc8      0x130 .\ARM_GCC_493\Debug\Simple_Oscope.a(DAC_1_VDAC8.o)
 .debug_frame   0x00002df8      0x258 .\ARM_GCC_493\Debug\Simple_Oscope.a(SPS_Divider_Counter.o)
 .debug_frame   0x00003050       0x5c .\ARM_GCC_493\Debug\Simple_Oscope.a(SPS_Divider_Control_Reg.o)
 .debug_frame   0x000030ac      0x210 .\ARM_GCC_493\Debug\Simple_Oscope.a(CyFlash.o)
 .debug_frame   0x000032bc      0x1f8 .\ARM_GCC_493\Debug\Simple_Oscope.a(CySpc.o)
 .debug_frame   0x000034b4       0x34 c:/program files (x86)/cypress/psoc creator/3.3/psoc creator/import/gnu/arm/4.9.3/bin/../lib/gcc/arm-none-eabi/4.9.3/../../../../arm-none-eabi/lib/armv7-m\libm.a(lib_a-s_floor.o)
 .debug_frame   0x000034e8       0x28 c:/program files (x86)/cypress/psoc creator/3.3/psoc creator/import/gnu/arm/4.9.3/bin/../lib/gcc/arm-none-eabi/4.9.3/armv7-m\libgcc.a(_aeabi_ldivmod.o)
 .debug_frame   0x00003510       0x54 c:/program files (x86)/cypress/psoc creator/3.3/psoc creator/import/gnu/arm/4.9.3/bin/../lib/gcc/arm-none-eabi/4.9.3/armv7-m\libgcc.a(bpabi.o)
 .debug_frame   0x00003564       0x34 c:/program files (x86)/cypress/psoc creator/3.3/psoc creator/import/gnu/arm/4.9.3/bin/../lib/gcc/arm-none-eabi/4.9.3/armv7-m\libgcc.a(_divdi3.o)
 .debug_frame   0x00003598       0x34 c:/program files (x86)/cypress/psoc creator/3.3/psoc creator/import/gnu/arm/4.9.3/bin/../lib/gcc/arm-none-eabi/4.9.3/armv7-m\libgcc.a(_udivdi3.o)
 .debug_frame   0x000035cc       0x20 c:/program files (x86)/cypress/psoc creator/3.3/psoc creator/import/gnu/arm/4.9.3/bin/../lib/gcc/arm-none-eabi/4.9.3/../../../../arm-none-eabi/lib/armv7-m\libg_nano.a(lib_a-errno.o)
 .debug_frame   0x000035ec       0x28 c:/program files (x86)/cypress/psoc creator/3.3/psoc creator/import/gnu/arm/4.9.3/bin/../lib/gcc/arm-none-eabi/4.9.3/../../../../arm-none-eabi/lib/armv7-m\libg_nano.a(lib_a-exit.o)
 .debug_frame   0x00003614       0x2c c:/program files (x86)/cypress/psoc creator/3.3/psoc creator/import/gnu/arm/4.9.3/bin/../lib/gcc/arm-none-eabi/4.9.3/../../../../arm-none-eabi/lib/armv7-m\libg_nano.a(lib_a-init.o)
 .debug_frame   0x00003640       0x28 c:/program files (x86)/cypress/psoc creator/3.3/psoc creator/import/gnu/arm/4.9.3/bin/../lib/gcc/arm-none-eabi/4.9.3/../../../../arm-none-eabi/lib/armv7-m\libg_nano.a(lib_a-memcpy.o)
 .debug_frame   0x00003668       0x20 c:/program files (x86)/cypress/psoc creator/3.3/psoc creator/import/gnu/arm/4.9.3/bin/../lib/gcc/arm-none-eabi/4.9.3/../../../../arm-none-eabi/lib/armv7-m\libg_nano.a(lib_a-memset.o)
 .debug_frame   0x00003688       0x70 c:/program files (x86)/cypress/psoc creator/3.3/psoc creator/import/gnu/arm/4.9.3/bin/../lib/gcc/arm-none-eabi/4.9.3/../../../../arm-none-eabi/lib/armv7-m\libg_nano.a(lib_a-sprintf.o)
 .debug_frame   0x000036f8       0x80 c:/program files (x86)/cypress/psoc creator/3.3/psoc creator/import/gnu/arm/4.9.3/bin/../lib/gcc/arm-none-eabi/4.9.3/../../../../arm-none-eabi/lib/armv7-m\libg_nano.a(lib_a-sscanf.o)
 .debug_frame   0x00003778       0x88 c:/program files (x86)/cypress/psoc creator/3.3/psoc creator/import/gnu/arm/4.9.3/bin/../lib/gcc/arm-none-eabi/4.9.3/../../../../arm-none-eabi/lib/armv7-m\libg_nano.a(lib_a-stdio.o)
 .debug_frame   0x00003800       0x20 c:/program files (x86)/cypress/psoc creator/3.3/psoc creator/import/gnu/arm/4.9.3/bin/../lib/gcc/arm-none-eabi/4.9.3/../../../../arm-none-eabi/lib/armv7-m\libg_nano.a(lib_a-strlen.o)
 .debug_frame   0x00003820       0x28 c:/program files (x86)/cypress/psoc creator/3.3/psoc creator/import/gnu/arm/4.9.3/bin/../lib/gcc/arm-none-eabi/4.9.3/../../../../arm-none-eabi/lib/armv7-m\libg_nano.a(lib_a-strncpy.o)
 .debug_frame   0x00003848       0x2c c:/program files (x86)/cypress/psoc creator/3.3/psoc creator/import/gnu/arm/4.9.3/bin/../lib/gcc/arm-none-eabi/4.9.3/../../../../arm-none-eabi/lib/armv7-m\libg_nano.a(lib_a-strpbrk.o)
 .debug_frame   0x00003874       0x2c c:/program files (x86)/cypress/psoc creator/3.3/psoc creator/import/gnu/arm/4.9.3/bin/../lib/gcc/arm-none-eabi/4.9.3/../../../../arm-none-eabi/lib/armv7-m\libg_nano.a(lib_a-writer.o)
 .debug_frame   0x000038a0       0x2c c:/program files (x86)/cypress/psoc creator/3.3/psoc creator/import/gnu/arm/4.9.3/bin/../lib/gcc/arm-none-eabi/4.9.3/../../../../arm-none-eabi/lib/armv7-m\libg_nano.a(lib_a-closer.o)
 .debug_frame   0x000038cc       0x2c c:/program files (x86)/cypress/psoc creator/3.3/psoc creator/import/gnu/arm/4.9.3/bin/../lib/gcc/arm-none-eabi/4.9.3/../../../../arm-none-eabi/lib/armv7-m\libg_nano.a(lib_a-lseekr.o)
 .debug_frame   0x000038f8       0x8c c:/program files (x86)/cypress/psoc creator/3.3/psoc creator/import/gnu/arm/4.9.3/bin/../lib/gcc/arm-none-eabi/4.9.3/../../../../arm-none-eabi/lib/armv7-m\libg_nano.a(lib_a-nano-svfprintf.o)
 .debug_frame   0x00003984       0x70 c:/program files (x86)/cypress/psoc creator/3.3/psoc creator/import/gnu/arm/4.9.3/bin/../lib/gcc/arm-none-eabi/4.9.3/../../../../arm-none-eabi/lib/armv7-m\libg_nano.a(lib_a-nano-svfscanf.o)
 .debug_frame   0x000039f4       0x58 c:/program files (x86)/cypress/psoc creator/3.3/psoc creator/import/gnu/arm/4.9.3/bin/../lib/gcc/arm-none-eabi/4.9.3/../../../../arm-none-eabi/lib/armv7-m\libg_nano.a(lib_a-nano-vfprintf_i.o)
 .debug_frame   0x00003a4c       0x5c c:/program files (x86)/cypress/psoc creator/3.3/psoc creator/import/gnu/arm/4.9.3/bin/../lib/gcc/arm-none-eabi/4.9.3/../../../../arm-none-eabi/lib/armv7-m\libg_nano.a(lib_a-nano-vfscanf_i.o)
 .debug_frame   0x00003aa8       0x2c c:/program files (x86)/cypress/psoc creator/3.3/psoc creator/import/gnu/arm/4.9.3/bin/../lib/gcc/arm-none-eabi/4.9.3/../../../../arm-none-eabi/lib/armv7-m\libg_nano.a(lib_a-readr.o)
 .debug_frame   0x00003ad4       0x5c c:/program files (x86)/cypress/psoc creator/3.3/psoc creator/import/gnu/arm/4.9.3/bin/../lib/gcc/arm-none-eabi/4.9.3/../../../../arm-none-eabi/lib/armv7-m\libg_nano.a(lib_a-reent.o)
 .debug_frame   0x00003b30       0x30 c:/program files (x86)/cypress/psoc creator/3.3/psoc creator/import/gnu/arm/4.9.3/bin/../lib/gcc/arm-none-eabi/4.9.3/../../../../arm-none-eabi/lib/armv7-m\libg_nano.a(lib_a-sccl.o)
 .debug_frame   0x00003b60       0x54 c:/program files (x86)/cypress/psoc creator/3.3/psoc creator/import/gnu/arm/4.9.3/bin/../lib/gcc/arm-none-eabi/4.9.3/../../../../arm-none-eabi/lib/armv7-m\libg_nano.a(lib_a-strtol.o)
 .debug_frame   0x00003bb4       0x54 c:/program files (x86)/cypress/psoc creator/3.3/psoc creator/import/gnu/arm/4.9.3/bin/../lib/gcc/arm-none-eabi/4.9.3/../../../../arm-none-eabi/lib/armv7-m\libg_nano.a(lib_a-strtoul.o)
 .debug_frame   0x00003c08       0x5c c:/program files (x86)/cypress/psoc creator/3.3/psoc creator/import/gnu/arm/4.9.3/bin/../lib/gcc/arm-none-eabi/4.9.3/../../../../arm-none-eabi/lib/armv7-m\libg_nano.a(lib_a-ungetc.o)
 .debug_frame   0x00003c64       0x68 c:/program files (x86)/cypress/psoc creator/3.3/psoc creator/import/gnu/arm/4.9.3/bin/../lib/gcc/arm-none-eabi/4.9.3/../../../../arm-none-eabi/lib/armv7-m\libg_nano.a(lib_a-fflush.o)
 .debug_frame   0x00003ccc      0x11c c:/program files (x86)/cypress/psoc creator/3.3/psoc creator/import/gnu/arm/4.9.3/bin/../lib/gcc/arm-none-eabi/4.9.3/../../../../arm-none-eabi/lib/armv7-m\libg_nano.a(lib_a-findfp.o)
 .debug_frame   0x00003de8       0x54 c:/program files (x86)/cypress/psoc creator/3.3/psoc creator/import/gnu/arm/4.9.3/bin/../lib/gcc/arm-none-eabi/4.9.3/../../../../arm-none-eabi/lib/armv7-m\libg_nano.a(lib_a-fwalk.o)
 .debug_frame   0x00003e3c       0x28 c:/program files (x86)/cypress/psoc creator/3.3/psoc creator/import/gnu/arm/4.9.3/bin/../lib/gcc/arm-none-eabi/4.9.3/../../../../arm-none-eabi/lib/armv7-m\libg_nano.a(lib_a-memchr.o)
 .debug_frame   0x00003e64       0x28 c:/program files (x86)/cypress/psoc creator/3.3/psoc creator/import/gnu/arm/4.9.3/bin/../lib/gcc/arm-none-eabi/4.9.3/../../../../arm-none-eabi/lib/armv7-m\libg_nano.a(lib_a-memmove.o)
 .debug_frame   0x00003e8c       0x2c c:/program files (x86)/cypress/psoc creator/3.3/psoc creator/import/gnu/arm/4.9.3/bin/../lib/gcc/arm-none-eabi/4.9.3/../../../../arm-none-eabi/lib/armv7-m\libg_nano.a(lib_a-nano-freer.o)
 .debug_frame   0x00003eb8       0x2c c:/program files (x86)/cypress/psoc creator/3.3/psoc creator/import/gnu/arm/4.9.3/bin/../lib/gcc/arm-none-eabi/4.9.3/../../../../arm-none-eabi/lib/armv7-m\libg_nano.a(lib_a-nano-mallocr.o)
 .debug_frame   0x00003ee4       0x3c c:/program files (x86)/cypress/psoc creator/3.3/psoc creator/import/gnu/arm/4.9.3/bin/../lib/gcc/arm-none-eabi/4.9.3/../../../../arm-none-eabi/lib/armv7-m\libg_nano.a(lib_a-nano-reallocr.o)
 .debug_frame   0x00003f20       0x2c c:/program files (x86)/cypress/psoc creator/3.3/psoc creator/import/gnu/arm/4.9.3/bin/../lib/gcc/arm-none-eabi/4.9.3/../../../../arm-none-eabi/lib/armv7-m\libg_nano.a(lib_a-sbrkr.o)
 .debug_frame   0x00003f4c       0x20 c:/program files (x86)/cypress/psoc creator/3.3/psoc creator/import/gnu/arm/4.9.3/bin/../lib/gcc/arm-none-eabi/4.9.3/../../../../arm-none-eabi/lib/armv7-m\libg_nano.a(lib_a-nano-msizer.o)
 .debug_frame   0x00003f6c       0x20 c:/program files (x86)/cypress/psoc creator/3.3/psoc creator/import/gnu/arm/4.9.3/bin/../lib/gcc/arm-none-eabi/4.9.3/../../../../arm-none-eabi/lib/armv7-m\libnosys.a(close.o)
 .debug_frame   0x00003f8c       0x20 c:/program files (x86)/cypress/psoc creator/3.3/psoc creator/import/gnu/arm/4.9.3/bin/../lib/gcc/arm-none-eabi/4.9.3/../../../../arm-none-eabi/lib/armv7-m\libnosys.a(lseek.o)
 .debug_frame   0x00003fac       0x20 c:/program files (x86)/cypress/psoc creator/3.3/psoc creator/import/gnu/arm/4.9.3/bin/../lib/gcc/arm-none-eabi/4.9.3/../../../../arm-none-eabi/lib/armv7-m\libnosys.a(read.o)
 .debug_frame   0x00003fcc       0x20 c:/program files (x86)/cypress/psoc creator/3.3/psoc creator/import/gnu/arm/4.9.3/bin/../lib/gcc/arm-none-eabi/4.9.3/../../../../arm-none-eabi/lib/armv7-m\libnosys.a(write.o)

.debug_str      0x00000000     0x2d09
 *(.debug_str)
 .debug_str     0x00000000      0x40a .\ARM_GCC_493\Debug\main.o
                                0x459 (size before relaxing)
 .debug_str     0x0000040a       0x77 .\ARM_GCC_493\Debug\cymetadata.o
                                0x1f2 (size before relaxing)
 .debug_str     0x00000481      0x132 .\ARM_GCC_493\Debug\Cm3Start.o
                                0x2d3 (size before relaxing)
 .debug_str     0x000005b3      0x132 .\ARM_GCC_493\Debug\Simple_Oscope.a(cyfitter_cfg.o)
                                0x2e1 (size before relaxing)
 .debug_str     0x000006e5      0x359 .\ARM_GCC_493\Debug\Simple_Oscope.a(CyDmac.o)
                                0x519 (size before relaxing)
 .debug_str     0x00000a3e      0x7c8 .\ARM_GCC_493\Debug\Simple_Oscope.a(CyLib.o)
                                0x9ce (size before relaxing)
 .debug_str     0x00001206      0x367 .\ARM_GCC_493\Debug\Simple_Oscope.a(cyPm.o)
                                0x533 (size before relaxing)
 .debug_str     0x0000156d      0x104 .\ARM_GCC_493\Debug\Simple_Oscope.a(UART_RX.o)
                                0x2be (size before relaxing)
 .debug_str     0x00001671      0x2d6 .\ARM_GCC_493\Debug\Simple_Oscope.a(UART.o)
                                0x47e (size before relaxing)
 .debug_str     0x00001947       0x2f .\ARM_GCC_493\Debug\Simple_Oscope.a(UART_INT.o)
                                0x1e9 (size before relaxing)
 .debug_str     0x00001976      0x1ac .\ARM_GCC_493\Debug\Simple_Oscope.a(UART_IntClock.o)
                                0x33e (size before relaxing)
 .debug_str     0x00001b22      0x1c3 .\ARM_GCC_493\Debug\Simple_Oscope.a(ADC.o)
                                0x3b3 (size before relaxing)
 .debug_str     0x00001ce5       0x2b .\ARM_GCC_493\Debug\Simple_Oscope.a(ADC_INT.o)
                                0x197 (size before relaxing)
 .debug_str     0x00001d10      0x131 .\ARM_GCC_493\Debug\Simple_Oscope.a(ADC_Clock.o)
                                0x30e (size before relaxing)
 .debug_str     0x00001e41       0xad .\ARM_GCC_493\Debug\Simple_Oscope.a(DMA_ADC_MEM_dma.o)
                                0x22f (size before relaxing)
 .debug_str     0x00001eee      0x1bd .\ARM_GCC_493\Debug\Simple_Oscope.a(TIMER_DMA.o)
                                0x352 (size before relaxing)
 .debug_str     0x000020ab      0x12e .\ARM_GCC_493\Debug\Simple_Oscope.a(DMA_ENABLE.o)
                                0x2e8 (size before relaxing)
 .debug_str     0x000021d9      0x174 .\ARM_GCC_493\Debug\Simple_Oscope.a(DMA_FRAME_READY.o)
                                0x32e (size before relaxing)
 .debug_str     0x0000234d      0x11f .\ARM_GCC_493\Debug\Simple_Oscope.a(DAC_1.o)
                                0x2a8 (size before relaxing)
 .debug_str     0x0000246c      0x155 .\ARM_GCC_493\Debug\Simple_Oscope.a(DAC_1_DacClk.o)
                                0x332 (size before relaxing)
 .debug_str     0x000025c1       0x82 .\ARM_GCC_493\Debug\Simple_Oscope.a(DAC_1_Wave1_DMA_dma.o)
                                0x23f (size before relaxing)
 .debug_str     0x00002643       0x82 .\ARM_GCC_493\Debug\Simple_Oscope.a(DAC_1_Wave2_DMA_dma.o)
                                0x23f (size before relaxing)
 .debug_str     0x000026c5       0xe1 .\ARM_GCC_493\Debug\Simple_Oscope.a(DAC_1_VDAC8.o)
                                0x263 (size before relaxing)
 .debug_str     0x000027a6      0x28d .\ARM_GCC_493\Debug\Simple_Oscope.a(SPS_Divider_Counter.o)
                                0x431 (size before relaxing)
 .debug_str     0x00002a33       0x6e .\ARM_GCC_493\Debug\Simple_Oscope.a(SPS_Divider_Control_Reg.o)
                                0x1ed (size before relaxing)
 .debug_str     0x00002aa1      0x147 .\ARM_GCC_493\Debug\Simple_Oscope.a(CyFlash.o)
                                0x2f2 (size before relaxing)
 .debug_str     0x00002be8      0x121 .\ARM_GCC_493\Debug\Simple_Oscope.a(CySpc.o)
                                0x2ef (size before relaxing)

.debug_loc
 *(.debug_loc)

.debug_macinfo
 *(.debug_macinfo)

.debug_ranges   0x00000000      0xbb0
 *(.debug_ranges)
 .debug_ranges  0x00000000       0x88 .\ARM_GCC_493\Debug\main.o
 .debug_ranges  0x00000088       0x38 .\ARM_GCC_493\Debug\Cm3Start.o
 .debug_ranges  0x000000c0       0x48 .\ARM_GCC_493\Debug\Simple_Oscope.a(cyfitter_cfg.o)
 .debug_ranges  0x00000108       0xc8 .\ARM_GCC_493\Debug\Simple_Oscope.a(CyDmac.o)
 .debug_ranges  0x000001d0      0x288 .\ARM_GCC_493\Debug\Simple_Oscope.a(CyLib.o)
 .debug_ranges  0x00000458       0x88 .\ARM_GCC_493\Debug\Simple_Oscope.a(cyPm.o)
 .debug_ranges  0x000004e0       0x70 .\ARM_GCC_493\Debug\Simple_Oscope.a(UART_RX.o)
 .debug_ranges  0x00000550       0xe0 .\ARM_GCC_493\Debug\Simple_Oscope.a(UART.o)
 .debug_ranges  0x00000630       0x10 .\ARM_GCC_493\Debug\Simple_Oscope.a(UART_INT.o)
 .debug_ranges  0x00000640       0x60 .\ARM_GCC_493\Debug\Simple_Oscope.a(UART_IntClock.o)
 .debug_ranges  0x000006a0       0x98 .\ARM_GCC_493\Debug\Simple_Oscope.a(ADC.o)
 .debug_ranges  0x00000738       0x10 .\ARM_GCC_493\Debug\Simple_Oscope.a(ADC_INT.o)
 .debug_ranges  0x00000748       0x60 .\ARM_GCC_493\Debug\Simple_Oscope.a(ADC_Clock.o)
 .debug_ranges  0x000007a8       0x18 .\ARM_GCC_493\Debug\Simple_Oscope.a(DMA_ADC_MEM_dma.o)
 .debug_ranges  0x000007c0       0x80 .\ARM_GCC_493\Debug\Simple_Oscope.a(TIMER_DMA.o)
 .debug_ranges  0x00000840       0x70 .\ARM_GCC_493\Debug\Simple_Oscope.a(DMA_ENABLE.o)
 .debug_ranges  0x000008b0       0x70 .\ARM_GCC_493\Debug\Simple_Oscope.a(DMA_FRAME_READY.o)
 .debug_ranges  0x00000920       0x40 .\ARM_GCC_493\Debug\Simple_Oscope.a(DAC_1.o)
 .debug_ranges  0x00000960       0x60 .\ARM_GCC_493\Debug\Simple_Oscope.a(DAC_1_DacClk.o)
 .debug_ranges  0x000009c0       0x18 .\ARM_GCC_493\Debug\Simple_Oscope.a(DAC_1_Wave1_DMA_dma.o)
 .debug_ranges  0x000009d8       0x18 .\ARM_GCC_493\Debug\Simple_Oscope.a(DAC_1_Wave2_DMA_dma.o)
 .debug_ranges  0x000009f0       0x48 .\ARM_GCC_493\Debug\Simple_Oscope.a(DAC_1_VDAC8.o)
 .debug_ranges  0x00000a38       0x88 .\ARM_GCC_493\Debug\Simple_Oscope.a(SPS_Divider_Counter.o)
 .debug_ranges  0x00000ac0       0x18 .\ARM_GCC_493\Debug\Simple_Oscope.a(SPS_Divider_Control_Reg.o)
 .debug_ranges  0x00000ad8       0x70 .\ARM_GCC_493\Debug\Simple_Oscope.a(CyFlash.o)
 .debug_ranges  0x00000b48       0x68 .\ARM_GCC_493\Debug\Simple_Oscope.a(CySpc.o)

.comment        0x00000000       0x70
 .comment       0x00000000       0x70 .\ARM_GCC_493\Debug\main.o
                                 0x71 (size before relaxing)
 .comment       0x00000000       0x71 .\ARM_GCC_493\Debug\cymetadata.o
 .comment       0x00000000       0x71 .\ARM_GCC_493\Debug\Cm3Start.o
 .comment       0x00000000       0x71 .\ARM_GCC_493\Debug\Simple_Oscope.a(cyfitter_cfg.o)
 .comment       0x00000000       0x71 .\ARM_GCC_493\Debug\Simple_Oscope.a(CyDmac.o)
 .comment       0x00000000       0x71 .\ARM_GCC_493\Debug\Simple_Oscope.a(CyLib.o)
 .comment       0x00000000       0x71 .\ARM_GCC_493\Debug\Simple_Oscope.a(cyPm.o)
 .comment       0x00000000       0x71 .\ARM_GCC_493\Debug\Simple_Oscope.a(UART_RX.o)
 .comment       0x00000000       0x71 .\ARM_GCC_493\Debug\Simple_Oscope.a(UART.o)
 .comment       0x00000000       0x71 .\ARM_GCC_493\Debug\Simple_Oscope.a(UART_INT.o)
 .comment       0x00000000       0x71 .\ARM_GCC_493\Debug\Simple_Oscope.a(UART_IntClock.o)
 .comment       0x00000000       0x71 .\ARM_GCC_493\Debug\Simple_Oscope.a(ADC.o)
 .comment       0x00000000       0x71 .\ARM_GCC_493\Debug\Simple_Oscope.a(ADC_INT.o)
 .comment       0x00000000       0x71 .\ARM_GCC_493\Debug\Simple_Oscope.a(ADC_Clock.o)
 .comment       0x00000000       0x71 .\ARM_GCC_493\Debug\Simple_Oscope.a(DMA_ADC_MEM_dma.o)
 .comment       0x00000000       0x71 .\ARM_GCC_493\Debug\Simple_Oscope.a(TIMER_DMA.o)
 .comment       0x00000000       0x71 .\ARM_GCC_493\Debug\Simple_Oscope.a(DMA_ENABLE.o)
 .comment       0x00000000       0x71 .\ARM_GCC_493\Debug\Simple_Oscope.a(DMA_FRAME_READY.o)
 .comment       0x00000000       0x71 .\ARM_GCC_493\Debug\Simple_Oscope.a(DAC_1.o)
 .comment       0x00000000       0x71 .\ARM_GCC_493\Debug\Simple_Oscope.a(DAC_1_DacClk.o)
 .comment       0x00000000       0x71 .\ARM_GCC_493\Debug\Simple_Oscope.a(DAC_1_Wave1_DMA_dma.o)
 .comment       0x00000000       0x71 .\ARM_GCC_493\Debug\Simple_Oscope.a(DAC_1_Wave2_DMA_dma.o)
 .comment       0x00000000       0x71 .\ARM_GCC_493\Debug\Simple_Oscope.a(DAC_1_VDAC8.o)
 .comment       0x00000000       0x71 .\ARM_GCC_493\Debug\Simple_Oscope.a(SPS_Divider_Counter.o)
 .comment       0x00000000       0x71 .\ARM_GCC_493\Debug\Simple_Oscope.a(SPS_Divider_Control_Reg.o)
 .comment       0x00000000       0x71 .\ARM_GCC_493\Debug\Simple_Oscope.a(CyFlash.o)
 .comment       0x00000000       0x71 .\ARM_GCC_493\Debug\Simple_Oscope.a(CySpc.o)

.debug_weaknames
 *(.debug_weaknames)

.debug_funcnames
 *(.debug_funcnames)

.debug_typenames
 *(.debug_typenames)

.debug_varnames
 *(.debug_varnames)

.note.gnu.arm.ident
 *(.note.gnu.arm.ident)

.ARM.attributes
                0x00000000       0x29
 *(.ARM.attributes)
 .ARM.attributes
                0x00000000       0x1d c:/program files (x86)/cypress/psoc creator/3.3/psoc creator/import/gnu/arm/4.9.3/bin/../lib/gcc/arm-none-eabi/4.9.3/armv7-m/crti.o
 .ARM.attributes
                0x0000001d       0x2d c:/program files (x86)/cypress/psoc creator/3.3/psoc creator/import/gnu/arm/4.9.3/bin/../lib/gcc/arm-none-eabi/4.9.3/armv7-m/crtbegin.o
 .ARM.attributes
                0x0000004a       0x1b c:/program files (x86)/cypress/psoc creator/3.3/psoc creator/import/gnu/arm/4.9.3/bin/../lib/gcc/arm-none-eabi/4.9.3/../../../../arm-none-eabi/lib/armv7-m/crt0.o
 .ARM.attributes
                0x00000065       0x33 .\ARM_GCC_493\Debug\main.o
 .ARM.attributes
                0x00000098       0x33 .\ARM_GCC_493\Debug\cymetadata.o
 .ARM.attributes
                0x000000cb       0x33 .\ARM_GCC_493\Debug\Cm3Start.o
 .ARM.attributes
                0x000000fe       0x33 .\ARM_GCC_493\Debug\Simple_Oscope.a(cyfitter_cfg.o)
 .ARM.attributes
                0x00000131       0x21 .\ARM_GCC_493\Debug\Simple_Oscope.a(CyBootAsmGnu.o)
 .ARM.attributes
                0x00000152       0x33 .\ARM_GCC_493\Debug\Simple_Oscope.a(CyDmac.o)
 .ARM.attributes
                0x00000185       0x33 .\ARM_GCC_493\Debug\Simple_Oscope.a(CyLib.o)
 .ARM.attributes
                0x000001b8       0x33 .\ARM_GCC_493\Debug\Simple_Oscope.a(cyPm.o)
 .ARM.attributes
                0x000001eb       0x33 .\ARM_GCC_493\Debug\Simple_Oscope.a(UART_RX.o)
 .ARM.attributes
                0x0000021e       0x33 .\ARM_GCC_493\Debug\Simple_Oscope.a(UART.o)
 .ARM.attributes
                0x00000251       0x33 .\ARM_GCC_493\Debug\Simple_Oscope.a(UART_INT.o)
 .ARM.attributes
                0x00000284       0x33 .\ARM_GCC_493\Debug\Simple_Oscope.a(UART_IntClock.o)
 .ARM.attributes
                0x000002b7       0x33 .\ARM_GCC_493\Debug\Simple_Oscope.a(ADC.o)
 .ARM.attributes
                0x000002ea       0x33 .\ARM_GCC_493\Debug\Simple_Oscope.a(ADC_INT.o)
 .ARM.attributes
                0x0000031d       0x33 .\ARM_GCC_493\Debug\Simple_Oscope.a(ADC_Clock.o)
 .ARM.attributes
                0x00000350       0x33 .\ARM_GCC_493\Debug\Simple_Oscope.a(DMA_ADC_MEM_dma.o)
 .ARM.attributes
                0x00000383       0x33 .\ARM_GCC_493\Debug\Simple_Oscope.a(TIMER_DMA.o)
 .ARM.attributes
                0x000003b6       0x33 .\ARM_GCC_493\Debug\Simple_Oscope.a(DMA_ENABLE.o)
 .ARM.attributes
                0x000003e9       0x33 .\ARM_GCC_493\Debug\Simple_Oscope.a(DMA_FRAME_READY.o)
 .ARM.attributes
                0x0000041c       0x33 .\ARM_GCC_493\Debug\Simple_Oscope.a(DAC_1.o)
 .ARM.attributes
                0x0000044f       0x33 .\ARM_GCC_493\Debug\Simple_Oscope.a(DAC_1_DacClk.o)
 .ARM.attributes
                0x00000482       0x33 .\ARM_GCC_493\Debug\Simple_Oscope.a(DAC_1_Wave1_DMA_dma.o)
 .ARM.attributes