Archive member included because of file (symbol)

.\ARM_GCC_493\Debug\Simple_Oscope.a(cyfitter_cfg.o)
                              .\ARM_GCC_493\Debug\Cm3Start.o (cyfitter_cfg)
.\ARM_GCC_493\Debug\Simple_Oscope.a(CyBootAsmGnu.o)
                              .\ARM_GCC_493\Debug\Simple_Oscope.a(cyfitter_cfg.o) (CyDelayCycles)
.\ARM_GCC_493\Debug\Simple_Oscope.a(CyDmac.o)
                              .\ARM_GCC_493\Debug\Cm3Start.o (CyDmacConfigure)
.\ARM_GCC_493\Debug\Simple_Oscope.a(CyLib.o)
                              .\ARM_GCC_493\Debug\Cm3Start.o (CyResetStatus)
.\ARM_GCC_493\Debug\Simple_Oscope.a(cyPm.o)
                              .\ARM_GCC_493\Debug\Simple_Oscope.a(CyLib.o) (CyPmReadStatus)
.\ARM_GCC_493\Debug\Simple_Oscope.a(UART.o)
                              .\ARM_GCC_493\Debug\main.o (UART_Start)
.\ARM_GCC_493\Debug\Simple_Oscope.a(UART_INT.o)
                              .\ARM_GCC_493\Debug\Simple_Oscope.a(UART.o) (UART_RXISR)
.\ARM_GCC_493\Debug\Simple_Oscope.a(UART_IntClock.o)
                              .\ARM_GCC_493\Debug\Simple_Oscope.a(UART.o) (UART_IntClock_Start)
.\ARM_GCC_493\Debug\Simple_Oscope.a(ADC.o)
                              .\ARM_GCC_493\Debug\main.o (ADC_Start)
.\ARM_GCC_493\Debug\Simple_Oscope.a(ADC_INT.o)
                              .\ARM_GCC_493\Debug\Simple_Oscope.a(ADC.o) (ADC_ISR)
.\ARM_GCC_493\Debug\Simple_Oscope.a(ADC_Clock.o)
                              .\ARM_GCC_493\Debug\main.o (ADC_Clock_SetDividerRegister)
.\ARM_GCC_493\Debug\Simple_Oscope.a(DMA_ADC_MEM_dma.o)
                              .\ARM_GCC_493\Debug\main.o (DMA_ADC_MEM_DmaInitialize)
.\ARM_GCC_493\Debug\Simple_Oscope.a(TIMER_DMA.o)
                              .\ARM_GCC_493\Debug\main.o (TIMER_DMA_Init)
.\ARM_GCC_493\Debug\Simple_Oscope.a(DMA_ENABLE.o)
                              .\ARM_GCC_493\Debug\main.o (DMA_ENABLE_StartEx)
.\ARM_GCC_493\Debug\Simple_Oscope.a(DMA_FRAME_READY.o)
                              .\ARM_GCC_493\Debug\main.o (DMA_FRAME_READY_StartEx)
.\ARM_GCC_493\Debug\Simple_Oscope.a(DAC_1.o)
                              .\ARM_GCC_493\Debug\main.o (DAC_1_Wave1Setup)
.\ARM_GCC_493\Debug\Simple_Oscope.a(DAC_1_Wave1_DMA_dma.o)
                              .\ARM_GCC_493\Debug\Simple_Oscope.a(DAC_1.o) (DAC_1_Wave1_DMA_DmaInitialize)
.\ARM_GCC_493\Debug\Simple_Oscope.a(DAC_1_Wave2_DMA_dma.o)
                              .\ARM_GCC_493\Debug\Simple_Oscope.a(DAC_1.o) (DAC_1_Wave2_DMA_DmaInitialize)
.\ARM_GCC_493\Debug\Simple_Oscope.a(DAC_1_VDAC8.o)
                              .\ARM_GCC_493\Debug\Simple_Oscope.a(DAC_1.o) (DAC_1_VDAC8_Init)
.\ARM_GCC_493\Debug\Simple_Oscope.a(SPS_Divider_Counter.o)
                              .\ARM_GCC_493\Debug\main.o (SPS_Divider_Counter_WritePeriod)
.\ARM_GCC_493\Debug\Simple_Oscope.a(SPS_Divider_Control_Reg.o)
                              .\ARM_GCC_493\Debug\main.o (SPS_Divider_Control_Reg_Write)
.\ARM_GCC_493\Debug\Simple_Oscope.a(SPS_Divider_Control_Reg_PM.o)
                              .\ARM_GCC_493\Debug\main.o (SPS_Divider_Control_Reg_SaveConfig)
.\ARM_GCC_493\Debug\Simple_Oscope.a(DAC_Clock.o)
                              .\ARM_GCC_493\Debug\main.o (DAC_Clock_SetDividerRegister)
.\ARM_GCC_493\Debug\Simple_Oscope.a(CyFlash.o)
                              .\ARM_GCC_493\Debug\Simple_Oscope.a(cyPm.o) (CyFlash_SetWaitCycles)
.\ARM_GCC_493\Debug\Simple_Oscope.a(CySpc.o)
                              .\ARM_GCC_493\Debug\Simple_Oscope.a(CyFlash.o) (CySpcStart)
d:/programs/cypress/psoc creator/3.3/psoc creator/import/gnu/arm/4.9.3/bin/../lib/gcc/arm-none-eabi/4.9.3/../../../../arm-none-eabi/lib/armv7-m\libm.a(lib_a-s_floor.o)
                              .\ARM_GCC_493\Debug\main.o (floor)
d:/programs/cypress/psoc creator/3.3/psoc creator/import/gnu/arm/4.9.3/bin/../lib/gcc/arm-none-eabi/4.9.3/../../../../arm-none-eabi/lib/armv7-m\libm.a(lib_a-s_sin.o)
                              .\ARM_GCC_493\Debug\main.o (sin)
d:/programs/cypress/psoc creator/3.3/psoc creator/import/gnu/arm/4.9.3/bin/../lib/gcc/arm-none-eabi/4.9.3/../../../../arm-none-eabi/lib/armv7-m\libm.a(lib_a-e_rem_pio2.o)
                              d:/programs/cypress/psoc creator/3.3/psoc creator/import/gnu/arm/4.9.3/bin/../lib/gcc/arm-none-eabi/4.9.3/../../../../arm-none-eabi/lib/armv7-m\libm.a(lib_a-s_sin.o) (__ieee754_rem_pio2)
d:/programs/cypress/psoc creator/3.3/psoc creator/import/gnu/arm/4.9.3/bin/../lib/gcc/arm-none-eabi/4.9.3/../../../../arm-none-eabi/lib/armv7-m\libm.a(lib_a-k_cos.o)
                              d:/programs/cypress/psoc creator/3.3/psoc creator/import/gnu/arm/4.9.3/bin/../lib/gcc/arm-none-eabi/4.9.3/../../../../arm-none-eabi/lib/armv7-m\libm.a(lib_a-s_sin.o) (__kernel_cos)
d:/programs/cypress/psoc creator/3.3/psoc creator/import/gnu/arm/4.9.3/bin/../lib/gcc/arm-none-eabi/4.9.3/../../../../arm-none-eabi/lib/armv7-m\libm.a(lib_a-k_rem_pio2.o)
[...]
Memory Configuration

Name             Origin             Length             Attributes
rom              0x00000000         0x00040000         xr
ram              0x1fff8000         0x00010000         xrw
*default*        0x00000000         0xffffffff

Linker script and memory map

LOAD d:/programs/cypress/psoc creator/3.3/psoc creator/import/gnu/arm/4.9.3/bin/../lib/gcc/arm-none-eabi/4.9.3/armv7-m/crti.o
LOAD d:/programs/cypress/psoc creator/3.3/psoc creator/import/gnu/arm/4.9.3/bin/../lib/gcc/arm-none-eabi/4.9.3/armv7-m/crtbegin.o
LOAD d:/programs/cypress/psoc creator/3.3/psoc creator/import/gnu/arm/4.9.3/bin/../lib/gcc/arm-none-eabi/4.9.3/../../../../arm-none-eabi/lib/armv7-m/crt0.o
START GROUP
LOAD .\ARM_GCC_493\Debug\main.o
LOAD .\ARM_GCC_493\Debug\cymetadata.o
LOAD .\ARM_GCC_493\Debug\Cm3Start.o
LOAD .\ARM_GCC_493\Debug\Simple_Oscope.a
LOAD D:\Programs\Cypress\PSoC Creator\3.3\PSoC Creator\psoc\content\cycomponentlibrary\CyComponentLibrary.cylib\CortexM3\ARM_GCC_493\Debug\CyComponentLibrary.a
LOAD d:/programs/cypress/psoc creator/3.3/psoc creator/import/gnu/arm/4.9.3/bin/../lib/gcc/arm-none-eabi/4.9.3/../../../../arm-none-eabi/lib/armv7-m\libm.a
END GROUP
START GROUP
LOAD d:/programs/cypress/psoc creator/3.3/psoc creator/import/gnu/arm/4.9.3/bin/../lib/gcc/arm-none-eabi/4.9.3/armv7-m\libgcc.a
LOAD d:/programs/cypress/psoc creator/3.3/psoc creator/import/gnu/arm/4.9.3/bin/../lib/gcc/arm-none-eabi/4.9.3/../../../../arm-none-eabi/lib/armv7-m\libg_nano.a
LOAD d:/programs/cypress/psoc creator/3.3/psoc creator/import/gnu/arm/4.9.3/bin/../lib/gcc/arm-none-eabi/4.9.3/../../../../arm-none-eabi/lib/armv7-m\libc_nano.a
END GROUP
START GROUP
LOAD d:/programs/cypress/psoc creator/3.3/psoc creator/import/gnu/arm/4.9.3/bin/../lib/gcc/arm-none-eabi/4.9.3/armv7-m\libgcc.a
LOAD d:/programs/cypress/psoc creator/3.3/psoc creator/import/gnu/arm/4.9.3/bin/../lib/gcc/arm-none-eabi/4.9.3/../../../../arm-none-eabi/lib/armv7-m\libc_nano.a
END GROUP
LOAD d:/programs/cypress/psoc creator/3.3/psoc creator/import/gnu/arm/4.9.3/bin/../lib/gcc/arm-none-eabi/4.9.3/armv7-m/crtend.o
LOAD d:/programs/cypress/psoc creator/3.3/psoc creator/import/gnu/arm/4.9.3/bin/../lib/gcc/arm-none-eabi/4.9.3/armv7-m/crtn.o
START GROUP
LOAD d:/programs/cypress/psoc creator/3.3/psoc creator/import/gnu/arm/4.9.3/bin/../lib/gcc/arm-none-eabi/4.9.3/armv7-m\libgcc.a
LOAD d:/programs/cypress/psoc creator/3.3/psoc creator/import/gnu/arm/4.9.3/bin/../lib/gcc/arm-none-eabi/4.9.3/../../../../arm-none-eabi/lib/armv7-m\libc.a
LOAD d:/programs/cypress/psoc creator/3.3/psoc creator/import/gnu/arm/4.9.3/bin/../lib/gcc/arm-none-eabi/4.9.3/../../../../arm-none-eabi/lib/armv7-m\libnosys.a
END GROUP
                0x00000000                CY_APPL_ORIGIN = 0x0
                0x00000100                CY_FLASH_ROW_SIZE = 0x100
                0x00000020                CY_ECC_ROW_SIZE = 0x20
                0x00000000                CY_EE_IN_BTLDR = 0x0
                0x00000000                CY_APPL_LOADABLE = 0x0
                0x00000800                CY_EE_SIZE = 0x800
                0x00000001                CY_APPL_NUM = 0x1
                0x00000001                CY_APPL_MAX = 0x1
                0x00000040                CY_METADATA_SIZE = 0x40
                0x00000000                CY_APPL_LOADABLE = 0x0
                0x00000000                CY_CHECKSUM_EXCLUDE_SIZE = ALIGN (0x0, CY_FLASH_ROW_SIZE)
                0x1fffa120                PROVIDE (__cy_heap_start, _end)
                0x00000001                PROVIDE (__cy_region_num, ((__cy_regions_end - __cy_regions) / 0x10))
                0x20008000                PROVIDE (__cy_stack, (ORIGIN (ram) + 0x10000))
                0x20007800                PROVIDE (__cy_heap_end, (__cy_stack - 0x800))

.cybootloader   0x00000000        0x0
 *(.cybootloader)
                0x00000000                appl1_start = CY_APPL_ORIGIN?CY_APPL_ORIGIN:ALIGN (CY_FLASH_ROW_SIZE)
                0x0001ff00                appl2_start = (appl1_start + ALIGN ((((0x40000 - appl1_start) - (0x2 * CY_FLASH_ROW_SIZE)) / 0x2), CY_FLASH_ROW_SIZE))
                0x00000000                appl_start = (CY_APPL_NUM == 0x1)?appl1_start:appl2_start
                0x00000000                ecc_offset = ((appl_start / CY_FLASH_ROW_SIZE) * CY_ECC_ROW_SIZE)
                0x00000000                ee_offset = (CY_APPL_LOADABLE && ! (CY_EE_IN_BTLDR))?((CY_EE_SIZE / CY_APPL_MAX) * (CY_APPL_NUM - 0x1)):0x0
                0x00000800                ee_size = (CY_APPL_LOADABLE && ! (CY_EE_IN_BTLDR))?(CY_EE_SIZE / CY_APPL_MAX):CY_EE_SIZE
                0x00000000                PROVIDE (CY_ECC_OFFSET, ecc_offset)

.text           0x00000000     0x5bbc
 CREATE_OBJECT_SYMBOLS
                0x00000000                PROVIDE (__cy_interrupt_vector, RomVectors)
 *(.romvectors)
 .romvectors    0x00000000       0x10 .\ARM_GCC_493\Debug\Cm3Start.o
                0x00000000                RomVectors
                0x00000001                ASSERT ((. != __cy_interrupt_vector), No interrupt vector)
                0x00000001                ASSERT (CY_APPL_ORIGIN?(SIZEOF (.cybootloader) <= CY_APPL_ORIGIN):0x1, Wrong image location)
                0x00000010                PROVIDE (__cy_reset, Reset)
 *(.text.Reset)
 .text.Reset    0x00000010       0x18 .\ARM_GCC_493\Debug\Cm3Start.o
                0x00000010                Reset
                0x00000001                ASSERT ((. != __cy_reset), No reset code)
 *(.dma_init)
                0x00000001                ASSERT ((((appl_start + .) <= 0x10000) || 0x1), DMA Init must be within the first 64k of flash)
 *(.text .text.* .gnu.linkonce.t.*)
 .text          0x00000028       0x5c d:/programs/cypress/psoc creator/3.3/psoc creator/import/gnu/arm/4.9.3/bin/../lib/gcc/arm-none-eabi/4.9.3/armv7-m/crtbegin.o
 .text.main     0x00000084       0xd4 .\ARM_GCC_493\Debug\main.o
                0x00000084                main
 .text.parseCommand
                0x00000158      0x3c0 .\ARM_GCC_493\Debug\main.o
                0x00000158                parseCommand
 .text.regenerateWave
                0x00000518      0x390 .\ARM_GCC_493\Debug\main.o
                0x00000518                regenerateWave
 .text.startADC
                0x000008a8       0x30 .\ARM_GCC_493\Debug\main.o
                0x000008a8                startADC
 .text.stopADC  0x000008d8       0x40 .\ARM_GCC_493\Debug\main.o
                0x000008d8                stopADC
 .text.startDAC
                0x00000918       0x1c .\ARM_GCC_493\Debug\main.o
                0x00000918                startDAC
 .text.stopDAC  0x00000934       0x1c .\ARM_GCC_493\Debug\main.o
                0x00000934                stopDAC
 .text.changeSPS
                0x00000950       0xd8 .\ARM_GCC_493\Debug\main.o
                0x00000950                changeSPS
 .text.changeRes
                0x00000a28       0x78 .\ARM_GCC_493\Debug\main.o
                0x00000a28                changeRes
 .text.adcFrameResize
                0x00000aa0       0x30 .\ARM_GCC_493\Debug\main.o
                0x00000aa0                adcFrameResize
 .text.UART_RXISR_ExitCallback
                0x00000ad0       0xb0 .\ARM_GCC_493\Debug\main.o
                0x00000ad0                UART_RXISR_ExitCallback
 .text.TIMER_DMA_INTER
                0x00000b80       0x54 .\ARM_GCC_493\Debug\main.o
                0x00000b80                TIMER_DMA_INTER
 .text.DMA_FRAME_INTER
                0x00000bd4       0x18 .\ARM_GCC_493\Debug\main.o
                0x00000bd4                DMA_FRAME_INTER
 .text.DMA_ADC_MEM_Config
                0x00000bec       0x78 .\ARM_GCC_493\Debug\main.o
                0x00000bec                DMA_ADC_MEM_Config
 .text.DMA_ADC_MEM_Destruct
                0x00000c64       0x18 .\ARM_GCC_493\Debug\main.o
                0x00000c64                DMA_ADC_MEM_Destruct
 .text.IntDefaultHandler
                0x00000c7c        0x8 .\ARM_GCC_493\Debug\Cm3Start.o
                0x00000c7c                IntDefaultHandler
 .text._sbrk    0x00000c84       0x50 .\ARM_GCC_493\Debug\Cm3Start.o
                0x00000c84                _sbrk
 .text.Start_c  0x00000cd4       0x98 .\ARM_GCC_493\Debug\Cm3Start.o
                0x00000cd4                Start_c
 .text.initialize_psoc
                0x00000d6c       0x90 .\ARM_GCC_493\Debug\Cm3Start.o
                0x00000d6c                initialize_psoc
 .text.CYMEMZERO
                0x00000dfc       0x1c .\ARM_GCC_493\Debug\Simple_Oscope.a(cyfitter_cfg.o)
 .text.CYCONFIGCPY
                0x00000e18       0x1c .\ARM_GCC_493\Debug\Simple_Oscope.a(cyfitter_cfg.o)
 .text.cfg_write_bytes32
                0x00000e34       0x74 .\ARM_GCC_493\Debug\Simple_Oscope.a(cyfitter_cfg.o)
 .text.ClockSetup
                0x00000ea8      0x16c .\ARM_GCC_493\Debug\Simple_Oscope.a(cyfitter_cfg.o)
 .text.AnalogSetDefault
                0x00001014       0xc4 .\ARM_GCC_493\Debug\Simple_Oscope.a(cyfitter_cfg.o)
 .text.cyfitter_cfg
                0x000010d8      0x168 .\ARM_GCC_493\Debug\Simple_Oscope.a(cyfitter_cfg.o)
                0x000010d8                cyfitter_cfg
 .text          0x00001240       0x58 .\ARM_GCC_493\Debug\Simple_Oscope.a(CyBootAsmGnu.o)
                0x00001240                CyDelayCycles
                0x0000127e                CyEnterCriticalSection
                0x00001286                CyExitCriticalSection
 .text.CyDmacConfigure
                0x00001298       0x5c .\ARM_GCC_493\Debug\Simple_Oscope.a(CyDmac.o)
                0x00001298                CyDmacConfigure
 .text.CyDmaChEnable
                0x000012f4       0x8c .\ARM_GCC_493\Debug\Simple_Oscope.a(CyDmac.o)
                0x000012f4                CyDmaChEnable
 .text.CyDmaChDisable
                0x00001380       0x64 .\ARM_GCC_493\Debug\Simple_Oscope.a(CyDmac.o)
                0x00001380                CyDmaChDisable
 .text.CyDmaChPriority
                0x000013e4       0x60 .\ARM_GCC_493\Debug\Simple_Oscope.a(CyDmac.o)
                0x000013e4                CyDmaChPriority
 .text.CyDmaChSetExtendedAddress
                0x00001444       0x7c .\ARM_GCC_493\Debug\Simple_Oscope.a(CyDmac.o)
                0x00001444                CyDmaChSetExtendedAddress
 .text.CyDmaChSetInitialTd
                0x000014c0       0x3c .\ARM_GCC_493\Debug\Simple_Oscope.a(CyDmac.o)
                0x000014c0                CyDmaChSetInitialTd
 .text.CyDmaChStatus
                0x000014fc       0x60 .\ARM_GCC_493\Debug\Simple_Oscope.a(CyDmac.o)
                0x000014fc                CyDmaChStatus
 .text.CyDmaChSetConfiguration
                0x0000155c       0xa0 .\ARM_GCC_493\Debug\Simple_Oscope.a(CyDmac.o)
                0x0000155c                CyDmaChSetConfiguration
 .text.CyDmaTdAllocate
                0x000015fc       0x5c .\ARM_GCC_493\Debug\Simple_Oscope.a(CyDmac.o)
                0x000015fc                CyDmaTdAllocate
 .text.CyDmaTdFree
                0x00001658       0x54 .\ARM_GCC_493\Debug\Simple_Oscope.a(CyDmac.o)
                0x00001658                CyDmaTdFree
 .text.CyDmaTdSetConfiguration
                0x000016ac       0x80 .\ARM_GCC_493\Debug\Simple_Oscope.a(CyDmac.o)
                0x000016ac                CyDmaTdSetConfiguration
 .text.CyDmaTdSetAddress
                0x0000172c       0x5c .\ARM_GCC_493\Debug\Simple_Oscope.a(CyDmac.o)
                0x0000172c                CyDmaTdSetAddress
 .text.CyHalt   0x00001788       0x18 .\ARM_GCC_493\Debug\Simple_Oscope.a(CyLib.o)
                0x00001788                CyHalt
 .text.CySoftwareReset
                0x000017a0       0x20 .\ARM_GCC_493\Debug\Simple_Oscope.a(CyLib.o)
                0x000017a0                CySoftwareReset
 .text.CyDelayUs
                0x000017c0       0x24 .\ARM_GCC_493\Debug\Simple_Oscope.a(CyLib.o)
                0x000017c0                CyDelayUs
 .text.CyIntSetVector
                0x000017e4       0x50 .\ARM_GCC_493\Debug\Simple_Oscope.a(CyLib.o)
                0x000017e4                CyIntSetVector
 .text.CyIntSetPriority
                0x00001834       0x44 .\ARM_GCC_493\Debug\Simple_Oscope.a(CyLib.o)
                0x00001834                CyIntSetPriority
 .text.UART_Start
                0x00001878       0x20 .\ARM_GCC_493\Debug\Simple_Oscope.a(UART.o)
                0x00001878                UART_Start
 .text.UART_Init
                0x00001898       0x6c .\ARM_GCC_493\Debug\Simple_Oscope.a(UART.o)
                0x00001898                UART_Init
 .text.UART_Enable
                0x00001904       0x78 .\ARM_GCC_493\Debug\Simple_Oscope.a(UART.o)
                0x00001904                UART_Enable
 .text.UART_ReadRxStatus
                0x0000197c       0x40 .\ARM_GCC_493\Debug\Simple_Oscope.a(UART.o)
                0x0000197c                UART_ReadRxStatus
 .text.UART_GetChar
                0x000019bc       0xb8 .\ARM_GCC_493\Debug\Simple_Oscope.a(UART.o)
                0x000019bc                UART_GetChar
 .text.UART_GetRxBufferSize
                0x00001a74       0x90 .\ARM_GCC_493\Debug\Simple_Oscope.a(UART.o)
                0x00001a74                UART_GetRxBufferSize
 .text.UART_PutChar
                0x00001b04       0xbc .\ARM_GCC_493\Debug\Simple_Oscope.a(UART.o)
                0x00001b04                UART_PutChar
 .text.UART_PutString
                0x00001bc0       0x40 .\ARM_GCC_493\Debug\Simple_Oscope.a(UART.o)
                0x00001bc0                UART_PutString
 .text.UART_PutArray
                0x00001c00       0x40 .\ARM_GCC_493\Debug\Simple_Oscope.a(UART.o)
                0x00001c00                UART_PutArray
 .text.UART_RXISR
                0x00001c40       0xd8 .\ARM_GCC_493\Debug\Simple_Oscope.a(UART_INT.o)
                0x00001c40                UART_RXISR
 .text.UART_TXISR
                0x00001d18       0x70 .\ARM_GCC_493\Debug\Simple_Oscope.a(UART_INT.o)
                0x00001d18                UART_TXISR
 .text.UART_IntClock_Start
                0x00001d88       0x34 .\ARM_GCC_493\Debug\Simple_Oscope.a(UART_IntClock.o)
                0x00001d88                UART_IntClock_Start
 .text.ADC_Start
                0x00001dbc       0x20 .\ARM_GCC_493\Debug\Simple_Oscope.a(ADC.o)
                0x00001dbc                ADC_Start
 .text.ADC_Init
                0x00001ddc       0x40 .\ARM_GCC_493\Debug\Simple_Oscope.a(ADC.o)
                0x00001ddc                ADC_Init
 .text.ADC_Enable
                0x00001e1c       0xcc .\ARM_GCC_493\Debug\Simple_Oscope.a(ADC.o)
                0x00001e1c                ADC_Enable
 .text.ADC_SetPower
                0x00001ee8       0x40 .\ARM_GCC_493\Debug\Simple_Oscope.a(ADC.o)
                0x00001ee8                ADC_SetPower
 .text.ADC_SetResolution
                0x00001f28       0x50 .\ARM_GCC_493\Debug\Simple_Oscope.a(ADC.o)
                0x00001f28                ADC_SetResolution
 .text.ADC_StartConvert
                0x00001f78       0x20 .\ARM_GCC_493\Debug\Simple_Oscope.a(ADC.o)
                0x00001f78                ADC_StartConvert
 .text.ADC_CalcGain
                0x00001f98       0x94 .\ARM_GCC_493\Debug\Simple_Oscope.a(ADC.o)
 .text.ADC_ISR  0x0000202c        0xc .\ARM_GCC_493\Debug\Simple_Oscope.a(ADC_INT.o)
                0x0000202c                ADC_ISR
 .text.ADC_Clock_SetDividerRegister
                0x00002038      0x160 .\ARM_GCC_493\Debug\Simple_Oscope.a(ADC_Clock.o)
                0x00002038                ADC_Clock_SetDividerRegister
 .text.ADC_Clock_GetDividerRegister
                0x00002198       0x18 .\ARM_GCC_493\Debug\Simple_Oscope.a(ADC_Clock.o)
                0x00002198                ADC_Clock_GetDividerRegister
 .text.ADC_Clock_GetSourceRegister
                0x000021b0       0x20 .\ARM_GCC_493\Debug\Simple_Oscope.a(ADC_Clock.o)
                0x000021b0                ADC_Clock_GetSourceRegister
 .text.DMA_ADC_MEM_DmaInitialize
                0x000021d0       0x68 .\ARM_GCC_493\Debug\Simple_Oscope.a(DMA_ADC_MEM_dma.o)
                0x000021d0                DMA_ADC_MEM_DmaInitialize
 .text.DMA_ADC_MEM_DmaRelease
                0x00002238       0x14 .\ARM_GCC_493\Debug\Simple_Oscope.a(DMA_ADC_MEM_dma.o)
                0x00002238                DMA_ADC_MEM_DmaRelease
 .text.TIMER_DMA_Init
                0x0000224c       0x4c .\ARM_GCC_493\Debug\Simple_Oscope.a(TIMER_DMA.o)
                0x0000224c                TIMER_DMA_Init
 .text.TIMER_DMA_Enable
                0x00002298       0x20 .\ARM_GCC_493\Debug\Simple_Oscope.a(TIMER_DMA.o)
                0x00002298                TIMER_DMA_Enable
 .text.TIMER_DMA_Start
                0x000022b8       0x20 .\ARM_GCC_493\Debug\Simple_Oscope.a(TIMER_DMA.o)
                0x000022b8                TIMER_DMA_Start
 .text.TIMER_DMA_Stop
                0x000022d8       0x20 .\ARM_GCC_493\Debug\Simple_Oscope.a(TIMER_DMA.o)
                0x000022d8                TIMER_DMA_Stop
 .text.TIMER_DMA_SetInterruptMode
                0x000022f8       0x20 .\ARM_GCC_493\Debug\Simple_Oscope.a(TIMER_DMA.o)
                0x000022f8                TIMER_DMA_SetInterruptMode
 .text.TIMER_DMA_ReadStatusRegister
                0x00002318       0x18 .\ARM_GCC_493\Debug\Simple_Oscope.a(TIMER_DMA.o)
                0x00002318                TIMER_DMA_ReadStatusRegister
 .text.TIMER_DMA_WritePeriod
                0x00002330       0x1c .\ARM_GCC_493\Debug\Simple_Oscope.a(TIMER_DMA.o)
                0x00002330                TIMER_DMA_WritePeriod
 .text.TIMER_DMA_ReadCapture
                0x0000234c       0x18 .\ARM_GCC_493\Debug\Simple_Oscope.a(TIMER_DMA.o)
                0x0000234c                TIMER_DMA_ReadCapture
 .text.TIMER_DMA_WriteCounter
                0x00002364       0x1c .\ARM_GCC_493\Debug\Simple_Oscope.a(TIMER_DMA.o)
                0x00002364                TIMER_DMA_WriteCounter
 .text.TIMER_DMA_ClearFIFO
                0x00002380       0x1c .\ARM_GCC_493\Debug\Simple_Oscope.a(TIMER_DMA.o)
                0x00002380                TIMER_DMA_ClearFIFO
 .text.DMA_ENABLE_StartEx
                0x0000239c       0x24 .\ARM_GCC_493\Debug\Simple_Oscope.a(DMA_ENABLE.o)
                0x0000239c                DMA_ENABLE_StartEx
 .text.DMA_ENABLE_SetVector
                0x000023c0       0x24 .\ARM_GCC_493\Debug\Simple_Oscope.a(DMA_ENABLE.o)
                0x000023c0                DMA_ENABLE_SetVector
 .text.DMA_ENABLE_SetPriority
                0x000023e4       0x24 .\ARM_GCC_493\Debug\Simple_Oscope.a(DMA_ENABLE.o)
                0x000023e4                DMA_ENABLE_SetPriority
 .text.DMA_ENABLE_Enable
                0x00002408       0x18 .\ARM_GCC_493\Debug\Simple_Oscope.a(DMA_ENABLE.o)
                0x00002408                DMA_ENABLE_Enable
 .text.DMA_ENABLE_Disable
                0x00002420       0x18 .\ARM_GCC_493\Debug\Simple_Oscope.a(DMA_ENABLE.o)
                0x00002420                DMA_ENABLE_Disable
 .text.DMA_FRAME_READY_StartEx
                0x00002438       0x24 .\ARM_GCC_493\Debug\Simple_Oscope.a(DMA_FRAME_READY.o)
                0x00002438                DMA_FRAME_READY_StartEx
 .text.DMA_FRAME_READY_SetVector
                0x0000245c       0x24 .\ARM_GCC_493\Debug\Simple_Oscope.a(DMA_FRAME_READY.o)
                0x0000245c                DMA_FRAME_READY_SetVector
 .text.DMA_FRAME_READY_SetPriority
                0x00002480       0x24 .\ARM_GCC_493\Debug\Simple_Oscope.a(DMA_FRAME_READY.o)
                0x00002480                DMA_FRAME_READY_SetPriority
 .text.DMA_FRAME_READY_Enable
                0x000024a4       0x18 .\ARM_GCC_493\Debug\Simple_Oscope.a(DMA_FRAME_READY.o)
                0x000024a4                DMA_FRAME_READY_Enable
 .text.DMA_FRAME_READY_Disable
                0x000024bc       0x18 .\ARM_GCC_493\Debug\Simple_Oscope.a(DMA_FRAME_READY.o)
                0x000024bc                DMA_FRAME_READY_Disable
 .text.DAC_1_Init
                0x000024d4       0x50 .\ARM_GCC_493\Debug\Simple_Oscope.a(DAC_1.o)
                0x000024d4                DAC_1_Init
 .text.DAC_1_Enable
                0x00002524       0x30 .\ARM_GCC_493\Debug\Simple_Oscope.a(DAC_1.o)
                0x00002524                DAC_1_Enable
 .text.DAC_1_Start
                0x00002554       0x20 .\ARM_GCC_493\Debug\Simple_Oscope.a(DAC_1.o)
                0x00002554                DAC_1_Start
 .text.DAC_1_Stop
                0x00002574       0x28 .\ARM_GCC_493\Debug\Simple_Oscope.a(DAC_1.o)
                0x00002574                DAC_1_Stop
 .text.DAC_1_Wave1Setup
                0x0000259c       0x70 .\ARM_GCC_493\Debug\Simple_Oscope.a(DAC_1.o)
                0x0000259c                DAC_1_Wave1Setup
 .text.DAC_1_Wave2Setup
                0x0000260c       0x70 .\ARM_GCC_493\Debug\Simple_Oscope.a(DAC_1.o)
                0x0000260c                DAC_1_Wave2Setup
 .text.DAC_1_Wave1_DMA_DmaInitialize
                0x0000267c       0x68 .\ARM_GCC_493\Debug\Simple_Oscope.a(DAC_1_Wave1_DMA_dma.o)
                0x0000267c                DAC_1_Wave1_DMA_DmaInitialize
 .text.DAC_1_Wave2_DMA_DmaInitialize
                0x000026e4       0x68 .\ARM_GCC_493\Debug\Simple_Oscope.a(DAC_1_Wave2_DMA_dma.o)
                0x000026e4                DAC_1_Wave2_DMA_DmaInitialize
 .text.DAC_1_VDAC8_Init
                0x0000274c       0x3c .\ARM_GCC_493\Debug\Simple_Oscope.a(DAC_1_VDAC8.o)
                0x0000274c                DAC_1_VDAC8_Init
 .text.DAC_1_VDAC8_Enable
                0x00002788       0x34 .\ARM_GCC_493\Debug\Simple_Oscope.a(DAC_1_VDAC8.o)
                0x00002788                DAC_1_VDAC8_Enable
 .text.DAC_1_VDAC8_Stop
                0x000027bc       0x34 .\ARM_GCC_493\Debug\Simple_Oscope.a(DAC_1_VDAC8.o)
                0x000027bc                DAC_1_VDAC8_Stop
 .text.DAC_1_VDAC8_SetSpeed
                0x000027f0       0x40 .\ARM_GCC_493\Debug\Simple_Oscope.a(DAC_1_VDAC8.o)
                0x000027f0                DAC_1_VDAC8_SetSpeed
 .text.DAC_1_VDAC8_SetRange
                0x00002830       0x40 .\ARM_GCC_493\Debug\Simple_Oscope.a(DAC_1_VDAC8.o)
                0x00002830                DAC_1_VDAC8_SetRange
 .text.DAC_1_VDAC8_SetValue
                0x00002870       0x20 .\ARM_GCC_493\Debug\Simple_Oscope.a(DAC_1_VDAC8.o)
                0x00002870                DAC_1_VDAC8_SetValue
 .text.DAC_1_VDAC8_DacTrim
                0x00002890       0x3c .\ARM_GCC_493\Debug\Simple_Oscope.a(DAC_1_VDAC8.o)
                0x00002890                DAC_1_VDAC8_DacTrim
 .text.SPS_Divider_Counter_Init
                0x000028cc       0x80 .\ARM_GCC_493\Debug\Simple_Oscope.a(SPS_Divider_Counter.o)
                0x000028cc                SPS_Divider_Counter_Init
 .text.SPS_Divider_Counter_Enable
                0x0000294c       0x20 .\ARM_GCC_493\Debug\Simple_Oscope.a(SPS_Divider_Counter.o)
                0x0000294c                SPS_Divider_Counter_Enable
 .text.SPS_Divider_Counter_Start
                0x0000296c       0x20 .\ARM_GCC_493\Debug\Simple_Oscope.a(SPS_Divider_Counter.o)
                0x0000296c                SPS_Divider_Counter_Start
 .text.SPS_Divider_Counter_SetInterruptMode
                0x0000298c       0x20 .\ARM_GCC_493\Debug\Simple_Oscope.a(SPS_Divider_Counter.o)
                0x0000298c                SPS_Divider_Counter_SetInterruptMode
 .text.SPS_Divider_Counter_ReadStatusRegister
                0x000029ac       0x18 .\ARM_GCC_493\Debug\Simple_Oscope.a(SPS_Divider_Counter.o)
                0x000029ac                SPS_Divider_Counter_ReadStatusRegister
 .text.SPS_Divider_Counter_WriteCounter
                0x000029c4       0x20 .\ARM_GCC_493\Debug\Simple_Oscope.a(SPS_Divider_Counter.o)
                0x000029c4                SPS_Divider_Counter_WriteCounter
 .text.SPS_Divider_Counter_ReadCapture
                0x000029e4       0x18 .\ARM_GCC_493\Debug\Simple_Oscope.a(SPS_Divider_Counter.o)
                0x000029e4                SPS_Divider_Counter_ReadCapture
 .text.SPS_Divider_Counter_WritePeriod
                0x000029fc       0x20 .\ARM_GCC_493\Debug\Simple_Oscope.a(SPS_Divider_Counter.o)
                0x000029fc                SPS_Divider_Counter_WritePeriod
 .text.SPS_Divider_Counter_WriteCompare
                0x00002a1c       0x20 .\ARM_GCC_493\Debug\Simple_Oscope.a(SPS_Divider_Counter.o)
                0x00002a1c                SPS_Divider_Counter_WriteCompare
 .text.SPS_Divider_Counter_ClearFIFO
                0x00002a3c       0x1c .\ARM_GCC_493\Debug\Simple_Oscope.a(SPS_Divider_Counter.o)
                0x00002a3c                SPS_Divider_Counter_ClearFIFO
 .text.SPS_Divider_Control_Reg_Write
                0x00002a58       0x20 .\ARM_GCC_493\Debug\Simple_Oscope.a(SPS_Divider_Control_Reg.o)
                0x00002a58                SPS_Divider_Control_Reg_Write
 .text.SPS_Divider_Control_Reg_SaveConfig
                0x00002a78       0x20 .\ARM_GCC_493\Debug\Simple_Oscope.a(SPS_Divider_Control_Reg_PM.o)
                0x00002a78                SPS_Divider_Control_Reg_SaveConfig
 .text.DAC_Clock_SetDividerRegister
                0x00002a98      0x160 .\ARM_GCC_493\Debug\Simple_Oscope.a(DAC_Clock.o)
                0x00002a98                DAC_Clock_SetDividerRegister
 .text.DAC_Clock_GetDividerRegister
                0x00002bf8       0x18 .\ARM_GCC_493\Debug\Simple_Oscope.a(DAC_Clock.o)
                0x00002bf8                DAC_Clock_GetDividerRegister
 .text.DAC_Clock_GetSourceRegister
                0x00002c10       0x20 .\ARM_GCC_493\Debug\Simple_Oscope.a(DAC_Clock.o)
                0x00002c10                DAC_Clock_GetSourceRegister
 .text.floor    0x00002c30      0x118 d:/programs/cypress/psoc creator/3.3/psoc creator/import/gnu/arm/4.9.3/bin/../lib/gcc/arm-none-eabi/4.9.3/../../../../arm-none-eabi/lib/armv7-m\libm.a(lib_a-s_floor.o)
                0x00002c30                floor
 .text.sin      0x00002d48       0x94 d:/programs/cypress/psoc creator/3.3/psoc creator/import/gnu/arm/4.9.3/bin/../lib/gcc/arm-none-eabi/4.9.3/../../../../arm-none-eabi/lib/armv7-m\libm.a(lib_a-s_sin.o)
                0x00002d48                sin
 *fill*         0x00002ddc        0x4 
 .text.__ieee754_rem_pio2
                0x00002de0      0x428 d:/programs/cypress/psoc creator/3.3/psoc creator/import/gnu/arm/4.9.3/bin/../lib/gcc/arm-none-eabi/4.9.3/../../../../arm-none-eabi/lib/armv7-m\libm.a(lib_a-e_rem_pio2.o)
                0x00002de0                __ieee754_rem_pio2
 .text.__kernel_cos
                0x00003208      0x248 d:/programs/cypress/psoc creator/3.3/psoc creator/import/gnu/arm/4.9.3/bin/../lib/gcc/arm-none-eabi/4.9.3/../../../../arm-none-eabi/lib/armv7-m\libm.a(lib_a-k_cos.o)
                0x00003208                __kernel_cos
 .text.__kernel_rem_pio2
                0x00003450      0x808 d:/programs/cypress/psoc creator/3.3/psoc creator/import/gnu/arm/4.9.3/bin/../lib/gcc/arm-none-eabi/4.9.3/../../../../arm-none-eabi/lib/armv7-m\libm.a(lib_a-k_rem_pio2.o)
                0x00003450                __kernel_rem_pio2
 .text.__kernel_sin
                0x00003c58      0x170 d:/programs/cypress/psoc creator/3.3/psoc creator/import/gnu/arm/4.9.3/bin/../lib/gcc/arm-none-eabi/4.9.3/../../../../arm-none-eabi/lib/armv7-m\libm.a(lib_a-k_sin.o)
                0x00003c58                __kernel_sin
 .text.fabs     0x00003dc8        0x8 d:/programs/cypress/psoc creator/3.3/psoc creator/import/gnu/arm/4.9.3/bin/../lib/gcc/arm-none-eabi/4.9.3/../../../../arm-none-eabi/lib/armv7-m\libm.a(lib_a-s_fabs.o)
                0x00003dc8                fabs
 .text.scalbn   0x00003dd0       0xf0 d:/programs/cypress/psoc creator/3.3/psoc creator/import/gnu/arm/4.9.3/bin/../lib/gcc/arm-none-eabi/4.9.3/../../../../arm-none-eabi/lib/armv7-m\libm.a(lib_a-s_scalbn.o)
                0x00003dd0                scalbn
 .text.copysign
                0x00003ec0       0x10 d:/programs/cypress/psoc creator/3.3/psoc creator/import/gnu/arm/4.9.3/bin/../lib/gcc/arm-none-eabi/4.9.3/../../../../arm-none-eabi/lib/armv7-m\libm.a(lib_a-s_copysign.o)
                0x00003ec0                copysign
 .text          0x00003ed0      0x370 d:/programs/cypress/psoc creator/3.3/psoc creator/import/gnu/arm/4.9.3/bin/../lib/gcc/arm-none-eabi/4.9.3/armv7-m\libgcc.a(_arm_addsubdf3.o)
                0x00003ed0                __aeabi_drsub
                0x00003ed8                __aeabi_dsub
                0x00003ed8                __subdf3
                0x00003edc                __aeabi_dadd
                0x00003edc                __adddf3
                0x00004154                __floatunsidf
                0x00004154                __aeabi_ui2d
                0x00004174                __floatsidf
                0x00004174                __aeabi_i2d
                0x00004198                __aeabi_f2d
                0x00004198                __extendsfdf2
                0x000041d4                __floatundidf
                0x000041d4                __aeabi_ul2d
                0x000041e4                __floatdidf
                0x000041e4                __aeabi_l2d
 .text          0x00004240      0x424 d:/programs/cypress/psoc creator/3.3/psoc creator/import/gnu/arm/4.9.3/bin/../lib/gcc/arm-none-eabi/4.9.3/armv7-m\libgcc.a(_arm_muldivdf3.o)
                0x00004240                __aeabi_dmul
                0x00004240                __muldf3
                0x00004494                __divdf3
                0x00004494                __aeabi_ddiv
 .text          0x00004664      0x110 d:/programs/cypress/psoc creator/3.3/psoc creator/import/gnu/arm/4.9.3/bin/../lib/gcc/arm-none-eabi/4.9.3/armv7-m\libgcc.a(_arm_cmpdf2.o)
                0x00004664                __gtdf2
                0x00004664                __gedf2
                0x0000466c                __ltdf2
                0x0000466c                __ledf2
                0x00004674                __nedf2
                0x00004674                __eqdf2
                0x00004674                __cmpdf2
                0x000046f0                __aeabi_cdrcmple
                0x00004700                __aeabi_cdcmpeq
                0x00004700                __aeabi_cdcmple
                0x00004710                __aeabi_dcmpeq
                0x00004724                __aeabi_dcmplt
                0x00004738                __aeabi_dcmple
                0x0000474c                __aeabi_dcmpge
                0x00004760                __aeabi_dcmpgt
 .text          0x00004774       0x50 d:/programs/cypress/psoc creator/3.3/psoc creator/import/gnu/arm/4.9.3/bin/../lib/gcc/arm-none-eabi/4.9.3/armv7-m\libgcc.a(_arm_fixdfsi.o)
                0x00004774                __aeabi_d2iz
                0x00004774                __fixdfsi
 .text          0x000047c4       0x40 d:/programs/cypress/psoc creator/3.3/psoc creator/import/gnu/arm/4.9.3/bin/../lib/gcc/arm-none-eabi/4.9.3/armv7-m\libgcc.a(_arm_fixunsdfsi.o)
                0x000047c4                __aeabi_d2uiz
                0x000047c4                __fixunsdfsi
 .text          0x00004804       0xa0 d:/programs/cypress/psoc creator/3.3/psoc creator/import/gnu/arm/4.9.3/bin/../lib/gcc/arm-none-eabi/4.9.3/armv7-m\libgcc.a(_arm_truncdfsf2.o)
                0x00004804                __truncdfsf2
                0x00004804                __aeabi_d2f
 .text          0x000048a4       0xec d:/programs/cypress/psoc creator/3.3/psoc creator/import/gnu/arm/4.9.3/bin/../lib/gcc/arm-none-eabi/4.9.3/armv7-m\libgcc.a(_arm_cmpsf2.o)
                0x000048a4                __gesf2
                0x000048a4                __gtsf2
                0x000048ac                __lesf2
                0x000048ac                __ltsf2
                0x000048b4                __nesf2
                0x000048b4                __eqsf2
                0x000048b4                __cmpsf2
                0x00004914                __aeabi_cfrcmple
                0x0000491c                __aeabi_cfcmpeq
                0x0000491c                __aeabi_cfcmple
                0x0000492c                __aeabi_fcmpeq
                0x00004940                __aeabi_fcmplt
                0x00004954                __aeabi_fcmple
                0x00004968                __aeabi_fcmpge
                0x0000497c                __aeabi_fcmpgt
 .text.__errno  0x00004990        0xc d:/programs/cypress/psoc creator/3.3/psoc creator/import/gnu/arm/4.9.3/bin/../lib/gcc/arm-none-eabi/4.9.3/../../../../arm-none-eabi/lib/armv7-m\libg_nano.a(lib_a-errno.o)
                0x00004990                __errno
 .text.__libc_init_array
                0x0000499c       0x4c d:/programs/cypress/psoc creator/3.3/psoc creator/import/gnu/arm/4.9.3/bin/../lib/gcc/arm-none-eabi/4.9.3/../../../../arm-none-eabi/lib/armv7-m\libg_nano.a(lib_a-init.o)
                0x0000499c                __libc_init_array
 .text.memcpy   0x000049e8       0x16 d:/programs/cypress/psoc creator/3.3/psoc creator/import/gnu/arm/4.9.3/bin/../lib/gcc/arm-none-eabi/4.9.3/../../../../arm-none-eabi/lib/armv7-m\libg_nano.a(lib_a-memcpy.o)
                0x000049e8                memcpy
 .text.memset   0x000049fe       0x10 d:/programs/cypress/psoc creator/3.3/psoc creator/import/gnu/arm/4.9.3/bin/../lib/gcc/arm-none-eabi/4.9.3/../../../../arm-none-eabi/lib/armv7-m\libg_nano.a(lib_a-memset.o)
                0x000049fe                memset
 *fill*         0x00004a0e        0x2 
 .text.sprintf  0x00004a10       0x48 d:/programs/cypress/psoc creator/3.3/psoc creator/import/gnu/arm/4.9.3/bin/../lib/gcc/arm-none-eabi/4.9.3/../../../../arm-none-eabi/lib/armv7-m\libg_nano.a(lib_a-sprintf.o)
                0x00004a10                siprintf
                0x00004a10                sprintf
 .text.sscanf   0x00004a58       0x54 d:/programs/cypress/psoc creator/3.3/psoc creator/import/gnu/arm/4.9.3/bin/../lib/gcc/arm-none-eabi/4.9.3/../../../../arm-none-eabi/lib/armv7-m\libg_nano.a(lib_a-sscanf.o)
                0x00004a58                siscanf
                0x00004a58                sscanf
 .text.__seofread
                0x00004aac        0x4 d:/programs/cypress/psoc creator/3.3/psoc creator/import/gnu/arm/4.9.3/bin/../lib/gcc/arm-none-eabi/4.9.3/../../../../arm-none-eabi/lib/armv7-m\libg_nano.a(lib_a-stdio.o)
                0x00004aac                __seofread
 .text          0x00004ab0       0x14 d:/programs/cypress/psoc creator/3.3/psoc creator/import/gnu/arm/4.9.3/bin/../lib/gcc/arm-none-eabi/4.9.3/../../../../arm-none-eabi/lib/armv7-m\libg_nano.a(lib_a-strcmp.o)
                0x00004ab0                strcmp
 .text.strlen   0x00004ac4       0x10 d:/programs/cypress/psoc creator/3.3/psoc creator/import/gnu/arm/4.9.3/bin/../lib/gcc/arm-none-eabi/4.9.3/../../../../arm-none-eabi/lib/armv7-m\libg_nano.a(lib_a-strlen.o)
                0x00004ac4                strlen
 .text.strncpy  0x00004ad4       0x24 d:/programs/cypress/psoc creator/3.3/psoc creator/import/gnu/arm/4.9.3/bin/../lib/gcc/arm-none-eabi/4.9.3/../../../../arm-none-eabi/lib/armv7-m\libg_nano.a(lib_a-strncpy.o)
                0x00004ad4                strncpy
 .text.strpbrk  0x00004af8       0x30 d:/programs/cypress/psoc creator/3.3/psoc creator/import/gnu/arm/4.9.3/bin/../lib/gcc/arm-none-eabi/4.9.3/../../../../arm-none-eabi/lib/armv7-m\libg_nano.a(lib_a-strpbrk.o)
                0x00004af8                strpbrk
 .text.__ssputs_r
                0x00004b28       0xb2 d:/programs/cypress/psoc creator/3.3/psoc creator/import/gnu/arm/4.9.3/bin/../lib/gcc/arm-none-eabi/4.9.3/../../../../arm-none-eabi/lib/armv7-m\libg_nano.a(lib_a-nano-svfprintf.o)
                0x00004b28                __ssputs_r
 *fill*         0x00004bda        0x2 
 .text._svfprintf_r
                0x00004bdc      0x1e4 d:/programs/cypress/psoc creator/3.3/psoc creator/import/gnu/arm/4.9.3/bin/../lib/gcc/arm-none-eabi/4.9.3/../../../../arm-none-eabi/lib/armv7-m\libg_nano.a(lib_a-nano-svfprintf.o)
                0x00004bdc                _svfiprintf_r
                0x00004bdc                _svfprintf_r
 .text._sungetc_r
                0x00004dc0       0x7a d:/programs/cypress/psoc creator/3.3/psoc creator/import/gnu/arm/4.9.3/bin/../lib/gcc/arm-none-eabi/4.9.3/../../../../arm-none-eabi/lib/armv7-m\libg_nano.a(lib_a-nano-svfscanf.o)
                0x00004dc0                _sungetc_r
 .text.__ssrefill_r
                0x00004e3a       0x3a d:/programs/cypress/psoc creator/3.3/psoc creator/import/gnu/arm/4.9.3/bin/../lib/gcc/arm-none-eabi/4.9.3/../../../../arm-none-eabi/lib/armv7-m\libg_nano.a(lib_a-nano-svfscanf.o)
                0x00004e3a                __ssrefill_r
 .text.__ssvfscanf_r
                0x00004e74      0x29c d:/programs/cypress/psoc creator/3.3/psoc creator/import/gnu/arm/4.9.3/bin/../lib/gcc/arm-none-eabi/4.9.3/../../../../arm-none-eabi/lib/armv7-m\libg_nano.a(lib_a-nano-svfscanf.o)
                0x00004e74                __ssvfiscanf_r
                0x00004e74                __ssvfscanf_r
 .text._printf_common
                0x00005110       0xea d:/programs/cypress/psoc creator/3.3/psoc creator/import/gnu/arm/4.9.3/bin/../lib/gcc/arm-none-eabi/4.9.3/../../../../arm-none-eabi/lib/armv7-m\libg_nano.a(lib_a-nano-vfprintf_i.o)
                0x00005110                _printf_common
 *fill*         0x000051fa        0x2 
 .text._printf_i
                0x000051fc      0x240 d:/programs/cypress/psoc creator/3.3/psoc creator/import/gnu/arm/4.9.3/bin/../lib/gcc/arm-none-eabi/4.9.3/../../../../arm-none-eabi/lib/armv7-m\libg_nano.a(lib_a-nano-vfprintf_i.o)
                0x000051fc                _printf_i
 .text._scanf_chars
                0x0000543c       0xbc d:/programs/cypress/psoc creator/3.3/psoc creator/import/gnu/arm/4.9.3/bin/../lib/gcc/arm-none-eabi/4.9.3/../../../../arm-none-eabi/lib/armv7-m\libg_nano.a(lib_a-nano-vfscanf_i.o)
                0x0000543c                _scanf_chars
 .text._scanf_i
                0x000054f8      0x1e4 d:/programs/cypress/psoc creator/3.3/psoc creator/import/gnu/arm/4.9.3/bin/../lib/gcc/arm-none-eabi/4.9.3/../../../../arm-none-eabi/lib/armv7-m\libg_nano.a(lib_a-nano-vfscanf_i.o)
                0x000054f8                _scanf_i
 .text.__sccl   0x000056dc       0x62 d:/programs/cypress/psoc creator/3.3/psoc creator/import/gnu/arm/4.9.3/bin/../lib/gcc/arm-none-eabi/4.9.3/../../../../arm-none-eabi/lib/armv7-m\libg_nano.a(lib_a-sccl.o)
                0x000056dc                __sccl
 *fill*         0x0000573e        0x2 
 .text._strtol_r
                0x00005740      0x10c d:/programs/cypress/psoc creator/3.3/psoc creator/import/gnu/arm/4.9.3/bin/../lib/gcc/arm-none-eabi/4.9.3/../../../../arm-none-eabi/lib/armv7-m\libg_nano.a(lib_a-strtol.o)
                0x00005740                _strtol_r
 .text._strtoul_r
                0x0000584c       0xf8 d:/programs/cypress/psoc creator/3.3/psoc creator/import/gnu/arm/4.9.3/bin/../lib/gcc/arm-none-eabi/4.9.3/../../../../arm-none-eabi/lib/armv7-m\libg_nano.a(lib_a-strtoul.o)
                0x0000584c                _strtoul_r
 .text.__submore
                0x00005944       0x72 d:/programs/cypress/psoc creator/3.3/psoc creator/import/gnu/arm/4.9.3/bin/../lib/gcc/arm-none-eabi/4.9.3/../../../../arm-none-eabi/lib/armv7-m\libg_nano.a(lib_a-ungetc.o)
                0x00005944                __submore
 .text.memchr   0x000059b6       0x1c d:/programs/cypress/psoc creator/3.3/psoc creator/import/gnu/arm/4.9.3/bin/../lib/gcc/arm-none-eabi/4.9.3/../../../../arm-none-eabi/lib/armv7-m\libg_nano.a(lib_a-memchr.o)
                0x000059b6                memchr
 .text.memmove  0x000059d2       0x36 d:/programs/cypress/psoc creator/3.3/psoc creator/import/gnu/arm/4.9.3/bin/../lib/gcc/arm-none-eabi/4.9.3/../../../../arm-none-eabi/lib/armv7-m\libg_nano.a(lib_a-memmove.o)
                0x000059d2                memmove
 .text._free_r  0x00005a08       0x88 d:/programs/cypress/psoc creator/3.3/psoc creator/import/gnu/arm/4.9.3/bin/../lib/gcc/arm-none-eabi/4.9.3/../../../../arm-none-eabi/lib/armv7-m\libg_nano.a(lib_a-nano-freer.o)
                0x00005a08                _free_r
 .text._malloc_r
                0x00005a90       0xac d:/programs/cypress/psoc creator/3.3/psoc creator/import/gnu/arm/4.9.3/bin/../lib/gcc/arm-none-eabi/4.9.3/../../../../arm-none-eabi/lib/armv7-m\libg_nano.a(lib_a-nano-mallocr.o)
                0x00005a90                _malloc_r
 .text._realloc_r
                0x00005b3c       0x4c d:/programs/cypress/psoc creator/3.3/psoc creator/import/gnu/arm/4.9.3/bin/../lib/gcc/arm-none-eabi/4.9.3/../../../../arm-none-eabi/lib/armv7-m\libg_nano.a(lib_a-nano-reallocr.o)
                0x00005b3c                _realloc_r
 .text._sbrk_r  0x00005b88       0x20 d:/programs/cypress/psoc creator/3.3/psoc creator/import/gnu/arm/4.9.3/bin/../lib/gcc/arm-none-eabi/4.9.3/../../../../arm-none-eabi/lib/armv7-m\libg_nano.a(lib_a-sbrkr.o)
                0x00005b88                _sbrk_r
 .text._malloc_usable_size_r
                0x00005ba8       0x14 d:/programs/cypress/psoc creator/3.3/psoc creator/import/gnu/arm/4.9.3/bin/../lib/gcc/arm-none-eabi/4.9.3/../../../../arm-none-eabi/lib/armv7-m\libg_nano.a(lib_a-nano-msizer.o)
                0x00005ba8                _malloc_usable_size_r
 *(.plt)
 *(.gnu.warning)
 *(.glue_7t)
 .glue_7t       0x00000000        0x0 linker stubs
 *(.glue_7)
 .glue_7        0x00000000        0x0 linker stubs
 *(.vfp11_veneer)
 .vfp11_veneer  0x00000000        0x0 linker stubs
 *(.bootloader)
 *(.ARM.extab* .gnu.linkonce.armextab.*)
 *(.gcc_except_table)

.v4_bx          0x00005bbc        0x0
 .v4_bx         0x00000000        0x0 linker stubs

.iplt           0x00005bbc        0x0
 .iplt          0x00000000        0x0 d:/programs/cypress/psoc creator/3.3/psoc creator/import/gnu/arm/4.9.3/bin/../lib/gcc/arm-none-eabi/4.9.3/armv7-m/crtbegin.o

.eh_frame_hdr
 *(.eh_frame_hdr)

.eh_frame       0x00005bbc       0x2c
 *(.eh_frame)
 .eh_frame      0x00005bbc        0x0 d:/programs/cypress/psoc creator/3.3/psoc creator/import/gnu/arm/4.9.3/bin/../lib/gcc/arm-none-eabi/4.9.3/armv7-m/crtbegin.o
 .eh_frame      0x00005bbc       0x28 d:/programs/cypress/psoc creator/3.3/psoc creator/import/gnu/arm/4.9.3/bin/../lib/gcc/arm-none-eabi/4.9.3/../../../../arm-none-eabi/lib/armv7-m\libg_nano.a(lib_a-strcmp.o)
 .eh_frame      0x00005be4        0x4 d:/programs/cypress/psoc creator/3.3/psoc creator/import/gnu/arm/4.9.3/bin/../lib/gcc/arm-none-eabi/4.9.3/armv7-m/crtend.o
                0x00005be8                PROVIDE (__exidx_start, .)

.ARM.exidx
 *(.ARM.exidx* .gnu.linkonce.armexidx.*)
                0x00005be8                __exidx_end = .

.rodata         0x00005be8     0x3548
 *(.rodata .rodata.* .gnu.linkonce.r.*)
 .rodata        0x00005be8     0x2f3c .\ARM_GCC_493\Debug\main.o
                0x00005be8                sine
                0x00006b88                triangle
                0x00007b28                sawtooth
 .rodata        0x00008b24       0x30 .\ARM_GCC_493\Debug\Simple_Oscope.a(cyfitter_cfg.o)
 .rodata        0x00008b54      0x208 .\ARM_GCC_493\Debug\Simple_Oscope.a(DAC_1.o)
                0x00008b54                DAC_1_wave1
                0x00008c50                DAC_1_wave2
 .rodata.npio2_hw
                0x00008d5c       0x80 d:/programs/cypress/psoc creator/3.3/psoc creator/import/gnu/arm/4.9.3/bin/../lib/gcc/arm-none-eabi/4.9.3/../../../../arm-none-eabi/lib/armv7-m\libm.a(lib_a-e_rem_pio2.o)
 .rodata.two_over_pi
                0x00008ddc      0x108 d:/programs/cypress/psoc creator/3.3/psoc creator/import/gnu/arm/4.9.3/bin/../lib/gcc/arm-none-eabi/4.9.3/../../../../arm-none-eabi/lib/armv7-m\libm.a(lib_a-e_rem_pio2.o)
 .rodata.init_jk
                0x00008ee4       0x10 d:/programs/cypress/psoc creator/3.3/psoc creator/import/gnu/arm/4.9.3/bin/../lib/gcc/arm-none-eabi/4.9.3/../../../../arm-none-eabi/lib/armv7-m\libm.a(lib_a-k_rem_pio2.o)
 *fill*         0x00008ef4        0x4 
 .rodata.PIo2   0x00008ef8       0x40 d:/programs/cypress/psoc creator/3.3/psoc creator/import/gnu/arm/4.9.3/bin/../lib/gcc/arm-none-eabi/4.9.3/../../../../arm-none-eabi/lib/armv7-m\libm.a(lib_a-k_rem_pio2.o)
 .rodata.str1.1
                0x00008f38        0x2 d:/programs/cypress/psoc creator/3.3/psoc creator/import/gnu/arm/4.9.3/bin/../lib/gcc/arm-none-eabi/4.9.3/../../../../arm-none-eabi/lib/armv7-m\libg_nano.a(lib_a-impure.o)
 .rodata.str1.1
                0x00008f3a       0x11 d:/programs/cypress/psoc creator/3.3/psoc creator/import/gnu/arm/4.9.3/bin/../lib/gcc/arm-none-eabi/4.9.3/../../../../arm-none-eabi/lib/armv7-m\libg_nano.a(lib_a-nano-svfprintf.o)
 .rodata.str1.1
                0x00000000        0x4 d:/programs/cypress/psoc creator/3.3/psoc creator/import/gnu/arm/4.9.3/bin/../lib/gcc/arm-none-eabi/4.9.3/../../../../arm-none-eabi/lib/armv7-m\libg_nano.a(lib_a-nano-svfscanf.o)
 .rodata.str1.1
                0x00008f4b       0x22 d:/programs/cypress/psoc creator/3.3/psoc creator/import/gnu/arm/4.9.3/bin/../lib/gcc/arm-none-eabi/4.9.3/../../../../arm-none-eabi/lib/armv7-m\libg_nano.a(lib_a-nano-vfprintf_i.o)
 *fill*         0x00008f6d        0x3 
 .rodata        0x00008f70        0xc d:/programs/cypress/psoc creator/3.3/psoc creator/import/gnu/arm/4.9.3/bin/../lib/gcc/arm-none-eabi/4.9.3/../../../../arm-none-eabi/lib/armv7-m\libg_nano.a(lib_a-nano-vfscanf_i.o)
 .rodata.str1.1
                0x00008f7c       0x1b d:/programs/cypress/psoc creator/3.3/psoc creator/import/gnu/arm/4.9.3/bin/../lib/gcc/arm-none-eabi/4.9.3/../../../../arm-none-eabi/lib/armv7-m\libg_nano.a(lib_a-nano-vfscanf_i.o)
 .rodata._ctype_
                0x00008f97      0x101 d:/programs/cypress/psoc creator/3.3/psoc creator/import/gnu/arm/4.9.3/bin/../lib/gcc/arm-none-eabi/4.9.3/../../../../arm-none-eabi/lib/armv7-m\libg_nano.a(lib_a-ctype_.o)
                0x00008f97                _ctype_
 .rodata.__sf_fake_stdin
                0x00009098       0x20 d:/programs/cypress/psoc creator/3.3/psoc creator/import/gnu/arm/4.9.3/bin/../lib/gcc/arm-none-eabi/4.9.3/../../../../arm-none-eabi/lib/armv7-m\libg_nano.a(lib_a-findfp.o)
                0x00009098                __sf_fake_stdin
 .rodata.__sf_fake_stdout
                0x000090b8       0x20 d:/programs/cypress/psoc creator/3.3/psoc creator/import/gnu/arm/4.9.3/bin/../lib/gcc/arm-none-eabi/4.9.3/../../../../arm-none-eabi/lib/armv7-m\libg_nano.a(lib_a-findfp.o)
                0x000090b8                __sf_fake_stdout
 .rodata.__sf_fake_stderr
                0x000090d8       0x20 d:/programs/cypress/psoc creator/3.3/psoc creator/import/gnu/arm/4.9.3/bin/../lib/gcc/arm-none-eabi/4.9.3/../../../../arm-none-eabi/lib/armv7-m\libg_nano.a(lib_a-findfp.o)
                0x000090d8                __sf_fake_stderr
                0x000090f8                . = ALIGN (0x4)
 *(.init)
 .init          0x000090f8        0x4 d:/programs/cypress/psoc creator/3.3/psoc creator/import/gnu/arm/4.9.3/bin/../lib/gcc/arm-none-eabi/4.9.3/armv7-m/crti.o
                0x000090f8                _init
 .init          0x000090fc        0x8 d:/programs/cypress/psoc creator/3.3/psoc creator/import/gnu/arm/4.9.3/bin/../lib/gcc/arm-none-eabi/4.9.3/armv7-m/crtn.o
                0x00009104                . = ALIGN (0x4)
                0x00009104                __preinit_array_start = .
 *(.preinit_array)
                0x00009104                __preinit_array_end = .
                0x00009104                . = ALIGN (0x4)
                0x00009104                __init_array_start = .
 *(SORT(.init_array.*))
 *(.init_array)
 .init_array    0x00009104        0x4 d:/programs/cypress/psoc creator/3.3/psoc creator/import/gnu/arm/4.9.3/bin/../lib/gcc/arm-none-eabi/4.9.3/armv7-m/crtbegin.o
 .init_array    0x00009108        0x4 .\ARM_GCC_493\Debug\Cm3Start.o
                0x0000910c                __init_array_end = .
                0x0000910c                . = ALIGN (0x4)
 *(.fini)
 .fini          0x0000910c        0x4 d:/programs/cypress/psoc creator/3.3/psoc creator/import/gnu/arm/4.9.3/bin/../lib/gcc/arm-none-eabi/4.9.3/armv7-m/crti.o
                0x0000910c                _fini
 .fini          0x00009110        0x8 d:/programs/cypress/psoc creator/3.3/psoc creator/import/gnu/arm/4.9.3/bin/../lib/gcc/arm-none-eabi/4.9.3/armv7-m/crtn.o
                0x00009118                . = ALIGN (0x4)
                0x00009118                __fini_array_start = .
 *(.fini_array)
 .fini_array    0x00009118        0x4 d:/programs/cypress/psoc creator/3.3/psoc creator/import/gnu/arm/4.9.3/bin/../lib/gcc/arm-none-eabi/4.9.3/armv7-m/crtbegin.o
 *(SORT(.fini_array.*))
                0x0000911c                __fini_array_end = .
                0x0000911c                . = ALIGN (0x4)
 *crtbegin.o(.ctors)
 *(EXCLUDE_FILE(*crtend.o) .ctors)
 *(SORT(.ctors.*))
 *crtend.o(.ctors)
                0x0000911c                . = ALIGN (0x4)
 *crtbegin.o(.dtors)
 *(EXCLUDE_FILE(*crtend.o) .dtors)
 *(SORT(.dtors.*))
 *crtend.o(.dtors)
                0x0000911c                . = ALIGN (0x4)
                0x0000911c                __cy_regions = .
                0x0000911c        0x4 LONG 0x9130 __cy_region_init_ram
                0x00009120        0x4 LONG 0x1fff8108 __cy_region_start_data
                0x00009124        0x4 LONG 0x100 __cy_region_init_size_ram
                0x00009128        0x4 LONG 0x1f18 __cy_region_zero_size_ram
                0x0000912c                __cy_regions_end = .
                0x00009130                . = ALIGN (0x8)
 *fill*         0x0000912c        0x4 
                0x00009130                _etext = .

.cy_checksum_exclude
                0x00009130        0x0
 *(.cy_checksum_exclude)

.ramvectors     0x1fff8000      0x100
                0x1fff8000                __cy_region_start_ram = .
 *(.ramvectors)
 .ramvectors    0x1fff8000      0x100 .\ARM_GCC_493\Debug\Cm3Start.o
                0x1fff8000                CyRamVectors

.noinit         0x1fff8100        0x5
 *(.noinit)
 .noinit        0x1fff8100        0x4 .\ARM_GCC_493\Debug\Cm3Start.o
 .noinit        0x1fff8104        0x1 .\ARM_GCC_493\Debug\Simple_Oscope.a(CyLib.o)
                0x1fff8104                CyResetStatus

.data           0x1fff8108      0x100 load address 0x00009130
                0x1fff8108                __cy_region_start_data = .
 *(.jcr)
 .jcr           0x1fff8108        0x0 d:/programs/cypress/psoc creator/3.3/psoc creator/import/gnu/arm/4.9.3/bin/../lib/gcc/arm-none-eabi/4.9.3/armv7-m/crtbegin.o
 .jcr           0x1fff8108        0x4 d:/programs/cypress/psoc creator/3.3/psoc creator/import/gnu/arm/4.9.3/bin/../lib/gcc/arm-none-eabi/4.9.3/armv7-m/crtend.o
 *(.got.plt)
 *(.got)
 *(.shdata)
 *(.data .data.* .gnu.linkonce.d.*)
 .data          0x1fff810c       0x74 .\ARM_GCC_493\Debug\main.o
                0x1fff810c                adcRez
                0x1fff8110                adcSPS
                0x1fff8114                adcFPS
                0x1fff8118                adcFrameSize
                0x1fff811c                adcSPSValues
                0x1fff8134                adcDiv8Bit
                0x1fff8140                adcCount8Bit
                0x1fff814c                adcDiv12Bit
                0x1fff8158                adcCount12Bit
                0x1fff8164                dacFreq
                0x1fff8168                dacVPP
                0x1fff8169                dacWave
                0x1fff816c                dacDuty
                0x1fff8170                dacSample
                0x1fff8174                sample_size
                0x1fff8178                sample_rate
                0x1fff817c                wavetype
 .data          0x1fff8180        0x4 .\ARM_GCC_493\Debug\Cm3Start.o
 .data          0x1fff8184        0x8 .\ARM_GCC_493\Debug\Simple_Oscope.a(CyDmac.o)
 .data          0x1fff818c       0x10 .\ARM_GCC_493\Debug\Simple_Oscope.a(CyLib.o)
                0x1fff818c                cydelay_freq_hz
                0x1fff8190                cydelay_freq_khz
                0x1fff8194                cydelay_freq_mhz
                0x1fff8198                cydelay_32k_ms
 .data          0x1fff819c        0x1 .\ARM_GCC_493\Debug\Simple_Oscope.a(DMA_ADC_MEM_dma.o)
                0x1fff819c                DMA_ADC_MEM_DmaHandle
 .data          0x1fff819d        0x1 .\ARM_GCC_493\Debug\Simple_Oscope.a(DAC_1_Wave1_DMA_dma.o)
                0x1fff819d                DAC_1_Wave1_DMA_DmaHandle
 .data          0x1fff819e        0x1 .\ARM_GCC_493\Debug\Simple_Oscope.a(DAC_1_Wave2_DMA_dma.o)
                0x1fff819e                DAC_1_Wave2_DMA_DmaHandle
 *fill*         0x1fff819f        0x1 
 .data.impure_data
                0x1fff81a0       0x60 d:/programs/cypress/psoc creator/3.3/psoc creator/import/gnu/arm/4.9.3/bin/../lib/gcc/arm-none-eabi/4.9.3/../../../../arm-none-eabi/lib/armv7-m\libg_nano.a(lib_a-impure.o)
 .data._impure_ptr
                0x1fff8200        0x4 d:/programs/cypress/psoc creator/3.3/psoc creator/import/gnu/arm/4.9.3/bin/../lib/gcc/arm-none-eabi/4.9.3/../../../../arm-none-eabi/lib/armv7-m\libg_nano.a(lib_a-impure.o)
                0x1fff8200                _impure_ptr
 .data.__ctype_ptr__
                0x1fff8204        0x4 d:/programs/cypress/psoc creator/3.3/psoc creator/import/gnu/arm/4.9.3/bin/../lib/gcc/arm-none-eabi/4.9.3/../../../../arm-none-eabi/lib/armv7-m\libg_nano.a(lib_a-ctype_.o)
                0x1fff8204                __ctype_ptr__
                0x1fff8208                . = ALIGN (0x8)
 *(.ram)
                0x1fff8208                _edata = .

.igot.plt       0x1fff8208        0x0 load address 0x00009230
 .igot.plt      0x00000000        0x0 d:/programs/cypress/psoc creator/3.3/psoc creator/import/gnu/arm/4.9.3/bin/../lib/gcc/arm-none-eabi/4.9.3/armv7-m/crtbegin.o

.bss            0x1fff8208     0x1f18 load address 0x00009230
                0x1fff8208                PROVIDE (__bss_start__, .)
 *(.shbss)
 *(.bss .bss.* .gnu.linkonce.b.*)
 .bss           0x1fff8208       0x1c d:/programs/cypress/psoc creator/3.3/psoc creator/import/gnu/arm/4.9.3/bin/../lib/gcc/arm-none-eabi/4.9.3/armv7-m/crtbegin.o
 .bss           0x1fff8224        0x7 .\ARM_GCC_493\Debug\main.o
                0x1fff8224                initialized
                0x1fff8225                rxBufLen
                0x1fff8226                commandReady
                0x1fff8227                adcOn
                0x1fff8228                adcFrameReady
                0x1fff8229                dacOn
                0x1fff822a                dacOffset
 *fill*         0x1fff822b        0x1 
 .bss           0x1fff822c        0xc .\ARM_GCC_493\Debug\Simple_Oscope.a(UART.o)
                0x1fff822c                UART_initVar
                0x1fff822e                UART_txBufferRead
                0x1fff8230                UART_txBufferWrite
                0x1fff8232                UART_errorStatus
                0x1fff8233                UART_rxBufferRead
                0x1fff8234                UART_rxBufferWrite
                0x1fff8235                UART_rxBufferLoopDetect
                0x1fff8236                UART_rxBufferOverflow
 .bss           0x1fff8238        0x1 .\ARM_GCC_493\Debug\Simple_Oscope.a(ADC.o)
                0x1fff8238                ADC_initVar
 .bss           0x1fff8239        0x1 .\ARM_GCC_493\Debug\Simple_Oscope.a(TIMER_DMA.o)
                0x1fff8239                TIMER_DMA_initVar
 .bss           0x1fff823a        0x5 .\ARM_GCC_493\Debug\Simple_Oscope.a(DAC_1.o)
                0x1fff823a                DAC_1_initVar
 .bss           0x1fff823f        0x1 .\ARM_GCC_493\Debug\Simple_Oscope.a(SPS_Divider_Counter.o)
                0x1fff823f                SPS_Divider_Counter_initVar
 .bss           0x1fff8240        0x4 .\ARM_GCC_493\Debug\Simple_Oscope.a(SPS_Divider_Control_Reg_PM.o)
 .bss.__malloc_sbrk_start
                0x1fff8244        0x4 d:/programs/cypress/psoc creator/3.3/psoc creator/import/gnu/arm/4.9.3/bin/../lib/gcc/arm-none-eabi/4.9.3/../../../../arm-none-eabi/lib/armv7-m\libg_nano.a(lib_a-nano-mallocr.o)
                0x1fff8244                __malloc_sbrk_start
 .bss.__malloc_free_list
                0x1fff8248        0x4 d:/programs/cypress/psoc creator/3.3/psoc creator/import/gnu/arm/4.9.3/bin/../lib/gcc/arm-none-eabi/4.9.3/../../../../arm-none-eabi/lib/armv7-m\libg_nano.a(lib_a-nano-mallocr.o)
                0x1fff8248                __malloc_free_list
 *(COMMON)
 COMMON         0x1fff824c     0x1628 .\ARM_GCC_493\Debug\main.o
                0x1fff824c                DMA_ADC_MEM_TD
                0x1fff8250                command
                0x1fff8270                wave
                0x1fff9210                rxBuffer
                0x1fff9230                DMA_ADC_MEM_Chan
                0x1fff9234                adcFrame
 COMMON         0x1fff9874      0x898 .\ARM_GCC_493\Debug\Simple_Oscope.a(UART.o)
                0x1fff9874                UART_rxBuffer
                0x1fff993c                UART_txBuffer
 COMMON         0x1fffa10c        0xa .\ARM_GCC_493\Debug\Simple_Oscope.a(ADC.o)
                0x1fffa10c                ADC_countsPer10Volt
                0x1fffa110                ADC_shift
                0x1fffa112                ADC_countsPerVolt
                0x1fffa114                ADC_offset
 *fill*         0x1fffa116        0x2 
 COMMON         0x1fffa118        0x4 d:/programs/cypress/psoc creator/3.3/psoc creator/import/gnu/arm/4.9.3/bin/../lib/gcc/arm-none-eabi/4.9.3/../../../../arm-none-eabi/lib/armv7-m\libg_nano.a(lib_a-reent.o)
                0x1fffa118                errno
                0x1fffa120                . = ALIGN (0x8)
 *fill*         0x1fffa11c        0x4 
 *(.ram.b)
                0x1fffa120                _end = .
                0x1fffa120                __end = .
                0x1fffa120                PROVIDE (end, .)
                0x1fffa120                PROVIDE (__bss_end__, .)
                0x00009130                __cy_region_init_ram = LOADADDR (.data)
                0x00000100                __cy_region_init_size_ram = (_edata - ADDR (.data))
                0x00001f18                __cy_region_zero_size_ram = (_end - _edata)

.heap           0x1fffa120       0x80 load address 0x00009230
                0x1fffa120                . = _end
                0x1fffa1a0                . = (. + 0x80)
 *fill*         0x1fffa120       0x80 
                0x1fffa1a0                __cy_heap_limit = .

.stack          0x20007800      0x800
                0x20007800                __cy_stack_limit = .
                0x20008000                . = (. + 0x800)
 *fill*         0x20007800      0x800 
                0x00000001                ASSERT ((__cy_stack_limit >= __cy_heap_limit), region RAM overflowed with stack)
                0x00000000                cy_checksum_exclude_size = (CY_APPL_LOADABLE == 0x1)?SIZEOF (.cy_checksum_exclude):0x0
                0x00000001                ASSERT ((cy_checksum_exclude_size <= CY_CHECKSUM_EXCLUDE_SIZE), CY_BOOT: Section .cy_checksum_exclude size exceedes specified limit.)

.cyloadermeta
 *(.cyloadermeta)

.cyloadablemeta
 *(.cyloadablemeta)

.cyconfigecc    0x80000000      0x6d4
 *(.cyconfigecc)
 .cyconfigecc   0x80000000      0x6d4 .\ARM_GCC_493\Debug\cymetadata.o
                0x80000000                cy_meta_configecc

.cycustnvl      0x90000000        0x4
 *(.cycustnvl)
 .cycustnvl     0x90000000        0x4 .\ARM_GCC_493\Debug\cymetadata.o
                0x90000000                cy_meta_custnvl

.cywolatch      0x90100000        0x4
 *(.cywolatch)
 .cywolatch     0x90100000        0x4 .\ARM_GCC_493\Debug\cymetadata.o
                0x90100000                cy_meta_wonvl

.cyeeprom       0x90200000        0x0
 *(.cyeeprom)
                0x00000001                ASSERT ((. <= ((0x90200000 + ee_offset) + ee_size)), .cyeeprom data will not fit in EEPROM)

.cyflashprotect
                0x90400000      0x100
 *(.cyflashprotect)
 .cyflashprotect
                0x90400000      0x100 .\ARM_GCC_493\Debug\cymetadata.o
                0x90400000                cy_meta_flashprotect

.cymeta         0x90500000        0xc
 *(.cymeta)
 .cymeta        0x90500000        0xc .\ARM_GCC_493\Debug\cymetadata.o
                0x90500000                cy_metadata

.rel.dyn        0x00009230        0x0 load address 0x9050000c
 .rel.iplt      0x00000000        0x0 d:/programs/cypress/psoc creator/3.3/psoc creator/import/gnu/arm/4.9.3/bin/../lib/gcc/arm-none-eabi/4.9.3/armv7-m/crtbegin.o

.stab           0x00000000       0x6c
 *(.stab)
 .stab          0x00000000       0x24 d:/programs/cypress/psoc creator/3.3/psoc creator/import/gnu/arm/4.9.3/bin/../lib/gcc/arm-none-eabi/4.9.3/../../../../arm-none-eabi/lib/armv7-m\libnosys.a(close.o)
 .stab          0x00000024       0x18 d:/programs/cypress/psoc creator/3.3/psoc creator/import/gnu/arm/4.9.3/bin/../lib/gcc/arm-none-eabi/4.9.3/../../../../arm-none-eabi/lib/armv7-m\libnosys.a(lseek.o)
                                 0x24 (size before relaxing)
 .stab          0x0000003c       0x18 d:/programs/cypress/psoc creator/3.3/psoc creator/import/gnu/arm/4.9.3/bin/../lib/gcc/arm-none-eabi/4.9.3/../../../../arm-none-eabi/lib/armv7-m\libnosys.a(read.o)
                                 0x24 (size before relaxing)
 .stab          0x00000054       0x18 d:/programs/cypress/psoc creator/3.3/psoc creator/import/gnu/arm/4.9.3/bin/../lib/gcc/arm-none-eabi/4.9.3/../../../../arm-none-eabi/lib/armv7-m\libnosys.a(write.o)
                                 0x24 (size before relaxing)

.stabstr        0x00000000       0xdf
 *(.stabstr)
 .stabstr       0x00000000       0xdf d:/programs/cypress/psoc creator/3.3/psoc creator/import/gnu/arm/4.9.3/bin/../lib/gcc/arm-none-eabi/4.9.3/../../../../arm-none-eabi/lib/armv7-m\libnosys.a(close.o)

.debug
 *(.debug)

.line
 *(.line)

.debug_srcinfo
 *(.debug_srcinfo)

.debug_sfnames
 *(.debug_sfnames)

.debug_aranges  0x00000000      0xd40
 *(.debug_aranges)
 .debug_aranges
                0x00000000       0x90 .\ARM_GCC_493\Debug\main.o
 .debug_aranges
                0x00000090       0x18 .\ARM_GCC_493\Debug\cymetadata.o
 .debug_aranges
                0x000000a8       0x48 .\ARM_GCC_493\Debug\Cm3Start.o
 .debug_aranges
                0x000000f0       0x58 .\ARM_GCC_493\Debug\Simple_Oscope.a(cyfitter_cfg.o)
 .debug_aranges
                0x00000148       0x20 .\ARM_GCC_493\Debug\Simple_Oscope.a(CyBootAsmGnu.o)
 .debug_aranges
                0x00000168       0xd8 .\ARM_GCC_493\Debug\Simple_Oscope.a(CyDmac.o)
 .debug_aranges
                0x00000240      0x298 .\ARM_GCC_493\Debug\Simple_Oscope.a(CyLib.o)
 .debug_aranges
                0x000004d8       0x98 .\ARM_GCC_493\Debug\Simple_Oscope.a(cyPm.o)
 .debug_aranges
                0x00000570       0xf0 .\ARM_GCC_493\Debug\Simple_Oscope.a(UART.o)
 .debug_aranges
                0x00000660       0x28 .\ARM_GCC_493\Debug\Simple_Oscope.a(UART_INT.o)
 .debug_aranges
                0x00000688       0x70 .\ARM_GCC_493\Debug\Simple_Oscope.a(UART_IntClock.o)
 .debug_aranges
                0x000006f8       0xa8 .\ARM_GCC_493\Debug\Simple_Oscope.a(ADC.o)
 .debug_aranges
                0x000007a0       0x20 .\ARM_GCC_493\Debug\Simple_Oscope.a(ADC_INT.o)
 .debug_aranges
                0x000007c0       0x70 .\ARM_GCC_493\Debug\Simple_Oscope.a(ADC_Clock.o)
 .debug_aranges
                0x00000830       0x28 .\ARM_GCC_493\Debug\Simple_Oscope.a(DMA_ADC_MEM_dma.o)
 .debug_aranges
                0x00000858       0x90 .\ARM_GCC_493\Debug\Simple_Oscope.a(TIMER_DMA.o)
 .debug_aranges
                0x000008e8       0x80 .\ARM_GCC_493\Debug\Simple_Oscope.a(DMA_ENABLE.o)
 .debug_aranges
                0x00000968       0x80 .\ARM_GCC_493\Debug\Simple_Oscope.a(DMA_FRAME_READY.o)
 .debug_aranges
                0x000009e8       0x50 .\ARM_GCC_493\Debug\Simple_Oscope.a(DAC_1.o)
 .debug_aranges
                0x00000a38       0x28 .\ARM_GCC_493\Debug\Simple_Oscope.a(DAC_1_Wave1_DMA_dma.o)
 .debug_aranges
                0x00000a60       0x28 .\ARM_GCC_493\Debug\Simple_Oscope.a(DAC_1_Wave2_DMA_dma.o)
 .debug_aranges
                0x00000a88       0x58 .\ARM_GCC_493\Debug\Simple_Oscope.a(DAC_1_VDAC8.o)
 .debug_aranges
                0x00000ae0       0x98 .\ARM_GCC_493\Debug\Simple_Oscope.a(SPS_Divider_Counter.o)
 .debug_aranges
                0x00000b78       0x28 .\ARM_GCC_493\Debug\Simple_Oscope.a(SPS_Divider_Control_Reg.o)
 .debug_aranges
                0x00000ba0       0x38 .\ARM_GCC_493\Debug\Simple_Oscope.a(SPS_Divider_Control_Reg_PM.o)
 .debug_aranges
                0x00000bd8       0x70 .\ARM_GCC_493\Debug\Simple_Oscope.a(DAC_Clock.o)
 .debug_aranges
                0x00000c48       0x80 .\ARM_GCC_493\Debug\Simple_Oscope.a(CyFlash.o)
 .debug_aranges
                0x00000cc8       0x78 .\ARM_GCC_493\Debug\Simple_Oscope.a(CySpc.o)

.debug_pubnames
 *(.debug_pubnames)

.debug_info     0x00000000     0x5960
 *(.debug_info .gnu.linkonce.wi.*)
 .debug_info    0x00000000      0x6a7 .\ARM_GCC_493\Debug\main.o
 .debug_info    0x000006a7      0x13e .\ARM_GCC_493\Debug\cymetadata.o
 .debug_info    0x000007e5      0x317 .\ARM_GCC_493\Debug\Cm3Start.o
 .debug_info    0x00000afc      0x38a .\ARM_GCC_493\Debug\Simple_Oscope.a(cyfitter_cfg.o)
 .debug_info    0x00000e86       0x8d .\ARM_GCC_493\Debug\Simple_Oscope.a(CyBootAsmGnu.o)
 .debug_info    0x00000f13      0x8b1 .\ARM_GCC_493\Debug\Simple_Oscope.a(CyDmac.o)
 .debug_info    0x000017c4      0xe31 .\ARM_GCC_493\Debug\Simple_Oscope.a(CyLib.o)
 .debug_info    0x000025f5      0x55f .\ARM_GCC_493\Debug\Simple_Oscope.a(cyPm.o)
 .debug_info    0x00002b54      0x653 .\ARM_GCC_493\Debug\Simple_Oscope.a(UART.o)
 .debug_info    0x000031a7      0x19c .\ARM_GCC_493\Debug\Simple_Oscope.a(UART_INT.o)
 .debug_info    0x00003343      0x25b .\ARM_GCC_493\Debug\Simple_Oscope.a(UART_IntClock.o)
 .debug_info    0x0000359e      0x47f .\ARM_GCC_493\Debug\Simple_Oscope.a(ADC.o)
 .debug_info    0x00003a1d       0x92 .\ARM_GCC_493\Debug\Simple_Oscope.a(ADC_INT.o)
 .debug_info    0x00003aaf      0x25b .\ARM_GCC_493\Debug\Simple_Oscope.a(ADC_Clock.o)
 .debug_info    0x00003d0a      0x112 .\ARM_GCC_493\Debug\Simple_Oscope.a(DMA_ADC_MEM_dma.o)
 .debug_info    0x00003e1c      0x252 .\ARM_GCC_493\Debug\Simple_Oscope.a(TIMER_DMA.o)
 .debug_info    0x0000406e      0x238 .\ARM_GCC_493\Debug\Simple_Oscope.a(DMA_ENABLE.o)
 .debug_info    0x000042a6      0x238 .\ARM_GCC_493\Debug\Simple_Oscope.a(DMA_FRAME_READY.o)
 .debug_info    0x000044de      0x24f .\ARM_GCC_493\Debug\Simple_Oscope.a(DAC_1.o)
 .debug_info    0x0000472d      0x112 .\ARM_GCC_493\Debug\Simple_Oscope.a(DAC_1_Wave1_DMA_dma.o)
 .debug_info    0x0000483f      0x112 .\ARM_GCC_493\Debug\Simple_Oscope.a(DAC_1_Wave2_DMA_dma.o)
 .debug_info    0x00004951      0x184 .\ARM_GCC_493\Debug\Simple_Oscope.a(DAC_1_VDAC8.o)
 .debug_info    0x00004ad5      0x288 .\ARM_GCC_493\Debug\Simple_Oscope.a(SPS_Divider_Counter.o)
 .debug_info    0x00004d5d       0xd6 .\ARM_GCC_493\Debug\Simple_Oscope.a(SPS_Divider_Control_Reg.o)
 .debug_info    0x00004e33      0x112 .\ARM_GCC_493\Debug\Simple_Oscope.a(SPS_Divider_Control_Reg_PM.o)
 .debug_info    0x00004f45      0x25b .\ARM_GCC_493\Debug\Simple_Oscope.a(DAC_Clock.o)
 .debug_info    0x000051a0      0x36a .\ARM_GCC_493\Debug\Simple_Oscope.a(CyFlash.o)
 .debug_info    0x0000550a      0x456 .\ARM_GCC_493\Debug\Simple_Oscope.a(CySpc.o)

.debug_abbrev   0x00000000     0x1f1e
 *(.debug_abbrev)
 .debug_abbrev  0x00000000      0x1fc .\ARM_GCC_493\Debug\main.o
 .debug_abbrev  0x000001fc       0x77 .\ARM_GCC_493\Debug\cymetadata.o
 .debug_abbrev  0x00000273      0x1b6 .\ARM_GCC_493\Debug\Cm3Start.o
 .debug_abbrev  0x00000429      0x19d .\ARM_GCC_493\Debug\Simple_Oscope.a(cyfitter_cfg.o)
 .debug_abbrev  0x000005c6       0x14 .\ARM_GCC_493\Debug\Simple_Oscope.a(CyBootAsmGnu.o)
 .debug_abbrev  0x000005da      0x194 .\ARM_GCC_493\Debug\Simple_Oscope.a(CyDmac.o)
 .debug_abbrev  0x0000076e      0x217 .\ARM_GCC_493\Debug\Simple_Oscope.a(CyLib.o)
 .debug_abbrev  0x00000985      0x16e .\ARM_GCC_493\Debug\Simple_Oscope.a(cyPm.o)
 .debug_abbrev  0x00000af3      0x175 .\ARM_GCC_493\Debug\Simple_Oscope.a(UART.o)
 .debug_abbrev  0x00000c68       0xb8 .\ARM_GCC_493\Debug\Simple_Oscope.a(UART_INT.o)
 .debug_abbrev  0x00000d20      0x12a .\ARM_GCC_493\Debug\Simple_Oscope.a(UART_IntClock.o)
 .debug_abbrev  0x00000e4a      0x180 .\ARM_GCC_493\Debug\Simple_Oscope.a(ADC.o)
 .debug_abbrev  0x00000fca       0x42 .\ARM_GCC_493\Debug\Simple_Oscope.a(ADC_INT.o)
 .debug_abbrev  0x0000100c      0x12a .\ARM_GCC_493\Debug\Simple_Oscope.a(ADC_Clock.o)
 .debug_abbrev  0x00001136       0x8b .\ARM_GCC_493\Debug\Simple_Oscope.a(DMA_ADC_MEM_dma.o)
 .debug_abbrev  0x000011c1      0x128 .\ARM_GCC_493\Debug\Simple_Oscope.a(TIMER_DMA.o)
 .debug_abbrev  0x000012e9      0x17f .\ARM_GCC_493\Debug\Simple_Oscope.a(DMA_ENABLE.o)
 .debug_abbrev  0x00001468      0x17f .\ARM_GCC_493\Debug\Simple_Oscope.a(DMA_FRAME_READY.o)
 .debug_abbrev  0x000015e7       0xec .\ARM_GCC_493\Debug\Simple_Oscope.a(DAC_1.o)
 .debug_abbrev  0x000016d3       0x8b .\ARM_GCC_493\Debug\Simple_Oscope.a(DAC_1_Wave1_DMA_dma.o)
 .debug_abbrev  0x0000175e       0x8b .\ARM_GCC_493\Debug\Simple_Oscope.a(DAC_1_Wave2_DMA_dma.o)
 .debug_abbrev  0x000017e9       0xf8 .\ARM_GCC_493\Debug\Simple_Oscope.a(DAC_1_VDAC8.o)
 .debug_abbrev  0x000018e1      0x139 .\ARM_GCC_493\Debug\Simple_Oscope.a(SPS_Divider_Counter.o)
 .debug_abbrev  0x00001a1a       0x8e .\ARM_GCC_493\Debug\Simple_Oscope.a(SPS_Divider_Control_Reg.o)
 .debug_abbrev  0x00001aa8       0xa6 .\ARM_GCC_493\Debug\Simple_Oscope.a(SPS_Divider_Control_Reg_PM.o)
 .debug_abbrev  0x00001b4e      0x12a .\ARM_GCC_493\Debug\Simple_Oscope.a(DAC_Clock.o)
 .debug_abbrev  0x00001c78      0x12d .\ARM_GCC_493\Debug\Simple_Oscope.a(CyFlash.o)
 .debug_abbrev  0x00001da5      0x179 .\ARM_GCC_493\Debug\Simple_Oscope.a(CySpc.o)

.debug_line     0x00000000     0x3253
 *(.debug_line)
 .debug_line    0x00000000      0x4aa .\ARM_GCC_493\Debug\main.o
 .debug_line    0x000004aa       0x53 .\ARM_GCC_493\Debug\cymetadata.o
 .debug_line    0x000004fd      0x1ca .\ARM_GCC_493\Debug\Cm3Start.o
 .debug_line    0x000006c7      0x1ea .\ARM_GCC_493\Debug\Simple_Oscope.a(cyfitter_cfg.o)
 .debug_line    0x000008b1       0x7f .\ARM_GCC_493\Debug\Simple_Oscope.a(CyBootAsmGnu.o)
 .debug_line    0x00000930      0x2b7 .\ARM_GCC_493\Debug\Simple_Oscope.a(CyDmac.o)
 .debug_line    0x00000be7      0x872 .\ARM_GCC_493\Debug\Simple_Oscope.a(CyLib.o)
 .debug_line    0x00001459      0x381 .\ARM_GCC_493\Debug\Simple_Oscope.a(cyPm.o)
 .debug_line    0x000017da      0x342 .\ARM_GCC_493\Debug\Simple_Oscope.a(UART.o)
 .debug_line    0x00001b1c       0xae .\ARM_GCC_493\Debug\Simple_Oscope.a(UART_INT.o)
 .debug_line    0x00001bca      0x1c1 .\ARM_GCC_493\Debug\Simple_Oscope.a(UART_IntClock.o)
 .debug_line    0x00001d8b      0x20a .\ARM_GCC_493\Debug\Simple_Oscope.a(ADC.o)
 .debug_line    0x00001f95       0x55 .\ARM_GCC_493\Debug\Simple_Oscope.a(ADC_INT.o)
 .debug_line    0x00001fea      0x1bd .\ARM_GCC_493\Debug\Simple_Oscope.a(ADC_Clock.o)
 .debug_line    0x000021a7       0x97 .\ARM_GCC_493\Debug\Simple_Oscope.a(DMA_ADC_MEM_dma.o)
 .debug_line    0x0000223e      0x174 .\ARM_GCC_493\Debug\Simple_Oscope.a(TIMER_DMA.o)
 .debug_line    0x000023b2      0x16e .\ARM_GCC_493\Debug\Simple_Oscope.a(DMA_ENABLE.o)
 .debug_line    0x00002520      0x163 .\ARM_GCC_493\Debug\Simple_Oscope.a(DMA_FRAME_READY.o)
 .debug_line    0x00002683       0xef .\ARM_GCC_493\Debug\Simple_Oscope.a(DAC_1.o)
 .debug_line    0x00002772       0x9b .\ARM_GCC_493\Debug\Simple_Oscope.a(DAC_1_Wave1_DMA_dma.o)
 .debug_line    0x0000280d       0x9b .\ARM_GCC_493\Debug\Simple_Oscope.a(DAC_1_Wave2_DMA_dma.o)
 .debug_line    0x000028a8       0xf5 .\ARM_GCC_493\Debug\Simple_Oscope.a(DAC_1_VDAC8.o)
 .debug_line    0x0000299d      0x193 .\ARM_GCC_493\Debug\Simple_Oscope.a(SPS_Divider_Counter.o)
 .debug_line    0x00002b30       0x82 .\ARM_GCC_493\Debug\Simple_Oscope.a(SPS_Divider_Control_Reg.o)
 .debug_line    0x00002bb2       0xc6 .\ARM_GCC_493\Debug\Simple_Oscope.a(SPS_Divider_Control_Reg_PM.o)
 .debug_line    0x00002c78      0x1bd .\ARM_GCC_493\Debug\Simple_Oscope.a(DAC_Clock.o)
 .debug_line    0x00002e35      0x207 .\ARM_GCC_493\Debug\Simple_Oscope.a(CyFlash.o)
 .debug_line    0x0000303c      0x217 .\ARM_GCC_493\Debug\Simple_Oscope.a(CySpc.o)

.debug_frame    0x00000000     0x405c
 *(.debug_frame)
 .debug_frame   0x00000000      0x228 .\ARM_GCC_493\Debug\main.o
 .debug_frame   0x00000228       0xd8 .\ARM_GCC_493\Debug\Cm3Start.o
 .debug_frame   0x00000300      0x150 .\ARM_GCC_493\Debug\Simple_Oscope.a(cyfitter_cfg.o)
 .debug_frame   0x00000450      0x3d0 .\ARM_GCC_493\Debug\Simple_Oscope.a(CyDmac.o)
 .debug_frame   0x00000820      0xbe8 .\ARM_GCC_493\Debug\Simple_Oscope.a(CyLib.o)
 .debug_frame   0x00001408      0x234 .\ARM_GCC_493\Debug\Simple_Oscope.a(cyPm.o)
 .debug_frame   0x0000163c      0x428 .\ARM_GCC_493\Debug\Simple_Oscope.a(UART.o)
 .debug_frame   0x00001a64       0x5c .\ARM_GCC_493\Debug\Simple_Oscope.a(UART_INT.o)
 .debug_frame   0x00001ac0      0x1b4 .\ARM_GCC_493\Debug\Simple_Oscope.a(UART_IntClock.o)
 .debug_frame   0x00001c74      0x2c0 .\ARM_GCC_493\Debug\Simple_Oscope.a(ADC.o)
 .debug_frame   0x00001f34       0x34 .\ARM_GCC_493\Debug\Simple_Oscope.a(ADC_INT.o)
 .debug_frame   0x00001f68      0x1b4 .\ARM_GCC_493\Debug\Simple_Oscope.a(ADC_Clock.o)
 .debug_frame   0x0000211c       0x58 .\ARM_GCC_493\Debug\Simple_Oscope.a(DMA_ADC_MEM_dma.o)
 .debug_frame   0x00002174      0x230 .\ARM_GCC_493\Debug\Simple_Oscope.a(TIMER_DMA.o)
 .debug_frame   0x000023a4      0x1e8 .\ARM_GCC_493\Debug\Simple_Oscope.a(DMA_ENABLE.o)
 .debug_frame   0x0000258c      0x1e8 .\ARM_GCC_493\Debug\Simple_Oscope.a(DMA_FRAME_READY.o)
 .debug_frame   0x00002774       0xf8 .\ARM_GCC_493\Debug\Simple_Oscope.a(DAC_1.o)
 .debug_frame   0x0000286c       0x58 .\ARM_GCC_493\Debug\Simple_Oscope.a(DAC_1_Wave1_DMA_dma.o)
 .debug_frame   0x000028c4       0x58 .\ARM_GCC_493\Debug\Simple_Oscope.a(DAC_1_Wave2_DMA_dma.o)
 .debug_frame   0x0000291c      0x130 .\ARM_GCC_493\Debug\Simple_Oscope.a(DAC_1_VDAC8.o)
 .debug_frame   0x00002a4c      0x258 .\ARM_GCC_493\Debug\Simple_Oscope.a(SPS_Divider_Counter.o)
 .debug_frame   0x00002ca4       0x5c .\ARM_GCC_493\Debug\Simple_Oscope.a(SPS_Divider_Control_Reg.o)
 .debug_frame   0x00002d00       0x90 .\ARM_GCC_493\Debug\Simple_Oscope.a(SPS_Divider_Control_Reg_PM.o)
 .debug_frame   0x00002d90      0x1b4 .\ARM_GCC_493\Debug\Simple_Oscope.a(DAC_Clock.o)
 .debug_frame   0x00002f44      0x210 .\ARM_GCC_493\Debug\Simple_Oscope.a(CyFlash.o)
 .debug_frame   0x00003154      0x1f8 .\ARM_GCC_493\Debug\Simple_Oscope.a(CySpc.o)
 .debug_frame   0x0000334c       0x34 d:/programs/cypress/psoc creator/3.3/psoc creator/import/gnu/arm/4.9.3/bin/../lib/gcc/arm-none-eabi/4.9.3/../../../../arm-none-eabi/lib/armv7-m\libm.a(lib_a-s_floor.o)
 .debug_frame   0x00003380       0x38 d:/programs/cypress/psoc creator/3.3/psoc creator/import/gnu/arm/4.9.3/bin/../lib/gcc/arm-none-eabi/4.9.3/../../../../arm-none-eabi/lib/armv7-m\libm.a(lib_a-s_sin.o)
 .debug_frame   0x000033b8       0x48 d:/programs/cypress/psoc creator/3.3/psoc creator/import/gnu/arm/4.9.3/bin/../lib/gcc/arm-none-eabi/4.9.3/../../../../arm-none-eabi/lib/armv7-m\libm.a(lib_a-e_rem_pio2.o)
 .debug_frame   0x00003400       0x4c d:/programs/cypress/psoc creator/3.3/psoc creator/import/gnu/arm/4.9.3/bin/../lib/gcc/arm-none-eabi/4.9.3/../../../../arm-none-eabi/lib/armv7-m\libm.a(lib_a-k_cos.o)
 .debug_frame   0x0000344c       0x54 d:/programs/cypress/psoc creator/3.3/psoc creator/import/gnu/arm/4.9.3/bin/../lib/gcc/arm-none-eabi/4.9.3/../../../../arm-none-eabi/lib/armv7-m\libm.a(lib_a-k_rem_pio2.o)
 .debug_frame   0x000034a0       0x48 d:/programs/cypress/psoc creator/3.3/psoc creator/import/gnu/arm/4.9.3/bin/../lib/gcc/arm-none-eabi/4.9.3/../../../../arm-none-eabi/lib/armv7-m\libm.a(lib_a-k_sin.o)
 .debug_frame   0x000034e8       0x20 d:/programs/cypress/psoc creator/3.3/psoc creator/import/gnu/arm/4.9.3/bin/../lib/gcc/arm-none-eabi/4.9.3/../../../../arm-none-eabi/lib/armv7-m\libm.a(lib_a-s_fabs.o)
 .debug_frame   0x00003508       0x30 d:/programs/cypress/psoc creator/3.3/psoc creator/import/gnu/arm/4.9.3/bin/../lib/gcc/arm-none-eabi/4.9.3/../../../../arm-none-eabi/lib/armv7-m\libm.a(lib_a-s_scalbn.o)
 .debug_frame   0x00003538       0x20 d:/programs/cypress/psoc creator/3.3/psoc creator/import/gnu/arm/4.9.3/bin/../lib/gcc/arm-none-eabi/4.9.3/../../../../arm-none-eabi/lib/armv7-m\libm.a(lib_a-s_copysign.o)
 .debug_frame   0x00003558       0x28 d:/programs/cypress/psoc creator/3.3/psoc creator/import/gnu/arm/4.9.3/bin/../lib/gcc/arm-none-eabi/4.9.3/armv7-m\libgcc.a(_aeabi_ldivmod.o)
 .debug_frame   0x00003580       0x54 d:/programs/cypress/psoc creator/3.3/psoc creator/import/gnu/arm/4.9.3/bin/../lib/gcc/arm-none-eabi/4.9.3/armv7-m\libgcc.a(bpabi.o)
 .debug_frame   0x000035d4       0x34 d:/programs/cypress/psoc creator/3.3/psoc creator/import/gnu/arm/4.9.3/bin/../lib/gcc/arm-none-eabi/4.9.3/armv7-m\libgcc.a(_divdi3.o)
 .debug_frame   0x00003608       0x34 d:/programs/cypress/psoc creator/3.3/psoc creator/import/gnu/arm/4.9.3/bin/../lib/gcc/arm-none-eabi/4.9.3/armv7-m\libgcc.a(_udivdi3.o)
 .debug_frame   0x0000363c       0x20 d:/programs/cypress/psoc creator/3.3/psoc creator/import/gnu/arm/4.9.3/bin/../lib/gcc/arm-none-eabi/4.9.3/../../../../arm-none-eabi/lib/armv7-m\libg_nano.a(lib_a-errno.o)
 .debug_frame   0x0000365c       0x28 d:/programs/cypress/psoc creator/3.3/psoc creator/import/gnu/arm/4.9.3/bin/../lib/gcc/arm-none-eabi/4.9.3/../../../../arm-none-eabi/lib/armv7-m\libg_nano.a(lib_a-exit.o)
 .debug_frame   0x00003684       0x2c d:/programs/cypress/psoc creator/3.3/psoc creator/import/gnu/arm/4.9.3/bin/../lib/gcc/arm-none-eabi/4.9.3/../../../../arm-none-eabi/lib/armv7-m\libg_nano.a(lib_a-init.o)
 .debug_frame   0x000036b0       0x28 d:/programs/cypress/psoc creator/3.3/psoc creator/import/gnu/arm/4.9.3/bin/../lib/gcc/arm-none-eabi/4.9.3/../../../../arm-none-eabi/lib/armv7-m\libg_nano.a(lib_a-memcpy.o)
 .debug_frame   0x000036d8       0x20 d:/programs/cypress/psoc creator/3.3/psoc creator/import/gnu/arm/4.9.3/bin/../lib/gcc/arm-none-eabi/4.9.3/../../../../arm-none-eabi/lib/armv7-m\libg_nano.a(lib_a-memset.o)
 .debug_frame   0x000036f8       0x70 d:/programs/cypress/psoc creator/3.3/psoc creator/import/gnu/arm/4.9.3/bin/../lib/gcc/arm-none-eabi/4.9.3/../../../../arm-none-eabi/lib/armv7-m\libg_nano.a(lib_a-sprintf.o)
 .debug_frame   0x00003768       0x80 d:/programs/cypress/psoc creator/3.3/psoc creator/import/gnu/arm/4.9.3/bin/../lib/gcc/arm-none-eabi/4.9.3/../../../../arm-none-eabi/lib/armv7-m\libg_nano.a(lib_a-sscanf.o)
 .debug_frame   0x000037e8       0x88 d:/programs/cypress/psoc creator/3.3/psoc creator/import/gnu/arm/4.9.3/bin/../lib/gcc/arm-none-eabi/4.9.3/../../../../arm-none-eabi/lib/armv7-m\libg_nano.a(lib_a-stdio.o)
 .debug_frame   0x00003870       0x20 d:/programs/cypress/psoc creator/3.3/psoc creator/import/gnu/arm/4.9.3/bin/../lib/gcc/arm-none-eabi/4.9.3/../../../../arm-none-eabi/lib/armv7-m\libg_nano.a(lib_a-strlen.o)
 .debug_frame   0x00003890       0x28 d:/programs/cypress/psoc creator/3.3/psoc creator/import/gnu/arm/4.9.3/bin/../lib/gcc/arm-none-eabi/4.9.3/../../../../arm-none-eabi/lib/armv7-m\libg_nano.a(lib_a-strncpy.o)
 .debug_frame   0x000038b8       0x2c d:/programs/cypress/psoc creator/3.3/psoc creator/import/gnu/arm/4.9.3/bin/../lib/gcc/arm-none-eabi/4.9.3/../../../../arm-none-eabi/lib/armv7-m\libg_nano.a(lib_a-strpbrk.o)
 .debug_frame   0x000038e4       0x2c d:/programs/cypress/psoc creator/3.3/psoc creator/import/gnu/arm/4.9.3/bin/../lib/gcc/arm-none-eabi/4.9.3/../../../../arm-none-eabi/lib/armv7-m\libg_nano.a(lib_a-writer.o)
 .debug_frame   0x00003910       0x2c d:/programs/cypress/psoc creator/3.3/psoc creator/import/gnu/arm/4.9.3/bin/../lib/gcc/arm-none-eabi/4.9.3/../../../../arm-none-eabi/lib/armv7-m\libg_nano.a(lib_a-closer.o)
 .debug_frame   0x0000393c       0x2c d:/programs/cypress/psoc creator/3.3/psoc creator/import/gnu/arm/4.9.3/bin/../lib/gcc/arm-none-eabi/4.9.3/../../../../arm-none-eabi/lib/armv7-m\libg_nano.a(lib_a-lseekr.o)
 .debug_frame   0x00003968       0x8c d:/programs/cypress/psoc creator/3.3/psoc creator/import/gnu/arm/4.9.3/bin/../lib/gcc/arm-none-eabi/4.9.3/../../../../arm-none-eabi/lib/armv7-m\libg_nano.a(lib_a-nano-svfprintf.o)
 .debug_frame   0x000039f4       0x70 d:/programs/cypress/psoc creator/3.3/psoc creator/import/gnu/arm/4.9.3/bin/../lib/gcc/arm-none-eabi/4.9.3/../../../../arm-none-eabi/lib/armv7-m\libg_nano.a(lib_a-nano-svfscanf.o)
 .debug_frame   0x00003a64       0x58 d:/programs/cypress/psoc creator/3.3/psoc creator/import/gnu/arm/4.9.3/bin/../lib/gcc/arm-none-eabi/4.9.3/../../../../arm-none-eabi/lib/armv7-m\libg_nano.a(lib_a-nano-vfprintf_i.o)
 .debug_frame   0x00003abc       0x5c d:/programs/cypress/psoc creator/3.3/psoc creator/import/gnu/arm/4.9.3/bin/../lib/gcc/arm-none-eabi/4.9.3/../../../../arm-none-eabi/lib/armv7-m\libg_nano.a(lib_a-nano-vfscanf_i.o)
 .debug_frame   0x00003b18       0x2c d:/programs/cypress/psoc creator/3.3/psoc creator/import/gnu/arm/4.9.3/bin/../lib/gcc/arm-none-eabi/4.9.3/../../../../arm-none-eabi/lib/armv7-m\libg_nano.a(lib_a-readr.o)
 .debug_frame   0x00003b44       0x5c d:/programs/cypress/psoc creator/3.3/psoc creator/import/gnu/arm/4.9.3/bin/../lib/gcc/arm-none-eabi/4.9.3/../../../../arm-none-eabi/lib/armv7-m\libg_nano.a(lib_a-reent.o)
 .debug_frame   0x00003ba0       0x30 d:/programs/cypress/psoc creator/3.3/psoc creator/import/gnu/arm/4.9.3/bin/../lib/gcc/arm-none-eabi/4.9.3/../../../../arm-none-eabi/lib/armv7-m\libg_nano.a(lib_a-sccl.o)
 .debug_frame   0x00003bd0       0x54 d:/programs/cypress/psoc creator/3.3/psoc creator/import/gnu/arm/4.9.3/bin/../lib/gcc/arm-none-eabi/4.9.3/../../../../arm-none-eabi/lib/armv7-m\libg_nano.a(lib_a-strtol.o)
 .debug_frame   0x00003c24       0x54 d:/programs/cypress/psoc creator/3.3/psoc creator/import/gnu/arm/4.9.3/bin/../lib/gcc/arm-none-eabi/4.9.3/../../../../arm-none-eabi/lib/armv7-m\libg_nano.a(lib_a-strtoul.o)
 .debug_frame   0x00003c78       0x5c d:/programs/cypress/psoc creator/3.3/psoc creator/import/gnu/arm/4.9.3/bin/../lib/gcc/arm-none-eabi/4.9.3/../../../../arm-none-eabi/lib/armv7-m\libg_nano.a(lib_a-ungetc.o)
 .debug_frame   0x00003cd4       0x68 d:/programs/cypress/psoc creator/3.3/psoc creator/import/gnu/arm/4.9.3/bin/../lib/gcc/arm-none-eabi/4.9.3/../../../../arm-none-eabi/lib/armv7-m\libg_nano.a(lib_a-fflush.o)
 .debug_frame   0x00003d3c      0x11c d:/programs/cypress/psoc creator/3.3/psoc creator/import/gnu/arm/4.9.3/bin/../lib/gcc/arm-none-eabi/4.9.3/../../../../arm-none-eabi/lib/armv7-m\libg_nano.a(lib_a-findfp.o)
 .debug_frame   0x00003e58       0x54 d:/programs/cypress/psoc creator/3.3/psoc creator/import/gnu/arm/4.9.3/bin/../lib/gcc/arm-none-eabi/4.9.3/../../../../arm-none-eabi/lib/armv7-m\libg_nano.a(lib_a-fwalk.o)
 .debug_frame   0x00003eac       0x28 d:/programs/cypress/psoc creator/3.3/psoc creator/import/gnu/arm/4.9.3/bin/../lib/gcc/arm-none-eabi/4.9.3/../../../../arm-none-eabi/lib/armv7-m\libg_nano.a(lib_a-memchr.o)
 .debug_frame   0x00003ed4       0x28 d:/programs/cypress/psoc creator/3.3/psoc creator/import/gnu/arm/4.9.3/bin/../lib/gcc/arm-none-eabi/4.9.3/../../../../arm-none-eabi/lib/armv7-m\libg_nano.a(lib_a-memmove.o)
 .debug_frame   0x00003efc       0x2c d:/programs/cypress/psoc creator/3.3/psoc creator/import/gnu/arm/4.9.3/bin/../lib/gcc/arm-none-eabi/4.9.3/../../../../arm-none-eabi/lib/armv7-m\libg_nano.a(lib_a-nano-freer.o)
 .debug_frame   0x00003f28       0x2c d:/programs/cypress/psoc creator/3.3/psoc creator/import/gnu/arm/4.9.3/bin/../lib/gcc/arm-none-eabi/4.9.3/../../../../arm-none-eabi/lib/armv7-m\libg_nano.a(lib_a-nano-mallocr.o)
 .debug_frame   0x00003f54       0x3c d:/programs/cypress/psoc creator/3.3/psoc creator/import/gnu/arm/4.9.3/bin/../lib/gcc/arm-none-eabi/4.9.3/../../../../arm-none-eabi/lib/armv7-m\libg_nano.a(lib_a-nano-reallocr.o)
 .debug_frame   0x00003f90       0x2c d:/programs/cypress/psoc creator/3.3/psoc creator/import/gnu/arm/4.9.3/bin/../lib/gcc/arm-none-eabi/4.9.3/../../../../arm-none-eabi/lib/armv7-m\libg_nano.a(lib_a-sbrkr.o)
 .debug_frame   0x00003fbc       0x20 d:/programs/cypress/psoc creator/3.3/psoc creator/import/gnu/arm/4.9.3/bin/../lib/gcc/arm-none-eabi/4.9.3/../../../../arm-none-eabi/lib/armv7-m\libg_nano.a(lib_a-nano-msizer.o)
 .debug_frame   0x00003fdc       0x20 d:/programs/cypress/psoc creator/3.3/psoc creator/import/gnu/arm/4.9.3/bin/../lib/gcc/arm-none-eabi/4.9.3/../../../../arm-none-eabi/lib/armv7-m\libnosys.a(close.o)
 .debug_frame   0x00003ffc       0x20 d:/programs/cypress/psoc creator/3.3/psoc creator/import/gnu/arm/4.9.3/bin/../lib/gcc/arm-none-eabi/4.9.3/../../../../arm-none-eabi/lib/armv7-m\libnosys.a(lseek.o)
 .debug_frame   0x0000401c       0x20 d:/programs/cypress/psoc creator/3.3/psoc creator/import/gnu/arm/4.9.3/bin/../lib/gcc/arm-none-eabi/4.9.3/../../../../arm-none-eabi/lib/armv7-m\libnosys.a(read.o)
 .debug_frame   0x0000403c       0x20 d:/programs/cypress/psoc creator/3.3/psoc creator/import/gnu/arm/4.9.3/bin/../lib/gcc/arm-none-eabi/4.9.3/../../../../arm-none-eabi/lib/armv7-m\libnosys.a(write.o)

.debug_str      0x00000000     0x2dc5
 *(.debug_str)
 .debug_str     0x00000000      0x412 .\ARM_GCC_493\Debug\main.o
                                0x479 (size before relaxing)
 .debug_str     0x00000412       0x77 .\ARM_GCC_493\Debug\cymetadata.o
                                0x1e7 (size before relaxing)
 .debug_str     0x00000489      0x132 .\ARM_GCC_493\Debug\Cm3Start.o
                                0x2c8 (size before relaxing)
 .debug_str     0x000005bb      0x132 .\ARM_GCC_493\Debug\Simple_Oscope.a(cyfitter_cfg.o)
                                0x2d6 (size before relaxing)
 .debug_str     0x000006ed      0x359 .\ARM_GCC_493\Debug\Simple_Oscope.a(CyDmac.o)
                                0x50e (size before relaxing)
 .debug_str     0x00000a46      0x7c3 .\ARM_GCC_493\Debug\Simple_Oscope.a(CyLib.o)
                                0x9c3 (size before relaxing)
 .debug_str     0x00001209      0x367 .\ARM_GCC_493\Debug\Simple_Oscope.a(cyPm.o)
                                0x528 (size before relaxing)
 .debug_str     0x00001570      0x378 .\ARM_GCC_493\Debug\Simple_Oscope.a(UART.o)
                                0x515 (size before relaxing)
 .debug_str     0x000018e8       0x60 .\ARM_GCC_493\Debug\Simple_Oscope.a(UART_INT.o)
                                0x281 (size before relaxing)
 .debug_str     0x00001948      0x1ac .\ARM_GCC_493\Debug\Simple_Oscope.a(UART_IntClock.o)
                                0x333 (size before relaxing)
 .debug_str     0x00001af4      0x1c3 .\ARM_GCC_493\Debug\Simple_Oscope.a(ADC.o)
                                0x3a8 (size before relaxing)
 .debug_str     0x00001cb7       0x2b .\ARM_GCC_493\Debug\Simple_Oscope.a(ADC_INT.o)
                                0x18c (size before relaxing)
 .debug_str     0x00001ce2      0x131 .\ARM_GCC_493\Debug\Simple_Oscope.a(ADC_Clock.o)
                                0x303 (size before relaxing)
 .debug_str     0x00001e13       0xad .\ARM_GCC_493\Debug\Simple_Oscope.a(DMA_ADC_MEM_dma.o)
                                0x224 (size before relaxing)
 .debug_str     0x00001ec0      0x1bd .\ARM_GCC_493\Debug\Simple_Oscope.a(TIMER_DMA.o)
                                0x347 (size before relaxing)
 .debug_str     0x0000207d      0x12e .\ARM_GCC_493\Debug\Simple_Oscope.a(DMA_ENABLE.o)
                                0x2dd (size before relaxing)
 .debug_str     0x000021ab      0x174 .\ARM_GCC_493\Debug\Simple_Oscope.a(DMA_FRAME_READY.o)
                                0x323 (size before relaxing)
 .debug_str     0x0000231f      0x11f .\ARM_GCC_493\Debug\Simple_Oscope.a(DAC_1.o)
                                0x29d (size before relaxing)
 .debug_str     0x0000243e       0x82 .\ARM_GCC_493\Debug\Simple_Oscope.a(DAC_1_Wave1_DMA_dma.o)
                                0x234 (size before relaxing)
 .debug_str     0x000024c0       0x82 .\ARM_GCC_493\Debug\Simple_Oscope.a(DAC_1_Wave2_DMA_dma.o)
                                0x234 (size before relaxing)
 .debug_str     0x00002542       0xe1 .\ARM_GCC_493\Debug\Simple_Oscope.a(DAC_1_VDAC8.o)
                                0x258 (size before relaxing)
 .debug_str     0x00002623      0x28d .\ARM_GCC_493\Debug\Simple_Oscope.a(SPS_Divider_Counter.o)
                                0x426 (size before relaxing)
 .debug_str     0x000028b0       0x6e .\ARM_GCC_493\Debug\Simple_Oscope.a(SPS_Divider_Control_Reg.o)
                                0x1e2 (size before relaxing)
 .debug_str     0x0000291e      0x10e .\ARM_GCC_493\Debug\Simple_Oscope.a(SPS_Divider_Control_Reg_PM.o)
                                0x27a (size before relaxing)
 .debug_str     0x00002a2c      0x131 .\ARM_GCC_493\Debug\Simple_Oscope.a(DAC_Clock.o)
                                0x303 (size before relaxing)
 .debug_str     0x00002b5d      0x147 .\ARM_GCC_493\Debug\Simple_Oscope.a(CyFlash.o)
                                0x2e7 (size before relaxing)
 .debug_str     0x00002ca4      0x121 .\ARM_GCC_493\Debug\Simple_Oscope.a(CySpc.o)
                                0x2e4 (size before relaxing)

.debug_loc
 *(.debug_loc)

.debug_macinfo
 *(.debug_macinfo)

.debug_ranges   0x00000000      0xb68
 *(.debug_ranges)
 .debug_ranges  0x00000000       0x80 .\ARM_GCC_493\Debug\main.o
 .debug_ranges  0x00000080       0x38 .\ARM_GCC_493\Debug\Cm3Start.o
 .debug_ranges  0x000000b8       0x48 .\ARM_GCC_493\Debug\Simple_Oscope.a(cyfitter_cfg.o)
 .debug_ranges  0x00000100       0xc8 .\ARM_GCC_493\Debug\Simple_Oscope.a(CyDmac.o)
 .debug_ranges  0x000001c8      0x288 .\ARM_GCC_493\Debug\Simple_Oscope.a(CyLib.o)
 .debug_ranges  0x00000450       0x88 .\ARM_GCC_493\Debug\Simple_Oscope.a(cyPm.o)
 .debug_ranges  0x000004d8       0xe0 .\ARM_GCC_493\Debug\Simple_Oscope.a(UART.o)
 .debug_ranges  0x000005b8       0x18 .\ARM_GCC_493\Debug\Simple_Oscope.a(UART_INT.o)
 .debug_ranges  0x000005d0       0x60 .\ARM_GCC_493\Debug\Simple_Oscope.a(UART_IntClock.o)
 .debug_ranges  0x00000630       0x98 .\ARM_GCC_493\Debug\Simple_Oscope.a(ADC.o)
 .debug_ranges  0x000006c8       0x10 .\ARM_GCC_493\Debug\Simple_Oscope.a(ADC_INT.o)
 .debug_ranges  0x000006d8       0x60 .\ARM_GCC_493\Debug\Simple_Oscope.a(ADC_Clock.o)
 .debug_ranges  0x00000738       0x18 .\ARM_GCC_493\Debug\Simple_Oscope.a(DMA_ADC_MEM_dma.o)
 .debug_ranges  0x00000750       0x80 .\ARM_GCC_493\Debug\Simple_Oscope.a(TIMER_DMA.o)
 .debug_ranges  0x000007d0       0x70 .\ARM_GCC_493\Debug\Simple_Oscope.a(DMA_ENABLE.o)
 .debug_ranges  0x00000840       0x70 .\ARM_GCC_493\Debug\Simple_Oscope.a(DMA_FRAME_READY.o)
 .debug_ranges  0x000008b0       0x40 .\ARM_GCC_493\Debug\Simple_Oscope.a(DAC_1.o)
 .debug_ranges  0x000008f0       0x18 .\ARM_GCC_493\Debug\Simple_Oscope.a(DAC_1_Wave1_DMA_dma.o)
 .debug_ranges  0x00000908       0x18 .\ARM_GCC_493\Debug\Simple_Oscope.a(DAC_1_Wave2_DMA_dma.o)
 .debug_ranges  0x00000920       0x48 .\ARM_GCC_493\Debug\Simple_Oscope.a(DAC_1_VDAC8.o)
 .debug_ranges  0x00000968       0x88 .\ARM_GCC_493\Debug\Simple_Oscope.a(SPS_Divider_Counter.o)
 .debug_ranges  0x000009f0       0x18 .\ARM_GCC_493\Debug\Simple_Oscope.a(SPS_Divider_Control_Reg.o)
 .debug_ranges  0x00000a08       0x28 .\ARM_GCC_493\Debug\Simple_Oscope.a(SPS_Divider_Control_Reg_PM.o)
 .debug_ranges  0x00000a30       0x60 .\ARM_GCC_493\Debug\Simple_Oscope.a(DAC_Clock.o)
 .debug_ranges  0x00000a90       0x70 .\ARM_GCC_493\Debug\Simple_Oscope.a(CyFlash.o)
 .debug_ranges  0x00000b00       0x68 .\ARM_GCC_493\Debug\Simple_Oscope.a(CySpc.o)

.comment        0x00000000       0x70
 .comment       0x00000000       0x70 .\ARM_GCC_493\Debug\main.o
                                 0x71 (size before relaxing)
 .comment       0x00000000       0x71 .\ARM_GCC_493\Debug\cymetadata.o
 .comment       0x00000000       0x71 .\ARM_GCC_493\Debug\Cm3Start.o
 .comment       0x00000000       0x71 .\ARM_GCC_493\Debug\Simple_Oscope.a(cyfitter_cfg.o)
 .comment       0x00000000       0x71 .\ARM_GCC_493\Debug\Simple_Oscope.a(CyDmac.o)
 .comment       0x00000000       0x71 .\ARM_GCC_493\Debug\Simple_Oscope.a(CyLib.o)
 .comment       0x00000000       0x71 .\ARM_GCC_493\Debug\Simple_Oscope.a(cyPm.o)
 .comment       0x00000000       0x71 .\ARM_GCC_493\Debug\Simple_Oscope.a(UART.o)
 .comment       0x00000000       0x71 .\ARM_GCC_493\Debug\Simple_Oscope.a(UART_INT.o)
 .comment       0x00000000       0x71 .\ARM_GCC_493\Debug\Simple_Oscope.a(UART_IntClock.o)
 .comment       0x00000000       0x71 .\ARM_GCC_493\Debug\Simple_Oscope.a(ADC.o)
 .comment       0x00000000       0x71 .\ARM_GCC_493\Debug\Simple_Oscope.a(ADC_INT.o)
 .comment       0x00000000       0x71 .\ARM_GCC_493\Debug\Simple_Oscope.a(ADC_Clock.o)
 .comment       0x00000000       0x71 .\ARM_GCC_493\Debug\Simple_Oscope.a(DMA_ADC_MEM_dma.o)
 .comment       0x00000000       0x71 .\ARM_GCC_493\Debug\Simple_Oscope.a(TIMER_DMA.o)
 .comment       0x00000000       0x71 .\ARM_GCC_493\Debug\Simple_Oscope.a(DMA_ENABLE.o)
 .comment       0x00000000       0x71 .\ARM_GCC_493\Debug\Simple_Oscope.a(DMA_FRAME_READY.o)
 .comment       0x00000000       0x71 .\ARM_GCC_493\Debug\Simple_Oscope.a(DAC_1.o)
 .comment       0x00000000       0x71 .\ARM_GCC_493\Debug\Simple_Oscope.a(DAC_1_Wave1_DMA_dma.o)
 .comment       0x00000000       0x71 .\ARM_GCC_493\Debug\Simple_Oscope.a(DAC_1_Wave2_DMA_dma.o)
 .comment       0x00000000       0x71 .\ARM_GCC_493\Debug\Simple_Oscope.a(DAC_1_VDAC8.o)
 .comment       0x00000000       0x71 .\ARM_GCC_493\Debug\Simple_Oscope.a(SPS_Divider_Counter.o)
 .comment       0x00000000       0x71 .\ARM_GCC_493\Debug\Simple_Oscope.a(SPS_Divider_Control_Reg.o)
 .comment       0x00000000       0x71 .\ARM_GCC_493\Debug\Simple_Oscope.a(SPS_Divider_Control_Reg_PM.o)
 .comment       0x00000000       0x71 .\ARM_GCC_493\Debug\Simple_Oscope.a(DAC_Clock.o)
 .comment       0x00000000       0x71 .\ARM_GCC_493\Debug\Simple_Oscope.a(CyFlash.o)
 .comment       0x00000000       0x71 .\ARM_GCC_493\Debug\Simple_Oscope.a(CySpc.o)

.debug_weaknames
 *(.debug_weaknames)

.debug_funcnames
 *(.debug_funcnames)

.debug_typenames
 *(.debug_typenames)

.debug_varnames
 *(.debug_varnames)

.note.gnu.arm.ident
 *(.note.gnu.arm.ident)

.ARM.attributes
                0x00000000       0x29
 *(.ARM.attributes)
 .ARM.attributes
                0x00000000       0x1d d:/programs/cypress/psoc creator/3.3/psoc creator/import/gnu/arm/4.9.3/bin/../lib/gcc/arm-none-eabi/4.9.3/armv7-m/crti.o
 .ARM.attributes
                0x0000001d       0x2d d:/programs/cypress/psoc creator/3.3/psoc creator/import/gnu/arm/4.9.3/bin/../lib/gcc/arm-none-eabi/4.9.3/armv7-m/crtbegin.o
 .ARM.attributes