Archive member included because of file (symbol)

.\ARM_GCC_493\Debug\Simple_Oscope.a(cyfitter_cfg.o)
                              .\ARM_GCC_493\Debug\Cm3Start.o (cyfitter_cfg)
.\ARM_GCC_493\Debug\Simple_Oscope.a(CyBootAsmGnu.o)
                              .\ARM_GCC_493\Debug\Simple_Oscope.a(cyfitter_cfg.o) (CyDelayCycles)
.\ARM_GCC_493\Debug\Simple_Oscope.a(CyDmac.o)
                              .\ARM_GCC_493\Debug\Cm3Start.o (CyDmacConfigure)
.\ARM_GCC_493\Debug\Simple_Oscope.a(CyLib.o)
                              .\ARM_GCC_493\Debug\Cm3Start.o (CyResetStatus)
.\ARM_GCC_493\Debug\Simple_Oscope.a(cyPm.o)
                              .\ARM_GCC_493\Debug\Simple_Oscope.a(CyLib.o) (CyPmReadStatus)
.\ARM_GCC_493\Debug\Simple_Oscope.a(UART.o)
                              .\ARM_GCC_493\Debug\main.o (UART_Start)
.\ARM_GCC_493\Debug\Simple_Oscope.a(UART_INT.o)
                              .\ARM_GCC_493\Debug\Simple_Oscope.a(UART.o) (UART_RXISR)
.\ARM_GCC_493\Debug\Simple_Oscope.a(UART_IntClock.o)
                              .\ARM_GCC_493\Debug\Simple_Oscope.a(UART.o) (UART_IntClock_Start)
.\ARM_GCC_493\Debug\Simple_Oscope.a(ADC.o)
                              .\ARM_GCC_493\Debug\main.o (ADC_Start)
.\ARM_GCC_493\Debug\Simple_Oscope.a(ADC_INT.o)
                              .\ARM_GCC_493\Debug\Simple_Oscope.a(ADC.o) (ADC_ISR)
.\ARM_GCC_493\Debug\Simple_Oscope.a(ADC_Clock.o)
                              .\ARM_GCC_493\Debug\main.o (ADC_Clock_SetDividerRegister)
.\ARM_GCC_493\Debug\Simple_Oscope.a(DMA_ADC_MEM_dma.o)
                              .\ARM_GCC_493\Debug\main.o (DMA_ADC_MEM_DmaInitialize)
.\ARM_GCC_493\Debug\Simple_Oscope.a(TIMER_DMA.o)
                              .\ARM_GCC_493\Debug\main.o (TIMER_DMA_Init)
.\ARM_GCC_493\Debug\Simple_Oscope.a(DMA_ENABLE.o)
                              .\ARM_GCC_493\Debug\main.o (DMA_ENABLE_StartEx)
.\ARM_GCC_493\Debug\Simple_Oscope.a(DMA_FRAME_READY.o)
                              .\ARM_GCC_493\Debug\main.o (DMA_FRAME_READY_StartEx)
.\ARM_GCC_493\Debug\Simple_Oscope.a(DAC_1.o)
                              .\ARM_GCC_493\Debug\main.o (DAC_1_Wave1Setup)
.\ARM_GCC_493\Debug\Simple_Oscope.a(DAC_1_Wave1_DMA_dma.o)
                              .\ARM_GCC_493\Debug\Simple_Oscope.a(DAC_1.o) (DAC_1_Wave1_DMA_DmaInitialize)
.\ARM_GCC_493\Debug\Simple_Oscope.a(DAC_1_Wave2_DMA_dma.o)
                              .\ARM_GCC_493\Debug\Simple_Oscope.a(DAC_1.o) (DAC_1_Wave2_DMA_DmaInitialize)
.\ARM_GCC_493\Debug\Simple_Oscope.a(DAC_1_VDAC8.o)
                              .\ARM_GCC_493\Debug\Simple_Oscope.a(DAC_1.o) (DAC_1_VDAC8_Init)
.\ARM_GCC_493\Debug\Simple_Oscope.a(SPS_Divider_Counter.o)
                              .\ARM_GCC_493\Debug\main.o (SPS_Divider_Counter_WritePeriod)
.\ARM_GCC_493\Debug\Simple_Oscope.a(SPS_Divider_Control_Reg.o)
                              .\ARM_GCC_493\Debug\main.o (SPS_Divider_Control_Reg_Write)
.\ARM_GCC_493\Debug\Simple_Oscope.a(SPS_Divider_Control_Reg_PM.o)
                              .\ARM_GCC_493\Debug\main.o (SPS_Divider_Control_Reg_SaveConfig)
.\ARM_GCC_493\Debug\Simple_Oscope.a(DAC_Clock.o)
                              .\ARM_GCC_493\Debug\main.o (DAC_Clock_SetDividerRegister)
.\ARM_GCC_493\Debug\Simple_Oscope.a(CyFlash.o)
                              .\ARM_GCC_493\Debug\Simple_Oscope.a(cyPm.o) (CyFlash_SetWaitCycles)
.\ARM_GCC_493\Debug\Simple_Oscope.a(CySpc.o)
                              .\ARM_GCC_493\Debug\Simple_Oscope.a(CyFlash.o) (CySpcStart)
d:/programs/cypress/psoc creator/3.3/psoc creator/import/gnu/arm/4.9.3/bin/../lib/gcc/arm-none-eabi/4.9.3/../../../../arm-none-eabi/lib/armv7-m\libm.a(lib_a-s_floor.o)
                              .\ARM_GCC_493\Debug\main.o (floor)
d:/programs/cypress/psoc creator/3.3/psoc creator/import/gnu/arm/4.9.3/bin/../lib/gcc/arm-none-eabi/4.9.3/armv7-m\libgcc.a(_arm_addsubdf3.o)
                              d:/programs/cypress/psoc creator/3.3/psoc creator/import/gnu/arm/4.9.3/bin/../lib/gcc/arm-none-eabi/4.9.3/../../../../arm-none-eabi/lib/armv7-m\libm.a(lib_a-s_floor.o) (__aeabi_dadd)
d:/programs/cypress/psoc creator/3.3/psoc creator/import/gnu/arm/4.9.3/bin/../lib/gcc/arm-none-eabi/4.9.3/armv7-m\libgcc.a(_arm_muldivdf3.o)
                              .\ARM_GCC_493\Debug\main.o (__aeabi_dmul)
d:/programs/cypress/psoc creator/3.3/psoc creator/import/gnu/arm/4.9.3/bin/../lib/gcc/arm-none-eabi/4.9.3/armv7-m\libgcc.a(_arm_cmpdf2.o)
                              d:/programs/cypress/psoc creator/3.3/psoc creator/import/gnu/arm/4.9.3/bin/../lib/gcc/arm-none-eabi/4.9.3/../../../../arm-none-eabi/lib/armv7-m\libm.a(lib_a-s_floor.o) (__aeabi_dcmpgt)
d:/programs/cypress/psoc creator/3.3/psoc creator/import/gnu/arm/4.9.3/bin/../lib/gcc/arm-none-eabi/4.9.3/armv7-m\libgcc.a(_arm_fixdfsi.o)
                              .\ARM_GCC_493\Debug\main.o (__aeabi_d2iz)
d:/programs/cypress/psoc creator/3.3/psoc creator/import/gnu/arm/4.9.3/bin/../lib/gcc/arm-none-eabi/4.9.3/armv7-m\libgcc.a(_arm_addsubsf3.o)
[...]
Memory Configuration

Name             Origin             Length             Attributes
rom              0x00000000         0x00040000         xr
ram              0x1fff8000         0x00010000         xrw
*default*        0x00000000         0xffffffff

Linker script and memory map

LOAD d:/programs/cypress/psoc creator/3.3/psoc creator/import/gnu/arm/4.9.3/bin/../lib/gcc/arm-none-eabi/4.9.3/armv7-m/crti.o
LOAD d:/programs/cypress/psoc creator/3.3/psoc creator/import/gnu/arm/4.9.3/bin/../lib/gcc/arm-none-eabi/4.9.3/armv7-m/crtbegin.o
LOAD d:/programs/cypress/psoc creator/3.3/psoc creator/import/gnu/arm/4.9.3/bin/../lib/gcc/arm-none-eabi/4.9.3/../../../../arm-none-eabi/lib/armv7-m/crt0.o
START GROUP
LOAD .\ARM_GCC_493\Debug\main.o
LOAD .\ARM_GCC_493\Debug\cymetadata.o
LOAD .\ARM_GCC_493\Debug\Cm3Start.o
LOAD .\ARM_GCC_493\Debug\Simple_Oscope.a
LOAD D:\Programs\Cypress\PSoC Creator\3.3\PSoC Creator\psoc\content\cycomponentlibrary\CyComponentLibrary.cylib\CortexM3\ARM_GCC_493\Debug\CyComponentLibrary.a
LOAD d:/programs/cypress/psoc creator/3.3/psoc creator/import/gnu/arm/4.9.3/bin/../lib/gcc/arm-none-eabi/4.9.3/../../../../arm-none-eabi/lib/armv7-m\libm.a
END GROUP
START GROUP
LOAD d:/programs/cypress/psoc creator/3.3/psoc creator/import/gnu/arm/4.9.3/bin/../lib/gcc/arm-none-eabi/4.9.3/armv7-m\libgcc.a
LOAD d:/programs/cypress/psoc creator/3.3/psoc creator/import/gnu/arm/4.9.3/bin/../lib/gcc/arm-none-eabi/4.9.3/../../../../arm-none-eabi/lib/armv7-m\libg_nano.a
LOAD d:/programs/cypress/psoc creator/3.3/psoc creator/import/gnu/arm/4.9.3/bin/../lib/gcc/arm-none-eabi/4.9.3/../../../../arm-none-eabi/lib/armv7-m\libc_nano.a
END GROUP
START GROUP
LOAD d:/programs/cypress/psoc creator/3.3/psoc creator/import/gnu/arm/4.9.3/bin/../lib/gcc/arm-none-eabi/4.9.3/armv7-m\libgcc.a
LOAD d:/programs/cypress/psoc creator/3.3/psoc creator/import/gnu/arm/4.9.3/bin/../lib/gcc/arm-none-eabi/4.9.3/../../../../arm-none-eabi/lib/armv7-m\libc_nano.a
END GROUP
LOAD d:/programs/cypress/psoc creator/3.3/psoc creator/import/gnu/arm/4.9.3/bin/../lib/gcc/arm-none-eabi/4.9.3/armv7-m/crtend.o
LOAD d:/programs/cypress/psoc creator/3.3/psoc creator/import/gnu/arm/4.9.3/bin/../lib/gcc/arm-none-eabi/4.9.3/armv7-m/crtn.o
START GROUP
LOAD d:/programs/cypress/psoc creator/3.3/psoc creator/import/gnu/arm/4.9.3/bin/../lib/gcc/arm-none-eabi/4.9.3/armv7-m\libgcc.a
LOAD d:/programs/cypress/psoc creator/3.3/psoc creator/import/gnu/arm/4.9.3/bin/../lib/gcc/arm-none-eabi/4.9.3/../../../../arm-none-eabi/lib/armv7-m\libc.a
LOAD d:/programs/cypress/psoc creator/3.3/psoc creator/import/gnu/arm/4.9.3/bin/../lib/gcc/arm-none-eabi/4.9.3/../../../../arm-none-eabi/lib/armv7-m\libnosys.a
END GROUP
                0x00000000                CY_APPL_ORIGIN = 0x0
                0x00000100                CY_FLASH_ROW_SIZE = 0x100
                0x00000020                CY_ECC_ROW_SIZE = 0x20
                0x00000000                CY_EE_IN_BTLDR = 0x0
                0x00000000                CY_APPL_LOADABLE = 0x0
                0x00000800                CY_EE_SIZE = 0x800
                0x00000001                CY_APPL_NUM = 0x1
                0x00000001                CY_APPL_MAX = 0x1
                0x00000040                CY_METADATA_SIZE = 0x40
                0x00000000                CY_APPL_LOADABLE = 0x0
                0x00000000                CY_CHECKSUM_EXCLUDE_SIZE = ALIGN (0x0, CY_FLASH_ROW_SIZE)
                0x1fffa068                PROVIDE (__cy_heap_start, _end)
                0x00000001                PROVIDE (__cy_region_num, ((__cy_regions_end - __cy_regions) / 0x10))
                0x20008000                PROVIDE (__cy_stack, (ORIGIN (ram) + 0x10000))
                0x20007800                PROVIDE (__cy_heap_end, (__cy_stack - 0x800))

.cybootloader   0x00000000        0x0
 *(.cybootloader)
                0x00000000                appl1_start = CY_APPL_ORIGIN?CY_APPL_ORIGIN:ALIGN (CY_FLASH_ROW_SIZE)
                0x0001ff00                appl2_start = (appl1_start + ALIGN ((((0x40000 - appl1_start) - (0x2 * CY_FLASH_ROW_SIZE)) / 0x2), CY_FLASH_ROW_SIZE))
                0x00000000                appl_start = (CY_APPL_NUM == 0x1)?appl1_start:appl2_start
                0x00000000                ecc_offset = ((appl_start / CY_FLASH_ROW_SIZE) * CY_ECC_ROW_SIZE)
                0x00000000                ee_offset = (CY_APPL_LOADABLE && ! (CY_EE_IN_BTLDR))?((CY_EE_SIZE / CY_APPL_MAX) * (CY_APPL_NUM - 0x1)):0x0
                0x00000800                ee_size = (CY_APPL_LOADABLE && ! (CY_EE_IN_BTLDR))?(CY_EE_SIZE / CY_APPL_MAX):CY_EE_SIZE
                0x00000000                PROVIDE (CY_ECC_OFFSET, ecc_offset)

.text           0x00000000     0x5078
 CREATE_OBJECT_SYMBOLS
                0x00000000                PROVIDE (__cy_interrupt_vector, RomVectors)
 *(.romvectors)
 .romvectors    0x00000000       0x10 .\ARM_GCC_493\Debug\Cm3Start.o
                0x00000000                RomVectors
                0x00000001                ASSERT ((. != __cy_interrupt_vector), No interrupt vector)
                0x00000001                ASSERT (CY_APPL_ORIGIN?(SIZEOF (.cybootloader) <= CY_APPL_ORIGIN):0x1, Wrong image location)
                0x00000010                PROVIDE (__cy_reset, Reset)
 *(.text.Reset)
 .text.Reset    0x00000010       0x18 .\ARM_GCC_493\Debug\Cm3Start.o
                0x00000010                Reset
                0x00000001                ASSERT ((. != __cy_reset), No reset code)
 *(.dma_init)
                0x00000001                ASSERT ((((appl_start + .) <= 0x10000) || 0x1), DMA Init must be within the first 64k of flash)
 *(.text .text.* .gnu.linkonce.t.*)
 .text          0x00000028       0x5c d:/programs/cypress/psoc creator/3.3/psoc creator/import/gnu/arm/4.9.3/bin/../lib/gcc/arm-none-eabi/4.9.3/armv7-m/crtbegin.o
 .text.main     0x00000084       0xd4 .\ARM_GCC_493\Debug\main.o
                0x00000084                main
 .text.parseCommand
                0x00000158      0x430 .\ARM_GCC_493\Debug\main.o
                0x00000158                parseCommand
 .text.regenerateWave
                0x00000588      0x2a8 .\ARM_GCC_493\Debug\main.o
                0x00000588                regenerateWave
 .text.startADC
                0x00000830       0x30 .\ARM_GCC_493\Debug\main.o
                0x00000830                startADC
 .text.stopADC  0x00000860       0x40 .\ARM_GCC_493\Debug\main.o
                0x00000860                stopADC
 .text.startDAC
                0x000008a0       0x1c .\ARM_GCC_493\Debug\main.o
                0x000008a0                startDAC
 .text.stopDAC  0x000008bc       0x1c .\ARM_GCC_493\Debug\main.o
                0x000008bc                stopDAC
 .text.changeSPS
                0x000008d8       0xd8 .\ARM_GCC_493\Debug\main.o
                0x000008d8                changeSPS
 .text.changeRes
                0x000009b0       0x78 .\ARM_GCC_493\Debug\main.o
                0x000009b0                changeRes
 .text.adcFrameResize
                0x00000a28       0x30 .\ARM_GCC_493\Debug\main.o
                0x00000a28                adcFrameResize
 .text.UART_RXISR_ExitCallback
                0x00000a58       0xb0 .\ARM_GCC_493\Debug\main.o
                0x00000a58                UART_RXISR_ExitCallback
 .text.TIMER_DMA_INTER
                0x00000b08       0x54 .\ARM_GCC_493\Debug\main.o
                0x00000b08                TIMER_DMA_INTER
 .text.DMA_FRAME_INTER
                0x00000b5c       0x18 .\ARM_GCC_493\Debug\main.o
                0x00000b5c                DMA_FRAME_INTER
 .text.DMA_ADC_MEM_Config
                0x00000b74       0x78 .\ARM_GCC_493\Debug\main.o
                0x00000b74                DMA_ADC_MEM_Config
 .text.DMA_ADC_MEM_Destruct
                0x00000bec       0x18 .\ARM_GCC_493\Debug\main.o
                0x00000bec                DMA_ADC_MEM_Destruct
 .text.IntDefaultHandler
                0x00000c04        0x8 .\ARM_GCC_493\Debug\Cm3Start.o
                0x00000c04                IntDefaultHandler
 .text._sbrk    0x00000c0c       0x50 .\ARM_GCC_493\Debug\Cm3Start.o
                0x00000c0c                _sbrk
 .text.Start_c  0x00000c5c       0x98 .\ARM_GCC_493\Debug\Cm3Start.o
                0x00000c5c                Start_c
 .text.initialize_psoc
                0x00000cf4       0x90 .\ARM_GCC_493\Debug\Cm3Start.o
                0x00000cf4                initialize_psoc
 .text.CYMEMZERO
                0x00000d84       0x1c .\ARM_GCC_493\Debug\Simple_Oscope.a(cyfitter_cfg.o)
 .text.CYCONFIGCPY
                0x00000da0       0x1c .\ARM_GCC_493\Debug\Simple_Oscope.a(cyfitter_cfg.o)
 .text.cfg_write_bytes32
                0x00000dbc       0x74 .\ARM_GCC_493\Debug\Simple_Oscope.a(cyfitter_cfg.o)
 .text.ClockSetup
                0x00000e30      0x16c .\ARM_GCC_493\Debug\Simple_Oscope.a(cyfitter_cfg.o)
 .text.AnalogSetDefault
                0x00000f9c       0xc4 .\ARM_GCC_493\Debug\Simple_Oscope.a(cyfitter_cfg.o)
 .text.cyfitter_cfg
                0x00001060      0x168 .\ARM_GCC_493\Debug\Simple_Oscope.a(cyfitter_cfg.o)
                0x00001060                cyfitter_cfg
 .text          0x000011c8       0x58 .\ARM_GCC_493\Debug\Simple_Oscope.a(CyBootAsmGnu.o)
                0x000011c8                CyDelayCycles
                0x00001206                CyEnterCriticalSection
                0x0000120e                CyExitCriticalSection
 .text.CyDmacConfigure
                0x00001220       0x5c .\ARM_GCC_493\Debug\Simple_Oscope.a(CyDmac.o)
                0x00001220                CyDmacConfigure
 .text.CyDmaChEnable
                0x0000127c       0x8c .\ARM_GCC_493\Debug\Simple_Oscope.a(CyDmac.o)
                0x0000127c                CyDmaChEnable
 .text.CyDmaChDisable
                0x00001308       0x64 .\ARM_GCC_493\Debug\Simple_Oscope.a(CyDmac.o)
                0x00001308                CyDmaChDisable
 .text.CyDmaChPriority
                0x0000136c       0x60 .\ARM_GCC_493\Debug\Simple_Oscope.a(CyDmac.o)
                0x0000136c                CyDmaChPriority
 .text.CyDmaChSetExtendedAddress
                0x000013cc       0x7c .\ARM_GCC_493\Debug\Simple_Oscope.a(CyDmac.o)
                0x000013cc                CyDmaChSetExtendedAddress
 .text.CyDmaChSetInitialTd
                0x00001448       0x3c .\ARM_GCC_493\Debug\Simple_Oscope.a(CyDmac.o)
                0x00001448                CyDmaChSetInitialTd
 .text.CyDmaChStatus
                0x00001484       0x60 .\ARM_GCC_493\Debug\Simple_Oscope.a(CyDmac.o)
                0x00001484                CyDmaChStatus
 .text.CyDmaChSetConfiguration
                0x000014e4       0xa0 .\ARM_GCC_493\Debug\Simple_Oscope.a(CyDmac.o)
                0x000014e4                CyDmaChSetConfiguration
 .text.CyDmaTdAllocate
                0x00001584       0x5c .\ARM_GCC_493\Debug\Simple_Oscope.a(CyDmac.o)
                0x00001584                CyDmaTdAllocate
 .text.CyDmaTdFree
                0x000015e0       0x54 .\ARM_GCC_493\Debug\Simple_Oscope.a(CyDmac.o)
                0x000015e0                CyDmaTdFree
 .text.CyDmaTdSetConfiguration
                0x00001634       0x80 .\ARM_GCC_493\Debug\Simple_Oscope.a(CyDmac.o)
                0x00001634                CyDmaTdSetConfiguration
 .text.CyDmaTdSetAddress
                0x000016b4       0x5c .\ARM_GCC_493\Debug\Simple_Oscope.a(CyDmac.o)
                0x000016b4                CyDmaTdSetAddress
 .text.CyHalt   0x00001710       0x18 .\ARM_GCC_493\Debug\Simple_Oscope.a(CyLib.o)
                0x00001710                CyHalt
 .text.CySoftwareReset
                0x00001728       0x20 .\ARM_GCC_493\Debug\Simple_Oscope.a(CyLib.o)
                0x00001728                CySoftwareReset
 .text.CyDelayUs
                0x00001748       0x24 .\ARM_GCC_493\Debug\Simple_Oscope.a(CyLib.o)
                0x00001748                CyDelayUs
 .text.CyIntSetVector
                0x0000176c       0x50 .\ARM_GCC_493\Debug\Simple_Oscope.a(CyLib.o)
                0x0000176c                CyIntSetVector
 .text.CyIntSetPriority
                0x000017bc       0x44 .\ARM_GCC_493\Debug\Simple_Oscope.a(CyLib.o)
                0x000017bc                CyIntSetPriority
 .text.UART_Start
                0x00001800       0x20 .\ARM_GCC_493\Debug\Simple_Oscope.a(UART.o)
                0x00001800                UART_Start
 .text.UART_Init
                0x00001820       0x6c .\ARM_GCC_493\Debug\Simple_Oscope.a(UART.o)
                0x00001820                UART_Init
 .text.UART_Enable
                0x0000188c       0x78 .\ARM_GCC_493\Debug\Simple_Oscope.a(UART.o)
                0x0000188c                UART_Enable
 .text.UART_ReadRxStatus
                0x00001904       0x40 .\ARM_GCC_493\Debug\Simple_Oscope.a(UART.o)
                0x00001904                UART_ReadRxStatus
 .text.UART_GetChar
                0x00001944       0xb8 .\ARM_GCC_493\Debug\Simple_Oscope.a(UART.o)
                0x00001944                UART_GetChar
 .text.UART_GetRxBufferSize
                0x000019fc       0x90 .\ARM_GCC_493\Debug\Simple_Oscope.a(UART.o)
                0x000019fc                UART_GetRxBufferSize
 .text.UART_PutChar
                0x00001a8c       0xbc .\ARM_GCC_493\Debug\Simple_Oscope.a(UART.o)
                0x00001a8c                UART_PutChar
 .text.UART_PutString
                0x00001b48       0x40 .\ARM_GCC_493\Debug\Simple_Oscope.a(UART.o)
                0x00001b48                UART_PutString
 .text.UART_PutArray
                0x00001b88       0x40 .\ARM_GCC_493\Debug\Simple_Oscope.a(UART.o)
                0x00001b88                UART_PutArray
 .text.UART_RXISR
                0x00001bc8       0xd8 .\ARM_GCC_493\Debug\Simple_Oscope.a(UART_INT.o)
                0x00001bc8                UART_RXISR
 .text.UART_TXISR
                0x00001ca0       0x70 .\ARM_GCC_493\Debug\Simple_Oscope.a(UART_INT.o)
                0x00001ca0                UART_TXISR
 .text.UART_IntClock_Start
                0x00001d10       0x34 .\ARM_GCC_493\Debug\Simple_Oscope.a(UART_IntClock.o)
                0x00001d10                UART_IntClock_Start
 .text.ADC_Start
                0x00001d44       0x20 .\ARM_GCC_493\Debug\Simple_Oscope.a(ADC.o)
                0x00001d44                ADC_Start
 .text.ADC_Init
                0x00001d64       0x40 .\ARM_GCC_493\Debug\Simple_Oscope.a(ADC.o)
                0x00001d64                ADC_Init
 .text.ADC_Enable
                0x00001da4       0xcc .\ARM_GCC_493\Debug\Simple_Oscope.a(ADC.o)
                0x00001da4                ADC_Enable
 .text.ADC_SetPower
                0x00001e70       0x40 .\ARM_GCC_493\Debug\Simple_Oscope.a(ADC.o)
                0x00001e70                ADC_SetPower
 .text.ADC_SetResolution
                0x00001eb0       0x50 .\ARM_GCC_493\Debug\Simple_Oscope.a(ADC.o)
                0x00001eb0                ADC_SetResolution
 .text.ADC_StartConvert
                0x00001f00       0x20 .\ARM_GCC_493\Debug\Simple_Oscope.a(ADC.o)
                0x00001f00                ADC_StartConvert
 .text.ADC_CalcGain
                0x00001f20       0x94 .\ARM_GCC_493\Debug\Simple_Oscope.a(ADC.o)
 .text.ADC_ISR  0x00001fb4        0xc .\ARM_GCC_493\Debug\Simple_Oscope.a(ADC_INT.o)
                0x00001fb4                ADC_ISR
 .text.ADC_Clock_SetDividerRegister
                0x00001fc0      0x160 .\ARM_GCC_493\Debug\Simple_Oscope.a(ADC_Clock.o)
                0x00001fc0                ADC_Clock_SetDividerRegister
 .text.ADC_Clock_GetDividerRegister
                0x00002120       0x18 .\ARM_GCC_493\Debug\Simple_Oscope.a(ADC_Clock.o)
                0x00002120                ADC_Clock_GetDividerRegister
 .text.ADC_Clock_GetSourceRegister
                0x00002138       0x20 .\ARM_GCC_493\Debug\Simple_Oscope.a(ADC_Clock.o)
                0x00002138                ADC_Clock_GetSourceRegister
 .text.DMA_ADC_MEM_DmaInitialize
                0x00002158       0x68 .\ARM_GCC_493\Debug\Simple_Oscope.a(DMA_ADC_MEM_dma.o)
                0x00002158                DMA_ADC_MEM_DmaInitialize
 .text.DMA_ADC_MEM_DmaRelease
                0x000021c0       0x14 .\ARM_GCC_493\Debug\Simple_Oscope.a(DMA_ADC_MEM_dma.o)
                0x000021c0                DMA_ADC_MEM_DmaRelease
 .text.TIMER_DMA_Init
                0x000021d4       0x4c .\ARM_GCC_493\Debug\Simple_Oscope.a(TIMER_DMA.o)
                0x000021d4                TIMER_DMA_Init
 .text.TIMER_DMA_Enable
                0x00002220       0x20 .\ARM_GCC_493\Debug\Simple_Oscope.a(TIMER_DMA.o)
                0x00002220                TIMER_DMA_Enable
 .text.TIMER_DMA_Start
                0x00002240       0x20 .\ARM_GCC_493\Debug\Simple_Oscope.a(TIMER_DMA.o)
                0x00002240                TIMER_DMA_Start
 .text.TIMER_DMA_Stop
                0x00002260       0x20 .\ARM_GCC_493\Debug\Simple_Oscope.a(TIMER_DMA.o)
                0x00002260                TIMER_DMA_Stop
 .text.TIMER_DMA_SetInterruptMode
                0x00002280       0x20 .\ARM_GCC_493\Debug\Simple_Oscope.a(TIMER_DMA.o)
                0x00002280                TIMER_DMA_SetInterruptMode
 .text.TIMER_DMA_ReadStatusRegister
                0x000022a0       0x18 .\ARM_GCC_493\Debug\Simple_Oscope.a(TIMER_DMA.o)
                0x000022a0                TIMER_DMA_ReadStatusRegister
 .text.TIMER_DMA_WritePeriod
                0x000022b8       0x1c .\ARM_GCC_493\Debug\Simple_Oscope.a(TIMER_DMA.o)
                0x000022b8                TIMER_DMA_WritePeriod
 .text.TIMER_DMA_ReadCapture
                0x000022d4       0x18 .\ARM_GCC_493\Debug\Simple_Oscope.a(TIMER_DMA.o)
                0x000022d4                TIMER_DMA_ReadCapture
 .text.TIMER_DMA_WriteCounter
                0x000022ec       0x1c .\ARM_GCC_493\Debug\Simple_Oscope.a(TIMER_DMA.o)
                0x000022ec                TIMER_DMA_WriteCounter
 .text.TIMER_DMA_ClearFIFO
                0x00002308       0x1c .\ARM_GCC_493\Debug\Simple_Oscope.a(TIMER_DMA.o)
                0x00002308                TIMER_DMA_ClearFIFO
 .text.DMA_ENABLE_StartEx
                0x00002324       0x24 .\ARM_GCC_493\Debug\Simple_Oscope.a(DMA_ENABLE.o)
                0x00002324                DMA_ENABLE_StartEx
 .text.DMA_ENABLE_SetVector
                0x00002348       0x24 .\ARM_GCC_493\Debug\Simple_Oscope.a(DMA_ENABLE.o)
                0x00002348                DMA_ENABLE_SetVector
 .text.DMA_ENABLE_SetPriority
                0x0000236c       0x24 .\ARM_GCC_493\Debug\Simple_Oscope.a(DMA_ENABLE.o)
                0x0000236c                DMA_ENABLE_SetPriority
 .text.DMA_ENABLE_Enable
                0x00002390       0x18 .\ARM_GCC_493\Debug\Simple_Oscope.a(DMA_ENABLE.o)
                0x00002390                DMA_ENABLE_Enable
 .text.DMA_ENABLE_Disable
                0x000023a8       0x18 .\ARM_GCC_493\Debug\Simple_Oscope.a(DMA_ENABLE.o)
                0x000023a8                DMA_ENABLE_Disable
 .text.DMA_FRAME_READY_StartEx
                0x000023c0       0x24 .\ARM_GCC_493\Debug\Simple_Oscope.a(DMA_FRAME_READY.o)
                0x000023c0                DMA_FRAME_READY_StartEx
 .text.DMA_FRAME_READY_SetVector
                0x000023e4       0x24 .\ARM_GCC_493\Debug\Simple_Oscope.a(DMA_FRAME_READY.o)
                0x000023e4                DMA_FRAME_READY_SetVector
 .text.DMA_FRAME_READY_SetPriority
                0x00002408       0x24 .\ARM_GCC_493\Debug\Simple_Oscope.a(DMA_FRAME_READY.o)
                0x00002408                DMA_FRAME_READY_SetPriority
 .text.DMA_FRAME_READY_Enable
                0x0000242c       0x18 .\ARM_GCC_493\Debug\Simple_Oscope.a(DMA_FRAME_READY.o)
                0x0000242c                DMA_FRAME_READY_Enable
 .text.DMA_FRAME_READY_Disable
                0x00002444       0x18 .\ARM_GCC_493\Debug\Simple_Oscope.a(DMA_FRAME_READY.o)
                0x00002444                DMA_FRAME_READY_Disable
 .text.DAC_1_Init
                0x0000245c       0x54 .\ARM_GCC_493\Debug\Simple_Oscope.a(DAC_1.o)
                0x0000245c                DAC_1_Init
 .text.DAC_1_Enable
                0x000024b0       0x30 .\ARM_GCC_493\Debug\Simple_Oscope.a(DAC_1.o)
                0x000024b0                DAC_1_Enable
 .text.DAC_1_Start
                0x000024e0       0x20 .\ARM_GCC_493\Debug\Simple_Oscope.a(DAC_1.o)
                0x000024e0                DAC_1_Start
 .text.DAC_1_Stop
                0x00002500       0x28 .\ARM_GCC_493\Debug\Simple_Oscope.a(DAC_1.o)
                0x00002500                DAC_1_Stop
 .text.DAC_1_Wave1Setup
                0x00002528       0x70 .\ARM_GCC_493\Debug\Simple_Oscope.a(DAC_1.o)
                0x00002528                DAC_1_Wave1Setup
 .text.DAC_1_Wave2Setup
                0x00002598       0x70 .\ARM_GCC_493\Debug\Simple_Oscope.a(DAC_1.o)
                0x00002598                DAC_1_Wave2Setup
 .text.DAC_1_Wave1_DMA_DmaInitialize
                0x00002608       0x68 .\ARM_GCC_493\Debug\Simple_Oscope.a(DAC_1_Wave1_DMA_dma.o)
                0x00002608                DAC_1_Wave1_DMA_DmaInitialize
 .text.DAC_1_Wave2_DMA_DmaInitialize
                0x00002670       0x68 .\ARM_GCC_493\Debug\Simple_Oscope.a(DAC_1_Wave2_DMA_dma.o)
                0x00002670                DAC_1_Wave2_DMA_DmaInitialize
 .text.DAC_1_VDAC8_Init
                0x000026d8       0x3c .\ARM_GCC_493\Debug\Simple_Oscope.a(DAC_1_VDAC8.o)
                0x000026d8                DAC_1_VDAC8_Init
 .text.DAC_1_VDAC8_Enable
                0x00002714       0x34 .\ARM_GCC_493\Debug\Simple_Oscope.a(DAC_1_VDAC8.o)
                0x00002714                DAC_1_VDAC8_Enable
 .text.DAC_1_VDAC8_Stop
                0x00002748       0x34 .\ARM_GCC_493\Debug\Simple_Oscope.a(DAC_1_VDAC8.o)
                0x00002748                DAC_1_VDAC8_Stop
 .text.DAC_1_VDAC8_SetSpeed
                0x0000277c       0x40 .\ARM_GCC_493\Debug\Simple_Oscope.a(DAC_1_VDAC8.o)
                0x0000277c                DAC_1_VDAC8_SetSpeed
 .text.DAC_1_VDAC8_SetRange
                0x000027bc       0x40 .\ARM_GCC_493\Debug\Simple_Oscope.a(DAC_1_VDAC8.o)
                0x000027bc                DAC_1_VDAC8_SetRange
 .text.DAC_1_VDAC8_SetValue
                0x000027fc       0x20 .\ARM_GCC_493\Debug\Simple_Oscope.a(DAC_1_VDAC8.o)
                0x000027fc                DAC_1_VDAC8_SetValue
 .text.DAC_1_VDAC8_DacTrim
                0x0000281c       0x3c .\ARM_GCC_493\Debug\Simple_Oscope.a(DAC_1_VDAC8.o)
                0x0000281c                DAC_1_VDAC8_DacTrim
 .text.SPS_Divider_Counter_Init
                0x00002858       0x80 .\ARM_GCC_493\Debug\Simple_Oscope.a(SPS_Divider_Counter.o)
                0x00002858                SPS_Divider_Counter_Init
 .text.SPS_Divider_Counter_Enable
                0x000028d8       0x20 .\ARM_GCC_493\Debug\Simple_Oscope.a(SPS_Divider_Counter.o)
                0x000028d8                SPS_Divider_Counter_Enable
 .text.SPS_Divider_Counter_Start
                0x000028f8       0x20 .\ARM_GCC_493\Debug\Simple_Oscope.a(SPS_Divider_Counter.o)
                0x000028f8                SPS_Divider_Counter_Start
 .text.SPS_Divider_Counter_SetInterruptMode
                0x00002918       0x20 .\ARM_GCC_493\Debug\Simple_Oscope.a(SPS_Divider_Counter.o)
                0x00002918                SPS_Divider_Counter_SetInterruptMode
 .text.SPS_Divider_Counter_ReadStatusRegister
                0x00002938       0x18 .\ARM_GCC_493\Debug\Simple_Oscope.a(SPS_Divider_Counter.o)
                0x00002938                SPS_Divider_Counter_ReadStatusRegister
 .text.SPS_Divider_Counter_WriteCounter
                0x00002950       0x20 .\ARM_GCC_493\Debug\Simple_Oscope.a(SPS_Divider_Counter.o)
                0x00002950                SPS_Divider_Counter_WriteCounter
 .text.SPS_Divider_Counter_ReadCapture
                0x00002970       0x18 .\ARM_GCC_493\Debug\Simple_Oscope.a(SPS_Divider_Counter.o)
                0x00002970                SPS_Divider_Counter_ReadCapture
 .text.SPS_Divider_Counter_WritePeriod
                0x00002988       0x20 .\ARM_GCC_493\Debug\Simple_Oscope.a(SPS_Divider_Counter.o)
                0x00002988                SPS_Divider_Counter_WritePeriod
 .text.SPS_Divider_Counter_WriteCompare
                0x000029a8       0x20 .\ARM_GCC_493\Debug\Simple_Oscope.a(SPS_Divider_Counter.o)
                0x000029a8                SPS_Divider_Counter_WriteCompare
 .text.SPS_Divider_Counter_ClearFIFO
                0x000029c8       0x1c .\ARM_GCC_493\Debug\Simple_Oscope.a(SPS_Divider_Counter.o)
                0x000029c8                SPS_Divider_Counter_ClearFIFO
 .text.SPS_Divider_Control_Reg_Write
                0x000029e4       0x20 .\ARM_GCC_493\Debug\Simple_Oscope.a(SPS_Divider_Control_Reg.o)
                0x000029e4                SPS_Divider_Control_Reg_Write
 .text.SPS_Divider_Control_Reg_SaveConfig
                0x00002a04       0x20 .\ARM_GCC_493\Debug\Simple_Oscope.a(SPS_Divider_Control_Reg_PM.o)
                0x00002a04                SPS_Divider_Control_Reg_SaveConfig
 .text.DAC_Clock_SetDividerRegister
                0x00002a24      0x160 .\ARM_GCC_493\Debug\Simple_Oscope.a(DAC_Clock.o)
                0x00002a24                DAC_Clock_SetDividerRegister
 .text.DAC_Clock_GetDividerRegister
                0x00002b84       0x18 .\ARM_GCC_493\Debug\Simple_Oscope.a(DAC_Clock.o)
                0x00002b84                DAC_Clock_GetDividerRegister
 .text.DAC_Clock_GetSourceRegister
                0x00002b9c       0x20 .\ARM_GCC_493\Debug\Simple_Oscope.a(DAC_Clock.o)
                0x00002b9c                DAC_Clock_GetSourceRegister
 *fill*         0x00002bbc        0x4 
 .text.floor    0x00002bc0      0x118 d:/programs/cypress/psoc creator/3.3/psoc creator/import/gnu/arm/4.9.3/bin/../lib/gcc/arm-none-eabi/4.9.3/../../../../arm-none-eabi/lib/armv7-m\libm.a(lib_a-s_floor.o)
                0x00002bc0                floor
 .text          0x00002cd8      0x370 d:/programs/cypress/psoc creator/3.3/psoc creator/import/gnu/arm/4.9.3/bin/../lib/gcc/arm-none-eabi/4.9.3/armv7-m\libgcc.a(_arm_addsubdf3.o)
                0x00002cd8                __aeabi_drsub
                0x00002ce0                __aeabi_dsub
                0x00002ce0                __subdf3
                0x00002ce4                __aeabi_dadd
                0x00002ce4                __adddf3
                0x00002f5c                __floatunsidf
                0x00002f5c                __aeabi_ui2d
                0x00002f7c                __floatsidf
                0x00002f7c                __aeabi_i2d
                0x00002fa0                __aeabi_f2d
                0x00002fa0                __extendsfdf2
                0x00002fdc                __floatundidf
                0x00002fdc                __aeabi_ul2d
                0x00002fec                __floatdidf
                0x00002fec                __aeabi_l2d
 .text          0x00003048      0x424 d:/programs/cypress/psoc creator/3.3/psoc creator/import/gnu/arm/4.9.3/bin/../lib/gcc/arm-none-eabi/4.9.3/armv7-m\libgcc.a(_arm_muldivdf3.o)
                0x00003048                __aeabi_dmul
                0x00003048                __muldf3
                0x0000329c                __divdf3
                0x0000329c                __aeabi_ddiv
 .text          0x0000346c      0x110 d:/programs/cypress/psoc creator/3.3/psoc creator/import/gnu/arm/4.9.3/bin/../lib/gcc/arm-none-eabi/4.9.3/armv7-m\libgcc.a(_arm_cmpdf2.o)
                0x0000346c                __gtdf2
                0x0000346c                __gedf2
                0x00003474                __ltdf2
                0x00003474                __ledf2
                0x0000347c                __nedf2
                0x0000347c                __eqdf2
                0x0000347c                __cmpdf2
                0x000034f8                __aeabi_cdrcmple
                0x00003508                __aeabi_cdcmpeq
                0x00003508                __aeabi_cdcmple
                0x00003518                __aeabi_dcmpeq
                0x0000352c                __aeabi_dcmplt
                0x00003540                __aeabi_dcmple
                0x00003554                __aeabi_dcmpge
                0x00003568                __aeabi_dcmpgt
 .text          0x0000357c       0x50 d:/programs/cypress/psoc creator/3.3/psoc creator/import/gnu/arm/4.9.3/bin/../lib/gcc/arm-none-eabi/4.9.3/armv7-m\libgcc.a(_arm_fixdfsi.o)
                0x0000357c                __aeabi_d2iz
                0x0000357c                __fixdfsi
 .text          0x000035cc       0xec d:/programs/cypress/psoc creator/3.3/psoc creator/import/gnu/arm/4.9.3/bin/../lib/gcc/arm-none-eabi/4.9.3/armv7-m\libgcc.a(_arm_cmpsf2.o)
                0x000035cc                __gesf2
                0x000035cc                __gtsf2
                0x000035d4                __lesf2
                0x000035d4                __ltsf2
                0x000035dc                __nesf2
                0x000035dc                __eqsf2
                0x000035dc                __cmpsf2
                0x0000363c                __aeabi_cfrcmple
                0x00003644                __aeabi_cfcmpeq
                0x00003644                __aeabi_cfcmple
                0x00003654                __aeabi_fcmpeq
                0x00003668                __aeabi_fcmplt
                0x0000367c                __aeabi_fcmple
                0x00003690                __aeabi_fcmpge
                0x000036a4                __aeabi_fcmpgt
 .text.__errno  0x000036b8        0xc d:/programs/cypress/psoc creator/3.3/psoc creator/import/gnu/arm/4.9.3/bin/../lib/gcc/arm-none-eabi/4.9.3/../../../../arm-none-eabi/lib/armv7-m\libg_nano.a(lib_a-errno.o)
                0x000036b8                __errno
 .text._fwrite_r
                0x000036c4       0xb4 d:/programs/cypress/psoc creator/3.3/psoc creator/import/gnu/arm/4.9.3/bin/../lib/gcc/arm-none-eabi/4.9.3/../../../../arm-none-eabi/lib/armv7-m\libg_nano.a(lib_a-fwrite.o)
                0x000036c4                _fwrite_r
 .text.fwrite   0x00003778       0x20 d:/programs/cypress/psoc creator/3.3/psoc creator/import/gnu/arm/4.9.3/bin/../lib/gcc/arm-none-eabi/4.9.3/../../../../arm-none-eabi/lib/armv7-m\libg_nano.a(lib_a-fwrite.o)
                0x00003778                fwrite
 .text.__libc_init_array
                0x00003798       0x4c d:/programs/cypress/psoc creator/3.3/psoc creator/import/gnu/arm/4.9.3/bin/../lib/gcc/arm-none-eabi/4.9.3/../../../../arm-none-eabi/lib/armv7-m\libg_nano.a(lib_a-init.o)
                0x00003798                __libc_init_array
 .text.memcpy   0x000037e4       0x16 d:/programs/cypress/psoc creator/3.3/psoc creator/import/gnu/arm/4.9.3/bin/../lib/gcc/arm-none-eabi/4.9.3/../../../../arm-none-eabi/lib/armv7-m\libg_nano.a(lib_a-memcpy.o)
                0x000037e4                memcpy
 .text.memset   0x000037fa       0x10 d:/programs/cypress/psoc creator/3.3/psoc creator/import/gnu/arm/4.9.3/bin/../lib/gcc/arm-none-eabi/4.9.3/../../../../arm-none-eabi/lib/armv7-m\libg_nano.a(lib_a-memset.o)
                0x000037fa                memset
 *fill*         0x0000380a        0x2 
 .text.sprintf  0x0000380c       0x48 d:/programs/cypress/psoc creator/3.3/psoc creator/import/gnu/arm/4.9.3/bin/../lib/gcc/arm-none-eabi/4.9.3/../../../../arm-none-eabi/lib/armv7-m\libg_nano.a(lib_a-sprintf.o)
                0x0000380c                siprintf
                0x0000380c                sprintf
 .text.sscanf   0x00003854       0x54 d:/programs/cypress/psoc creator/3.3/psoc creator/import/gnu/arm/4.9.3/bin/../lib/gcc/arm-none-eabi/4.9.3/../../../../arm-none-eabi/lib/armv7-m\libg_nano.a(lib_a-sscanf.o)
                0x00003854                siscanf
                0x00003854                sscanf
 .text.__sread  0x000038a8       0x22 d:/programs/cypress/psoc creator/3.3/psoc creator/import/gnu/arm/4.9.3/bin/../lib/gcc/arm-none-eabi/4.9.3/../../../../arm-none-eabi/lib/armv7-m\libg_nano.a(lib_a-stdio.o)
                0x000038a8                __sread
 .text.__seofread
                0x000038ca        0x4 d:/programs/cypress/psoc creator/3.3/psoc creator/import/gnu/arm/4.9.3/bin/../lib/gcc/arm-none-eabi/4.9.3/../../../../arm-none-eabi/lib/armv7-m\libg_nano.a(lib_a-stdio.o)
                0x000038ca                __seofread
 .text.__swrite
                0x000038ce       0x38 d:/programs/cypress/psoc creator/3.3/psoc creator/import/gnu/arm/4.9.3/bin/../lib/gcc/arm-none-eabi/4.9.3/../../../../arm-none-eabi/lib/armv7-m\libg_nano.a(lib_a-stdio.o)
                0x000038ce                __swrite
 .text.__sseek  0x00003906       0x24 d:/programs/cypress/psoc creator/3.3/psoc creator/import/gnu/arm/4.9.3/bin/../lib/gcc/arm-none-eabi/4.9.3/../../../../arm-none-eabi/lib/armv7-m\libg_nano.a(lib_a-stdio.o)
                0x00003906                __sseek
 .text.__sclose
                0x0000392a        0x8 d:/programs/cypress/psoc creator/3.3/psoc creator/import/gnu/arm/4.9.3/bin/../lib/gcc/arm-none-eabi/4.9.3/../../../../arm-none-eabi/lib/armv7-m\libg_nano.a(lib_a-stdio.o)
                0x0000392a                __sclose
 .text          0x00003932       0x14 d:/programs/cypress/psoc creator/3.3/psoc creator/import/gnu/arm/4.9.3/bin/../lib/gcc/arm-none-eabi/4.9.3/../../../../arm-none-eabi/lib/armv7-m\libg_nano.a(lib_a-strcmp.o)
                0x00003932                strcmp
 .text.strlen   0x00003946       0x10 d:/programs/cypress/psoc creator/3.3/psoc creator/import/gnu/arm/4.9.3/bin/../lib/gcc/arm-none-eabi/4.9.3/../../../../arm-none-eabi/lib/armv7-m\libg_nano.a(lib_a-strlen.o)
                0x00003946                strlen
 .text.strncpy  0x00003956       0x24 d:/programs/cypress/psoc creator/3.3/psoc creator/import/gnu/arm/4.9.3/bin/../lib/gcc/arm-none-eabi/4.9.3/../../../../arm-none-eabi/lib/armv7-m\libg_nano.a(lib_a-strncpy.o)
                0x00003956                strncpy
 .text.strpbrk  0x0000397a       0x30 d:/programs/cypress/psoc creator/3.3/psoc creator/import/gnu/arm/4.9.3/bin/../lib/gcc/arm-none-eabi/4.9.3/../../../../arm-none-eabi/lib/armv7-m\libg_nano.a(lib_a-strpbrk.o)
                0x0000397a                strpbrk
 *fill*         0x000039aa        0x2 
 .text.__swbuf_r
                0x000039ac       0xa8 d:/programs/cypress/psoc creator/3.3/psoc creator/import/gnu/arm/4.9.3/bin/../lib/gcc/arm-none-eabi/4.9.3/../../../../arm-none-eabi/lib/armv7-m\libg_nano.a(lib_a-wbuf.o)
                0x000039ac                __swbuf_r
 .text._write_r
                0x00003a54       0x24 d:/programs/cypress/psoc creator/3.3/psoc creator/import/gnu/arm/4.9.3/bin/../lib/gcc/arm-none-eabi/4.9.3/../../../../arm-none-eabi/lib/armv7-m\libg_nano.a(lib_a-writer.o)
                0x00003a54                _write_r
 .text.__swsetup_r
                0x00003a78       0xd8 d:/programs/cypress/psoc creator/3.3/psoc creator/import/gnu/arm/4.9.3/bin/../lib/gcc/arm-none-eabi/4.9.3/../../../../arm-none-eabi/lib/armv7-m\libg_nano.a(lib_a-wsetup.o)
                0x00003a78                __swsetup_r
 .text._close_r
                0x00003b50       0x20 d:/programs/cypress/psoc creator/3.3/psoc creator/import/gnu/arm/4.9.3/bin/../lib/gcc/arm-none-eabi/4.9.3/../../../../arm-none-eabi/lib/armv7-m\libg_nano.a(lib_a-closer.o)
                0x00003b50                _close_r
 .text.__sflush_r
                0x00003b70      0x106 d:/programs/cypress/psoc creator/3.3/psoc creator/import/gnu/arm/4.9.3/bin/../lib/gcc/arm-none-eabi/4.9.3/../../../../arm-none-eabi/lib/armv7-m\libg_nano.a(lib_a-fflush.o)
                0x00003b70                __sflush_r
 *fill*         0x00003c76        0x2 
 .text._fflush_r
                0x00003c78       0x54 d:/programs/cypress/psoc creator/3.3/psoc creator/import/gnu/arm/4.9.3/bin/../lib/gcc/arm-none-eabi/4.9.3/../../../../arm-none-eabi/lib/armv7-m\libg_nano.a(lib_a-fflush.o)
                0x00003c78                _fflush_r
 .text._cleanup_r
                0x00003ccc        0xc d:/programs/cypress/psoc creator/3.3/psoc creator/import/gnu/arm/4.9.3/bin/../lib/gcc/arm-none-eabi/4.9.3/../../../../arm-none-eabi/lib/armv7-m\libg_nano.a(lib_a-findfp.o)
                0x00003ccc                _cleanup_r
 .text.std.isra.0
                0x00003cd8       0x48 d:/programs/cypress/psoc creator/3.3/psoc creator/import/gnu/arm/4.9.3/bin/../lib/gcc/arm-none-eabi/4.9.3/../../../../arm-none-eabi/lib/armv7-m\libg_nano.a(lib_a-findfp.o)
 .text.__sfmoreglue
                0x00003d20       0x2c d:/programs/cypress/psoc creator/3.3/psoc creator/import/gnu/arm/4.9.3/bin/../lib/gcc/arm-none-eabi/4.9.3/../../../../arm-none-eabi/lib/armv7-m\libg_nano.a(lib_a-findfp.o)
                0x00003d20                __sfmoreglue
 .text.__sinit  0x00003d4c       0x60 d:/programs/cypress/psoc creator/3.3/psoc creator/import/gnu/arm/4.9.3/bin/../lib/gcc/arm-none-eabi/4.9.3/../../../../arm-none-eabi/lib/armv7-m\libg_nano.a(lib_a-findfp.o)
                0x00003d4c                __sinit
 .text.__sfp    0x00003dac       0x74 d:/programs/cypress/psoc creator/3.3/psoc creator/import/gnu/arm/4.9.3/bin/../lib/gcc/arm-none-eabi/4.9.3/../../../../arm-none-eabi/lib/armv7-m\libg_nano.a(lib_a-findfp.o)
                0x00003dac                __sfp
 .text._fwalk_reent
                0x00003e20       0x3c d:/programs/cypress/psoc creator/3.3/psoc creator/import/gnu/arm/4.9.3/bin/../lib/gcc/arm-none-eabi/4.9.3/../../../../arm-none-eabi/lib/armv7-m\libg_nano.a(lib_a-fwalk.o)
                0x00003e20                _fwalk_reent
 .text._lseek_r
                0x00003e5c       0x24 d:/programs/cypress/psoc creator/3.3/psoc creator/import/gnu/arm/4.9.3/bin/../lib/gcc/arm-none-eabi/4.9.3/../../../../arm-none-eabi/lib/armv7-m\libg_nano.a(lib_a-lseekr.o)
                0x00003e5c                _lseek_r
 .text.__smakebuf_r
                0x00003e80       0x98 d:/programs/cypress/psoc creator/3.3/psoc creator/import/gnu/arm/4.9.3/bin/../lib/gcc/arm-none-eabi/4.9.3/../../../../arm-none-eabi/lib/armv7-m\libg_nano.a(lib_a-makebuf.o)
                0x00003e80                __smakebuf_r
 .text._free_r  0x00003f18       0x88 d:/programs/cypress/psoc creator/3.3/psoc creator/import/gnu/arm/4.9.3/bin/../lib/gcc/arm-none-eabi/4.9.3/../../../../arm-none-eabi/lib/armv7-m\libg_nano.a(lib_a-nano-freer.o)
                0x00003f18                _free_r
 .text._malloc_r
                0x00003fa0       0xac d:/programs/cypress/psoc creator/3.3/psoc creator/import/gnu/arm/4.9.3/bin/../lib/gcc/arm-none-eabi/4.9.3/../../../../arm-none-eabi/lib/armv7-m\libg_nano.a(lib_a-nano-mallocr.o)
                0x00003fa0                _malloc_r
 .text.__ssputs_r
                0x0000404c       0xb2 d:/programs/cypress/psoc creator/3.3/psoc creator/import/gnu/arm/4.9.3/bin/../lib/gcc/arm-none-eabi/4.9.3/../../../../arm-none-eabi/lib/armv7-m\libg_nano.a(lib_a-nano-svfprintf.o)
                0x0000404c                __ssputs_r
 *fill*         0x000040fe        0x2 
 .text._svfprintf_r
                0x00004100      0x1e4 d:/programs/cypress/psoc creator/3.3/psoc creator/import/gnu/arm/4.9.3/bin/../lib/gcc/arm-none-eabi/4.9.3/../../../../arm-none-eabi/lib/armv7-m\libg_nano.a(lib_a-nano-svfprintf.o)
                0x00004100                _svfiprintf_r
                0x00004100                _svfprintf_r
 .text._sungetc_r
                0x000042e4       0x7a d:/programs/cypress/psoc creator/3.3/psoc creator/import/gnu/arm/4.9.3/bin/../lib/gcc/arm-none-eabi/4.9.3/../../../../arm-none-eabi/lib/armv7-m\libg_nano.a(lib_a-nano-svfscanf.o)
                0x000042e4                _sungetc_r
 .text.__ssrefill_r
                0x0000435e       0x3a d:/programs/cypress/psoc creator/3.3/psoc creator/import/gnu/arm/4.9.3/bin/../lib/gcc/arm-none-eabi/4.9.3/../../../../arm-none-eabi/lib/armv7-m\libg_nano.a(lib_a-nano-svfscanf.o)
                0x0000435e                __ssrefill_r
 .text.__ssvfscanf_r
                0x00004398      0x29c d:/programs/cypress/psoc creator/3.3/psoc creator/import/gnu/arm/4.9.3/bin/../lib/gcc/arm-none-eabi/4.9.3/../../../../arm-none-eabi/lib/armv7-m\libg_nano.a(lib_a-nano-svfscanf.o)
                0x00004398                __ssvfiscanf_r
                0x00004398                __ssvfscanf_r
 .text._printf_common
                0x00004634       0xea d:/programs/cypress/psoc creator/3.3/psoc creator/import/gnu/arm/4.9.3/bin/../lib/gcc/arm-none-eabi/4.9.3/../../../../arm-none-eabi/lib/armv7-m\libg_nano.a(lib_a-nano-vfprintf_i.o)
                0x00004634                _printf_common
 *fill*         0x0000471e        0x2 
 .text._printf_i
                0x00004720      0x240 d:/programs/cypress/psoc creator/3.3/psoc creator/import/gnu/arm/4.9.3/bin/../lib/gcc/arm-none-eabi/4.9.3/../../../../arm-none-eabi/lib/armv7-m\libg_nano.a(lib_a-nano-vfprintf_i.o)
                0x00004720                _printf_i
 .text._scanf_chars
                0x00004960       0xbc d:/programs/cypress/psoc creator/3.3/psoc creator/import/gnu/arm/4.9.3/bin/../lib/gcc/arm-none-eabi/4.9.3/../../../../arm-none-eabi/lib/armv7-m\libg_nano.a(lib_a-nano-vfscanf_i.o)
                0x00004960                _scanf_chars
 .text._scanf_i
                0x00004a1c      0x1e4 d:/programs/cypress/psoc creator/3.3/psoc creator/import/gnu/arm/4.9.3/bin/../lib/gcc/arm-none-eabi/4.9.3/../../../../arm-none-eabi/lib/armv7-m\libg_nano.a(lib_a-nano-vfscanf_i.o)
                0x00004a1c                _scanf_i
 .text._read_r  0x00004c00       0x24 d:/programs/cypress/psoc creator/3.3/psoc creator/import/gnu/arm/4.9.3/bin/../lib/gcc/arm-none-eabi/4.9.3/../../../../arm-none-eabi/lib/armv7-m\libg_nano.a(lib_a-readr.o)
                0x00004c00                _read_r
 .text._sbrk_r  0x00004c24       0x20 d:/programs/cypress/psoc creator/3.3/psoc creator/import/gnu/arm/4.9.3/bin/../lib/gcc/arm-none-eabi/4.9.3/../../../../arm-none-eabi/lib/armv7-m\libg_nano.a(lib_a-sbrkr.o)
                0x00004c24                _sbrk_r
 .text.__sccl   0x00004c44       0x62 d:/programs/cypress/psoc creator/3.3/psoc creator/import/gnu/arm/4.9.3/bin/../lib/gcc/arm-none-eabi/4.9.3/../../../../arm-none-eabi/lib/armv7-m\libg_nano.a(lib_a-sccl.o)
                0x00004c44                __sccl
 *fill*         0x00004ca6        0x2 
 .text._strtol_r
                0x00004ca8      0x10c d:/programs/cypress/psoc creator/3.3/psoc creator/import/gnu/arm/4.9.3/bin/../lib/gcc/arm-none-eabi/4.9.3/../../../../arm-none-eabi/lib/armv7-m\libg_nano.a(lib_a-strtol.o)
                0x00004ca8                _strtol_r
 .text._strtoul_r
                0x00004db4       0xf8 d:/programs/cypress/psoc creator/3.3/psoc creator/import/gnu/arm/4.9.3/bin/../lib/gcc/arm-none-eabi/4.9.3/../../../../arm-none-eabi/lib/armv7-m\libg_nano.a(lib_a-strtoul.o)
                0x00004db4                _strtoul_r
 .text.__submore
                0x00004eac       0x72 d:/programs/cypress/psoc creator/3.3/psoc creator/import/gnu/arm/4.9.3/bin/../lib/gcc/arm-none-eabi/4.9.3/../../../../arm-none-eabi/lib/armv7-m\libg_nano.a(lib_a-ungetc.o)
                0x00004eac                __submore
 *fill*         0x00004f1e        0x2 
 .text._fstat_r
                0x00004f20       0x24 d:/programs/cypress/psoc creator/3.3/psoc creator/import/gnu/arm/4.9.3/bin/../lib/gcc/arm-none-eabi/4.9.3/../../../../arm-none-eabi/lib/armv7-m\libg_nano.a(lib_a-fstatr.o)
                0x00004f20                _fstat_r
 .text._isatty_r
                0x00004f44       0x20 d:/programs/cypress/psoc creator/3.3/psoc creator/import/gnu/arm/4.9.3/bin/../lib/gcc/arm-none-eabi/4.9.3/../../../../arm-none-eabi/lib/armv7-m\libg_nano.a(lib_a-isattyr.o)
                0x00004f44                _isatty_r
 .text.memchr   0x00004f64       0x1c d:/programs/cypress/psoc creator/3.3/psoc creator/import/gnu/arm/4.9.3/bin/../lib/gcc/arm-none-eabi/4.9.3/../../../../arm-none-eabi/lib/armv7-m\libg_nano.a(lib_a-memchr.o)
                0x00004f64                memchr
 .text.memmove  0x00004f80       0x36 d:/programs/cypress/psoc creator/3.3/psoc creator/import/gnu/arm/4.9.3/bin/../lib/gcc/arm-none-eabi/4.9.3/../../../../arm-none-eabi/lib/armv7-m\libg_nano.a(lib_a-memmove.o)
                0x00004f80                memmove
 .text._realloc_r
                0x00004fb6       0x4c d:/programs/cypress/psoc creator/3.3/psoc creator/import/gnu/arm/4.9.3/bin/../lib/gcc/arm-none-eabi/4.9.3/../../../../arm-none-eabi/lib/armv7-m\libg_nano.a(lib_a-nano-reallocr.o)
                0x00004fb6                _realloc_r
 .text._malloc_usable_size_r
                0x00005002       0x14 d:/programs/cypress/psoc creator/3.3/psoc creator/import/gnu/arm/4.9.3/bin/../lib/gcc/arm-none-eabi/4.9.3/../../../../arm-none-eabi/lib/armv7-m\libg_nano.a(lib_a-nano-msizer.o)
                0x00005002                _malloc_usable_size_r
 *fill*         0x00005016        0x2 
 .text._close   0x00005018       0x10 d:/programs/cypress/psoc creator/3.3/psoc creator/import/gnu/arm/4.9.3/bin/../lib/gcc/arm-none-eabi/4.9.3/../../../../arm-none-eabi/lib/armv7-m\libnosys.a(close.o)
                0x00005018                _close
 .text._fstat   0x00005028       0x10 d:/programs/cypress/psoc creator/3.3/psoc creator/import/gnu/arm/4.9.3/bin/../lib/gcc/arm-none-eabi/4.9.3/../../../../arm-none-eabi/lib/armv7-m\libnosys.a(fstat.o)
                0x00005028                _fstat
 .text._isatty  0x00005038       0x10 d:/programs/cypress/psoc creator/3.3/psoc creator/import/gnu/arm/4.9.3/bin/../lib/gcc/arm-none-eabi/4.9.3/../../../../arm-none-eabi/lib/armv7-m\libnosys.a(isatty.o)
                0x00005038                _isatty
 .text._lseek   0x00005048       0x10 d:/programs/cypress/psoc creator/3.3/psoc creator/import/gnu/arm/4.9.3/bin/../lib/gcc/arm-none-eabi/4.9.3/../../../../arm-none-eabi/lib/armv7-m\libnosys.a(lseek.o)
                0x00005048                _lseek
 .text._read    0x00005058       0x10 d:/programs/cypress/psoc creator/3.3/psoc creator/import/gnu/arm/4.9.3/bin/../lib/gcc/arm-none-eabi/4.9.3/../../../../arm-none-eabi/lib/armv7-m\libnosys.a(read.o)
                0x00005058                _read
 .text._write   0x00005068       0x10 d:/programs/cypress/psoc creator/3.3/psoc creator/import/gnu/arm/4.9.3/bin/../lib/gcc/arm-none-eabi/4.9.3/../../../../arm-none-eabi/lib/armv7-m\libnosys.a(write.o)
                0x00005068                _write
 *(.plt)
 *(.gnu.warning)
 *(.glue_7t)
 .glue_7t       0x00000000        0x0 linker stubs
 *(.glue_7)
 .glue_7        0x00000000        0x0 linker stubs
 *(.vfp11_veneer)
 .vfp11_veneer  0x00000000        0x0 linker stubs
 *(.bootloader)
 *(.ARM.extab* .gnu.linkonce.armextab.*)
 *(.gcc_except_table)

.v4_bx          0x00005078        0x0
 .v4_bx         0x00000000        0x0 linker stubs

.iplt           0x00005078        0x0
 .iplt          0x00000000        0x0 d:/programs/cypress/psoc creator/3.3/psoc creator/import/gnu/arm/4.9.3/bin/../lib/gcc/arm-none-eabi/4.9.3/armv7-m/crtbegin.o

.eh_frame_hdr
 *(.eh_frame_hdr)

.eh_frame       0x00005078       0x2c
 *(.eh_frame)
 .eh_frame      0x00005078        0x0 d:/programs/cypress/psoc creator/3.3/psoc creator/import/gnu/arm/4.9.3/bin/../lib/gcc/arm-none-eabi/4.9.3/armv7-m/crtbegin.o
 .eh_frame      0x00005078       0x28 d:/programs/cypress/psoc creator/3.3/psoc creator/import/gnu/arm/4.9.3/bin/../lib/gcc/arm-none-eabi/4.9.3/../../../../arm-none-eabi/lib/armv7-m\libg_nano.a(lib_a-strcmp.o)
 .eh_frame      0x000050a0        0x4 d:/programs/cypress/psoc creator/3.3/psoc creator/import/gnu/arm/4.9.3/bin/../lib/gcc/arm-none-eabi/4.9.3/armv7-m/crtend.o
                0x000050a4                PROVIDE (__exidx_start, .)

.ARM.exidx
 *(.ARM.exidx* .gnu.linkonce.armexidx.*)
                0x000050a4                __exidx_end = .

.rodata         0x000050a4     0x338c
 *(.rodata .rodata.* .gnu.linkonce.r.*)
 .rodata        0x000050a4     0x2f4c .\ARM_GCC_493\Debug\main.o
                0x000050a4                sine
                0x00006044                triangle
                0x00006fe4                sawtooth
 .rodata        0x00007ff0       0x30 .\ARM_GCC_493\Debug\Simple_Oscope.a(cyfitter_cfg.o)
 .rodata        0x00008020      0x218 .\ARM_GCC_493\Debug\Simple_Oscope.a(DAC_1.o)
                0x00008020                DAC_1_wave1
                0x0000812c                DAC_1_wave2
 .rodata.str1.1
                0x00008238        0x2 d:/programs/cypress/psoc creator/3.3/psoc creator/import/gnu/arm/4.9.3/bin/../lib/gcc/arm-none-eabi/4.9.3/../../../../arm-none-eabi/lib/armv7-m\libg_nano.a(lib_a-impure.o)
 *fill*         0x0000823a        0x2 
 .rodata._global_impure_ptr
                0x0000823c        0x4 d:/programs/cypress/psoc creator/3.3/psoc creator/import/gnu/arm/4.9.3/bin/../lib/gcc/arm-none-eabi/4.9.3/../../../../arm-none-eabi/lib/armv7-m\libg_nano.a(lib_a-impure.o)
                0x0000823c                _global_impure_ptr
 .rodata.__sf_fake_stdin
                0x00008240       0x20 d:/programs/cypress/psoc creator/3.3/psoc creator/import/gnu/arm/4.9.3/bin/../lib/gcc/arm-none-eabi/4.9.3/../../../../arm-none-eabi/lib/armv7-m\libg_nano.a(lib_a-findfp.o)
                0x00008240                __sf_fake_stdin
 .rodata.__sf_fake_stdout
                0x00008260       0x20 d:/programs/cypress/psoc creator/3.3/psoc creator/import/gnu/arm/4.9.3/bin/../lib/gcc/arm-none-eabi/4.9.3/../../../../arm-none-eabi/lib/armv7-m\libg_nano.a(lib_a-findfp.o)
                0x00008260                __sf_fake_stdout
 .rodata.__sf_fake_stderr
                0x00008280       0x20 d:/programs/cypress/psoc creator/3.3/psoc creator/import/gnu/arm/4.9.3/bin/../lib/gcc/arm-none-eabi/4.9.3/../../../../arm-none-eabi/lib/armv7-m\libg_nano.a(lib_a-findfp.o)
                0x00008280                __sf_fake_stderr
 .rodata.str1.1
                0x000082a0       0x11 d:/programs/cypress/psoc creator/3.3/psoc creator/import/gnu/arm/4.9.3/bin/../lib/gcc/arm-none-eabi/4.9.3/../../../../arm-none-eabi/lib/armv7-m\libg_nano.a(lib_a-nano-svfprintf.o)
 .rodata.str1.1
                0x00000000        0x4 d:/programs/cypress/psoc creator/3.3/psoc creator/import/gnu/arm/4.9.3/bin/../lib/gcc/arm-none-eabi/4.9.3/../../../../arm-none-eabi/lib/armv7-m\libg_nano.a(lib_a-nano-svfscanf.o)
 .rodata.str1.1
                0x000082b1       0x22 d:/programs/cypress/psoc creator/3.3/psoc creator/import/gnu/arm/4.9.3/bin/../lib/gcc/arm-none-eabi/4.9.3/../../../../arm-none-eabi/lib/armv7-m\libg_nano.a(lib_a-nano-vfprintf_i.o)
 *fill*         0x000082d3        0x1 
 .rodata        0x000082d4        0xc d:/programs/cypress/psoc creator/3.3/psoc creator/import/gnu/arm/4.9.3/bin/../lib/gcc/arm-none-eabi/4.9.3/../../../../arm-none-eabi/lib/armv7-m\libg_nano.a(lib_a-nano-vfscanf_i.o)
 .rodata.str1.1
                0x000082e0       0x1b d:/programs/cypress/psoc creator/3.3/psoc creator/import/gnu/arm/4.9.3/bin/../lib/gcc/arm-none-eabi/4.9.3/../../../../arm-none-eabi/lib/armv7-m\libg_nano.a(lib_a-nano-vfscanf_i.o)
 .rodata._ctype_
                0x000082fb      0x101 d:/programs/cypress/psoc creator/3.3/psoc creator/import/gnu/arm/4.9.3/bin/../lib/gcc/arm-none-eabi/4.9.3/../../../../arm-none-eabi/lib/armv7-m\libg_nano.a(lib_a-ctype_.o)
                0x000082fb                _ctype_
                0x000083fc                . = ALIGN (0x4)
 *(.init)
 .init          0x000083fc        0x4 d:/programs/cypress/psoc creator/3.3/psoc creator/import/gnu/arm/4.9.3/bin/../lib/gcc/arm-none-eabi/4.9.3/armv7-m/crti.o
                0x000083fc                _init
 .init          0x00008400        0x8 d:/programs/cypress/psoc creator/3.3/psoc creator/import/gnu/arm/4.9.3/bin/../lib/gcc/arm-none-eabi/4.9.3/armv7-m/crtn.o
                0x00008408                . = ALIGN (0x4)
                0x00008408                __preinit_array_start = .
 *(.preinit_array)
                0x00008408                __preinit_array_end = .
                0x00008408                . = ALIGN (0x4)
                0x00008408                __init_array_start = .
 *(SORT(.init_array.*))
 *(.init_array)
 .init_array    0x00008408        0x4 d:/programs/cypress/psoc creator/3.3/psoc creator/import/gnu/arm/4.9.3/bin/../lib/gcc/arm-none-eabi/4.9.3/armv7-m/crtbegin.o
 .init_array    0x0000840c        0x4 .\ARM_GCC_493\Debug\Cm3Start.o
                0x00008410                __init_array_end = .
                0x00008410                . = ALIGN (0x4)
 *(.fini)
 .fini          0x00008410        0x4 d:/programs/cypress/psoc creator/3.3/psoc creator/import/gnu/arm/4.9.3/bin/../lib/gcc/arm-none-eabi/4.9.3/armv7-m/crti.o
                0x00008410                _fini
 .fini          0x00008414        0x8 d:/programs/cypress/psoc creator/3.3/psoc creator/import/gnu/arm/4.9.3/bin/../lib/gcc/arm-none-eabi/4.9.3/armv7-m/crtn.o
                0x0000841c                . = ALIGN (0x4)
                0x0000841c                __fini_array_start = .
 *(.fini_array)
 .fini_array    0x0000841c        0x4 d:/programs/cypress/psoc creator/3.3/psoc creator/import/gnu/arm/4.9.3/bin/../lib/gcc/arm-none-eabi/4.9.3/armv7-m/crtbegin.o
 *(SORT(.fini_array.*))
                0x00008420                __fini_array_end = .
                0x00008420                . = ALIGN (0x4)
 *crtbegin.o(.ctors)
 *(EXCLUDE_FILE(*crtend.o) .ctors)
 *(SORT(.ctors.*))
 *crtend.o(.ctors)
                0x00008420                . = ALIGN (0x4)
 *crtbegin.o(.dtors)
 *(EXCLUDE_FILE(*crtend.o) .dtors)
 *(SORT(.dtors.*))
 *crtend.o(.dtors)
                0x00008420                . = ALIGN (0x4)
                0x00008420                __cy_regions = .
                0x00008420        0x4 LONG 0x8430 __cy_region_init_ram
                0x00008424        0x4 LONG 0x1fff8108 __cy_region_start_data
                0x00008428        0x4 LONG 0x100 __cy_region_init_size_ram
                0x0000842c        0x4 LONG 0x1e60 __cy_region_zero_size_ram
                0x00008430                __cy_regions_end = .
                0x00008430                . = ALIGN (0x8)
                0x00008430                _etext = .

.cy_checksum_exclude
                0x00008430        0x0
 *(.cy_checksum_exclude)

.ramvectors     0x1fff8000      0x100
                0x1fff8000                __cy_region_start_ram = .
 *(.ramvectors)
 .ramvectors    0x1fff8000      0x100 .\ARM_GCC_493\Debug\Cm3Start.o
                0x1fff8000                CyRamVectors

.noinit         0x1fff8100        0x5
 *(.noinit)
 .noinit        0x1fff8100        0x4 .\ARM_GCC_493\Debug\Cm3Start.o
 .noinit        0x1fff8104        0x1 .\ARM_GCC_493\Debug\Simple_Oscope.a(CyLib.o)
                0x1fff8104                CyResetStatus

.data           0x1fff8108      0x100 load address 0x00008430
                0x1fff8108                __cy_region_start_data = .
 *(.jcr)
 .jcr           0x1fff8108        0x0 d:/programs/cypress/psoc creator/3.3/psoc creator/import/gnu/arm/4.9.3/bin/../lib/gcc/arm-none-eabi/4.9.3/armv7-m/crtbegin.o
 .jcr           0x1fff8108        0x4 d:/programs/cypress/psoc creator/3.3/psoc creator/import/gnu/arm/4.9.3/bin/../lib/gcc/arm-none-eabi/4.9.3/armv7-m/crtend.o
 *(.got.plt)
 *(.got)
 *(.shdata)
 *(.data .data.* .gnu.linkonce.d.*)
 .data          0x1fff810c       0x74 .\ARM_GCC_493\Debug\main.o
                0x1fff810c                adcRez
                0x1fff8110                adcSPS
                0x1fff8114                adcFPS
                0x1fff8118                adcFrameSize
                0x1fff811c                adcSPSValues
                0x1fff8134                adcDiv8Bit
                0x1fff8140                adcCount8Bit
                0x1fff814c                adcDiv12Bit
                0x1fff8158                adcCount12Bit
                0x1fff8164                dacFreq
                0x1fff8168                dacVPP
                0x1fff816a                dacWave
                0x1fff816c                dacDuty
                0x1fff8170                dacSample
                0x1fff8174                sample_size
                0x1fff8178                sample_rate
                0x1fff817c                wavetype
 .data          0x1fff8180        0x4 .\ARM_GCC_493\Debug\Cm3Start.o
 .data          0x1fff8184        0x8 .\ARM_GCC_493\Debug\Simple_Oscope.a(CyDmac.o)
 .data          0x1fff818c       0x10 .\ARM_GCC_493\Debug\Simple_Oscope.a(CyLib.o)
                0x1fff818c                cydelay_freq_hz
                0x1fff8190                cydelay_freq_khz
                0x1fff8194                cydelay_freq_mhz
                0x1fff8198                cydelay_32k_ms
 .data          0x1fff819c        0x1 .\ARM_GCC_493\Debug\Simple_Oscope.a(DMA_ADC_MEM_dma.o)
                0x1fff819c                DMA_ADC_MEM_DmaHandle
 .data          0x1fff819d        0x1 .\ARM_GCC_493\Debug\Simple_Oscope.a(DAC_1_Wave1_DMA_dma.o)
                0x1fff819d                DAC_1_Wave1_DMA_DmaHandle
 .data          0x1fff819e        0x1 .\ARM_GCC_493\Debug\Simple_Oscope.a(DAC_1_Wave2_DMA_dma.o)
                0x1fff819e                DAC_1_Wave2_DMA_DmaHandle
 *fill*         0x1fff819f        0x1 
 .data.impure_data
                0x1fff81a0       0x60 d:/programs/cypress/psoc creator/3.3/psoc creator/import/gnu/arm/4.9.3/bin/../lib/gcc/arm-none-eabi/4.9.3/../../../../arm-none-eabi/lib/armv7-m\libg_nano.a(lib_a-impure.o)
 .data._impure_ptr
                0x1fff8200        0x4 d:/programs/cypress/psoc creator/3.3/psoc creator/import/gnu/arm/4.9.3/bin/../lib/gcc/arm-none-eabi/4.9.3/../../../../arm-none-eabi/lib/armv7-m\libg_nano.a(lib_a-impure.o)
                0x1fff8200                _impure_ptr
 .data.__ctype_ptr__
                0x1fff8204        0x4 d:/programs/cypress/psoc creator/3.3/psoc creator/import/gnu/arm/4.9.3/bin/../lib/gcc/arm-none-eabi/4.9.3/../../../../arm-none-eabi/lib/armv7-m\libg_nano.a(lib_a-ctype_.o)
                0x1fff8204                __ctype_ptr__
                0x1fff8208                . = ALIGN (0x8)
 *(.ram)
                0x1fff8208                _edata = .

.igot.plt       0x1fff8208        0x0 load address 0x00008530
 .igot.plt      0x00000000        0x0 d:/programs/cypress/psoc creator/3.3/psoc creator/import/gnu/arm/4.9.3/bin/../lib/gcc/arm-none-eabi/4.9.3/armv7-m/crtbegin.o

.bss            0x1fff8208     0x1e60 load address 0x00008530
                0x1fff8208                PROVIDE (__bss_start__, .)
 *(.shbss)
 *(.bss .bss.* .gnu.linkonce.b.*)
 .bss           0x1fff8208       0x1c d:/programs/cypress/psoc creator/3.3/psoc creator/import/gnu/arm/4.9.3/bin/../lib/gcc/arm-none-eabi/4.9.3/armv7-m/crtbegin.o
 .bss           0x1fff8224        0x8 .\ARM_GCC_493\Debug\main.o
                0x1fff8224                initialized
                0x1fff8225                rxBufLen
                0x1fff8226                commandReady
                0x1fff8227                adcOn
                0x1fff8228                adcFrameReady
                0x1fff8229                dacOn
                0x1fff822a                dacOffset
 .bss           0x1fff822c        0xc .\ARM_GCC_493\Debug\Simple_Oscope.a(UART.o)
                0x1fff822c                UART_initVar
                0x1fff822e                UART_txBufferRead
                0x1fff8230                UART_txBufferWrite
                0x1fff8232                UART_errorStatus
                0x1fff8233                UART_rxBufferRead
                0x1fff8234                UART_rxBufferWrite
                0x1fff8235                UART_rxBufferLoopDetect
                0x1fff8236                UART_rxBufferOverflow
 .bss           0x1fff8238        0x1 .\ARM_GCC_493\Debug\Simple_Oscope.a(ADC.o)
                0x1fff8238                ADC_initVar
 .bss           0x1fff8239        0x1 .\ARM_GCC_493\Debug\Simple_Oscope.a(TIMER_DMA.o)
                0x1fff8239                TIMER_DMA_initVar
 .bss           0x1fff823a        0x5 .\ARM_GCC_493\Debug\Simple_Oscope.a(DAC_1.o)
                0x1fff823a                DAC_1_initVar
 .bss           0x1fff823f        0x1 .\ARM_GCC_493\Debug\Simple_Oscope.a(SPS_Divider_Counter.o)
                0x1fff823f                SPS_Divider_Counter_initVar
 .bss           0x1fff8240        0x4 .\ARM_GCC_493\Debug\Simple_Oscope.a(SPS_Divider_Control_Reg_PM.o)
 .bss.__malloc_sbrk_start
                0x1fff8244        0x4 d:/programs/cypress/psoc creator/3.3/psoc creator/import/gnu/arm/4.9.3/bin/../lib/gcc/arm-none-eabi/4.9.3/../../../../arm-none-eabi/lib/armv7-m\libg_nano.a(lib_a-nano-mallocr.o)
                0x1fff8244                __malloc_sbrk_start
 .bss.__malloc_free_list
                0x1fff8248        0x4 d:/programs/cypress/psoc creator/3.3/psoc creator/import/gnu/arm/4.9.3/bin/../lib/gcc/arm-none-eabi/4.9.3/../../../../arm-none-eabi/lib/armv7-m\libg_nano.a(lib_a-nano-mallocr.o)
                0x1fff8248                __malloc_free_list
 *(COMMON)
 COMMON         0x1fff824c     0x1628 .\ARM_GCC_493\Debug\main.o
                0x1fff824c                DMA_ADC_MEM_TD
                0x1fff8250                command
                0x1fff8270                wave
                0x1fff9210                rxBuffer
                0x1fff9230                DMA_ADC_MEM_Chan
                0x1fff9234                adcFrame
 COMMON         0x1fff9874      0x7e4 .\ARM_GCC_493\Debug\Simple_Oscope.a(UART.o)
                0x1fff9874                UART_rxBuffer
                0x1fff9888                UART_txBuffer
 COMMON         0x1fffa058        0xa .\ARM_GCC_493\Debug\Simple_Oscope.a(ADC.o)
                0x1fffa058                ADC_countsPer10Volt
                0x1fffa05c                ADC_shift
                0x1fffa05e                ADC_countsPerVolt
                0x1fffa060                ADC_offset
 *fill*         0x1fffa062        0x2 
 COMMON         0x1fffa064        0x4 d:/programs/cypress/psoc creator/3.3/psoc creator/import/gnu/arm/4.9.3/bin/../lib/gcc/arm-none-eabi/4.9.3/../../../../arm-none-eabi/lib/armv7-m\libg_nano.a(lib_a-reent.o)
                0x1fffa064                errno
                0x1fffa068                . = ALIGN (0x8)
 *(.ram.b)
                0x1fffa068                _end = .
                0x1fffa068                __end = .
                0x1fffa068                PROVIDE (end, .)
                0x1fffa068                PROVIDE (__bss_end__, .)
                0x00008430                __cy_region_init_ram = LOADADDR (.data)
                0x00000100                __cy_region_init_size_ram = (_edata - ADDR (.data))
                0x00001e60                __cy_region_zero_size_ram = (_end - _edata)

.heap           0x1fffa068       0x80 load address 0x00008530
                0x1fffa068                . = _end
                0x1fffa0e8                . = (. + 0x80)
 *fill*         0x1fffa068       0x80 
                0x1fffa0e8                __cy_heap_limit = .

.stack          0x20007800      0x800
                0x20007800                __cy_stack_limit = .
                0x20008000                . = (. + 0x800)
 *fill*         0x20007800      0x800 
                0x00000001                ASSERT ((__cy_stack_limit >= __cy_heap_limit), region RAM overflowed with stack)
                0x00000000                cy_checksum_exclude_size = (CY_APPL_LOADABLE == 0x1)?SIZEOF (.cy_checksum_exclude):0x0
                0x00000001                ASSERT ((cy_checksum_exclude_size <= CY_CHECKSUM_EXCLUDE_SIZE), CY_BOOT: Section .cy_checksum_exclude size exceedes specified limit.)

.cyloadermeta
 *(.cyloadermeta)

.cyloadablemeta
 *(.cyloadablemeta)

.cyconfigecc    0x80000000      0x6d4
 *(.cyconfigecc)
 .cyconfigecc   0x80000000      0x6d4 .\ARM_GCC_493\Debug\cymetadata.o
                0x80000000                cy_meta_configecc

.cycustnvl      0x90000000        0x4
 *(.cycustnvl)
 .cycustnvl     0x90000000        0x4 .\ARM_GCC_493\Debug\cymetadata.o
                0x90000000                cy_meta_custnvl

.cywolatch      0x90100000        0x4
 *(.cywolatch)
 .cywolatch     0x90100000        0x4 .\ARM_GCC_493\Debug\cymetadata.o
                0x90100000                cy_meta_wonvl

.cyeeprom       0x90200000        0x0
 *(.cyeeprom)
                0x00000001                ASSERT ((. <= ((0x90200000 + ee_offset) + ee_size)), .cyeeprom data will not fit in EEPROM)

.cyflashprotect
                0x90400000      0x100
 *(.cyflashprotect)
 .cyflashprotect
                0x90400000      0x100 .\ARM_GCC_493\Debug\cymetadata.o
                0x90400000                cy_meta_flashprotect

.cymeta         0x90500000        0xc
 *(.cymeta)
 .cymeta        0x90500000        0xc .\ARM_GCC_493\Debug\cymetadata.o
                0x90500000                cy_metadata

.rel.dyn        0x00008530        0x0 load address 0x9050000c
 .rel.iplt      0x00000000        0x0 d:/programs/cypress/psoc creator/3.3/psoc creator/import/gnu/arm/4.9.3/bin/../lib/gcc/arm-none-eabi/4.9.3/armv7-m/crtbegin.o

.stab           0x00000000       0x9c
 *(.stab)
 .stab          0x00000000       0x24 d:/programs/cypress/psoc creator/3.3/psoc creator/import/gnu/arm/4.9.3/bin/../lib/gcc/arm-none-eabi/4.9.3/../../../../arm-none-eabi/lib/armv7-m\libnosys.a(close.o)
 .stab          0x00000024       0x18 d:/programs/cypress/psoc creator/3.3/psoc creator/import/gnu/arm/4.9.3/bin/../lib/gcc/arm-none-eabi/4.9.3/../../../../arm-none-eabi/lib/armv7-m\libnosys.a(fstat.o)
                                 0x24 (size before relaxing)
 .stab          0x0000003c       0x18 d:/programs/cypress/psoc creator/3.3/psoc creator/import/gnu/arm/4.9.3/bin/../lib/gcc/arm-none-eabi/4.9.3/../../../../arm-none-eabi/lib/armv7-m\libnosys.a(isatty.o)
                                 0x24 (size before relaxing)
 .stab          0x00000054       0x18 d:/programs/cypress/psoc creator/3.3/psoc creator/import/gnu/arm/4.9.3/bin/../lib/gcc/arm-none-eabi/4.9.3/../../../../arm-none-eabi/lib/armv7-m\libnosys.a(lseek.o)
                                 0x24 (size before relaxing)
 .stab          0x0000006c       0x18 d:/programs/cypress/psoc creator/3.3/psoc creator/import/gnu/arm/4.9.3/bin/../lib/gcc/arm-none-eabi/4.9.3/../../../../arm-none-eabi/lib/armv7-m\libnosys.a(read.o)
                                 0x24 (size before relaxing)
 .stab          0x00000084       0x18 d:/programs/cypress/psoc creator/3.3/psoc creator/import/gnu/arm/4.9.3/bin/../lib/gcc/arm-none-eabi/4.9.3/../../../../arm-none-eabi/lib/armv7-m\libnosys.a(write.o)
                                 0x24 (size before relaxing)

.stabstr        0x00000000      0x14d
 *(.stabstr)
 .stabstr       0x00000000      0x14d d:/programs/cypress/psoc creator/3.3/psoc creator/import/gnu/arm/4.9.3/bin/../lib/gcc/arm-none-eabi/4.9.3/../../../../arm-none-eabi/lib/armv7-m\libnosys.a(close.o)

.debug
 *(.debug)

.line
 *(.line)

.debug_srcinfo
 *(.debug_srcinfo)

.debug_sfnames
 *(.debug_sfnames)

.debug_aranges  0x00000000      0xd40
 *(.debug_aranges)
 .debug_aranges
                0x00000000       0x90 .\ARM_GCC_493\Debug\main.o
 .debug_aranges
                0x00000090       0x18 .\ARM_GCC_493\Debug\cymetadata.o
 .debug_aranges
                0x000000a8       0x48 .\ARM_GCC_493\Debug\Cm3Start.o
 .debug_aranges
                0x000000f0       0x58 .\ARM_GCC_493\Debug\Simple_Oscope.a(cyfitter_cfg.o)
 .debug_aranges
                0x00000148       0x20 .\ARM_GCC_493\Debug\Simple_Oscope.a(CyBootAsmGnu.o)
 .debug_aranges
                0x00000168       0xd8 .\ARM_GCC_493\Debug\Simple_Oscope.a(CyDmac.o)
 .debug_aranges
                0x00000240      0x298 .\ARM_GCC_493\Debug\Simple_Oscope.a(CyLib.o)
 .debug_aranges
                0x000004d8       0x98 .\ARM_GCC_493\Debug\Simple_Oscope.a(cyPm.o)
 .debug_aranges
                0x00000570       0xf0 .\ARM_GCC_493\Debug\Simple_Oscope.a(UART.o)
 .debug_aranges
                0x00000660       0x28 .\ARM_GCC_493\Debug\Simple_Oscope.a(UART_INT.o)
 .debug_aranges
                0x00000688       0x70 .\ARM_GCC_493\Debug\Simple_Oscope.a(UART_IntClock.o)
 .debug_aranges
                0x000006f8       0xa8 .\ARM_GCC_493\Debug\Simple_Oscope.a(ADC.o)
 .debug_aranges
                0x000007a0       0x20 .\ARM_GCC_493\Debug\Simple_Oscope.a(ADC_INT.o)
 .debug_aranges
                0x000007c0       0x70 .\ARM_GCC_493\Debug\Simple_Oscope.a(ADC_Clock.o)
 .debug_aranges
                0x00000830       0x28 .\ARM_GCC_493\Debug\Simple_Oscope.a(DMA_ADC_MEM_dma.o)
 .debug_aranges
                0x00000858       0x90 .\ARM_GCC_493\Debug\Simple_Oscope.a(TIMER_DMA.o)
 .debug_aranges
                0x000008e8       0x80 .\ARM_GCC_493\Debug\Simple_Oscope.a(DMA_ENABLE.o)
 .debug_aranges
                0x00000968       0x80 .\ARM_GCC_493\Debug\Simple_Oscope.a(DMA_FRAME_READY.o)
 .debug_aranges
                0x000009e8       0x50 .\ARM_GCC_493\Debug\Simple_Oscope.a(DAC_1.o)
 .debug_aranges
                0x00000a38       0x28 .\ARM_GCC_493\Debug\Simple_Oscope.a(DAC_1_Wave1_DMA_dma.o)
 .debug_aranges
                0x00000a60       0x28 .\ARM_GCC_493\Debug\Simple_Oscope.a(DAC_1_Wave2_DMA_dma.o)
 .debug_aranges
                0x00000a88       0x58 .\ARM_GCC_493\Debug\Simple_Oscope.a(DAC_1_VDAC8.o)
 .debug_aranges
                0x00000ae0       0x98 .\ARM_GCC_493\Debug\Simple_Oscope.a(SPS_Divider_Counter.o)
 .debug_aranges
                0x00000b78       0x28 .\ARM_GCC_493\Debug\Simple_Oscope.a(SPS_Divider_Control_Reg.o)
 .debug_aranges
                0x00000ba0       0x38 .\ARM_GCC_493\Debug\Simple_Oscope.a(SPS_Divider_Control_Reg_PM.o)
 .debug_aranges
                0x00000bd8       0x70 .\ARM_GCC_493\Debug\Simple_Oscope.a(DAC_Clock.o)
 .debug_aranges
                0x00000c48       0x80 .\ARM_GCC_493\Debug\Simple_Oscope.a(CyFlash.o)
 .debug_aranges
                0x00000cc8       0x78 .\ARM_GCC_493\Debug\Simple_Oscope.a(CySpc.o)

.debug_pubnames
 *(.debug_pubnames)

.debug_info     0x00000000     0x612b
 *(.debug_info .gnu.linkonce.wi.*)
 .debug_info    0x00000000      0xe82 .\ARM_GCC_493\Debug\main.o
 .debug_info    0x00000e82      0x13e .\ARM_GCC_493\Debug\cymetadata.o
 .debug_info    0x00000fc0      0x317 .\ARM_GCC_493\Debug\Cm3Start.o
 .debug_info    0x000012d7      0x38a .\ARM_GCC_493\Debug\Simple_Oscope.a(cyfitter_cfg.o)
 .debug_info    0x00001661       0x8d .\ARM_GCC_493\Debug\Simple_Oscope.a(CyBootAsmGnu.o)
 .debug_info    0x000016ee      0x8b1 .\ARM_GCC_493\Debug\Simple_Oscope.a(CyDmac.o)
 .debug_info    0x00001f9f      0xe31 .\ARM_GCC_493\Debug\Simple_Oscope.a(CyLib.o)
 .debug_info    0x00002dd0      0x55f .\ARM_GCC_493\Debug\Simple_Oscope.a(cyPm.o)
 .debug_info    0x0000332f      0x653 .\ARM_GCC_493\Debug\Simple_Oscope.a(UART.o)
 .debug_info    0x00003982      0x19c .\ARM_GCC_493\Debug\Simple_Oscope.a(UART_INT.o)
 .debug_info    0x00003b1e      0x25b .\ARM_GCC_493\Debug\Simple_Oscope.a(UART_IntClock.o)
 .debug_info    0x00003d79      0x47f .\ARM_GCC_493\Debug\Simple_Oscope.a(ADC.o)
 .debug_info    0x000041f8       0x92 .\ARM_GCC_493\Debug\Simple_Oscope.a(ADC_INT.o)
 .debug_info    0x0000428a      0x25b .\ARM_GCC_493\Debug\Simple_Oscope.a(ADC_Clock.o)
 .debug_info    0x000044e5      0x112 .\ARM_GCC_493\Debug\Simple_Oscope.a(DMA_ADC_MEM_dma.o)
 .debug_info    0x000045f7      0x252 .\ARM_GCC_493\Debug\Simple_Oscope.a(TIMER_DMA.o)
 .debug_info    0x00004849      0x238 .\ARM_GCC_493\Debug\Simple_Oscope.a(DMA_ENABLE.o)
 .debug_info    0x00004a81      0x238 .\ARM_GCC_493\Debug\Simple_Oscope.a(DMA_FRAME_READY.o)
 .debug_info    0x00004cb9      0x23f .\ARM_GCC_493\Debug\Simple_Oscope.a(DAC_1.o)
 .debug_info    0x00004ef8      0x112 .\ARM_GCC_493\Debug\Simple_Oscope.a(DAC_1_Wave1_DMA_dma.o)
 .debug_info    0x0000500a      0x112 .\ARM_GCC_493\Debug\Simple_Oscope.a(DAC_1_Wave2_DMA_dma.o)
 .debug_info    0x0000511c      0x184 .\ARM_GCC_493\Debug\Simple_Oscope.a(DAC_1_VDAC8.o)
 .debug_info    0x000052a0      0x288 .\ARM_GCC_493\Debug\Simple_Oscope.a(SPS_Divider_Counter.o)
 .debug_info    0x00005528       0xd6 .\ARM_GCC_493\Debug\Simple_Oscope.a(SPS_Divider_Control_Reg.o)
 .debug_info    0x000055fe      0x112 .\ARM_GCC_493\Debug\Simple_Oscope.a(SPS_Divider_Control_Reg_PM.o)
 .debug_info    0x00005710      0x25b .\ARM_GCC_493\Debug\Simple_Oscope.a(DAC_Clock.o)
 .debug_info    0x0000596b      0x36a .\ARM_GCC_493\Debug\Simple_Oscope.a(CyFlash.o)
 .debug_info    0x00005cd5      0x456 .\ARM_GCC_493\Debug\Simple_Oscope.a(CySpc.o)

.debug_abbrev   0x00000000     0x2011
 *(.debug_abbrev)
 .debug_abbrev  0x00000000      0x2f8 .\ARM_GCC_493\Debug\main.o
 .debug_abbrev  0x000002f8       0x77 .\ARM_GCC_493\Debug\cymetadata.o
 .debug_abbrev  0x0000036f      0x1b6 .\ARM_GCC_493\Debug\Cm3Start.o
 .debug_abbrev  0x00000525      0x19d .\ARM_GCC_493\Debug\Simple_Oscope.a(cyfitter_cfg.o)
 .debug_abbrev  0x000006c2       0x14 .\ARM_GCC_493\Debug\Simple_Oscope.a(CyBootAsmGnu.o)
 .debug_abbrev  0x000006d6      0x194 .\ARM_GCC_493\Debug\Simple_Oscope.a(CyDmac.o)
 .debug_abbrev  0x0000086a      0x217 .\ARM_GCC_493\Debug\Simple_Oscope.a(CyLib.o)
 .debug_abbrev  0x00000a81      0x16e .\ARM_GCC_493\Debug\Simple_Oscope.a(cyPm.o)
 .debug_abbrev  0x00000bef      0x175 .\ARM_GCC_493\Debug\Simple_Oscope.a(UART.o)
 .debug_abbrev  0x00000d64       0xb8 .\ARM_GCC_493\Debug\Simple_Oscope.a(UART_INT.o)
 .debug_abbrev  0x00000e1c      0x12a .\ARM_GCC_493\Debug\Simple_Oscope.a(UART_IntClock.o)
 .debug_abbrev  0x00000f46      0x180 .\ARM_GCC_493\Debug\Simple_Oscope.a(ADC.o)
 .debug_abbrev  0x000010c6       0x42 .\ARM_GCC_493\Debug\Simple_Oscope.a(ADC_INT.o)
 .debug_abbrev  0x00001108      0x12a .\ARM_GCC_493\Debug\Simple_Oscope.a(ADC_Clock.o)
 .debug_abbrev  0x00001232       0x8b .\ARM_GCC_493\Debug\Simple_Oscope.a(DMA_ADC_MEM_dma.o)
 .debug_abbrev  0x000012bd      0x128 .\ARM_GCC_493\Debug\Simple_Oscope.a(TIMER_DMA.o)
 .debug_abbrev  0x000013e5      0x17f .\ARM_GCC_493\Debug\Simple_Oscope.a(DMA_ENABLE.o)
 .debug_abbrev  0x00001564      0x17f .\ARM_GCC_493\Debug\Simple_Oscope.a(DMA_FRAME_READY.o)
 .debug_abbrev  0x000016e3       0xe3 .\ARM_GCC_493\Debug\Simple_Oscope.a(DAC_1.o)
 .debug_abbrev  0x000017c6       0x8b .\ARM_GCC_493\Debug\Simple_Oscope.a(DAC_1_Wave1_DMA_dma.o)
 .debug_abbrev  0x00001851       0x8b .\ARM_GCC_493\Debug\Simple_Oscope.a(DAC_1_Wave2_DMA_dma.o)
 .debug_abbrev  0x000018dc       0xf8 .\ARM_GCC_493\Debug\Simple_Oscope.a(DAC_1_VDAC8.o)
 .debug_abbrev  0x000019d4      0x139 .\ARM_GCC_493\Debug\Simple_Oscope.a(SPS_Divider_Counter.o)
 .debug_abbrev  0x00001b0d       0x8e .\ARM_GCC_493\Debug\Simple_Oscope.a(SPS_Divider_Control_Reg.o)
 .debug_abbrev  0x00001b9b       0xa6 .\ARM_GCC_493\Debug\Simple_Oscope.a(SPS_Divider_Control_Reg_PM.o)
 .debug_abbrev  0x00001c41      0x12a .\ARM_GCC_493\Debug\Simple_Oscope.a(DAC_Clock.o)
 .debug_abbrev  0x00001d6b      0x12d .\ARM_GCC_493\Debug\Simple_Oscope.a(CyFlash.o)
 .debug_abbrev  0x00001e98      0x179 .\ARM_GCC_493\Debug\Simple_Oscope.a(CySpc.o)

.debug_line     0x00000000     0x32d6
 *(.debug_line)
 .debug_line    0x00000000      0x52d .\ARM_GCC_493\Debug\main.o
 .debug_line    0x0000052d       0x53 .\ARM_GCC_493\Debug\cymetadata.o
 .debug_line    0x00000580      0x1ca .\ARM_GCC_493\Debug\Cm3Start.o
 .debug_line    0x0000074a      0x1ea .\ARM_GCC_493\Debug\Simple_Oscope.a(cyfitter_cfg.o)
 .debug_line    0x00000934       0x7f .\ARM_GCC_493\Debug\Simple_Oscope.a(CyBootAsmGnu.o)
 .debug_line    0x000009b3      0x2b7 .\ARM_GCC_493\Debug\Simple_Oscope.a(CyDmac.o)
 .debug_line    0x00000c6a      0x872 .\ARM_GCC_493\Debug\Simple_Oscope.a(CyLib.o)
 .debug_line    0x000014dc      0x381 .\ARM_GCC_493\Debug\Simple_Oscope.a(cyPm.o)
 .debug_line    0x0000185d      0x342 .\ARM_GCC_493\Debug\Simple_Oscope.a(UART.o)
 .debug_line    0x00001b9f       0xae .\ARM_GCC_493\Debug\Simple_Oscope.a(UART_INT.o)
 .debug_line    0x00001c4d      0x1c1 .\ARM_GCC_493\Debug\Simple_Oscope.a(UART_IntClock.o)
 .debug_line    0x00001e0e      0x20a .\ARM_GCC_493\Debug\Simple_Oscope.a(ADC.o)
 .debug_line    0x00002018       0x55 .\ARM_GCC_493\Debug\Simple_Oscope.a(ADC_INT.o)
 .debug_line    0x0000206d      0x1bd .\ARM_GCC_493\Debug\Simple_Oscope.a(ADC_Clock.o)
 .debug_line    0x0000222a       0x97 .\ARM_GCC_493\Debug\Simple_Oscope.a(DMA_ADC_MEM_dma.o)
 .debug_line    0x000022c1      0x174 .\ARM_GCC_493\Debug\Simple_Oscope.a(TIMER_DMA.o)
 .debug_line    0x00002435      0x16e .\ARM_GCC_493\Debug\Simple_Oscope.a(DMA_ENABLE.o)
 .debug_line    0x000025a3      0x163 .\ARM_GCC_493\Debug\Simple_Oscope.a(DMA_FRAME_READY.o)
 .debug_line    0x00002706       0xef .\ARM_GCC_493\Debug\Simple_Oscope.a(DAC_1.o)
 .debug_line    0x000027f5       0x9b .\ARM_GCC_493\Debug\Simple_Oscope.a(DAC_1_Wave1_DMA_dma.o)
 .debug_line    0x00002890       0x9b .\ARM_GCC_493\Debug\Simple_Oscope.a(DAC_1_Wave2_DMA_dma.o)
 .debug_line    0x0000292b       0xf5 .\ARM_GCC_493\Debug\Simple_Oscope.a(DAC_1_VDAC8.o)
 .debug_line    0x00002a20      0x193 .\ARM_GCC_493\Debug\Simple_Oscope.a(SPS_Divider_Counter.o)
 .debug_line    0x00002bb3       0x82 .\ARM_GCC_493\Debug\Simple_Oscope.a(SPS_Divider_Control_Reg.o)
 .debug_line    0x00002c35       0xc6 .\ARM_GCC_493\Debug\Simple_Oscope.a(SPS_Divider_Control_Reg_PM.o)
 .debug_line    0x00002cfb      0x1bd .\ARM_GCC_493\Debug\Simple_Oscope.a(DAC_Clock.o)
 .debug_line    0x00002eb8      0x207 .\ARM_GCC_493\Debug\Simple_Oscope.a(CyFlash.o)
 .debug_line    0x000030bf      0x217 .\ARM_GCC_493\Debug\Simple_Oscope.a(CySpc.o)

.debug_frame    0x00000000     0x400c
 *(.debug_frame)
 .debug_frame   0x00000000      0x228 .\ARM_GCC_493\Debug\main.o
 .debug_frame   0x00000228       0xd8 .\ARM_GCC_493\Debug\Cm3Start.o
 .debug_frame   0x00000300      0x150 .\ARM_GCC_493\Debug\Simple_Oscope.a(cyfitter_cfg.o)
 .debug_frame   0x00000450      0x3d0 .\ARM_GCC_493\Debug\Simple_Oscope.a(CyDmac.o)
 .debug_frame   0x00000820      0xbe8 .\ARM_GCC_493\Debug\Simple_Oscope.a(CyLib.o)
 .debug_frame   0x00001408      0x234 .\ARM_GCC_493\Debug\Simple_Oscope.a(cyPm.o)
 .debug_frame   0x0000163c      0x428 .\ARM_GCC_493\Debug\Simple_Oscope.a(UART.o)
 .debug_frame   0x00001a64       0x5c .\ARM_GCC_493\Debug\Simple_Oscope.a(UART_INT.o)
 .debug_frame   0x00001ac0      0x1b4 .\ARM_GCC_493\Debug\Simple_Oscope.a(UART_IntClock.o)
 .debug_frame   0x00001c74      0x2c0 .\ARM_GCC_493\Debug\Simple_Oscope.a(ADC.o)
 .debug_frame   0x00001f34       0x34 .\ARM_GCC_493\Debug\Simple_Oscope.a(ADC_INT.o)
 .debug_frame   0x00001f68      0x1b4 .\ARM_GCC_493\Debug\Simple_Oscope.a(ADC_Clock.o)
 .debug_frame   0x0000211c       0x58 .\ARM_GCC_493\Debug\Simple_Oscope.a(DMA_ADC_MEM_dma.o)
 .debug_frame   0x00002174      0x230 .\ARM_GCC_493\Debug\Simple_Oscope.a(TIMER_DMA.o)
 .debug_frame   0x000023a4      0x1e8 .\ARM_GCC_493\Debug\Simple_Oscope.a(DMA_ENABLE.o)
 .debug_frame   0x0000258c      0x1e8 .\ARM_GCC_493\Debug\Simple_Oscope.a(DMA_FRAME_READY.o)
 .debug_frame   0x00002774       0xf8 .\ARM_GCC_493\Debug\Simple_Oscope.a(DAC_1.o)
 .debug_frame   0x0000286c       0x58 .\ARM_GCC_493\Debug\Simple_Oscope.a(DAC_1_Wave1_DMA_dma.o)
 .debug_frame   0x000028c4       0x58 .\ARM_GCC_493\Debug\Simple_Oscope.a(DAC_1_Wave2_DMA_dma.o)
 .debug_frame   0x0000291c      0x130 .\ARM_GCC_493\Debug\Simple_Oscope.a(DAC_1_VDAC8.o)
 .debug_frame   0x00002a4c      0x258 .\ARM_GCC_493\Debug\Simple_Oscope.a(SPS_Divider_Counter.o)
 .debug_frame   0x00002ca4       0x5c .\ARM_GCC_493\Debug\Simple_Oscope.a(SPS_Divider_Control_Reg.o)
 .debug_frame   0x00002d00       0x90 .\ARM_GCC_493\Debug\Simple_Oscope.a(SPS_Divider_Control_Reg_PM.o)
 .debug_frame   0x00002d90      0x1b4 .\ARM_GCC_493\Debug\Simple_Oscope.a(DAC_Clock.o)
 .debug_frame   0x00002f44      0x210 .\ARM_GCC_493\Debug\Simple_Oscope.a(CyFlash.o)
 .debug_frame   0x00003154      0x1f8 .\ARM_GCC_493\Debug\Simple_Oscope.a(CySpc.o)
 .debug_frame   0x0000334c       0x34 d:/programs/cypress/psoc creator/3.3/psoc creator/import/gnu/arm/4.9.3/bin/../lib/gcc/arm-none-eabi/4.9.3/../../../../arm-none-eabi/lib/armv7-m\libm.a(lib_a-s_floor.o)
 .debug_frame   0x00003380       0x28 d:/programs/cypress/psoc creator/3.3/psoc creator/import/gnu/arm/4.9.3/bin/../lib/gcc/arm-none-eabi/4.9.3/armv7-m\libgcc.a(_aeabi_ldivmod.o)
 .debug_frame   0x000033a8       0x54 d:/programs/cypress/psoc creator/3.3/psoc creator/import/gnu/arm/4.9.3/bin/../lib/gcc/arm-none-eabi/4.9.3/armv7-m\libgcc.a(bpabi.o)
 .debug_frame   0x000033fc       0x34 d:/programs/cypress/psoc creator/3.3/psoc creator/import/gnu/arm/4.9.3/bin/../lib/gcc/arm-none-eabi/4.9.3/armv7-m\libgcc.a(_divdi3.o)
 .debug_frame   0x00003430       0x34 d:/programs/cypress/psoc creator/3.3/psoc creator/import/gnu/arm/4.9.3/bin/../lib/gcc/arm-none-eabi/4.9.3/armv7-m\libgcc.a(_udivdi3.o)
 .debug_frame   0x00003464       0x20 d:/programs/cypress/psoc creator/3.3/psoc creator/import/gnu/arm/4.9.3/bin/../lib/gcc/arm-none-eabi/4.9.3/../../../../arm-none-eabi/lib/armv7-m\libg_nano.a(lib_a-errno.o)
 .debug_frame   0x00003484       0x28 d:/programs/cypress/psoc creator/3.3/psoc creator/import/gnu/arm/4.9.3/bin/../lib/gcc/arm-none-eabi/4.9.3/../../../../arm-none-eabi/lib/armv7-m\libg_nano.a(lib_a-exit.o)
 .debug_frame   0x000034ac       0x54 d:/programs/cypress/psoc creator/3.3/psoc creator/import/gnu/arm/4.9.3/bin/../lib/gcc/arm-none-eabi/4.9.3/../../../../arm-none-eabi/lib/armv7-m\libg_nano.a(lib_a-fwrite.o)
 .debug_frame   0x00003500       0x2c d:/programs/cypress/psoc creator/3.3/psoc creator/import/gnu/arm/4.9.3/bin/../lib/gcc/arm-none-eabi/4.9.3/../../../../arm-none-eabi/lib/armv7-m\libg_nano.a(lib_a-init.o)
 .debug_frame   0x0000352c       0x28 d:/programs/cypress/psoc creator/3.3/psoc creator/import/gnu/arm/4.9.3/bin/../lib/gcc/arm-none-eabi/4.9.3/../../../../arm-none-eabi/lib/armv7-m\libg_nano.a(lib_a-memcpy.o)
 .debug_frame   0x00003554       0x20 d:/programs/cypress/psoc creator/3.3/psoc creator/import/gnu/arm/4.9.3/bin/../lib/gcc/arm-none-eabi/4.9.3/../../../../arm-none-eabi/lib/armv7-m\libg_nano.a(lib_a-memset.o)
 .debug_frame   0x00003574       0x70 d:/programs/cypress/psoc creator/3.3/psoc creator/import/gnu/arm/4.9.3/bin/../lib/gcc/arm-none-eabi/4.9.3/../../../../arm-none-eabi/lib/armv7-m\libg_nano.a(lib_a-sprintf.o)
 .debug_frame   0x000035e4       0x80 d:/programs/cypress/psoc creator/3.3/psoc creator/import/gnu/arm/4.9.3/bin/../lib/gcc/arm-none-eabi/4.9.3/../../../../arm-none-eabi/lib/armv7-m\libg_nano.a(lib_a-sscanf.o)
 .debug_frame   0x00003664       0x88 d:/programs/cypress/psoc creator/3.3/psoc creator/import/gnu/arm/4.9.3/bin/../lib/gcc/arm-none-eabi/4.9.3/../../../../arm-none-eabi/lib/armv7-m\libg_nano.a(lib_a-stdio.o)
 .debug_frame   0x000036ec       0x20 d:/programs/cypress/psoc creator/3.3/psoc creator/import/gnu/arm/4.9.3/bin/../lib/gcc/arm-none-eabi/4.9.3/../../../../arm-none-eabi/lib/armv7-m\libg_nano.a(lib_a-strlen.o)
 .debug_frame   0x0000370c       0x28 d:/programs/cypress/psoc creator/3.3/psoc creator/import/gnu/arm/4.9.3/bin/../lib/gcc/arm-none-eabi/4.9.3/../../../../arm-none-eabi/lib/armv7-m\libg_nano.a(lib_a-strncpy.o)
 .debug_frame   0x00003734       0x2c d:/programs/cypress/psoc creator/3.3/psoc creator/import/gnu/arm/4.9.3/bin/../lib/gcc/arm-none-eabi/4.9.3/../../../../arm-none-eabi/lib/armv7-m\libg_nano.a(lib_a-strpbrk.o)
 .debug_frame   0x00003760       0x3c d:/programs/cypress/psoc creator/3.3/psoc creator/import/gnu/arm/4.9.3/bin/../lib/gcc/arm-none-eabi/4.9.3/../../../../arm-none-eabi/lib/armv7-m\libg_nano.a(lib_a-wbuf.o)
 .debug_frame   0x0000379c       0x2c d:/programs/cypress/psoc creator/3.3/psoc creator/import/gnu/arm/4.9.3/bin/../lib/gcc/arm-none-eabi/4.9.3/../../../../arm-none-eabi/lib/armv7-m\libg_nano.a(lib_a-writer.o)
 .debug_frame   0x000037c8       0x2c d:/programs/cypress/psoc creator/3.3/psoc creator/import/gnu/arm/4.9.3/bin/../lib/gcc/arm-none-eabi/4.9.3/../../../../arm-none-eabi/lib/armv7-m\libg_nano.a(lib_a-wsetup.o)
 .debug_frame   0x000037f4       0x2c d:/programs/cypress/psoc creator/3.3/psoc creator/import/gnu/arm/4.9.3/bin/../lib/gcc/arm-none-eabi/4.9.3/../../../../arm-none-eabi/lib/armv7-m\libg_nano.a(lib_a-closer.o)
 .debug_frame   0x00003820       0x68 d:/programs/cypress/psoc creator/3.3/psoc creator/import/gnu/arm/4.9.3/bin/../lib/gcc/arm-none-eabi/4.9.3/../../../../arm-none-eabi/lib/armv7-m\libg_nano.a(lib_a-fflush.o)
 .debug_frame   0x00003888      0x11c d:/programs/cypress/psoc creator/3.3/psoc creator/import/gnu/arm/4.9.3/bin/../lib/gcc/arm-none-eabi/4.9.3/../../../../arm-none-eabi/lib/armv7-m\libg_nano.a(lib_a-findfp.o)
 .debug_frame   0x000039a4       0x54 d:/programs/cypress/psoc creator/3.3/psoc creator/import/gnu/arm/4.9.3/bin/../lib/gcc/arm-none-eabi/4.9.3/../../../../arm-none-eabi/lib/armv7-m\libg_nano.a(lib_a-fwalk.o)
 .debug_frame   0x000039f8       0x2c d:/programs/cypress/psoc creator/3.3/psoc creator/import/gnu/arm/4.9.3/bin/../lib/gcc/arm-none-eabi/4.9.3/../../../../arm-none-eabi/lib/armv7-m\libg_nano.a(lib_a-lseekr.o)
 .debug_frame   0x00003a24       0x34 d:/programs/cypress/psoc creator/3.3/psoc creator/import/gnu/arm/4.9.3/bin/../lib/gcc/arm-none-eabi/4.9.3/../../../../arm-none-eabi/lib/armv7-m\libg_nano.a(lib_a-makebuf.o)
 .debug_frame   0x00003a58       0x2c d:/programs/cypress/psoc creator/3.3/psoc creator/import/gnu/arm/4.9.3/bin/../lib/gcc/arm-none-eabi/4.9.3/../../../../arm-none-eabi/lib/armv7-m\libg_nano.a(lib_a-nano-freer.o)
 .debug_frame   0x00003a84       0x2c d:/programs/cypress/psoc creator/3.3/psoc creator/import/gnu/arm/4.9.3/bin/../lib/gcc/arm-none-eabi/4.9.3/../../../../arm-none-eabi/lib/armv7-m\libg_nano.a(lib_a-nano-mallocr.o)
 .debug_frame   0x00003ab0       0x8c d:/programs/cypress/psoc creator/3.3/psoc creator/import/gnu/arm/4.9.3/bin/../lib/gcc/arm-none-eabi/4.9.3/../../../../arm-none-eabi/lib/armv7-m\libg_nano.a(lib_a-nano-svfprintf.o)
 .debug_frame   0x00003b3c       0x70 d:/programs/cypress/psoc creator/3.3/psoc creator/import/gnu/arm/4.9.3/bin/../lib/gcc/arm-none-eabi/4.9.3/../../../../arm-none-eabi/lib/armv7-m\libg_nano.a(lib_a-nano-svfscanf.o)
 .debug_frame   0x00003bac       0x58 d:/programs/cypress/psoc creator/3.3/psoc creator/import/gnu/arm/4.9.3/bin/../lib/gcc/arm-none-eabi/4.9.3/../../../../arm-none-eabi/lib/armv7-m\libg_nano.a(lib_a-nano-vfprintf_i.o)
 .debug_frame   0x00003c04       0x5c d:/programs/cypress/psoc creator/3.3/psoc creator/import/gnu/arm/4.9.3/bin/../lib/gcc/arm-none-eabi/4.9.3/../../../../arm-none-eabi/lib/armv7-m\libg_nano.a(lib_a-nano-vfscanf_i.o)
 .debug_frame   0x00003c60       0x2c d:/programs/cypress/psoc creator/3.3/psoc creator/import/gnu/arm/4.9.3/bin/../lib/gcc/arm-none-eabi/4.9.3/../../../../arm-none-eabi/lib/armv7-m\libg_nano.a(lib_a-readr.o)
 .debug_frame   0x00003c8c       0x5c d:/programs/cypress/psoc creator/3.3/psoc creator/import/gnu/arm/4.9.3/bin/../lib/gcc/arm-none-eabi/4.9.3/../../../../arm-none-eabi/lib/armv7-m\libg_nano.a(lib_a-reent.o)
 .debug_frame   0x00003ce8       0x2c d:/programs/cypress/psoc creator/3.3/psoc creator/import/gnu/arm/4.9.3/bin/../lib/gcc/arm-none-eabi/4.9.3/../../../../arm-none-eabi/lib/armv7-m\libg_nano.a(lib_a-sbrkr.o)
 .debug_frame   0x00003d14       0x30 d:/programs/cypress/psoc creator/3.3/psoc creator/import/gnu/arm/4.9.3/bin/../lib/gcc/arm-none-eabi/4.9.3/../../../../arm-none-eabi/lib/armv7-m\libg_nano.a(lib_a-sccl.o)
 .debug_frame   0x00003d44       0x54 d:/programs/cypress/psoc creator/3.3/psoc creator/import/gnu/arm/4.9.3/bin/../lib/gcc/arm-none-eabi/4.9.3/../../../../arm-none-eabi/lib/armv7-m\libg_nano.a(lib_a-strtol.o)
 .debug_frame   0x00003d98       0x54 d:/programs/cypress/psoc creator/3.3/psoc creator/import/gnu/arm/4.9.3/bin/../lib/gcc/arm-none-eabi/4.9.3/../../../../arm-none-eabi/lib/armv7-m\libg_nano.a(lib_a-strtoul.o)
 .debug_frame   0x00003dec       0x5c d:/programs/cypress/psoc creator/3.3/psoc creator/import/gnu/arm/4.9.3/bin/../lib/gcc/arm-none-eabi/4.9.3/../../../../arm-none-eabi/lib/armv7-m\libg_nano.a(lib_a-ungetc.o)
 .debug_frame   0x00003e48       0x2c d:/programs/cypress/psoc creator/3.3/psoc creator/import/gnu/arm/4.9.3/bin/../lib/gcc/arm-none-eabi/4.9.3/../../../../arm-none-eabi/lib/armv7-m\libg_nano.a(lib_a-fstatr.o)
 .debug_frame   0x00003e74       0x2c d:/programs/cypress/psoc creator/3.3/psoc creator/import/gnu/arm/4.9.3/bin/../lib/gcc/arm-none-eabi/4.9.3/../../../../arm-none-eabi/lib/armv7-m\libg_nano.a(lib_a-isattyr.o)
 .debug_frame   0x00003ea0       0x28 d:/programs/cypress/psoc creator/3.3/psoc creator/import/gnu/arm/4.9.3/bin/../lib/gcc/arm-none-eabi/4.9.3/../../../../arm-none-eabi/lib/armv7-m\libg_nano.a(lib_a-memchr.o)
 .debug_frame   0x00003ec8       0x28 d:/programs/cypress/psoc creator/3.3/psoc creator/import/gnu/arm/4.9.3/bin/../lib/gcc/arm-none-eabi/4.9.3/../../../../arm-none-eabi/lib/armv7-m\libg_nano.a(lib_a-memmove.o)
 .debug_frame   0x00003ef0       0x3c d:/programs/cypress/psoc creator/3.3/psoc creator/import/gnu/arm/4.9.3/bin/../lib/gcc/arm-none-eabi/4.9.3/../../../../arm-none-eabi/lib/armv7-m\libg_nano.a(lib_a-nano-reallocr.o)
 .debug_frame   0x00003f2c       0x20 d:/programs/cypress/psoc creator/3.3/psoc creator/import/gnu/arm/4.9.3/bin/../lib/gcc/arm-none-eabi/4.9.3/../../../../arm-none-eabi/lib/armv7-m\libg_nano.a(lib_a-nano-msizer.o)
 .debug_frame   0x00003f4c       0x20 d:/programs/cypress/psoc creator/3.3/psoc creator/import/gnu/arm/4.9.3/bin/../lib/gcc/arm-none-eabi/4.9.3/../../../../arm-none-eabi/lib/armv7-m\libnosys.a(close.o)
 .debug_frame   0x00003f6c       0x20 d:/programs/cypress/psoc creator/3.3/psoc creator/import/gnu/arm/4.9.3/bin/../lib/gcc/arm-none-eabi/4.9.3/../../../../arm-none-eabi/lib/armv7-m\libnosys.a(fstat.o)
 .debug_frame   0x00003f8c       0x20 d:/programs/cypress/psoc creator/3.3/psoc creator/import/gnu/arm/4.9.3/bin/../lib/gcc/arm-none-eabi/4.9.3/../../../../arm-none-eabi/lib/armv7-m\libnosys.a(isatty.o)
 .debug_frame   0x00003fac       0x20 d:/programs/cypress/psoc creator/3.3/psoc creator/import/gnu/arm/4.9.3/bin/../lib/gcc/arm-none-eabi/4.9.3/../../../../arm-none-eabi/lib/armv7-m\libnosys.a(lseek.o)
 .debug_frame   0x00003fcc       0x20 d:/programs/cypress/psoc creator/3.3/psoc creator/import/gnu/arm/4.9.3/bin/../lib/gcc/arm-none-eabi/4.9.3/../../../../arm-none-eabi/lib/armv7-m\libnosys.a(read.o)
 .debug_frame   0x00003fec       0x20 d:/programs/cypress/psoc creator/3.3/psoc creator/import/gnu/arm/4.9.3/bin/../lib/gcc/arm-none-eabi/4.9.3/../../../../arm-none-eabi/lib/armv7-m\libnosys.a(write.o)

.debug_str      0x00000000     0x3155
 *(.debug_str)
 .debug_str     0x00000000      0x7b3 .\ARM_GCC_493\Debug\main.o
                                0x83a (size before relaxing)
 .debug_str     0x000007b3       0x77 .\ARM_GCC_493\Debug\cymetadata.o
                                0x1e7 (size before relaxing)
 .debug_str     0x0000082a      0x127 .\ARM_GCC_493\Debug\Cm3Start.o
                                0x2c8 (size before relaxing)
 .debug_str     0x00000951      0x12c .\ARM_GCC_493\Debug\Simple_Oscope.a(cyfitter_cfg.o)
                                0x2d6 (size before relaxing)
 .debug_str     0x00000a7d      0x359 .\ARM_GCC_493\Debug\Simple_Oscope.a(CyDmac.o)
                                0x50e (size before relaxing)
 .debug_str     0x00000dd6      0x7c3 .\ARM_GCC_493\Debug\Simple_Oscope.a(CyLib.o)
                                0x9c3 (size before relaxing)
 .debug_str     0x00001599      0x367 .\ARM_GCC_493\Debug\Simple_Oscope.a(cyPm.o)
                                0x528 (size before relaxing)
 .debug_str     0x00001900      0x378 .\ARM_GCC_493\Debug\Simple_Oscope.a(UART.o)
                                0x515 (size before relaxing)
 .debug_str     0x00001c78       0x60 .\ARM_GCC_493\Debug\Simple_Oscope.a(UART_INT.o)
                                0x281 (size before relaxing)
 .debug_str     0x00001cd8      0x1ac .\ARM_GCC_493\Debug\Simple_Oscope.a(UART_IntClock.o)
                                0x333 (size before relaxing)
 .debug_str     0x00001e84      0x1c3 .\ARM_GCC_493\Debug\Simple_Oscope.a(ADC.o)
                                0x3a8 (size before relaxing)
 .debug_str     0x00002047       0x2b .\ARM_GCC_493\Debug\Simple_Oscope.a(ADC_INT.o)
                                0x18c (size before relaxing)
 .debug_str     0x00002072      0x131 .\ARM_GCC_493\Debug\Simple_Oscope.a(ADC_Clock.o)
                                0x303 (size before relaxing)
 .debug_str     0x000021a3       0xad .\ARM_GCC_493\Debug\Simple_Oscope.a(DMA_ADC_MEM_dma.o)
                                0x224 (size before relaxing)
 .debug_str     0x00002250      0x1bd .\ARM_GCC_493\Debug\Simple_Oscope.a(TIMER_DMA.o)
                                0x347 (size before relaxing)
 .debug_str     0x0000240d      0x12e .\ARM_GCC_493\Debug\Simple_Oscope.a(DMA_ENABLE.o)
                                0x2dd (size before relaxing)
 .debug_str     0x0000253b      0x174 .\ARM_GCC_493\Debug\Simple_Oscope.a(DMA_FRAME_READY.o)
                                0x323 (size before relaxing)
 .debug_str     0x000026af      0x11f .\ARM_GCC_493\Debug\Simple_Oscope.a(DAC_1.o)
                                0x29d (size before relaxing)
 .debug_str     0x000027ce       0x82 .\ARM_GCC_493\Debug\Simple_Oscope.a(DAC_1_Wave1_DMA_dma.o)
                                0x234 (size before relaxing)
 .debug_str     0x00002850       0x82 .\ARM_GCC_493\Debug\Simple_Oscope.a(DAC_1_Wave2_DMA_dma.o)
                                0x234 (size before relaxing)
 .debug_str     0x000028d2       0xe1 .\ARM_GCC_493\Debug\Simple_Oscope.a(DAC_1_VDAC8.o)
                                0x258 (size before relaxing)
 .debug_str     0x000029b3      0x28d .\ARM_GCC_493\Debug\Simple_Oscope.a(SPS_Divider_Counter.o)
                                0x426 (size before relaxing)
 .debug_str     0x00002c40       0x6e .\ARM_GCC_493\Debug\Simple_Oscope.a(SPS_Divider_Control_Reg.o)
                                0x1e2 (size before relaxing)
 .debug_str     0x00002cae      0x10e .\ARM_GCC_493\Debug\Simple_Oscope.a(SPS_Divider_Control_Reg_PM.o)
                                0x27a (size before relaxing)
 .debug_str     0x00002dbc      0x131 .\ARM_GCC_493\Debug\Simple_Oscope.a(DAC_Clock.o)
                                0x303 (size before relaxing)
 .debug_str     0x00002eed      0x147 .\ARM_GCC_493\Debug\Simple_Oscope.a(CyFlash.o)
                                0x2e7 (size before relaxing)
 .debug_str     0x00003034      0x121 .\ARM_GCC_493\Debug\Simple_Oscope.a(CySpc.o)
                                0x2e4 (size before relaxing)

.debug_loc
 *(.debug_loc)

.debug_macinfo
 *(.debug_macinfo)

.debug_ranges   0x00000000      0xb68
 *(.debug_ranges)
 .debug_ranges  0x00000000       0x80 .\ARM_GCC_493\Debug\main.o
 .debug_ranges  0x00000080       0x38 .\ARM_GCC_493\Debug\Cm3Start.o
 .debug_ranges  0x000000b8       0x48 .\ARM_GCC_493\Debug\Simple_Oscope.a(cyfitter_cfg.o)
 .debug_ranges  0x00000100       0xc8 .\ARM_GCC_493\Debug\Simple_Oscope.a(CyDmac.o)
 .debug_ranges  0x000001c8      0x288 .\ARM_GCC_493\Debug\Simple_Oscope.a(CyLib.o)
 .debug_ranges  0x00000450       0x88 .\ARM_GCC_493\Debug\Simple_Oscope.a(cyPm.o)