Archive member included because of file (symbol)

.\ARM_GCC_493\Debug\Simple_Oscope.a(cyfitter_cfg.o)
                              .\ARM_GCC_493\Debug\Cm3Start.o (cyfitter_cfg)
.\ARM_GCC_493\Debug\Simple_Oscope.a(CyBootAsmGnu.o)
                              .\ARM_GCC_493\Debug\Simple_Oscope.a(cyfitter_cfg.o) (CyDelayCycles)
.\ARM_GCC_493\Debug\Simple_Oscope.a(CyDmac.o)
                              .\ARM_GCC_493\Debug\Cm3Start.o (CyDmacConfigure)
.\ARM_GCC_493\Debug\Simple_Oscope.a(CyLib.o)
                              .\ARM_GCC_493\Debug\Cm3Start.o (CyResetStatus)
.\ARM_GCC_493\Debug\Simple_Oscope.a(cyPm.o)
                              .\ARM_GCC_493\Debug\Simple_Oscope.a(CyLib.o) (CyPmReadStatus)
.\ARM_GCC_493\Debug\Simple_Oscope.a(UART_RX.o)
                              .\ARM_GCC_493\Debug\main.o (UART_RX_StartEx)
.\ARM_GCC_493\Debug\Simple_Oscope.a(UART.o)
                              .\ARM_GCC_493\Debug\main.o (UART_Start)
.\ARM_GCC_493\Debug\Simple_Oscope.a(UART_IntClock.o)
                              .\ARM_GCC_493\Debug\Simple_Oscope.a(UART.o) (UART_IntClock_Start)
.\ARM_GCC_493\Debug\Simple_Oscope.a(ADC.o)
                              .\ARM_GCC_493\Debug\main.o (ADC_Start)
.\ARM_GCC_493\Debug\Simple_Oscope.a(ADC_INT.o)
                              .\ARM_GCC_493\Debug\Simple_Oscope.a(ADC.o) (ADC_ISR)
.\ARM_GCC_493\Debug\Simple_Oscope.a(ADC_theACLK.o)
                              .\ARM_GCC_493\Debug\Simple_Oscope.a(ADC.o) (ADC_theACLK_SetModeRegister)
.\ARM_GCC_493\Debug\Simple_Oscope.a(ADC_Clock.o)
                              .\ARM_GCC_493\Debug\main.o (ADC_Clock_SetDividerRegister)
.\ARM_GCC_493\Debug\Simple_Oscope.a(TIMER_DMA.o)
                              .\ARM_GCC_493\Debug\main.o (TIMER_DMA_Init)
.\ARM_GCC_493\Debug\Simple_Oscope.a(DMA_ENABLE.o)
                              .\ARM_GCC_493\Debug\main.o (DMA_ENABLE_StartEx)
.\ARM_GCC_493\Debug\Simple_Oscope.a(DMA_FRAME_READY.o)
                              .\ARM_GCC_493\Debug\main.o (DMA_FRAME_READY_StartEx)
.\ARM_GCC_493\Debug\Simple_Oscope.a(DAC_1.o)
                              .\ARM_GCC_493\Debug\main.o (DAC_1_Wave1Setup)
.\ARM_GCC_493\Debug\Simple_Oscope.a(DAC_1_DacClk.o)
                              .\ARM_GCC_493\Debug\Simple_Oscope.a(DAC_1.o) (DAC_1_DacClk_Start)
.\ARM_GCC_493\Debug\Simple_Oscope.a(DAC_1_Wave1_DMA_dma.o)
                              .\ARM_GCC_493\Debug\Simple_Oscope.a(DAC_1.o) (DAC_1_Wave1_DMA_DmaInitialize)
.\ARM_GCC_493\Debug\Simple_Oscope.a(DAC_1_Wave2_DMA_dma.o)
                              .\ARM_GCC_493\Debug\Simple_Oscope.a(DAC_1.o) (DAC_1_Wave2_DMA_DmaInitialize)
.\ARM_GCC_493\Debug\Simple_Oscope.a(DAC_1_VDAC8.o)
                              .\ARM_GCC_493\Debug\Simple_Oscope.a(DAC_1.o) (DAC_1_VDAC8_Init)
.\ARM_GCC_493\Debug\Simple_Oscope.a(DMA_1_dma.o)
                              .\ARM_GCC_493\Debug\main.o (DMA_1_DmaInitialize)
.\ARM_GCC_493\Debug\Simple_Oscope.a(CyFlash.o)
                              .\ARM_GCC_493\Debug\Simple_Oscope.a(cyPm.o) (CyFlash_SetWaitCycles)
.\ARM_GCC_493\Debug\Simple_Oscope.a(CySpc.o)
                              .\ARM_GCC_493\Debug\Simple_Oscope.a(CyFlash.o) (CySpcStart)
c:/program files (x86)/cypress/psoc creator/3.3/psoc creator/import/gnu/arm/4.9.3/bin/../lib/gcc/arm-none-eabi/4.9.3/../../../../arm-none-eabi/lib/armv7-m\libm.a(lib_a-s_floor.o)
                              .\ARM_GCC_493\Debug\main.o (floor)
c:/program files (x86)/cypress/psoc creator/3.3/psoc creator/import/gnu/arm/4.9.3/bin/../lib/gcc/arm-none-eabi/4.9.3/armv7-m\libgcc.a(_arm_addsubdf3.o)
                              c:/program files (x86)/cypress/psoc creator/3.3/psoc creator/import/gnu/arm/4.9.3/bin/../lib/gcc/arm-none-eabi/4.9.3/../../../../arm-none-eabi/lib/armv7-m\libm.a(lib_a-s_floor.o) (__aeabi_dadd)
c:/program files (x86)/cypress/psoc creator/3.3/psoc creator/import/gnu/arm/4.9.3/bin/../lib/gcc/arm-none-eabi/4.9.3/armv7-m\libgcc.a(_arm_muldivdf3.o)
                              .\ARM_GCC_493\Debug\main.o (__aeabi_dmul)
c:/program files (x86)/cypress/psoc creator/3.3/psoc creator/import/gnu/arm/4.9.3/bin/../lib/gcc/arm-none-eabi/4.9.3/armv7-m\libgcc.a(_arm_cmpdf2.o)
                              c:/program files (x86)/cypress/psoc creator/3.3/psoc creator/import/gnu/arm/4.9.3/bin/../lib/gcc/arm-none-eabi/4.9.3/../../../../arm-none-eabi/lib/armv7-m\libm.a(lib_a-s_floor.o) (__aeabi_dcmpgt)
c:/program files (x86)/cypress/psoc creator/3.3/psoc creator/import/gnu/arm/4.9.3/bin/../lib/gcc/arm-none-eabi/4.9.3/armv7-m\libgcc.a(_arm_fixdfsi.o)
                              .\ARM_GCC_493\Debug\main.o (__aeabi_d2iz)
c:/program files (x86)/cypress/psoc creator/3.3/psoc creator/import/gnu/arm/4.9.3/bin/../lib/gcc/arm-none-eabi/4.9.3/armv7-m\libgcc.a(_arm_truncdfsf2.o)
                              .\ARM_GCC_493\Debug\main.o (__aeabi_d2f)
c:/program files (x86)/cypress/psoc creator/3.3/psoc creator/import/gnu/arm/4.9.3/bin/../lib/gcc/arm-none-eabi/4.9.3/armv7-m\libgcc.a(_arm_addsubsf3.o)
[...]
Memory Configuration

Name             Origin             Length             Attributes
rom              0x00000000         0x00040000         xr
ram              0x1fff8000         0x00010000         xrw
*default*        0x00000000         0xffffffff

Linker script and memory map

LOAD c:/program files (x86)/cypress/psoc creator/3.3/psoc creator/import/gnu/arm/4.9.3/bin/../lib/gcc/arm-none-eabi/4.9.3/armv7-m/crti.o
LOAD c:/program files (x86)/cypress/psoc creator/3.3/psoc creator/import/gnu/arm/4.9.3/bin/../lib/gcc/arm-none-eabi/4.9.3/armv7-m/crtbegin.o
LOAD c:/program files (x86)/cypress/psoc creator/3.3/psoc creator/import/gnu/arm/4.9.3/bin/../lib/gcc/arm-none-eabi/4.9.3/../../../../arm-none-eabi/lib/armv7-m/crt0.o
START GROUP
LOAD .\ARM_GCC_493\Debug\main.o
LOAD .\ARM_GCC_493\Debug\cymetadata.o
LOAD .\ARM_GCC_493\Debug\Cm3Start.o
LOAD .\ARM_GCC_493\Debug\Simple_Oscope.a
LOAD C:\Program Files (x86)\Cypress\PSoC Creator\3.3\PSoC Creator\psoc\content\cycomponentlibrary\CyComponentLibrary.cylib\CortexM3\ARM_GCC_493\Debug\CyComponentLibrary.a
LOAD c:/program files (x86)/cypress/psoc creator/3.3/psoc creator/import/gnu/arm/4.9.3/bin/../lib/gcc/arm-none-eabi/4.9.3/../../../../arm-none-eabi/lib/armv7-m\libm.a
END GROUP
START GROUP
LOAD c:/program files (x86)/cypress/psoc creator/3.3/psoc creator/import/gnu/arm/4.9.3/bin/../lib/gcc/arm-none-eabi/4.9.3/armv7-m\libgcc.a
LOAD c:/program files (x86)/cypress/psoc creator/3.3/psoc creator/import/gnu/arm/4.9.3/bin/../lib/gcc/arm-none-eabi/4.9.3/../../../../arm-none-eabi/lib/armv7-m\libg_nano.a
LOAD c:/program files (x86)/cypress/psoc creator/3.3/psoc creator/import/gnu/arm/4.9.3/bin/../lib/gcc/arm-none-eabi/4.9.3/../../../../arm-none-eabi/lib/armv7-m\libc_nano.a
END GROUP
START GROUP
LOAD c:/program files (x86)/cypress/psoc creator/3.3/psoc creator/import/gnu/arm/4.9.3/bin/../lib/gcc/arm-none-eabi/4.9.3/armv7-m\libgcc.a
LOAD c:/program files (x86)/cypress/psoc creator/3.3/psoc creator/import/gnu/arm/4.9.3/bin/../lib/gcc/arm-none-eabi/4.9.3/../../../../arm-none-eabi/lib/armv7-m\libc_nano.a
END GROUP
LOAD c:/program files (x86)/cypress/psoc creator/3.3/psoc creator/import/gnu/arm/4.9.3/bin/../lib/gcc/arm-none-eabi/4.9.3/armv7-m/crtend.o
LOAD c:/program files (x86)/cypress/psoc creator/3.3/psoc creator/import/gnu/arm/4.9.3/bin/../lib/gcc/arm-none-eabi/4.9.3/armv7-m/crtn.o
START GROUP
LOAD c:/program files (x86)/cypress/psoc creator/3.3/psoc creator/import/gnu/arm/4.9.3/bin/../lib/gcc/arm-none-eabi/4.9.3/armv7-m\libgcc.a
LOAD c:/program files (x86)/cypress/psoc creator/3.3/psoc creator/import/gnu/arm/4.9.3/bin/../lib/gcc/arm-none-eabi/4.9.3/../../../../arm-none-eabi/lib/armv7-m\libc.a
LOAD c:/program files (x86)/cypress/psoc creator/3.3/psoc creator/import/gnu/arm/4.9.3/bin/../lib/gcc/arm-none-eabi/4.9.3/../../../../arm-none-eabi/lib/armv7-m\libnosys.a
END GROUP
                0x00000000                CY_APPL_ORIGIN = 0x0
                0x00000100                CY_FLASH_ROW_SIZE = 0x100
                0x00000020                CY_ECC_ROW_SIZE = 0x20
                0x00000000                CY_EE_IN_BTLDR = 0x0
                0x00000000                CY_APPL_LOADABLE = 0x0
                0x00000800                CY_EE_SIZE = 0x800
                0x00000001                CY_APPL_NUM = 0x1
                0x00000001                CY_APPL_MAX = 0x1
                0x00000040                CY_METADATA_SIZE = 0x40
                0x00000000                CY_APPL_LOADABLE = 0x0
                0x00000000                CY_CHECKSUM_EXCLUDE_SIZE = ALIGN (0x0, CY_FLASH_ROW_SIZE)
                0x1fff8288                PROVIDE (__cy_heap_start, _end)
                0x00000001                PROVIDE (__cy_region_num, ((__cy_regions_end - __cy_regions) / 0x10))
                0x20008000                PROVIDE (__cy_stack, (ORIGIN (ram) + 0x10000))
                0x20007800                PROVIDE (__cy_heap_end, (__cy_stack - 0x800))

.cybootloader   0x00000000        0x0
 *(.cybootloader)
                0x00000000                appl1_start = CY_APPL_ORIGIN?CY_APPL_ORIGIN:ALIGN (CY_FLASH_ROW_SIZE)
                0x0001ff00                appl2_start = (appl1_start + ALIGN ((((0x40000 - appl1_start) - (0x2 * CY_FLASH_ROW_SIZE)) / 0x2), CY_FLASH_ROW_SIZE))
                0x00000000                appl_start = (CY_APPL_NUM == 0x1)?appl1_start:appl2_start
                0x00000000                ecc_offset = ((appl_start / CY_FLASH_ROW_SIZE) * CY_ECC_ROW_SIZE)
                0x00000000                ee_offset = (CY_APPL_LOADABLE && ! (CY_EE_IN_BTLDR))?((CY_EE_SIZE / CY_APPL_MAX) * (CY_APPL_NUM - 0x1)):0x0
                0x00000800                ee_size = (CY_APPL_LOADABLE && ! (CY_EE_IN_BTLDR))?(CY_EE_SIZE / CY_APPL_MAX):CY_EE_SIZE
                0x00000000                PROVIDE (CY_ECC_OFFSET, ecc_offset)

.text           0x00000000     0x4a00
 CREATE_OBJECT_SYMBOLS
                0x00000000                PROVIDE (__cy_interrupt_vector, RomVectors)
 *(.romvectors)
 .romvectors    0x00000000       0x10 .\ARM_GCC_493\Debug\Cm3Start.o
                0x00000000                RomVectors
                0x00000001                ASSERT ((. != __cy_interrupt_vector), No interrupt vector)
                0x00000001                ASSERT (CY_APPL_ORIGIN?(SIZEOF (.cybootloader) <= CY_APPL_ORIGIN):0x1, Wrong image location)
                0x00000010                PROVIDE (__cy_reset, Reset)
 *(.text.Reset)
 .text.Reset    0x00000010       0x18 .\ARM_GCC_493\Debug\Cm3Start.o
                0x00000010                Reset
                0x00000001                ASSERT ((. != __cy_reset), No reset code)
 *(.dma_init)
                0x00000001                ASSERT ((((appl_start + .) <= 0x10000) || 0x1), DMA Init must be within the first 64k of flash)
 *(.text .text.* .gnu.linkonce.t.*)
 .text          0x00000028       0x5c c:/program files (x86)/cypress/psoc creator/3.3/psoc creator/import/gnu/arm/4.9.3/bin/../lib/gcc/arm-none-eabi/4.9.3/armv7-m/crtbegin.o
 .text.main     0x00000084      0x108 .\ARM_GCC_493\Debug\main.o
                0x00000084                main
 .text.parseCommand
                0x0000018c      0x3d4 .\ARM_GCC_493\Debug\main.o
                0x0000018c                parseCommand
 .text.regenerateWave
                0x00000560      0x238 .\ARM_GCC_493\Debug\main.o
                0x00000560                regenerateWave
 .text.changeDuty
                0x00000798      0x1ac .\ARM_GCC_493\Debug\main.o
                0x00000798                changeDuty
 .text.startADC
                0x00000944       0x30 .\ARM_GCC_493\Debug\main.o
                0x00000944                startADC
 .text.stopADC  0x00000974       0x50 .\ARM_GCC_493\Debug\main.o
                0x00000974                stopADC
 .text.startDAC
                0x000009c4       0x1c .\ARM_GCC_493\Debug\main.o
                0x000009c4                startDAC
 .text.stopDAC  0x000009e0       0x1c .\ARM_GCC_493\Debug\main.o
                0x000009e0                stopDAC
 .text.changeSPS
                0x000009fc       0x98 .\ARM_GCC_493\Debug\main.o
                0x000009fc                changeSPS
 .text.changeRes
                0x00000a94       0x78 .\ARM_GCC_493\Debug\main.o
                0x00000a94                changeRes
 .text.adcFrameResize
                0x00000b0c       0x1c .\ARM_GCC_493\Debug\main.o
                0x00000b0c                adcFrameResize
 .text.UART_RX_INTER
                0x00000b28       0x94 .\ARM_GCC_493\Debug\main.o
                0x00000b28                UART_RX_INTER
 .text.TIMER_DMA_INTER
                0x00000bbc       0x48 .\ARM_GCC_493\Debug\main.o
                0x00000bbc                TIMER_DMA_INTER
 .text.DMA_FRAME_INTER
                0x00000c04       0x18 .\ARM_GCC_493\Debug\main.o
                0x00000c04                DMA_FRAME_INTER
 .text.DMA_ADC_MEM_Config
                0x00000c1c       0x84 .\ARM_GCC_493\Debug\main.o
                0x00000c1c                DMA_ADC_MEM_Config
 .text.DMA_ADC_MEM_Destruct
                0x00000ca0       0x14 .\ARM_GCC_493\Debug\main.o
                0x00000ca0                DMA_ADC_MEM_Destruct
 .text.IntDefaultHandler
                0x00000cb4        0x8 .\ARM_GCC_493\Debug\Cm3Start.o
                0x00000cb4                IntDefaultHandler
 .text._sbrk    0x00000cbc       0x50 .\ARM_GCC_493\Debug\Cm3Start.o
                0x00000cbc                _sbrk
 .text.Start_c  0x00000d0c       0x98 .\ARM_GCC_493\Debug\Cm3Start.o
                0x00000d0c                Start_c
 .text.initialize_psoc
                0x00000da4       0x90 .\ARM_GCC_493\Debug\Cm3Start.o
                0x00000da4                initialize_psoc
 .text.CYMEMZERO
                0x00000e34       0x1c .\ARM_GCC_493\Debug\Simple_Oscope.a(cyfitter_cfg.o)
 .text.CYCONFIGCPY
                0x00000e50       0x1c .\ARM_GCC_493\Debug\Simple_Oscope.a(cyfitter_cfg.o)
 .text.cfg_write_bytes32
                0x00000e6c       0x74 .\ARM_GCC_493\Debug\Simple_Oscope.a(cyfitter_cfg.o)
 .text.ClockSetup
                0x00000ee0      0x178 .\ARM_GCC_493\Debug\Simple_Oscope.a(cyfitter_cfg.o)
 .text.AnalogSetDefault
                0x00001058       0xb8 .\ARM_GCC_493\Debug\Simple_Oscope.a(cyfitter_cfg.o)
 .text.cyfitter_cfg
                0x00001110      0x168 .\ARM_GCC_493\Debug\Simple_Oscope.a(cyfitter_cfg.o)
                0x00001110                cyfitter_cfg
 .text          0x00001278       0x58 .\ARM_GCC_493\Debug\Simple_Oscope.a(CyBootAsmGnu.o)
                0x00001278                CyDelayCycles
                0x000012b6                CyEnterCriticalSection
                0x000012be                CyExitCriticalSection
 .text.CyDmacConfigure
                0x000012d0       0x5c .\ARM_GCC_493\Debug\Simple_Oscope.a(CyDmac.o)
                0x000012d0                CyDmacConfigure
 .text.CyDmaChEnable
                0x0000132c       0x8c .\ARM_GCC_493\Debug\Simple_Oscope.a(CyDmac.o)
                0x0000132c                CyDmaChEnable
 .text.CyDmaChDisable
                0x000013b8       0x64 .\ARM_GCC_493\Debug\Simple_Oscope.a(CyDmac.o)
                0x000013b8                CyDmaChDisable
 .text.CyDmaChPriority
                0x0000141c       0x60 .\ARM_GCC_493\Debug\Simple_Oscope.a(CyDmac.o)
                0x0000141c                CyDmaChPriority
 .text.CyDmaChSetExtendedAddress
                0x0000147c       0x7c .\ARM_GCC_493\Debug\Simple_Oscope.a(CyDmac.o)
                0x0000147c                CyDmaChSetExtendedAddress
 .text.CyDmaChSetInitialTd
                0x000014f8       0x3c .\ARM_GCC_493\Debug\Simple_Oscope.a(CyDmac.o)
                0x000014f8                CyDmaChSetInitialTd
 .text.CyDmaChStatus
                0x00001534       0x60 .\ARM_GCC_493\Debug\Simple_Oscope.a(CyDmac.o)
                0x00001534                CyDmaChStatus
 .text.CyDmaChSetConfiguration
                0x00001594       0xa0 .\ARM_GCC_493\Debug\Simple_Oscope.a(CyDmac.o)
                0x00001594                CyDmaChSetConfiguration
 .text.CyDmaTdAllocate
                0x00001634       0x5c .\ARM_GCC_493\Debug\Simple_Oscope.a(CyDmac.o)
                0x00001634                CyDmaTdAllocate
 .text.CyDmaTdFree
                0x00001690       0x54 .\ARM_GCC_493\Debug\Simple_Oscope.a(CyDmac.o)
                0x00001690                CyDmaTdFree
 .text.CyDmaTdSetConfiguration
                0x000016e4       0x80 .\ARM_GCC_493\Debug\Simple_Oscope.a(CyDmac.o)
                0x000016e4                CyDmaTdSetConfiguration
 .text.CyDmaTdSetAddress
                0x00001764       0x5c .\ARM_GCC_493\Debug\Simple_Oscope.a(CyDmac.o)
                0x00001764                CyDmaTdSetAddress
 .text.CyHalt   0x000017c0       0x18 .\ARM_GCC_493\Debug\Simple_Oscope.a(CyLib.o)
                0x000017c0                CyHalt
 .text.CySoftwareReset
                0x000017d8       0x20 .\ARM_GCC_493\Debug\Simple_Oscope.a(CyLib.o)
                0x000017d8                CySoftwareReset
 .text.CyDelayUs
                0x000017f8       0x24 .\ARM_GCC_493\Debug\Simple_Oscope.a(CyLib.o)
                0x000017f8                CyDelayUs
 .text.CyIntSetVector
                0x0000181c       0x50 .\ARM_GCC_493\Debug\Simple_Oscope.a(CyLib.o)
                0x0000181c                CyIntSetVector
 .text.CyIntSetPriority
                0x0000186c       0x44 .\ARM_GCC_493\Debug\Simple_Oscope.a(CyLib.o)
                0x0000186c                CyIntSetPriority
 .text.UART_RX_StartEx
                0x000018b0       0x24 .\ARM_GCC_493\Debug\Simple_Oscope.a(UART_RX.o)
                0x000018b0                UART_RX_StartEx
 .text.UART_RX_SetVector
                0x000018d4       0x24 .\ARM_GCC_493\Debug\Simple_Oscope.a(UART_RX.o)
                0x000018d4                UART_RX_SetVector
 .text.UART_RX_SetPriority
                0x000018f8       0x24 .\ARM_GCC_493\Debug\Simple_Oscope.a(UART_RX.o)
                0x000018f8                UART_RX_SetPriority
 .text.UART_RX_Enable
                0x0000191c       0x18 .\ARM_GCC_493\Debug\Simple_Oscope.a(UART_RX.o)
                0x0000191c                UART_RX_Enable
 .text.UART_RX_Disable
                0x00001934       0x18 .\ARM_GCC_493\Debug\Simple_Oscope.a(UART_RX.o)
                0x00001934                UART_RX_Disable
 .text.UART_Start
                0x0000194c       0x20 .\ARM_GCC_493\Debug\Simple_Oscope.a(UART.o)
                0x0000194c                UART_Start
 .text.UART_Init
                0x0000196c       0x40 .\ARM_GCC_493\Debug\Simple_Oscope.a(UART.o)
                0x0000196c                UART_Init
 .text.UART_Enable
                0x000019ac       0x5c .\ARM_GCC_493\Debug\Simple_Oscope.a(UART.o)
                0x000019ac                UART_Enable
 .text.UART_ReadRxStatus
                0x00001a08       0x24 .\ARM_GCC_493\Debug\Simple_Oscope.a(UART.o)
                0x00001a08                UART_ReadRxStatus
 .text.UART_GetChar
                0x00001a2c       0x44 .\ARM_GCC_493\Debug\Simple_Oscope.a(UART.o)
                0x00001a2c                UART_GetChar
 .text.UART_GetRxBufferSize
                0x00001a70       0x30 .\ARM_GCC_493\Debug\Simple_Oscope.a(UART.o)
                0x00001a70                UART_GetRxBufferSize
 .text.UART_PutChar
                0x00001aa0       0x34 .\ARM_GCC_493\Debug\Simple_Oscope.a(UART.o)
                0x00001aa0                UART_PutChar
 .text.UART_PutString
                0x00001ad4       0x40 .\ARM_GCC_493\Debug\Simple_Oscope.a(UART.o)
                0x00001ad4                UART_PutString
 .text.UART_IntClock_Start
                0x00001b14       0x34 .\ARM_GCC_493\Debug\Simple_Oscope.a(UART_IntClock.o)
                0x00001b14                UART_IntClock_Start
 .text.ADC_Start
                0x00001b48       0x20 .\ARM_GCC_493\Debug\Simple_Oscope.a(ADC.o)
                0x00001b48                ADC_Start
 .text.ADC_Init
                0x00001b68       0x44 .\ARM_GCC_493\Debug\Simple_Oscope.a(ADC.o)
                0x00001b68                ADC_Init
 .text.ADC_Enable
                0x00001bac       0xf4 .\ARM_GCC_493\Debug\Simple_Oscope.a(ADC.o)
                0x00001bac                ADC_Enable
 .text.ADC_Stop
                0x00001ca0       0x80 .\ARM_GCC_493\Debug\Simple_Oscope.a(ADC.o)
                0x00001ca0                ADC_Stop
 .text.ADC_SetResolution
                0x00001d20       0x50 .\ARM_GCC_493\Debug\Simple_Oscope.a(ADC.o)
                0x00001d20                ADC_SetResolution
 .text.ADC_StartConvert
                0x00001d70       0x20 .\ARM_GCC_493\Debug\Simple_Oscope.a(ADC.o)
                0x00001d70                ADC_StartConvert
 .text.ADC_CalcGain
                0x00001d90       0x7c .\ARM_GCC_493\Debug\Simple_Oscope.a(ADC.o)
 .text.ADC_ISR  0x00001e0c        0xc .\ARM_GCC_493\Debug\Simple_Oscope.a(ADC_INT.o)
                0x00001e0c                ADC_ISR
 .text.ADC_theACLK_SetModeRegister
                0x00001e18       0x34 .\ARM_GCC_493\Debug\Simple_Oscope.a(ADC_theACLK.o)
                0x00001e18                ADC_theACLK_SetModeRegister
 .text.ADC_Clock_SetDividerRegister
                0x00001e4c      0x160 .\ARM_GCC_493\Debug\Simple_Oscope.a(ADC_Clock.o)
                0x00001e4c                ADC_Clock_SetDividerRegister
 .text.ADC_Clock_GetDividerRegister
                0x00001fac       0x18 .\ARM_GCC_493\Debug\Simple_Oscope.a(ADC_Clock.o)
                0x00001fac                ADC_Clock_GetDividerRegister
 .text.ADC_Clock_GetSourceRegister
                0x00001fc4       0x20 .\ARM_GCC_493\Debug\Simple_Oscope.a(ADC_Clock.o)
                0x00001fc4                ADC_Clock_GetSourceRegister
 .text.TIMER_DMA_Init
                0x00001fe4       0x4c .\ARM_GCC_493\Debug\Simple_Oscope.a(TIMER_DMA.o)
                0x00001fe4                TIMER_DMA_Init
 .text.TIMER_DMA_Enable
                0x00002030       0x20 .\ARM_GCC_493\Debug\Simple_Oscope.a(TIMER_DMA.o)
                0x00002030                TIMER_DMA_Enable
 .text.TIMER_DMA_Start
                0x00002050       0x20 .\ARM_GCC_493\Debug\Simple_Oscope.a(TIMER_DMA.o)
                0x00002050                TIMER_DMA_Start
 .text.TIMER_DMA_Stop
                0x00002070       0x20 .\ARM_GCC_493\Debug\Simple_Oscope.a(TIMER_DMA.o)
                0x00002070                TIMER_DMA_Stop
 .text.TIMER_DMA_SetInterruptMode
                0x00002090       0x20 .\ARM_GCC_493\Debug\Simple_Oscope.a(TIMER_DMA.o)
                0x00002090                TIMER_DMA_SetInterruptMode
 .text.TIMER_DMA_ReadStatusRegister
                0x000020b0       0x18 .\ARM_GCC_493\Debug\Simple_Oscope.a(TIMER_DMA.o)
                0x000020b0                TIMER_DMA_ReadStatusRegister
 .text.TIMER_DMA_WritePeriod
                0x000020c8       0x1c .\ARM_GCC_493\Debug\Simple_Oscope.a(TIMER_DMA.o)
                0x000020c8                TIMER_DMA_WritePeriod
 .text.TIMER_DMA_ReadCapture
                0x000020e4       0x18 .\ARM_GCC_493\Debug\Simple_Oscope.a(TIMER_DMA.o)
                0x000020e4                TIMER_DMA_ReadCapture
 .text.TIMER_DMA_WriteCounter
                0x000020fc       0x1c .\ARM_GCC_493\Debug\Simple_Oscope.a(TIMER_DMA.o)
                0x000020fc                TIMER_DMA_WriteCounter
 .text.TIMER_DMA_ClearFIFO
                0x00002118       0x1c .\ARM_GCC_493\Debug\Simple_Oscope.a(TIMER_DMA.o)
                0x00002118                TIMER_DMA_ClearFIFO
 .text.DMA_ENABLE_StartEx
                0x00002134       0x24 .\ARM_GCC_493\Debug\Simple_Oscope.a(DMA_ENABLE.o)
                0x00002134                DMA_ENABLE_StartEx
 .text.DMA_ENABLE_SetVector
                0x00002158       0x24 .\ARM_GCC_493\Debug\Simple_Oscope.a(DMA_ENABLE.o)
                0x00002158                DMA_ENABLE_SetVector
 .text.DMA_ENABLE_SetPriority
                0x0000217c       0x24 .\ARM_GCC_493\Debug\Simple_Oscope.a(DMA_ENABLE.o)
                0x0000217c                DMA_ENABLE_SetPriority
 .text.DMA_ENABLE_Enable
                0x000021a0       0x18 .\ARM_GCC_493\Debug\Simple_Oscope.a(DMA_ENABLE.o)
                0x000021a0                DMA_ENABLE_Enable
 .text.DMA_ENABLE_Disable
                0x000021b8       0x18 .\ARM_GCC_493\Debug\Simple_Oscope.a(DMA_ENABLE.o)
                0x000021b8                DMA_ENABLE_Disable
 .text.DMA_FRAME_READY_StartEx
                0x000021d0       0x24 .\ARM_GCC_493\Debug\Simple_Oscope.a(DMA_FRAME_READY.o)
                0x000021d0                DMA_FRAME_READY_StartEx
 .text.DMA_FRAME_READY_SetVector
                0x000021f4       0x24 .\ARM_GCC_493\Debug\Simple_Oscope.a(DMA_FRAME_READY.o)
                0x000021f4                DMA_FRAME_READY_SetVector
 .text.DMA_FRAME_READY_SetPriority
                0x00002218       0x24 .\ARM_GCC_493\Debug\Simple_Oscope.a(DMA_FRAME_READY.o)
                0x00002218                DMA_FRAME_READY_SetPriority
 .text.DMA_FRAME_READY_Enable
                0x0000223c       0x18 .\ARM_GCC_493\Debug\Simple_Oscope.a(DMA_FRAME_READY.o)
                0x0000223c                DMA_FRAME_READY_Enable
 .text.DMA_FRAME_READY_Disable
                0x00002254       0x18 .\ARM_GCC_493\Debug\Simple_Oscope.a(DMA_FRAME_READY.o)
                0x00002254                DMA_FRAME_READY_Disable
 .text.DAC_1_Init
                0x0000226c       0x50 .\ARM_GCC_493\Debug\Simple_Oscope.a(DAC_1.o)
                0x0000226c                DAC_1_Init
 .text.DAC_1_Enable
                0x000022bc       0x34 .\ARM_GCC_493\Debug\Simple_Oscope.a(DAC_1.o)
                0x000022bc                DAC_1_Enable
 .text.DAC_1_Start
                0x000022f0       0x20 .\ARM_GCC_493\Debug\Simple_Oscope.a(DAC_1.o)
                0x000022f0                DAC_1_Start
 .text.DAC_1_Stop
                0x00002310       0x2c .\ARM_GCC_493\Debug\Simple_Oscope.a(DAC_1.o)
                0x00002310                DAC_1_Stop
 .text.DAC_1_Wave1Setup
                0x0000233c       0x70 .\ARM_GCC_493\Debug\Simple_Oscope.a(DAC_1.o)
                0x0000233c                DAC_1_Wave1Setup
 .text.DAC_1_Wave2Setup
                0x000023ac       0x70 .\ARM_GCC_493\Debug\Simple_Oscope.a(DAC_1.o)
                0x000023ac                DAC_1_Wave2Setup
 .text.DAC_1_DacClk_Start
                0x0000241c       0x34 .\ARM_GCC_493\Debug\Simple_Oscope.a(DAC_1_DacClk.o)
                0x0000241c                DAC_1_DacClk_Start
 .text.DAC_1_DacClk_Stop
                0x00002450       0x34 .\ARM_GCC_493\Debug\Simple_Oscope.a(DAC_1_DacClk.o)
                0x00002450                DAC_1_DacClk_Stop
 .text.DAC_1_Wave1_DMA_DmaInitialize
                0x00002484       0x68 .\ARM_GCC_493\Debug\Simple_Oscope.a(DAC_1_Wave1_DMA_dma.o)
                0x00002484                DAC_1_Wave1_DMA_DmaInitialize
 .text.DAC_1_Wave2_DMA_DmaInitialize
                0x000024ec       0x68 .\ARM_GCC_493\Debug\Simple_Oscope.a(DAC_1_Wave2_DMA_dma.o)
                0x000024ec                DAC_1_Wave2_DMA_DmaInitialize
 .text.DAC_1_VDAC8_Init
                0x00002554       0x3c .\ARM_GCC_493\Debug\Simple_Oscope.a(DAC_1_VDAC8.o)
                0x00002554                DAC_1_VDAC8_Init
 .text.DAC_1_VDAC8_Enable
                0x00002590       0x34 .\ARM_GCC_493\Debug\Simple_Oscope.a(DAC_1_VDAC8.o)
                0x00002590                DAC_1_VDAC8_Enable
 .text.DAC_1_VDAC8_Stop
                0x000025c4       0x34 .\ARM_GCC_493\Debug\Simple_Oscope.a(DAC_1_VDAC8.o)
                0x000025c4                DAC_1_VDAC8_Stop
 .text.DAC_1_VDAC8_SetSpeed
                0x000025f8       0x40 .\ARM_GCC_493\Debug\Simple_Oscope.a(DAC_1_VDAC8.o)
                0x000025f8                DAC_1_VDAC8_SetSpeed
 .text.DAC_1_VDAC8_SetRange
                0x00002638       0x40 .\ARM_GCC_493\Debug\Simple_Oscope.a(DAC_1_VDAC8.o)
                0x00002638                DAC_1_VDAC8_SetRange
 .text.DAC_1_VDAC8_SetValue
                0x00002678       0x20 .\ARM_GCC_493\Debug\Simple_Oscope.a(DAC_1_VDAC8.o)
                0x00002678                DAC_1_VDAC8_SetValue
 .text.DAC_1_VDAC8_DacTrim
                0x00002698       0x3c .\ARM_GCC_493\Debug\Simple_Oscope.a(DAC_1_VDAC8.o)
                0x00002698                DAC_1_VDAC8_DacTrim
 .text.DMA_1_DmaInitialize
                0x000026d4       0x68 .\ARM_GCC_493\Debug\Simple_Oscope.a(DMA_1_dma.o)
                0x000026d4                DMA_1_DmaInitialize
 *fill*         0x0000273c        0x4 
 .text.floor    0x00002740      0x118 c:/program files (x86)/cypress/psoc creator/3.3/psoc creator/import/gnu/arm/4.9.3/bin/../lib/gcc/arm-none-eabi/4.9.3/../../../../arm-none-eabi/lib/armv7-m\libm.a(lib_a-s_floor.o)
                0x00002740                floor
 .text          0x00002858      0x370 c:/program files (x86)/cypress/psoc creator/3.3/psoc creator/import/gnu/arm/4.9.3/bin/../lib/gcc/arm-none-eabi/4.9.3/armv7-m\libgcc.a(_arm_addsubdf3.o)
                0x00002858                __aeabi_drsub
                0x00002860                __aeabi_dsub
                0x00002860                __subdf3
                0x00002864                __aeabi_dadd
                0x00002864                __adddf3
                0x00002adc                __floatunsidf
                0x00002adc                __aeabi_ui2d
                0x00002afc                __floatsidf
                0x00002afc                __aeabi_i2d
                0x00002b20                __aeabi_f2d
                0x00002b20                __extendsfdf2
                0x00002b5c                __floatundidf
                0x00002b5c                __aeabi_ul2d
                0x00002b6c                __floatdidf
                0x00002b6c                __aeabi_l2d
 .text          0x00002bc8      0x424 c:/program files (x86)/cypress/psoc creator/3.3/psoc creator/import/gnu/arm/4.9.3/bin/../lib/gcc/arm-none-eabi/4.9.3/armv7-m\libgcc.a(_arm_muldivdf3.o)
                0x00002bc8                __aeabi_dmul
                0x00002bc8                __muldf3
                0x00002e1c                __divdf3
                0x00002e1c                __aeabi_ddiv
 .text          0x00002fec      0x110 c:/program files (x86)/cypress/psoc creator/3.3/psoc creator/import/gnu/arm/4.9.3/bin/../lib/gcc/arm-none-eabi/4.9.3/armv7-m\libgcc.a(_arm_cmpdf2.o)
                0x00002fec                __gtdf2
                0x00002fec                __gedf2
                0x00002ff4                __ltdf2
                0x00002ff4                __ledf2
                0x00002ffc                __nedf2
                0x00002ffc                __eqdf2
                0x00002ffc                __cmpdf2
                0x00003078                __aeabi_cdrcmple
                0x00003088                __aeabi_cdcmpeq
                0x00003088                __aeabi_cdcmple
                0x00003098                __aeabi_dcmpeq
                0x000030ac                __aeabi_dcmplt
                0x000030c0                __aeabi_dcmple
                0x000030d4                __aeabi_dcmpge
                0x000030e8                __aeabi_dcmpgt
 .text          0x000030fc       0x50 c:/program files (x86)/cypress/psoc creator/3.3/psoc creator/import/gnu/arm/4.9.3/bin/../lib/gcc/arm-none-eabi/4.9.3/armv7-m\libgcc.a(_arm_fixdfsi.o)
                0x000030fc                __aeabi_d2iz
                0x000030fc                __fixdfsi
 .text          0x0000314c       0xa0 c:/program files (x86)/cypress/psoc creator/3.3/psoc creator/import/gnu/arm/4.9.3/bin/../lib/gcc/arm-none-eabi/4.9.3/armv7-m\libgcc.a(_arm_truncdfsf2.o)
                0x0000314c                __truncdfsf2
                0x0000314c                __aeabi_d2f
 .text          0x000031ec      0x21c c:/program files (x86)/cypress/psoc creator/3.3/psoc creator/import/gnu/arm/4.9.3/bin/../lib/gcc/arm-none-eabi/4.9.3/armv7-m\libgcc.a(_arm_addsubsf3.o)
                0x000031ec                __aeabi_frsub
                0x000031f4                __subsf3
                0x000031f4                __aeabi_fsub
                0x000031f8                __aeabi_fadd
                0x000031f8                __addsf3
                0x00003358                __aeabi_ui2f
                0x00003358                __floatunsisf
                0x00003360                __aeabi_i2f
                0x00003360                __floatsisf
                0x0000337c                __aeabi_ul2f
                0x0000337c                __floatundisf
                0x0000338c                __aeabi_l2f
                0x0000338c                __floatdisf
 .text          0x00003408      0x2a0 c:/program files (x86)/cypress/psoc creator/3.3/psoc creator/import/gnu/arm/4.9.3/bin/../lib/gcc/arm-none-eabi/4.9.3/armv7-m\libgcc.a(_arm_muldivsf3.o)
                0x00003408                __mulsf3
                0x00003408                __aeabi_fmul
                0x00003570                __aeabi_fdiv
                0x00003570                __divsf3
 .text          0x000036a8       0xec c:/program files (x86)/cypress/psoc creator/3.3/psoc creator/import/gnu/arm/4.9.3/bin/../lib/gcc/arm-none-eabi/4.9.3/armv7-m\libgcc.a(_arm_cmpsf2.o)
                0x000036a8                __gesf2
                0x000036a8                __gtsf2
                0x000036b0                __lesf2
                0x000036b0                __ltsf2
                0x000036b8                __nesf2
                0x000036b8                __eqsf2
                0x000036b8                __cmpsf2
                0x00003718                __aeabi_cfrcmple
                0x00003720                __aeabi_cfcmpeq
                0x00003720                __aeabi_cfcmple
                0x00003730                __aeabi_fcmpeq
                0x00003744                __aeabi_fcmplt
                0x00003758                __aeabi_fcmple
                0x0000376c                __aeabi_fcmpge
                0x00003780                __aeabi_fcmpgt
 .text.calloc   0x00003794       0x14 c:/program files (x86)/cypress/psoc creator/3.3/psoc creator/import/gnu/arm/4.9.3/bin/../lib/gcc/arm-none-eabi/4.9.3/../../../../arm-none-eabi/lib/armv7-m\libg_nano.a(lib_a-calloc.o)
                0x00003794                calloc
 .text.__errno  0x000037a8        0xc c:/program files (x86)/cypress/psoc creator/3.3/psoc creator/import/gnu/arm/4.9.3/bin/../lib/gcc/arm-none-eabi/4.9.3/../../../../arm-none-eabi/lib/armv7-m\libg_nano.a(lib_a-errno.o)
                0x000037a8                __errno
 .text.__libc_init_array
                0x000037b4       0x4c c:/program files (x86)/cypress/psoc creator/3.3/psoc creator/import/gnu/arm/4.9.3/bin/../lib/gcc/arm-none-eabi/4.9.3/../../../../arm-none-eabi/lib/armv7-m\libg_nano.a(lib_a-init.o)
                0x000037b4                __libc_init_array
 .text.free     0x00003800       0x10 c:/program files (x86)/cypress/psoc creator/3.3/psoc creator/import/gnu/arm/4.9.3/bin/../lib/gcc/arm-none-eabi/4.9.3/../../../../arm-none-eabi/lib/armv7-m\libg_nano.a(lib_a-malloc.o)
                0x00003800                free
 .text.memcpy   0x00003810       0x16 c:/program files (x86)/cypress/psoc creator/3.3/psoc creator/import/gnu/arm/4.9.3/bin/../lib/gcc/arm-none-eabi/4.9.3/../../../../arm-none-eabi/lib/armv7-m\libg_nano.a(lib_a-memcpy.o)
                0x00003810                memcpy
 .text.memset   0x00003826       0x10 c:/program files (x86)/cypress/psoc creator/3.3/psoc creator/import/gnu/arm/4.9.3/bin/../lib/gcc/arm-none-eabi/4.9.3/../../../../arm-none-eabi/lib/armv7-m\libg_nano.a(lib_a-memset.o)
                0x00003826                memset
 .text._calloc_r
                0x00003836       0x1c c:/program files (x86)/cypress/psoc creator/3.3/psoc creator/import/gnu/arm/4.9.3/bin/../lib/gcc/arm-none-eabi/4.9.3/../../../../arm-none-eabi/lib/armv7-m\libg_nano.a(lib_a-nano-callocr.o)
                0x00003836                _calloc_r
 *fill*         0x00003852        0x2 
 .text._free_r  0x00003854       0x88 c:/program files (x86)/cypress/psoc creator/3.3/psoc creator/import/gnu/arm/4.9.3/bin/../lib/gcc/arm-none-eabi/4.9.3/../../../../arm-none-eabi/lib/armv7-m\libg_nano.a(lib_a-nano-freer.o)
                0x00003854                _free_r
 .text._malloc_r
                0x000038dc       0xac c:/program files (x86)/cypress/psoc creator/3.3/psoc creator/import/gnu/arm/4.9.3/bin/../lib/gcc/arm-none-eabi/4.9.3/../../../../arm-none-eabi/lib/armv7-m\libg_nano.a(lib_a-nano-mallocr.o)
                0x000038dc                _malloc_r
 .text._sbrk_r  0x00003988       0x20 c:/program files (x86)/cypress/psoc creator/3.3/psoc creator/import/gnu/arm/4.9.3/bin/../lib/gcc/arm-none-eabi/4.9.3/../../../../arm-none-eabi/lib/armv7-m\libg_nano.a(lib_a-sbrkr.o)
                0x00003988                _sbrk_r
 .text.sprintf  0x000039a8       0x48 c:/program files (x86)/cypress/psoc creator/3.3/psoc creator/import/gnu/arm/4.9.3/bin/../lib/gcc/arm-none-eabi/4.9.3/../../../../arm-none-eabi/lib/armv7-m\libg_nano.a(lib_a-sprintf.o)
                0x000039a8                siprintf
                0x000039a8                sprintf
 .text.sscanf   0x000039f0       0x54 c:/program files (x86)/cypress/psoc creator/3.3/psoc creator/import/gnu/arm/4.9.3/bin/../lib/gcc/arm-none-eabi/4.9.3/../../../../arm-none-eabi/lib/armv7-m\libg_nano.a(lib_a-sscanf.o)
                0x000039f0                siscanf
                0x000039f0                sscanf
 .text.__seofread
                0x00003a44        0x4 c:/program files (x86)/cypress/psoc creator/3.3/psoc creator/import/gnu/arm/4.9.3/bin/../lib/gcc/arm-none-eabi/4.9.3/../../../../arm-none-eabi/lib/armv7-m\libg_nano.a(lib_a-stdio.o)
                0x00003a44                __seofread
 .text          0x00003a48       0x14 c:/program files (x86)/cypress/psoc creator/3.3/psoc creator/import/gnu/arm/4.9.3/bin/../lib/gcc/arm-none-eabi/4.9.3/../../../../arm-none-eabi/lib/armv7-m\libg_nano.a(lib_a-strcmp.o)
                0x00003a48                strcmp
 .text.strlen   0x00003a5c       0x10 c:/program files (x86)/cypress/psoc creator/3.3/psoc creator/import/gnu/arm/4.9.3/bin/../lib/gcc/arm-none-eabi/4.9.3/../../../../arm-none-eabi/lib/armv7-m\libg_nano.a(lib_a-strlen.o)
                0x00003a5c                strlen
 .text.strncpy  0x00003a6c       0x24 c:/program files (x86)/cypress/psoc creator/3.3/psoc creator/import/gnu/arm/4.9.3/bin/../lib/gcc/arm-none-eabi/4.9.3/../../../../arm-none-eabi/lib/armv7-m\libg_nano.a(lib_a-strncpy.o)
                0x00003a6c                strncpy
 .text.strpbrk  0x00003a90       0x30 c:/program files (x86)/cypress/psoc creator/3.3/psoc creator/import/gnu/arm/4.9.3/bin/../lib/gcc/arm-none-eabi/4.9.3/../../../../arm-none-eabi/lib/armv7-m\libg_nano.a(lib_a-strpbrk.o)
                0x00003a90                strpbrk
 .text.__ssputs_r
                0x00003ac0       0xb2 c:/program files (x86)/cypress/psoc creator/3.3/psoc creator/import/gnu/arm/4.9.3/bin/../lib/gcc/arm-none-eabi/4.9.3/../../../../arm-none-eabi/lib/armv7-m\libg_nano.a(lib_a-nano-svfprintf.o)
                0x00003ac0                __ssputs_r
 *fill*         0x00003b72        0x2 
 .text._svfprintf_r
                0x00003b74      0x1e4 c:/program files (x86)/cypress/psoc creator/3.3/psoc creator/import/gnu/arm/4.9.3/bin/../lib/gcc/arm-none-eabi/4.9.3/../../../../arm-none-eabi/lib/armv7-m\libg_nano.a(lib_a-nano-svfprintf.o)
                0x00003b74                _svfiprintf_r
                0x00003b74                _svfprintf_r
 .text._sungetc_r
                0x00003d58       0x7a c:/program files (x86)/cypress/psoc creator/3.3/psoc creator/import/gnu/arm/4.9.3/bin/../lib/gcc/arm-none-eabi/4.9.3/../../../../arm-none-eabi/lib/armv7-m\libg_nano.a(lib_a-nano-svfscanf.o)
                0x00003d58                _sungetc_r
 .text.__ssrefill_r
                0x00003dd2       0x3a c:/program files (x86)/cypress/psoc creator/3.3/psoc creator/import/gnu/arm/4.9.3/bin/../lib/gcc/arm-none-eabi/4.9.3/../../../../arm-none-eabi/lib/armv7-m\libg_nano.a(lib_a-nano-svfscanf.o)
                0x00003dd2                __ssrefill_r
 .text.__ssvfscanf_r
                0x00003e0c      0x29c c:/program files (x86)/cypress/psoc creator/3.3/psoc creator/import/gnu/arm/4.9.3/bin/../lib/gcc/arm-none-eabi/4.9.3/../../../../arm-none-eabi/lib/armv7-m\libg_nano.a(lib_a-nano-svfscanf.o)
                0x00003e0c                __ssvfiscanf_r
                0x00003e0c                __ssvfscanf_r
 .text._printf_common
                0x000040a8       0xea c:/program files (x86)/cypress/psoc creator/3.3/psoc creator/import/gnu/arm/4.9.3/bin/../lib/gcc/arm-none-eabi/4.9.3/../../../../arm-none-eabi/lib/armv7-m\libg_nano.a(lib_a-nano-vfprintf_i.o)
                0x000040a8                _printf_common
 *fill*         0x00004192        0x2 
 .text._printf_i
                0x00004194      0x240 c:/program files (x86)/cypress/psoc creator/3.3/psoc creator/import/gnu/arm/4.9.3/bin/../lib/gcc/arm-none-eabi/4.9.3/../../../../arm-none-eabi/lib/armv7-m\libg_nano.a(lib_a-nano-vfprintf_i.o)
                0x00004194                _printf_i
 .text._scanf_chars
                0x000043d4       0xbc c:/program files (x86)/cypress/psoc creator/3.3/psoc creator/import/gnu/arm/4.9.3/bin/../lib/gcc/arm-none-eabi/4.9.3/../../../../arm-none-eabi/lib/armv7-m\libg_nano.a(lib_a-nano-vfscanf_i.o)
                0x000043d4                _scanf_chars
 .text._scanf_i
                0x00004490      0x1e4 c:/program files (x86)/cypress/psoc creator/3.3/psoc creator/import/gnu/arm/4.9.3/bin/../lib/gcc/arm-none-eabi/4.9.3/../../../../arm-none-eabi/lib/armv7-m\libg_nano.a(lib_a-nano-vfscanf_i.o)
                0x00004490                _scanf_i
 .text.__sccl   0x00004674       0x62 c:/program files (x86)/cypress/psoc creator/3.3/psoc creator/import/gnu/arm/4.9.3/bin/../lib/gcc/arm-none-eabi/4.9.3/../../../../arm-none-eabi/lib/armv7-m\libg_nano.a(lib_a-sccl.o)
                0x00004674                __sccl
 *fill*         0x000046d6        0x2 
 .text._strtol_r
                0x000046d8      0x10c c:/program files (x86)/cypress/psoc creator/3.3/psoc creator/import/gnu/arm/4.9.3/bin/../lib/gcc/arm-none-eabi/4.9.3/../../../../arm-none-eabi/lib/armv7-m\libg_nano.a(lib_a-strtol.o)
                0x000046d8                _strtol_r
 .text._strtoul_r
                0x000047e4       0xf8 c:/program files (x86)/cypress/psoc creator/3.3/psoc creator/import/gnu/arm/4.9.3/bin/../lib/gcc/arm-none-eabi/4.9.3/../../../../arm-none-eabi/lib/armv7-m\libg_nano.a(lib_a-strtoul.o)
                0x000047e4                _strtoul_r
 .text.__submore
                0x000048dc       0x72 c:/program files (x86)/cypress/psoc creator/3.3/psoc creator/import/gnu/arm/4.9.3/bin/../lib/gcc/arm-none-eabi/4.9.3/../../../../arm-none-eabi/lib/armv7-m\libg_nano.a(lib_a-ungetc.o)
                0x000048dc                __submore
 .text.memchr   0x0000494e       0x1c c:/program files (x86)/cypress/psoc creator/3.3/psoc creator/import/gnu/arm/4.9.3/bin/../lib/gcc/arm-none-eabi/4.9.3/../../../../arm-none-eabi/lib/armv7-m\libg_nano.a(lib_a-memchr.o)
                0x0000494e                memchr
 .text.memmove  0x0000496a       0x36 c:/program files (x86)/cypress/psoc creator/3.3/psoc creator/import/gnu/arm/4.9.3/bin/../lib/gcc/arm-none-eabi/4.9.3/../../../../arm-none-eabi/lib/armv7-m\libg_nano.a(lib_a-memmove.o)
                0x0000496a                memmove
 .text._realloc_r
                0x000049a0       0x4c c:/program files (x86)/cypress/psoc creator/3.3/psoc creator/import/gnu/arm/4.9.3/bin/../lib/gcc/arm-none-eabi/4.9.3/../../../../arm-none-eabi/lib/armv7-m\libg_nano.a(lib_a-nano-reallocr.o)
                0x000049a0                _realloc_r
 .text._malloc_usable_size_r
                0x000049ec       0x14 c:/program files (x86)/cypress/psoc creator/3.3/psoc creator/import/gnu/arm/4.9.3/bin/../lib/gcc/arm-none-eabi/4.9.3/../../../../arm-none-eabi/lib/armv7-m\libg_nano.a(lib_a-nano-msizer.o)
                0x000049ec                _malloc_usable_size_r
 *(.plt)
 *(.gnu.warning)
 *(.glue_7t)
 .glue_7t       0x00000000        0x0 linker stubs
 *(.glue_7)
 .glue_7        0x00000000        0x0 linker stubs
 *(.vfp11_veneer)
 .vfp11_veneer  0x00000000        0x0 linker stubs
 *(.bootloader)
 *(.ARM.extab* .gnu.linkonce.armextab.*)
 *(.gcc_except_table)

.v4_bx          0x00004a00        0x0
 .v4_bx         0x00000000        0x0 linker stubs

.iplt           0x00004a00        0x0
 .iplt          0x00000000        0x0 c:/program files (x86)/cypress/psoc creator/3.3/psoc creator/import/gnu/arm/4.9.3/bin/../lib/gcc/arm-none-eabi/4.9.3/armv7-m/crtbegin.o

.eh_frame_hdr
 *(.eh_frame_hdr)

.eh_frame       0x00004a00       0x2c
 *(.eh_frame)
 .eh_frame      0x00004a00        0x0 c:/program files (x86)/cypress/psoc creator/3.3/psoc creator/import/gnu/arm/4.9.3/bin/../lib/gcc/arm-none-eabi/4.9.3/armv7-m/crtbegin.o
 .eh_frame      0x00004a00       0x28 c:/program files (x86)/cypress/psoc creator/3.3/psoc creator/import/gnu/arm/4.9.3/bin/../lib/gcc/arm-none-eabi/4.9.3/../../../../arm-none-eabi/lib/armv7-m\libg_nano.a(lib_a-strcmp.o)
 .eh_frame      0x00004a28        0x4 c:/program files (x86)/cypress/psoc creator/3.3/psoc creator/import/gnu/arm/4.9.3/bin/../lib/gcc/arm-none-eabi/4.9.3/armv7-m/crtend.o
                0x00004a2c                PROVIDE (__exidx_start, .)

.ARM.exidx
 *(.ARM.exidx* .gnu.linkonce.armexidx.*)
                0x00004a2c                __exidx_end = .

.rodata         0x00004a2c     0x435c
 *(.rodata .rodata.* .gnu.linkonce.r.*)
 .rodata        0x00004a2c     0x3edc .\ARM_GCC_493\Debug\main.o
                0x00004a2c                sine
                0x000059cc                triangle
                0x0000696c                sawtooth
                0x0000790c                square
 .rodata        0x00008908       0x30 .\ARM_GCC_493\Debug\Simple_Oscope.a(cyfitter_cfg.o)
 .rodata        0x00008938      0x258 .\ARM_GCC_493\Debug\Simple_Oscope.a(DAC_1.o)
                0x00008938                DAC_1_wave1
                0x0000899c                DAC_1_wave2
 .rodata.str1.1
                0x00008b90        0x2 c:/program files (x86)/cypress/psoc creator/3.3/psoc creator/import/gnu/arm/4.9.3/bin/../lib/gcc/arm-none-eabi/4.9.3/../../../../arm-none-eabi/lib/armv7-m\libg_nano.a(lib_a-impure.o)
 .rodata.str1.1
                0x00008b92       0x11 c:/program files (x86)/cypress/psoc creator/3.3/psoc creator/import/gnu/arm/4.9.3/bin/../lib/gcc/arm-none-eabi/4.9.3/../../../../arm-none-eabi/lib/armv7-m\libg_nano.a(lib_a-nano-svfprintf.o)
 .rodata.str1.1
                0x00000000        0x4 c:/program files (x86)/cypress/psoc creator/3.3/psoc creator/import/gnu/arm/4.9.3/bin/../lib/gcc/arm-none-eabi/4.9.3/../../../../arm-none-eabi/lib/armv7-m\libg_nano.a(lib_a-nano-svfscanf.o)
 .rodata.str1.1
                0x00008ba3       0x22 c:/program files (x86)/cypress/psoc creator/3.3/psoc creator/import/gnu/arm/4.9.3/bin/../lib/gcc/arm-none-eabi/4.9.3/../../../../arm-none-eabi/lib/armv7-m\libg_nano.a(lib_a-nano-vfprintf_i.o)
 *fill*         0x00008bc5        0x3 
 .rodata        0x00008bc8        0xc c:/program files (x86)/cypress/psoc creator/3.3/psoc creator/import/gnu/arm/4.9.3/bin/../lib/gcc/arm-none-eabi/4.9.3/../../../../arm-none-eabi/lib/armv7-m\libg_nano.a(lib_a-nano-vfscanf_i.o)
 .rodata.str1.1
                0x00008bd4       0x1b c:/program files (x86)/cypress/psoc creator/3.3/psoc creator/import/gnu/arm/4.9.3/bin/../lib/gcc/arm-none-eabi/4.9.3/../../../../arm-none-eabi/lib/armv7-m\libg_nano.a(lib_a-nano-vfscanf_i.o)
 .rodata._ctype_
                0x00008bef      0x101 c:/program files (x86)/cypress/psoc creator/3.3/psoc creator/import/gnu/arm/4.9.3/bin/../lib/gcc/arm-none-eabi/4.9.3/../../../../arm-none-eabi/lib/armv7-m\libg_nano.a(lib_a-ctype_.o)
                0x00008bef                _ctype_
 .rodata.__sf_fake_stdin
                0x00008cf0       0x20 c:/program files (x86)/cypress/psoc creator/3.3/psoc creator/import/gnu/arm/4.9.3/bin/../lib/gcc/arm-none-eabi/4.9.3/../../../../arm-none-eabi/lib/armv7-m\libg_nano.a(lib_a-findfp.o)
                0x00008cf0                __sf_fake_stdin
 .rodata.__sf_fake_stdout
                0x00008d10       0x20 c:/program files (x86)/cypress/psoc creator/3.3/psoc creator/import/gnu/arm/4.9.3/bin/../lib/gcc/arm-none-eabi/4.9.3/../../../../arm-none-eabi/lib/armv7-m\libg_nano.a(lib_a-findfp.o)
                0x00008d10                __sf_fake_stdout
 .rodata.__sf_fake_stderr
                0x00008d30       0x20 c:/program files (x86)/cypress/psoc creator/3.3/psoc creator/import/gnu/arm/4.9.3/bin/../lib/gcc/arm-none-eabi/4.9.3/../../../../arm-none-eabi/lib/armv7-m\libg_nano.a(lib_a-findfp.o)
                0x00008d30                __sf_fake_stderr
                0x00008d50                . = ALIGN (0x4)
 *(.init)
 .init          0x00008d50        0x4 c:/program files (x86)/cypress/psoc creator/3.3/psoc creator/import/gnu/arm/4.9.3/bin/../lib/gcc/arm-none-eabi/4.9.3/armv7-m/crti.o
                0x00008d50                _init
 .init          0x00008d54        0x8 c:/program files (x86)/cypress/psoc creator/3.3/psoc creator/import/gnu/arm/4.9.3/bin/../lib/gcc/arm-none-eabi/4.9.3/armv7-m/crtn.o
                0x00008d5c                . = ALIGN (0x4)
                0x00008d5c                __preinit_array_start = .
 *(.preinit_array)
                0x00008d5c                __preinit_array_end = .
                0x00008d5c                . = ALIGN (0x4)
                0x00008d5c                __init_array_start = .
 *(SORT(.init_array.*))
 *(.init_array)
 .init_array    0x00008d5c        0x4 c:/program files (x86)/cypress/psoc creator/3.3/psoc creator/import/gnu/arm/4.9.3/bin/../lib/gcc/arm-none-eabi/4.9.3/armv7-m/crtbegin.o
 .init_array    0x00008d60        0x4 .\ARM_GCC_493\Debug\Cm3Start.o
                0x00008d64                __init_array_end = .
                0x00008d64                . = ALIGN (0x4)
 *(.fini)
 .fini          0x00008d64        0x4 c:/program files (x86)/cypress/psoc creator/3.3/psoc creator/import/gnu/arm/4.9.3/bin/../lib/gcc/arm-none-eabi/4.9.3/armv7-m/crti.o
                0x00008d64                _fini
 .fini          0x00008d68        0x8 c:/program files (x86)/cypress/psoc creator/3.3/psoc creator/import/gnu/arm/4.9.3/bin/../lib/gcc/arm-none-eabi/4.9.3/armv7-m/crtn.o
                0x00008d70                . = ALIGN (0x4)
                0x00008d70                __fini_array_start = .
 *(.fini_array)
 .fini_array    0x00008d70        0x4 c:/program files (x86)/cypress/psoc creator/3.3/psoc creator/import/gnu/arm/4.9.3/bin/../lib/gcc/arm-none-eabi/4.9.3/armv7-m/crtbegin.o
 *(SORT(.fini_array.*))
                0x00008d74                __fini_array_end = .
                0x00008d74                . = ALIGN (0x4)
 *crtbegin.o(.ctors)
 *(EXCLUDE_FILE(*crtend.o) .ctors)
 *(SORT(.ctors.*))
 *crtend.o(.ctors)
                0x00008d74                . = ALIGN (0x4)
 *crtbegin.o(.dtors)
 *(EXCLUDE_FILE(*crtend.o) .dtors)
 *(SORT(.dtors.*))
 *crtend.o(.dtors)
                0x00008d74                . = ALIGN (0x4)
                0x00008d74                __cy_regions = .
                0x00008d74        0x4 LONG 0x8d88 __cy_region_init_ram
                0x00008d78        0x4 LONG 0x1fff8108 __cy_region_start_data
                0x00008d7c        0x4 LONG 0xf0 __cy_region_init_size_ram
                0x00008d80        0x4 LONG 0x90 __cy_region_zero_size_ram
                0x00008d84                __cy_regions_end = .
                0x00008d88                . = ALIGN (0x8)
 *fill*         0x00008d84        0x4 
                0x00008d88                _etext = .

.cy_checksum_exclude
                0x00008d88        0x0
 *(.cy_checksum_exclude)

.ramvectors     0x1fff8000      0x100
                0x1fff8000                __cy_region_start_ram = .
 *(.ramvectors)
 .ramvectors    0x1fff8000      0x100 .\ARM_GCC_493\Debug\Cm3Start.o
                0x1fff8000                CyRamVectors

.noinit         0x1fff8100        0x5
 *(.noinit)
 .noinit        0x1fff8100        0x4 .\ARM_GCC_493\Debug\Cm3Start.o
 .noinit        0x1fff8104        0x1 .\ARM_GCC_493\Debug\Simple_Oscope.a(CyLib.o)
                0x1fff8104                CyResetStatus

.data           0x1fff8108       0xf0 load address 0x00008d88
                0x1fff8108                __cy_region_start_data = .
 *(.jcr)
 .jcr           0x1fff8108        0x0 c:/program files (x86)/cypress/psoc creator/3.3/psoc creator/import/gnu/arm/4.9.3/bin/../lib/gcc/arm-none-eabi/4.9.3/armv7-m/crtbegin.o
 .jcr           0x1fff8108        0x4 c:/program files (x86)/cypress/psoc creator/3.3/psoc creator/import/gnu/arm/4.9.3/bin/../lib/gcc/arm-none-eabi/4.9.3/armv7-m/crtend.o
 *(.got.plt)
 *(.got)
 *(.shdata)
 *(.data .data.* .gnu.linkonce.d.*)
 .data          0x1fff810c       0x64 .\ARM_GCC_493\Debug\main.o
                0x1fff810c                adcRez
                0x1fff8110                adcSPS
                0x1fff8114                adcFPS
                0x1fff8118                adcFrameSize
                0x1fff811c                adcSPSValues
                0x1fff8134                adcDiv8Bit
                0x1fff813c                adcCount8Bit
                0x1fff8148                dacFreq
                0x1fff814c                dacVPP
                0x1fff8150                dacOffset
                0x1fff8154                dacWave
                0x1fff8158                dacDuty
                0x1fff815c                sample_size
                0x1fff815e                ws
                0x1fff8160                sample_rate
                0x1fff8164                wavetype
                0x1fff8168                lowerLimit
                0x1fff816c                upperLimit
 .data          0x1fff8170        0x4 .\ARM_GCC_493\Debug\Cm3Start.o
 .data          0x1fff8174        0x8 .\ARM_GCC_493\Debug\Simple_Oscope.a(CyDmac.o)
 .data          0x1fff817c       0x10 .\ARM_GCC_493\Debug\Simple_Oscope.a(CyLib.o)
                0x1fff817c                cydelay_freq_hz
                0x1fff8180                cydelay_freq_khz
                0x1fff8184                cydelay_freq_mhz
                0x1fff8188                cydelay_32k_ms
 .data          0x1fff818c        0x1 .\ARM_GCC_493\Debug\Simple_Oscope.a(DAC_1_Wave1_DMA_dma.o)
                0x1fff818c                DAC_1_Wave1_DMA_DmaHandle
 .data          0x1fff818d        0x1 .\ARM_GCC_493\Debug\Simple_Oscope.a(DAC_1_Wave2_DMA_dma.o)
                0x1fff818d                DAC_1_Wave2_DMA_DmaHandle
 .data          0x1fff818e        0x1 .\ARM_GCC_493\Debug\Simple_Oscope.a(DMA_1_dma.o)
                0x1fff818e                DMA_1_DmaHandle
 *fill*         0x1fff818f        0x1 
 .data.impure_data
                0x1fff8190       0x60 c:/program files (x86)/cypress/psoc creator/3.3/psoc creator/import/gnu/arm/4.9.3/bin/../lib/gcc/arm-none-eabi/4.9.3/../../../../arm-none-eabi/lib/armv7-m\libg_nano.a(lib_a-impure.o)
 .data._impure_ptr
                0x1fff81f0        0x4 c:/program files (x86)/cypress/psoc creator/3.3/psoc creator/import/gnu/arm/4.9.3/bin/../lib/gcc/arm-none-eabi/4.9.3/../../../../arm-none-eabi/lib/armv7-m\libg_nano.a(lib_a-impure.o)
                0x1fff81f0                _impure_ptr
 .data.__ctype_ptr__
                0x1fff81f4        0x4 c:/program files (x86)/cypress/psoc creator/3.3/psoc creator/import/gnu/arm/4.9.3/bin/../lib/gcc/arm-none-eabi/4.9.3/../../../../arm-none-eabi/lib/armv7-m\libg_nano.a(lib_a-ctype_.o)
                0x1fff81f4                __ctype_ptr__
                0x1fff81f8                . = ALIGN (0x8)
 *(.ram)
                0x1fff81f8                _edata = .

.igot.plt       0x1fff81f8        0x0 load address 0x00008e78
 .igot.plt      0x00000000        0x0 c:/program files (x86)/cypress/psoc creator/3.3/psoc creator/import/gnu/arm/4.9.3/bin/../lib/gcc/arm-none-eabi/4.9.3/armv7-m/crtbegin.o

.bss            0x1fff81f8       0x90 load address 0x00008e78
                0x1fff81f8                PROVIDE (__bss_start__, .)
 *(.shbss)
 *(.bss .bss.* .gnu.linkonce.b.*)
 .bss           0x1fff81f8       0x1c c:/program files (x86)/cypress/psoc creator/3.3/psoc creator/import/gnu/arm/4.9.3/bin/../lib/gcc/arm-none-eabi/4.9.3/armv7-m/crtbegin.o
 .bss           0x1fff8214        0x7 .\ARM_GCC_493\Debug\main.o
                0x1fff8214                initialized
                0x1fff8215                rxBufLen
                0x1fff8216                commandReady
                0x1fff8217                adcOn
                0x1fff8218                adcFrameReady
                0x1fff8219                dacOn
                0x1fff821a                ms
 .bss           0x1fff821b        0x2 .\ARM_GCC_493\Debug\Simple_Oscope.a(UART.o)
                0x1fff821b                UART_initVar
 .bss           0x1fff821d        0x1 .\ARM_GCC_493\Debug\Simple_Oscope.a(ADC.o)
                0x1fff821d                ADC_initVar
 .bss           0x1fff821e        0x1 .\ARM_GCC_493\Debug\Simple_Oscope.a(TIMER_DMA.o)
                0x1fff821e                TIMER_DMA_initVar
 .bss           0x1fff821f        0x5 .\ARM_GCC_493\Debug\Simple_Oscope.a(DAC_1.o)
                0x1fff821f                DAC_1_initVar
 .bss.__malloc_sbrk_start
                0x1fff8224        0x4 c:/program files (x86)/cypress/psoc creator/3.3/psoc creator/import/gnu/arm/4.9.3/bin/../lib/gcc/arm-none-eabi/4.9.3/../../../../arm-none-eabi/lib/armv7-m\libg_nano.a(lib_a-nano-mallocr.o)
                0x1fff8224                __malloc_sbrk_start
 .bss.__malloc_free_list
                0x1fff8228        0x4 c:/program files (x86)/cypress/psoc creator/3.3/psoc creator/import/gnu/arm/4.9.3/bin/../lib/gcc/arm-none-eabi/4.9.3/../../../../arm-none-eabi/lib/armv7-m\libg_nano.a(lib_a-nano-mallocr.o)
                0x1fff8228                __malloc_free_list
 *(COMMON)
 COMMON         0x1fff822c       0x4c .\ARM_GCC_493\Debug\main.o
                0x1fff822c                DMA_1_TD
                0x1fff8230                command
                0x1fff8250                rxBuffer
                0x1fff8270                DMA_1_Chan
                0x1fff8274                adcFrame
 COMMON         0x1fff8278        0xa .\ARM_GCC_493\Debug\Simple_Oscope.a(ADC.o)
                0x1fff8278                ADC_countsPer10Volt
                0x1fff827c                ADC_shift
                0x1fff827e                ADC_countsPerVolt
                0x1fff8280                ADC_offset
 *fill*         0x1fff8282        0x2 
 COMMON         0x1fff8284        0x4 c:/program files (x86)/cypress/psoc creator/3.3/psoc creator/import/gnu/arm/4.9.3/bin/../lib/gcc/arm-none-eabi/4.9.3/../../../../arm-none-eabi/lib/armv7-m\libg_nano.a(lib_a-reent.o)
                0x1fff8284                errno
                0x1fff8288                . = ALIGN (0x8)
 *(.ram.b)
                0x1fff8288                _end = .
                0x1fff8288                __end = .
                0x1fff8288                PROVIDE (end, .)
                0x1fff8288                PROVIDE (__bss_end__, .)
                0x00008d88                __cy_region_init_ram = LOADADDR (.data)
                0x000000f0                __cy_region_init_size_ram = (_edata - ADDR (.data))
                0x00000090                __cy_region_zero_size_ram = (_end - _edata)

.heap           0x1fff8288       0x80 load address 0x00008e78
                0x1fff8288                . = _end
                0x1fff8308                . = (. + 0x80)
 *fill*         0x1fff8288       0x80 
                0x1fff8308                __cy_heap_limit = .

.stack          0x20007800      0x800
                0x20007800                __cy_stack_limit = .
                0x20008000                . = (. + 0x800)
 *fill*         0x20007800      0x800 
                0x00000001                ASSERT ((__cy_stack_limit >= __cy_heap_limit), region RAM overflowed with stack)
                0x00000000                cy_checksum_exclude_size = (CY_APPL_LOADABLE == 0x1)?SIZEOF (.cy_checksum_exclude):0x0
                0x00000001                ASSERT ((cy_checksum_exclude_size <= CY_CHECKSUM_EXCLUDE_SIZE), CY_BOOT: Section .cy_checksum_exclude size exceedes specified limit.)

.cyloadermeta
 *(.cyloadermeta)

.cyloadablemeta
 *(.cyloadablemeta)

.cyconfigecc    0x80000000      0x5a8
 *(.cyconfigecc)
 .cyconfigecc   0x80000000      0x5a8 .\ARM_GCC_493\Debug\cymetadata.o
                0x80000000                cy_meta_configecc

.cycustnvl      0x90000000        0x4
 *(.cycustnvl)
 .cycustnvl     0x90000000        0x4 .\ARM_GCC_493\Debug\cymetadata.o
                0x90000000                cy_meta_custnvl

.cywolatch      0x90100000        0x4
 *(.cywolatch)
 .cywolatch     0x90100000        0x4 .\ARM_GCC_493\Debug\cymetadata.o
                0x90100000                cy_meta_wonvl

.cyeeprom       0x90200000        0x0
 *(.cyeeprom)
                0x00000001                ASSERT ((. <= ((0x90200000 + ee_offset) + ee_size)), .cyeeprom data will not fit in EEPROM)

.cyflashprotect
                0x90400000      0x100
 *(.cyflashprotect)
 .cyflashprotect
                0x90400000      0x100 .\ARM_GCC_493\Debug\cymetadata.o
                0x90400000                cy_meta_flashprotect

.cymeta         0x90500000        0xc
 *(.cymeta)
 .cymeta        0x90500000        0xc .\ARM_GCC_493\Debug\cymetadata.o
                0x90500000                cy_metadata

.rel.dyn        0x00008e78        0x0 load address 0x9050000c
 .rel.iplt      0x00000000        0x0 c:/program files (x86)/cypress/psoc creator/3.3/psoc creator/import/gnu/arm/4.9.3/bin/../lib/gcc/arm-none-eabi/4.9.3/armv7-m/crtbegin.o

.stab           0x00000000       0x6c
 *(.stab)
 .stab          0x00000000       0x24 c:/program files (x86)/cypress/psoc creator/3.3/psoc creator/import/gnu/arm/4.9.3/bin/../lib/gcc/arm-none-eabi/4.9.3/../../../../arm-none-eabi/lib/armv7-m\libnosys.a(close.o)
 .stab          0x00000024       0x18 c:/program files (x86)/cypress/psoc creator/3.3/psoc creator/import/gnu/arm/4.9.3/bin/../lib/gcc/arm-none-eabi/4.9.3/../../../../arm-none-eabi/lib/armv7-m\libnosys.a(lseek.o)
                                 0x24 (size before relaxing)
 .stab          0x0000003c       0x18 c:/program files (x86)/cypress/psoc creator/3.3/psoc creator/import/gnu/arm/4.9.3/bin/../lib/gcc/arm-none-eabi/4.9.3/../../../../arm-none-eabi/lib/armv7-m\libnosys.a(read.o)
                                 0x24 (size before relaxing)
 .stab          0x00000054       0x18 c:/program files (x86)/cypress/psoc creator/3.3/psoc creator/import/gnu/arm/4.9.3/bin/../lib/gcc/arm-none-eabi/4.9.3/../../../../arm-none-eabi/lib/armv7-m\libnosys.a(write.o)
                                 0x24 (size before relaxing)

.stabstr        0x00000000       0xdf
 *(.stabstr)
 .stabstr       0x00000000       0xdf c:/program files (x86)/cypress/psoc creator/3.3/psoc creator/import/gnu/arm/4.9.3/bin/../lib/gcc/arm-none-eabi/4.9.3/../../../../arm-none-eabi/lib/armv7-m\libnosys.a(close.o)

.debug
 *(.debug)

.line
 *(.line)

.debug_srcinfo
 *(.debug_srcinfo)

.debug_sfnames
 *(.debug_sfnames)

.debug_aranges  0x00000000      0xd18
 *(.debug_aranges)
 .debug_aranges
                0x00000000       0x98 .\ARM_GCC_493\Debug\main.o
 .debug_aranges
                0x00000098       0x18 .\ARM_GCC_493\Debug\cymetadata.o
 .debug_aranges
                0x000000b0       0x48 .\ARM_GCC_493\Debug\Cm3Start.o
 .debug_aranges
                0x000000f8       0x58 .\ARM_GCC_493\Debug\Simple_Oscope.a(cyfitter_cfg.o)
 .debug_aranges
                0x00000150       0x20 .\ARM_GCC_493\Debug\Simple_Oscope.a(CyBootAsmGnu.o)
 .debug_aranges
                0x00000170       0xd8 .\ARM_GCC_493\Debug\Simple_Oscope.a(CyDmac.o)
 .debug_aranges
                0x00000248      0x298 .\ARM_GCC_493\Debug\Simple_Oscope.a(CyLib.o)
 .debug_aranges
                0x000004e0       0x98 .\ARM_GCC_493\Debug\Simple_Oscope.a(cyPm.o)
 .debug_aranges
                0x00000578       0x80 .\ARM_GCC_493\Debug\Simple_Oscope.a(UART_RX.o)
 .debug_aranges
                0x000005f8       0xf0 .\ARM_GCC_493\Debug\Simple_Oscope.a(UART.o)
 .debug_aranges
                0x000006e8       0x70 .\ARM_GCC_493\Debug\Simple_Oscope.a(UART_IntClock.o)
 .debug_aranges
                0x00000758       0xa8 .\ARM_GCC_493\Debug\Simple_Oscope.a(ADC.o)
 .debug_aranges
                0x00000800       0x20 .\ARM_GCC_493\Debug\Simple_Oscope.a(ADC_INT.o)
 .debug_aranges
                0x00000820       0x70 .\ARM_GCC_493\Debug\Simple_Oscope.a(ADC_theACLK.o)
 .debug_aranges
                0x00000890       0x70 .\ARM_GCC_493\Debug\Simple_Oscope.a(ADC_Clock.o)
 .debug_aranges
                0x00000900       0x90 .\ARM_GCC_493\Debug\Simple_Oscope.a(TIMER_DMA.o)
 .debug_aranges
                0x00000990       0x80 .\ARM_GCC_493\Debug\Simple_Oscope.a(DMA_ENABLE.o)
 .debug_aranges
                0x00000a10       0x80 .\ARM_GCC_493\Debug\Simple_Oscope.a(DMA_FRAME_READY.o)
 .debug_aranges
                0x00000a90       0x50 .\ARM_GCC_493\Debug\Simple_Oscope.a(DAC_1.o)
 .debug_aranges
                0x00000ae0       0x70 .\ARM_GCC_493\Debug\Simple_Oscope.a(DAC_1_DacClk.o)
 .debug_aranges
                0x00000b50       0x28 .\ARM_GCC_493\Debug\Simple_Oscope.a(DAC_1_Wave1_DMA_dma.o)
 .debug_aranges
                0x00000b78       0x28 .\ARM_GCC_493\Debug\Simple_Oscope.a(DAC_1_Wave2_DMA_dma.o)
 .debug_aranges
                0x00000ba0       0x58 .\ARM_GCC_493\Debug\Simple_Oscope.a(DAC_1_VDAC8.o)
 .debug_aranges
                0x00000bf8       0x28 .\ARM_GCC_493\Debug\Simple_Oscope.a(DMA_1_dma.o)
 .debug_aranges
                0x00000c20       0x80 .\ARM_GCC_493\Debug\Simple_Oscope.a(CyFlash.o)
 .debug_aranges
                0x00000ca0       0x78 .\ARM_GCC_493\Debug\Simple_Oscope.a(CySpc.o)

.debug_pubnames
 *(.debug_pubnames)

.debug_info     0x00000000     0x5690
 *(.debug_info .gnu.linkonce.wi.*)
 .debug_info    0x00000000      0x6aa .\ARM_GCC_493\Debug\main.o
 .debug_info    0x000006aa      0x13b .\ARM_GCC_493\Debug\cymetadata.o
 .debug_info    0x000007e5      0x317 .\ARM_GCC_493\Debug\Cm3Start.o
 .debug_info    0x00000afc      0x38a .\ARM_GCC_493\Debug\Simple_Oscope.a(cyfitter_cfg.o)
 .debug_info    0x00000e86       0x98 .\ARM_GCC_493\Debug\Simple_Oscope.a(CyBootAsmGnu.o)
 .debug_info    0x00000f1e      0x8b1 .\ARM_GCC_493\Debug\Simple_Oscope.a(CyDmac.o)
 .debug_info    0x000017cf      0xe31 .\ARM_GCC_493\Debug\Simple_Oscope.a(CyLib.o)
 .debug_info    0x00002600      0x55f .\ARM_GCC_493\Debug\Simple_Oscope.a(cyPm.o)
 .debug_info    0x00002b5f      0x238 .\ARM_GCC_493\Debug\Simple_Oscope.a(UART_RX.o)
 .debug_info    0x00002d97      0x500 .\ARM_GCC_493\Debug\Simple_Oscope.a(UART.o)
 .debug_info    0x00003297      0x25b .\ARM_GCC_493\Debug\Simple_Oscope.a(UART_IntClock.o)
 .debug_info    0x000034f2      0x470 .\ARM_GCC_493\Debug\Simple_Oscope.a(ADC.o)
 .debug_info    0x00003962       0x92 .\ARM_GCC_493\Debug\Simple_Oscope.a(ADC_INT.o)
 .debug_info    0x000039f4      0x25b .\ARM_GCC_493\Debug\Simple_Oscope.a(ADC_theACLK.o)
 .debug_info    0x00003c4f      0x25b .\ARM_GCC_493\Debug\Simple_Oscope.a(ADC_Clock.o)
 .debug_info    0x00003eaa      0x252 .\ARM_GCC_493\Debug\Simple_Oscope.a(TIMER_DMA.o)
 .debug_info    0x000040fc      0x238 .\ARM_GCC_493\Debug\Simple_Oscope.a(DMA_ENABLE.o)
 .debug_info    0x00004334      0x238 .\ARM_GCC_493\Debug\Simple_Oscope.a(DMA_FRAME_READY.o)
 .debug_info    0x0000456c      0x24f .\ARM_GCC_493\Debug\Simple_Oscope.a(DAC_1.o)
 .debug_info    0x000047bb      0x25b .\ARM_GCC_493\Debug\Simple_Oscope.a(DAC_1_DacClk.o)
 .debug_info    0x00004a16      0x112 .\ARM_GCC_493\Debug\Simple_Oscope.a(DAC_1_Wave1_DMA_dma.o)
 .debug_info    0x00004b28      0x112 .\ARM_GCC_493\Debug\Simple_Oscope.a(DAC_1_Wave2_DMA_dma.o)
 .debug_info    0x00004c3a      0x184 .\ARM_GCC_493\Debug\Simple_Oscope.a(DAC_1_VDAC8.o)
 .debug_info    0x00004dbe      0x112 .\ARM_GCC_493\Debug\Simple_Oscope.a(DMA_1_dma.o)
 .debug_info    0x00004ed0      0x36a .\ARM_GCC_493\Debug\Simple_Oscope.a(CyFlash.o)
 .debug_info    0x0000523a      0x456 .\ARM_GCC_493\Debug\Simple_Oscope.a(CySpc.o)

.debug_abbrev   0x00000000     0x1e6f
 *(.debug_abbrev)
 .debug_abbrev  0x00000000      0x1ce .\ARM_GCC_493\Debug\main.o
 .debug_abbrev  0x000001ce       0x77 .\ARM_GCC_493\Debug\cymetadata.o
 .debug_abbrev  0x00000245      0x1b6 .\ARM_GCC_493\Debug\Cm3Start.o
 .debug_abbrev  0x000003fb      0x19d .\ARM_GCC_493\Debug\Simple_Oscope.a(cyfitter_cfg.o)
 .debug_abbrev  0x00000598       0x14 .\ARM_GCC_493\Debug\Simple_Oscope.a(CyBootAsmGnu.o)
 .debug_abbrev  0x000005ac      0x194 .\ARM_GCC_493\Debug\Simple_Oscope.a(CyDmac.o)
 .debug_abbrev  0x00000740      0x217 .\ARM_GCC_493\Debug\Simple_Oscope.a(CyLib.o)
 .debug_abbrev  0x00000957      0x16e .\ARM_GCC_493\Debug\Simple_Oscope.a(cyPm.o)
 .debug_abbrev  0x00000ac5      0x17f .\ARM_GCC_493\Debug\Simple_Oscope.a(UART_RX.o)
 .debug_abbrev  0x00000c44      0x170 .\ARM_GCC_493\Debug\Simple_Oscope.a(UART.o)
 .debug_abbrev  0x00000db4      0x12a .\ARM_GCC_493\Debug\Simple_Oscope.a(UART_IntClock.o)
 .debug_abbrev  0x00000ede      0x180 .\ARM_GCC_493\Debug\Simple_Oscope.a(ADC.o)
 .debug_abbrev  0x0000105e       0x42 .\ARM_GCC_493\Debug\Simple_Oscope.a(ADC_INT.o)
 .debug_abbrev  0x000010a0      0x12a .\ARM_GCC_493\Debug\Simple_Oscope.a(ADC_theACLK.o)
 .debug_abbrev  0x000011ca      0x12a .\ARM_GCC_493\Debug\Simple_Oscope.a(ADC_Clock.o)
 .debug_abbrev  0x000012f4      0x128 .\ARM_GCC_493\Debug\Simple_Oscope.a(TIMER_DMA.o)
 .debug_abbrev  0x0000141c      0x17f .\ARM_GCC_493\Debug\Simple_Oscope.a(DMA_ENABLE.o)
 .debug_abbrev  0x0000159b      0x17f .\ARM_GCC_493\Debug\Simple_Oscope.a(DMA_FRAME_READY.o)
 .debug_abbrev  0x0000171a       0xec .\ARM_GCC_493\Debug\Simple_Oscope.a(DAC_1.o)
 .debug_abbrev  0x00001806      0x12a .\ARM_GCC_493\Debug\Simple_Oscope.a(DAC_1_DacClk.o)
 .debug_abbrev  0x00001930       0x8b .\ARM_GCC_493\Debug\Simple_Oscope.a(DAC_1_Wave1_DMA_dma.o)
 .debug_abbrev  0x000019bb       0x8b .\ARM_GCC_493\Debug\Simple_Oscope.a(DAC_1_Wave2_DMA_dma.o)
 .debug_abbrev  0x00001a46       0xf8 .\ARM_GCC_493\Debug\Simple_Oscope.a(DAC_1_VDAC8.o)
 .debug_abbrev  0x00001b3e       0x8b .\ARM_GCC_493\Debug\Simple_Oscope.a(DMA_1_dma.o)
 .debug_abbrev  0x00001bc9      0x12d .\ARM_GCC_493\Debug\Simple_Oscope.a(CyFlash.o)
 .debug_abbrev  0x00001cf6      0x179 .\ARM_GCC_493\Debug\Simple_Oscope.a(CySpc.o)

.debug_line     0x00000000     0x31bb
 *(.debug_line)
 .debug_line    0x00000000      0x4ba .\ARM_GCC_493\Debug\main.o
 .debug_line    0x000004ba       0x53 .\ARM_GCC_493\Debug\cymetadata.o
 .debug_line    0x0000050d      0x1d5 .\ARM_GCC_493\Debug\Cm3Start.o
 .debug_line    0x000006e2      0x1f6 .\ARM_GCC_493\Debug\Simple_Oscope.a(cyfitter_cfg.o)
 .debug_line    0x000008d8       0x7f .\ARM_GCC_493\Debug\Simple_Oscope.a(CyBootAsmGnu.o)
 .debug_line    0x00000957      0x2b7 .\ARM_GCC_493\Debug\Simple_Oscope.a(CyDmac.o)
 .debug_line    0x00000c0e      0x872 .\ARM_GCC_493\Debug\Simple_Oscope.a(CyLib.o)
 .debug_line    0x00001480      0x381 .\ARM_GCC_493\Debug\Simple_Oscope.a(cyPm.o)
 .debug_line    0x00001801      0x16b .\ARM_GCC_493\Debug\Simple_Oscope.a(UART_RX.o)
 .debug_line    0x0000196c      0x2e4 .\ARM_GCC_493\Debug\Simple_Oscope.a(UART.o)
 .debug_line    0x00001c50      0x1c1 .\ARM_GCC_493\Debug\Simple_Oscope.a(UART_IntClock.o)
 .debug_line    0x00001e11      0x209 .\ARM_GCC_493\Debug\Simple_Oscope.a(ADC.o)
 .debug_line    0x0000201a       0x55 .\ARM_GCC_493\Debug\Simple_Oscope.a(ADC_INT.o)
 .debug_line    0x0000206f      0x1bf .\ARM_GCC_493\Debug\Simple_Oscope.a(ADC_theACLK.o)
 .debug_line    0x0000222e      0x1bd .\ARM_GCC_493\Debug\Simple_Oscope.a(ADC_Clock.o)
 .debug_line    0x000023eb      0x174 .\ARM_GCC_493\Debug\Simple_Oscope.a(TIMER_DMA.o)
 .debug_line    0x0000255f      0x16e .\ARM_GCC_493\Debug\Simple_Oscope.a(DMA_ENABLE.o)
 .debug_line    0x000026cd      0x163 .\ARM_GCC_493\Debug\Simple_Oscope.a(DMA_FRAME_READY.o)
 .debug_line    0x00002830       0xf1 .\ARM_GCC_493\Debug\Simple_Oscope.a(DAC_1.o)
 .debug_line    0x00002921      0x1c0 .\ARM_GCC_493\Debug\Simple_Oscope.a(DAC_1_DacClk.o)
 .debug_line    0x00002ae1       0x9b .\ARM_GCC_493\Debug\Simple_Oscope.a(DAC_1_Wave1_DMA_dma.o)
 .debug_line    0x00002b7c       0x9b .\ARM_GCC_493\Debug\Simple_Oscope.a(DAC_1_Wave2_DMA_dma.o)
 .debug_line    0x00002c17       0xf5 .\ARM_GCC_493\Debug\Simple_Oscope.a(DAC_1_VDAC8.o)
 .debug_line    0x00002d0c       0x91 .\ARM_GCC_493\Debug\Simple_Oscope.a(DMA_1_dma.o)
 .debug_line    0x00002d9d      0x207 .\ARM_GCC_493\Debug\Simple_Oscope.a(CyFlash.o)
 .debug_line    0x00002fa4      0x217 .\ARM_GCC_493\Debug\Simple_Oscope.a(CySpc.o)

.debug_frame    0x00000000     0x3f3c
 *(.debug_frame)
 .debug_frame   0x00000000      0x264 .\ARM_GCC_493\Debug\main.o
 .debug_frame   0x00000264       0xd8 .\ARM_GCC_493\Debug\Cm3Start.o
 .debug_frame   0x0000033c      0x150 .\ARM_GCC_493\Debug\Simple_Oscope.a(cyfitter_cfg.o)
 .debug_frame   0x0000048c      0x3d0 .\ARM_GCC_493\Debug\Simple_Oscope.a(CyDmac.o)
 .debug_frame   0x0000085c      0xbe8 .\ARM_GCC_493\Debug\Simple_Oscope.a(CyLib.o)
 .debug_frame   0x00001444      0x234 .\ARM_GCC_493\Debug\Simple_Oscope.a(cyPm.o)
 .debug_frame   0x00001678      0x1e8 .\ARM_GCC_493\Debug\Simple_Oscope.a(UART_RX.o)
 .debug_frame   0x00001860      0x42c .\ARM_GCC_493\Debug\Simple_Oscope.a(UART.o)
 .debug_frame   0x00001c8c      0x1b4 .\ARM_GCC_493\Debug\Simple_Oscope.a(UART_IntClock.o)
 .debug_frame   0x00001e40      0x2c0 .\ARM_GCC_493\Debug\Simple_Oscope.a(ADC.o)
 .debug_frame   0x00002100       0x34 .\ARM_GCC_493\Debug\Simple_Oscope.a(ADC_INT.o)
 .debug_frame   0x00002134      0x1b4 .\ARM_GCC_493\Debug\Simple_Oscope.a(ADC_theACLK.o)
 .debug_frame   0x000022e8      0x1b4 .\ARM_GCC_493\Debug\Simple_Oscope.a(ADC_Clock.o)
 .debug_frame   0x0000249c      0x230 .\ARM_GCC_493\Debug\Simple_Oscope.a(TIMER_DMA.o)
 .debug_frame   0x000026cc      0x1e8 .\ARM_GCC_493\Debug\Simple_Oscope.a(DMA_ENABLE.o)
 .debug_frame   0x000028b4      0x1e8 .\ARM_GCC_493\Debug\Simple_Oscope.a(DMA_FRAME_READY.o)
 .debug_frame   0x00002a9c       0xf8 .\ARM_GCC_493\Debug\Simple_Oscope.a(DAC_1.o)
 .debug_frame   0x00002b94      0x1b4 .\ARM_GCC_493\Debug\Simple_Oscope.a(DAC_1_DacClk.o)
 .debug_frame   0x00002d48       0x58 .\ARM_GCC_493\Debug\Simple_Oscope.a(DAC_1_Wave1_DMA_dma.o)
 .debug_frame   0x00002da0       0x58 .\ARM_GCC_493\Debug\Simple_Oscope.a(DAC_1_Wave2_DMA_dma.o)
 .debug_frame   0x00002df8      0x130 .\ARM_GCC_493\Debug\Simple_Oscope.a(DAC_1_VDAC8.o)
 .debug_frame   0x00002f28       0x58 .\ARM_GCC_493\Debug\Simple_Oscope.a(DMA_1_dma.o)
 .debug_frame   0x00002f80      0x210 .\ARM_GCC_493\Debug\Simple_Oscope.a(CyFlash.o)
 .debug_frame   0x00003190      0x1f8 .\ARM_GCC_493\Debug\Simple_Oscope.a(CySpc.o)
 .debug_frame   0x00003388       0x34 c:/program files (x86)/cypress/psoc creator/3.3/psoc creator/import/gnu/arm/4.9.3/bin/../lib/gcc/arm-none-eabi/4.9.3/../../../../arm-none-eabi/lib/armv7-m\libm.a(lib_a-s_floor.o)
 .debug_frame   0x000033bc       0x28 c:/program files (x86)/cypress/psoc creator/3.3/psoc creator/import/gnu/arm/4.9.3/bin/../lib/gcc/arm-none-eabi/4.9.3/armv7-m\libgcc.a(_aeabi_ldivmod.o)
 .debug_frame   0x000033e4       0x54 c:/program files (x86)/cypress/psoc creator/3.3/psoc creator/import/gnu/arm/4.9.3/bin/../lib/gcc/arm-none-eabi/4.9.3/armv7-m\libgcc.a(bpabi.o)
 .debug_frame   0x00003438       0x34 c:/program files (x86)/cypress/psoc creator/3.3/psoc creator/import/gnu/arm/4.9.3/bin/../lib/gcc/arm-none-eabi/4.9.3/armv7-m\libgcc.a(_divdi3.o)
 .debug_frame   0x0000346c       0x34 c:/program files (x86)/cypress/psoc creator/3.3/psoc creator/import/gnu/arm/4.9.3/bin/../lib/gcc/arm-none-eabi/4.9.3/armv7-m\libgcc.a(_udivdi3.o)
 .debug_frame   0x000034a0       0x20 c:/program files (x86)/cypress/psoc creator/3.3/psoc creator/import/gnu/arm/4.9.3/bin/../lib/gcc/arm-none-eabi/4.9.3/../../../../arm-none-eabi/lib/armv7-m\libg_nano.a(lib_a-calloc.o)
 .debug_frame   0x000034c0       0x20 c:/program files (x86)/cypress/psoc creator/3.3/psoc creator/import/gnu/arm/4.9.3/bin/../lib/gcc/arm-none-eabi/4.9.3/../../../../arm-none-eabi/lib/armv7-m\libg_nano.a(lib_a-errno.o)
 .debug_frame   0x000034e0       0x28 c:/program files (x86)/cypress/psoc creator/3.3/psoc creator/import/gnu/arm/4.9.3/bin/../lib/gcc/arm-none-eabi/4.9.3/../../../../arm-none-eabi/lib/armv7-m\libg_nano.a(lib_a-exit.o)
 .debug_frame   0x00003508       0x2c c:/program files (x86)/cypress/psoc creator/3.3/psoc creator/import/gnu/arm/4.9.3/bin/../lib/gcc/arm-none-eabi/4.9.3/../../../../arm-none-eabi/lib/armv7-m\libg_nano.a(lib_a-init.o)
 .debug_frame   0x00003534       0x30 c:/program files (x86)/cypress/psoc creator/3.3/psoc creator/import/gnu/arm/4.9.3/bin/../lib/gcc/arm-none-eabi/4.9.3/../../../../arm-none-eabi/lib/armv7-m\libg_nano.a(lib_a-malloc.o)
 .debug_frame   0x00003564       0x28 c:/program files (x86)/cypress/psoc creator/3.3/psoc creator/import/gnu/arm/4.9.3/bin/../lib/gcc/arm-none-eabi/4.9.3/../../../../arm-none-eabi/lib/armv7-m\libg_nano.a(lib_a-memcpy.o)
 .debug_frame   0x0000358c       0x20 c:/program files (x86)/cypress/psoc creator/3.3/psoc creator/import/gnu/arm/4.9.3/bin/../lib/gcc/arm-none-eabi/4.9.3/../../../../arm-none-eabi/lib/armv7-m\libg_nano.a(lib_a-memset.o)
 .debug_frame   0x000035ac       0x2c c:/program files (x86)/cypress/psoc creator/3.3/psoc creator/import/gnu/arm/4.9.3/bin/../lib/gcc/arm-none-eabi/4.9.3/../../../../arm-none-eabi/lib/armv7-m\libg_nano.a(lib_a-nano-callocr.o)
 .debug_frame   0x000035d8       0x2c c:/program files (x86)/cypress/psoc creator/3.3/psoc creator/import/gnu/arm/4.9.3/bin/../lib/gcc/arm-none-eabi/4.9.3/../../../../arm-none-eabi/lib/armv7-m\libg_nano.a(lib_a-nano-freer.o)
 .debug_frame   0x00003604       0x2c c:/program files (x86)/cypress/psoc creator/3.3/psoc creator/import/gnu/arm/4.9.3/bin/../lib/gcc/arm-none-eabi/4.9.3/../../../../arm-none-eabi/lib/armv7-m\libg_nano.a(lib_a-nano-mallocr.o)
 .debug_frame   0x00003630       0x2c c:/program files (x86)/cypress/psoc creator/3.3/psoc creator/import/gnu/arm/4.9.3/bin/../lib/gcc/arm-none-eabi/4.9.3/../../../../arm-none-eabi/lib/armv7-m\libg_nano.a(lib_a-sbrkr.o)
 .debug_frame   0x0000365c       0x70 c:/program files (x86)/cypress/psoc creator/3.3/psoc creator/import/gnu/arm/4.9.3/bin/../lib/gcc/arm-none-eabi/4.9.3/../../../../arm-none-eabi/lib/armv7-m\libg_nano.a(lib_a-sprintf.o)
 .debug_frame   0x000036cc       0x80 c:/program files (x86)/cypress/psoc creator/3.3/psoc creator/import/gnu/arm/4.9.3/bin/../lib/gcc/arm-none-eabi/4.9.3/../../../../arm-none-eabi/lib/armv7-m\libg_nano.a(lib_a-sscanf.o)
 .debug_frame   0x0000374c       0x88 c:/program files (x86)/cypress/psoc creator/3.3/psoc creator/import/gnu/arm/4.9.3/bin/../lib/gcc/arm-none-eabi/4.9.3/../../../../arm-none-eabi/lib/armv7-m\libg_nano.a(lib_a-stdio.o)
 .debug_frame   0x000037d4       0x20 c:/program files (x86)/cypress/psoc creator/3.3/psoc creator/import/gnu/arm/4.9.3/bin/../lib/gcc/arm-none-eabi/4.9.3/../../../../arm-none-eabi/lib/armv7-m\libg_nano.a(lib_a-strlen.o)
 .debug_frame   0x000037f4       0x28 c:/program files (x86)/cypress/psoc creator/3.3/psoc creator/import/gnu/arm/4.9.3/bin/../lib/gcc/arm-none-eabi/4.9.3/../../../../arm-none-eabi/lib/armv7-m\libg_nano.a(lib_a-strncpy.o)
 .debug_frame   0x0000381c       0x2c c:/program files (x86)/cypress/psoc creator/3.3/psoc creator/import/gnu/arm/4.9.3/bin/../lib/gcc/arm-none-eabi/4.9.3/../../../../arm-none-eabi/lib/armv7-m\libg_nano.a(lib_a-strpbrk.o)
 .debug_frame   0x00003848       0x2c c:/program files (x86)/cypress/psoc creator/3.3/psoc creator/import/gnu/arm/4.9.3/bin/../lib/gcc/arm-none-eabi/4.9.3/../../../../arm-none-eabi/lib/armv7-m\libg_nano.a(lib_a-writer.o)
 .debug_frame   0x00003874       0x2c c:/program files (x86)/cypress/psoc creator/3.3/psoc creator/import/gnu/arm/4.9.3/bin/../lib/gcc/arm-none-eabi/4.9.3/../../../../arm-none-eabi/lib/armv7-m\libg_nano.a(lib_a-closer.o)
 .debug_frame   0x000038a0       0x2c c:/program files (x86)/cypress/psoc creator/3.3/psoc creator/import/gnu/arm/4.9.3/bin/../lib/gcc/arm-none-eabi/4.9.3/../../../../arm-none-eabi/lib/armv7-m\libg_nano.a(lib_a-lseekr.o)
 .debug_frame   0x000038cc       0x8c c:/program files (x86)/cypress/psoc creator/3.3/psoc creator/import/gnu/arm/4.9.3/bin/../lib/gcc/arm-none-eabi/4.9.3/../../../../arm-none-eabi/lib/armv7-m\libg_nano.a(lib_a-nano-svfprintf.o)
 .debug_frame   0x00003958       0x70 c:/program files (x86)/cypress/psoc creator/3.3/psoc creator/import/gnu/arm/4.9.3/bin/../lib/gcc/arm-none-eabi/4.9.3/../../../../arm-none-eabi/lib/armv7-m\libg_nano.a(lib_a-nano-svfscanf.o)
 .debug_frame   0x000039c8       0x58 c:/program files (x86)/cypress/psoc creator/3.3/psoc creator/import/gnu/arm/4.9.3/bin/../lib/gcc/arm-none-eabi/4.9.3/../../../../arm-none-eabi/lib/armv7-m\libg_nano.a(lib_a-nano-vfprintf_i.o)
 .debug_frame   0x00003a20       0x5c c:/program files (x86)/cypress/psoc creator/3.3/psoc creator/import/gnu/arm/4.9.3/bin/../lib/gcc/arm-none-eabi/4.9.3/../../../../arm-none-eabi/lib/armv7-m\libg_nano.a(lib_a-nano-vfscanf_i.o)
 .debug_frame   0x00003a7c       0x2c c:/program files (x86)/cypress/psoc creator/3.3/psoc creator/import/gnu/arm/4.9.3/bin/../lib/gcc/arm-none-eabi/4.9.3/../../../../arm-none-eabi/lib/armv7-m\libg_nano.a(lib_a-readr.o)
 .debug_frame   0x00003aa8       0x5c c:/program files (x86)/cypress/psoc creator/3.3/psoc creator/import/gnu/arm/4.9.3/bin/../lib/gcc/arm-none-eabi/4.9.3/../../../../arm-none-eabi/lib/armv7-m\libg_nano.a(lib_a-reent.o)
 .debug_frame   0x00003b04       0x30 c:/program files (x86)/cypress/psoc creator/3.3/psoc creator/import/gnu/arm/4.9.3/bin/../lib/gcc/arm-none-eabi/4.9.3/../../../../arm-none-eabi/lib/armv7-m\libg_nano.a(lib_a-sccl.o)
 .debug_frame   0x00003b34       0x54 c:/program files (x86)/cypress/psoc creator/3.3/psoc creator/import/gnu/arm/4.9.3/bin/../lib/gcc/arm-none-eabi/4.9.3/../../../../arm-none-eabi/lib/armv7-m\libg_nano.a(lib_a-strtol.o)
 .debug_frame   0x00003b88       0x54 c:/program files (x86)/cypress/psoc creator/3.3/psoc creator/import/gnu/arm/4.9.3/bin/../lib/gcc/arm-none-eabi/4.9.3/../../../../arm-none-eabi/lib/armv7-m\libg_nano.a(lib_a-strtoul.o)
 .debug_frame   0x00003bdc       0x5c c:/program files (x86)/cypress/psoc creator/3.3/psoc creator/import/gnu/arm/4.9.3/bin/../lib/gcc/arm-none-eabi/4.9.3/../../../../arm-none-eabi/lib/armv7-m\libg_nano.a(lib_a-ungetc.o)
 .debug_frame   0x00003c38       0x68 c:/program files (x86)/cypress/psoc creator/3.3/psoc creator/import/gnu/arm/4.9.3/bin/../lib/gcc/arm-none-eabi/4.9.3/../../../../arm-none-eabi/lib/armv7-m\libg_nano.a(lib_a-fflush.o)
 .debug_frame   0x00003ca0      0x11c c:/program files (x86)/cypress/psoc creator/3.3/psoc creator/import/gnu/arm/4.9.3/bin/../lib/gcc/arm-none-eabi/4.9.3/../../../../arm-none-eabi/lib/armv7-m\libg_nano.a(lib_a-findfp.o)
 .debug_frame   0x00003dbc       0x54 c:/program files (x86)/cypress/psoc creator/3.3/psoc creator/import/gnu/arm/4.9.3/bin/../lib/gcc/arm-none-eabi/4.9.3/../../../../arm-none-eabi/lib/armv7-m\libg_nano.a(lib_a-fwalk.o)
 .debug_frame   0x00003e10       0x28 c:/program files (x86)/cypress/psoc creator/3.3/psoc creator/import/gnu/arm/4.9.3/bin/../lib/gcc/arm-none-eabi/4.9.3/../../../../arm-none-eabi/lib/armv7-m\libg_nano.a(lib_a-memchr.o)
 .debug_frame   0x00003e38       0x28 c:/program files (x86)/cypress/psoc creator/3.3/psoc creator/import/gnu/arm/4.9.3/bin/../lib/gcc/arm-none-eabi/4.9.3/../../../../arm-none-eabi/lib/armv7-m\libg_nano.a(lib_a-memmove.o)
 .debug_frame   0x00003e60       0x3c c:/program files (x86)/cypress/psoc creator/3.3/psoc creator/import/gnu/arm/4.9.3/bin/../lib/gcc/arm-none-eabi/4.9.3/../../../../arm-none-eabi/lib/armv7-m\libg_nano.a(lib_a-nano-reallocr.o)
 .debug_frame   0x00003e9c       0x20 c:/program files (x86)/cypress/psoc creator/3.3/psoc creator/import/gnu/arm/4.9.3/bin/../lib/gcc/arm-none-eabi/4.9.3/../../../../arm-none-eabi/lib/armv7-m\libg_nano.a(lib_a-nano-msizer.o)
 .debug_frame   0x00003ebc       0x20 c:/program files (x86)/cypress/psoc creator/3.3/psoc creator/import/gnu/arm/4.9.3/bin/../lib/gcc/arm-none-eabi/4.9.3/../../../../arm-none-eabi/lib/armv7-m\libnosys.a(close.o)
 .debug_frame   0x00003edc       0x20 c:/program files (x86)/cypress/psoc creator/3.3/psoc creator/import/gnu/arm/4.9.3/bin/../lib/gcc/arm-none-eabi/4.9.3/../../../../arm-none-eabi/lib/armv7-m\libnosys.a(lseek.o)
 .debug_frame   0x00003efc       0x20 c:/program files (x86)/cypress/psoc creator/3.3/psoc creator/import/gnu/arm/4.9.3/bin/../lib/gcc/arm-none-eabi/4.9.3/../../../../arm-none-eabi/lib/armv7-m\libnosys.a(read.o)
 .debug_frame   0x00003f1c       0x20 c:/program files (x86)/cypress/psoc creator/3.3/psoc creator/import/gnu/arm/4.9.3/bin/../lib/gcc/arm-none-eabi/4.9.3/../../../../arm-none-eabi/lib/armv7-m\libnosys.a(write.o)

.debug_str      0x00000000     0x2a8c
 *(.debug_str)
 .debug_str     0x00000000      0x3e4 .\ARM_GCC_493\Debug\main.o
                                0x433 (size before relaxing)
 .debug_str     0x000003e4       0x77 .\ARM_GCC_493\Debug\cymetadata.o
                                0x1f2 (size before relaxing)
 .debug_str     0x0000045b      0x132 .\ARM_GCC_493\Debug\Cm3Start.o
                                0x2d3 (size before relaxing)
 .debug_str     0x0000058d      0x132 .\ARM_GCC_493\Debug\Simple_Oscope.a(cyfitter_cfg.o)
                                0x2e1 (size before relaxing)
 .debug_str     0x000006bf      0x359 .\ARM_GCC_493\Debug\Simple_Oscope.a(CyDmac.o)
                                0x519 (size before relaxing)
 .debug_str     0x00000a18      0x7c8 .\ARM_GCC_493\Debug\Simple_Oscope.a(CyLib.o)
                                0x9ce (size before relaxing)
 .debug_str     0x000011e0      0x367 .\ARM_GCC_493\Debug\Simple_Oscope.a(cyPm.o)
                                0x533 (size before relaxing)
 .debug_str     0x00001547      0x104 .\ARM_GCC_493\Debug\Simple_Oscope.a(UART_RX.o)
                                0x2be (size before relaxing)
 .debug_str     0x0000164b      0x282 .\ARM_GCC_493\Debug\Simple_Oscope.a(UART.o)
                                0x41d (size before relaxing)
 .debug_str     0x000018cd      0x1ac .\ARM_GCC_493\Debug\Simple_Oscope.a(UART_IntClock.o)
                                0x33e (size before relaxing)
 .debug_str     0x00001a79      0x1b9 .\ARM_GCC_493\Debug\Simple_Oscope.a(ADC.o)
                                0x3a9 (size before relaxing)
 .debug_str     0x00001c32       0x2b .\ARM_GCC_493\Debug\Simple_Oscope.a(ADC_INT.o)
                                0x197 (size before relaxing)
 .debug_str     0x00001c5d      0x149 .\ARM_GCC_493\Debug\Simple_Oscope.a(ADC_theACLK.o)
                                0x326 (size before relaxing)
 .debug_str     0x00001da6      0x131 .\ARM_GCC_493\Debug\Simple_Oscope.a(ADC_Clock.o)
                                0x30e (size before relaxing)
 .debug_str     0x00001ed7      0x1bd .\ARM_GCC_493\Debug\Simple_Oscope.a(TIMER_DMA.o)
                                0x352 (size before relaxing)
 .debug_str     0x00002094      0x12e .\ARM_GCC_493\Debug\Simple_Oscope.a(DMA_ENABLE.o)
                                0x2e8 (size before relaxing)
 .debug_str     0x000021c2      0x174 .\ARM_GCC_493\Debug\Simple_Oscope.a(DMA_FRAME_READY.o)
                                0x32e (size before relaxing)
 .debug_str     0x00002336      0x11f .\ARM_GCC_493\Debug\Simple_Oscope.a(DAC_1.o)
                                0x2a8 (size before relaxing)
 .debug_str     0x00002455      0x155 .\ARM_GCC_493\Debug\Simple_Oscope.a(DAC_1_DacClk.o)
                                0x332 (size before relaxing)
 .debug_str     0x000025aa       0xbd .\ARM_GCC_493\Debug\Simple_Oscope.a(DAC_1_Wave1_DMA_dma.o)
                                0x23f (size before relaxing)
 .debug_str     0x00002667       0x82 .\ARM_GCC_493\Debug\Simple_Oscope.a(DAC_1_Wave2_DMA_dma.o)
                                0x23f (size before relaxing)
 .debug_str     0x000026e9       0xe1 .\ARM_GCC_493\Debug\Simple_Oscope.a(DAC_1_VDAC8.o)
                                0x263 (size before relaxing)
 .debug_str     0x000027ca       0x5a .\ARM_GCC_493\Debug\Simple_Oscope.a(DMA_1_dma.o)
                                0x217 (size before relaxing)
 .debug_str     0x00002824      0x147 .\ARM_GCC_493\Debug\Simple_Oscope.a(CyFlash.o)
                                0x2f2 (size before relaxing)
 .debug_str     0x0000296b      0x121 .\ARM_GCC_493\Debug\Simple_Oscope.a(CySpc.o)
                                0x2ef (size before relaxing)

.debug_loc
 *(.debug_loc)

.debug_macinfo
 *(.debug_macinfo)

.debug_ranges   0x00000000      0xb60
 *(.debug_ranges)
 .debug_ranges  0x00000000       0x88 .\ARM_GCC_493\Debug\main.o
 .debug_ranges  0x00000088       0x38 .\ARM_GCC_493\Debug\Cm3Start.o
 .debug_ranges  0x000000c0       0x48 .\ARM_GCC_493\Debug\Simple_Oscope.a(cyfitter_cfg.o)
 .debug_ranges  0x00000108       0xc8 .\ARM_GCC_493\Debug\Simple_Oscope.a(CyDmac.o)
 .debug_ranges  0x000001d0      0x288 .\ARM_GCC_493\Debug\Simple_Oscope.a(CyLib.o)
 .debug_ranges  0x00000458       0x88 .\ARM_GCC_493\Debug\Simple_Oscope.a(cyPm.o)
 .debug_ranges  0x000004e0       0x70 .\ARM_GCC_493\Debug\Simple_Oscope.a(UART_RX.o)
 .debug_ranges  0x00000550       0xe0 .\ARM_GCC_493\Debug\Simple_Oscope.a(UART.o)
 .debug_ranges  0x00000630       0x60 .\ARM_GCC_493\Debug\Simple_Oscope.a(UART_IntClock.o)
 .debug_ranges  0x00000690       0x98 .\ARM_GCC_493\Debug\Simple_Oscope.a(ADC.o)
 .debug_ranges  0x00000728       0x10 .\ARM_GCC_493\Debug\Simple_Oscope.a(ADC_INT.o)
 .debug_ranges  0x00000738       0x60 .\ARM_GCC_493\Debug\Simple_Oscope.a(ADC_theACLK.o)
 .debug_ranges  0x00000798       0x60 .\ARM_GCC_493\Debug\Simple_Oscope.a(ADC_Clock.o)
 .debug_ranges  0x000007f8       0x80 .\ARM_GCC_493\Debug\Simple_Oscope.a(TIMER_DMA.o)
 .debug_ranges  0x00000878       0x70 .\ARM_GCC_493\Debug\Simple_Oscope.a(DMA_ENABLE.o)
 .debug_ranges  0x000008e8       0x70 .\ARM_GCC_493\Debug\Simple_Oscope.a(DMA_FRAME_READY.o)
 .debug_ranges  0x00000958       0x40 .\ARM_GCC_493\Debug\Simple_Oscope.a(DAC_1.o)
 .debug_ranges  0x00000998       0x60 .\ARM_GCC_493\Debug\Simple_Oscope.a(DAC_1_DacClk.o)
 .debug_ranges  0x000009f8       0x18 .\ARM_GCC_493\Debug\Simple_Oscope.a(DAC_1_Wave1_DMA_dma.o)
 .debug_ranges  0x00000a10       0x18 .\ARM_GCC_493\Debug\Simple_Oscope.a(DAC_1_Wave2_DMA_dma.o)
 .debug_ranges  0x00000a28       0x48 .\ARM_GCC_493\Debug\Simple_Oscope.a(DAC_1_VDAC8.o)
 .debug_ranges  0x00000a70       0x18 .\ARM_GCC_493\Debug\Simple_Oscope.a(DMA_1_dma.o)
 .debug_ranges  0x00000a88       0x70 .\ARM_GCC_493\Debug\Simple_Oscope.a(CyFlash.o)
 .debug_ranges  0x00000af8       0x68 .\ARM_GCC_493\Debug\Simple_Oscope.a(CySpc.o)

.comment        0x00000000       0x70
 .comment       0x00000000       0x70 .\ARM_GCC_493\Debug\main.o
                                 0x71 (size before relaxing)
 .comment       0x00000000       0x71 .\ARM_GCC_493\Debug\cymetadata.o
 .comment       0x00000000       0x71 .\ARM_GCC_493\Debug\Cm3Start.o
 .comment       0x00000000       0x71 .\ARM_GCC_493\Debug\Simple_Oscope.a(cyfitter_cfg.o)
 .comment       0x00000000       0x71 .\ARM_GCC_493\Debug\Simple_Oscope.a(CyDmac.o)
 .comment       0x00000000       0x71 .\ARM_GCC_493\Debug\Simple_Oscope.a(CyLib.o)
 .comment       0x00000000       0x71 .\ARM_GCC_493\Debug\Simple_Oscope.a(cyPm.o)
 .comment       0x00000000       0x71 .\ARM_GCC_493\Debug\Simple_Oscope.a(UART_RX.o)
 .comment       0x00000000       0x71 .\ARM_GCC_493\Debug\Simple_Oscope.a(UART.o)
 .comment       0x00000000       0x71 .\ARM_GCC_493\Debug\Simple_Oscope.a(UART_IntClock.o)
 .comment       0x00000000       0x71 .\ARM_GCC_493\Debug\Simple_Oscope.a(ADC.o)
 .comment       0x00000000       0x71 .\ARM_GCC_493\Debug\Simple_Oscope.a(ADC_INT.o)
 .comment       0x00000000       0x71 .\ARM_GCC_493\Debug\Simple_Oscope.a(ADC_theACLK.o)
 .comment       0x00000000       0x71 .\ARM_GCC_493\Debug\Simple_Oscope.a(ADC_Clock.o)
 .comment       0x00000000       0x71 .\ARM_GCC_493\Debug\Simple_Oscope.a(TIMER_DMA.o)
 .comment       0x00000000       0x71 .\ARM_GCC_493\Debug\Simple_Oscope.a(DMA_ENABLE.o)
 .comment       0x00000000       0x71 .\ARM_GCC_493\Debug\Simple_Oscope.a(DMA_FRAME_READY.o)
 .comment       0x00000000       0x71 .\ARM_GCC_493\Debug\Simple_Oscope.a(DAC_1.o)
 .comment       0x00000000       0x71 .\ARM_GCC_493\Debug\Simple_Oscope.a(DAC_1_DacClk.o)
 .comment       0x00000000       0x71 .\ARM_GCC_493\Debug\Simple_Oscope.a(DAC_1_Wave1_DMA_dma.o)
 .comment       0x00000000       0x71 .\ARM_GCC_493\Debug\Simple_Oscope.a(DAC_1_Wave2_DMA_dma.o)
 .comment       0x00000000       0x71 .\ARM_GCC_493\Debug\Simple_Oscope.a(DAC_1_VDAC8.o)
 .comment       0x00000000       0x71 .\ARM_GCC_493\Debug\Simple_Oscope.a(DMA_1_dma.o)
 .comment       0x00000000       0x71 .\ARM_GCC_493\Debug\Simple_Oscope.a(CyFlash.o)
 .comment       0x00000000       0x71 .\ARM_GCC_493\Debug\Simple_Oscope.a(CySpc.o)

.debug_weaknames
 *(.debug_weaknames)

.debug_funcnames
 *(.debug_funcnames)

.debug_typenames
 *(.debug_typenames)

.debug_varnames
 *(.debug_varnames)

.note.gnu.arm.ident
 *(.note.gnu.arm.ident)

.ARM.attributes
                0x00000000       0x29
 *(.ARM.attributes)
 .ARM.attributes
                0x00000000       0x1d c:/program files (x86)/cypress/psoc creator/3.3/psoc creator/import/gnu/arm/4.9.3/bin/../lib/gcc/arm-none-eabi/4.9.3/armv7-m/crti.o
 .ARM.attributes
                0x0000001d       0x2d c:/program files (x86)/cypress/psoc creator/3.3/psoc creator/import/gnu/arm/4.9.3/bin/../lib/gcc/arm-none-eabi/4.9.3/armv7-m/crtbegin.o
 .ARM.attributes
                0x0000004a       0x1b c:/program files (x86)/cypress/psoc creator/3.3/psoc creator/import/gnu/arm/4.9.3/bin/../lib/gcc/arm-none-eabi/4.9.3/../../../../arm-none-eabi/lib/armv7-m/crt0.o
 .ARM.attributes
                0x00000065       0x33 .\ARM_GCC_493\Debug\main.o
 .ARM.attributes
                0x00000098       0x33 .\ARM_GCC_493\Debug\cymetadata.o
 .ARM.attributes
                0x000000cb       0x33 .\ARM_GCC_493\Debug\Cm3Start.o
 .ARM.attributes
                0x000000fe       0x33 .\ARM_GCC_493\Debug\Simple_Oscope.a(cyfitter_cfg.o)
 .ARM.attributes
                0x00000131       0x21 .\ARM_GCC_493\Debug\Simple_Oscope.a(CyBootAsmGnu.o)
 .ARM.attributes
                0x00000152       0x33 .\ARM_GCC_493\Debug\Simple_Oscope.a(CyDmac.o)
 .ARM.attributes
                0x00000185       0x33 .\ARM_GCC_493\Debug\Simple_Oscope.a(CyLib.o)
 .ARM.attributes
                0x000001b8       0x33 .\ARM_GCC_493\Debug\Simple_Oscope.a(cyPm.o)
 .ARM.attributes
                0x000001eb       0x33 .\ARM_GCC_493\Debug\Simple_Oscope.a(UART_RX.o)
 .ARM.attributes
                0x0000021e       0x33 .\ARM_GCC_493\Debug\Simple_Oscope.a(UART.o)
 .ARM.attributes
                0x00000251       0x33 .\ARM_GCC_493\Debug\Simple_Oscope.a(UART_IntClock.o)
 .ARM.attributes
                0x00000284       0x33 .\ARM_GCC_493\Debug\Simple_Oscope.a(ADC.o)
 .ARM.attributes
                0x000002b7       0x33 .\ARM_GCC_493\Debug\Simple_Oscope.a(ADC_INT.o)
 .ARM.attributes
                0x000002ea       0x33 .\ARM_GCC_493\Debug\Simple_Oscope.a(ADC_theACLK.o)
 .ARM.attributes
                0x0000031d       0x33 .\ARM_GCC_493\Debug\Simple_Oscope.a(ADC_Clock.o)
 .ARM.attributes
                0x00000350       0x33 .\ARM_GCC_493\Debug\Simple_Oscope.a(TIMER_DMA.o)
 .ARM.attributes
                0x00000383       0x33 .\ARM_GCC_493\Debug\Simple_Oscope.a(DMA_ENABLE.o)
 .ARM.attributes
                0x000003b6       0x33 .\ARM_GCC_493\Debug\Simple_Oscope.a(DMA_FRAME_READY.o)
 .ARM.attributes
                0x000003e9       0x33 .\ARM_GCC_493\Debug\Simple_Oscope.a(DAC_1.o)
 .ARM.attributes
                0x0000041c       0x33 .\ARM_GCC_493\Debug\Simple_Oscope.a(DAC_1_DacClk.o)
 .ARM.attributes
                0x0000044f       0x33 .\ARM_GCC_493\Debug\Simple_Oscope.a(DAC_1_Wave1_DMA_dma.o)
 .ARM.attributes
                0x00000482       0x33 .\ARM_GCC_493\Debug\Simple_Oscope.a(DAC_1_Wave2_DMA_dma.o)
 .ARM.attributes
                0x000004b5       0x33 .\ARM_GCC_493\Debug\Simple_Oscope.a(DAC_1_VDAC8.o)
 .ARM.attributes
                0x000004e8       0x33 .\ARM_GCC_493\Debug\Simple_Oscope.a(DMA_1_dma.o)
 .ARM.attributes
                0x0000051b       0x33 .\ARM_GCC_493\Debug\Simple_Oscope.a(CyFlash.o)
 .ARM.attributes
                0x0000054e       0x33 .\ARM_GCC_493\Debug\Simple_Oscope.a(CySpc.o)
 .ARM.attributes
                0x00000581       0x2d c:/program files (x86)/cypress/psoc creator/3.3/psoc creator/import/gnu/arm/4.9.3/bin/../lib/gcc/arm-none-eabi/4.9.3/../../../../arm-none-eabi/lib/armv7-m\libm.a(lib_a-s_floor.o)
 .ARM.attributes
                0x000005ae       0x1d c:/program files (x86)/cypress/psoc creator/3.3/psoc creator/import/gnu/arm/4.9.3/bin/../lib/gcc/arm-none-eabi/4.9.3/armv7-m\libgcc.a(_arm_addsubdf3.o)
 .ARM.attributes
                0x000005cb       0x1d c:/program files (x86)/cypress/psoc creator/3.3/psoc creator/import/gnu/arm/4.9.3/bin/../lib/gcc/arm-none-eabi/4.9.3/armv7-m\libgcc.a(_arm_muldivdf3.o)
 .ARM.attributes
                0x000005e8       0x1d c:/program files (x86)/cypress/psoc creator/3.3/psoc creator/import/gnu/arm/4.9.3/bin/../lib/gcc/arm-none-eabi/4.9.3/armv7-m\libgcc.a(_arm_cmpdf2.o)
 .ARM.attributes
                0x00000605       0x1d c:/program files (x86)/cypress/psoc creator/3.3/psoc creator/import/gnu/arm/4.9.3/bin/../lib/gcc/arm-none-eabi/4.9.3/armv7-m\libgcc.a(_arm_fixdfsi.o)
 .ARM.attributes
                0x00000622       0x1d c:/program files (x86)/cypress/psoc creator/3.3/psoc creator/import/gnu/arm/4.9.3/bin/../lib/gcc/arm-none-eabi/4.9.3/armv7-m\libgcc.a(_arm_truncdfsf2.o)
 .ARM.attributes
                0x0000063f       0x1d c:/program files (x86)/cypress/psoc creator/3.3/psoc creator/import/gnu/arm/4.9.3/bin/../lib/gcc/arm-none-eabi/4.9.3/armv7-m\libgcc.a(_arm_addsubsf3.o)
 .ARM.attributes
                0x0000065c       0x1d c:/program files (x86)/cypress/psoc creator/3.3/psoc creator/import/gnu/arm/4.9.3/bin/../lib/gcc/arm-none-eabi/4.9.3/armv7-m\libgcc.a(_arm_muldivsf3.o)
 .ARM.attributes
                0x00000679       0x1d c:/program files (x86)/cypress/psoc creator/3.3/psoc creator/import/gnu/arm/4.9.3/bin/../lib/gcc/arm-none-eabi/4.9.3/armv7-m\libgcc.a(_arm_cmpsf2.o)
 .ARM.attributes
                0x00000696       0x1d c:/program files (x86)/cypress/psoc creator/3.3/psoc creator/import/gnu/arm/4.9.3/bin/../lib/gcc/arm-none-eabi/4.9.3/armv7-m\libgcc.a(_aeabi_ldivmod.o)
 .ARM.attributes
                0x000006b3       0x2d c:/program files (x86)/cypress/psoc creator/3.3/psoc creator/import/gnu/arm/4.9.3/bin/../lib/gcc/arm-none-eabi/4.9.3/armv7-m\libgcc.a(bpabi.o)
 .ARM.attributes
                0x000006e0       0x1d c:/program files (x86)/cypress/psoc creator/3.3/psoc creator/import/gnu/arm/4.9.3/bin/../lib/gcc/arm-none-eabi/4.9.3/armv7-m\libgcc.a(_dvmd_tls.o)
 .ARM.attributes
                0x000006fd       0x2d c:/program files (x86)/cypress/psoc creator/3.3/psoc creator/import/gnu/arm/4.9.3/bin/../lib/gcc/arm-none-eabi/4.9.3/armv7-m\libgcc.a(_divdi3.o)
 .ARM.attributes
                0x0000072a       0x2d c:/program files (x86)/cypress/psoc creator/3.3/psoc creator/import/gnu/arm/4.9.3/bin/../lib/gcc/arm-none-eabi/4.9.3/armv7-m\libgcc.a(_udivdi3.o)
 .ARM.attributes
                0x00000757       0x2d c:/program files (x86)/cypress/psoc creator/3.3/psoc creator/import/gnu/arm/4.9.3/bin/../lib/gcc/arm-none-eabi/4.9.3/../../../../arm-none-eabi/lib/armv7-m\libg_nano.a(lib_a-calloc.o)
 .ARM.attributes