ARM GAS  C:\Users\Leiuqeze\AppData\Local\Temp\ccjuJjqK.s 			page 1


   1              		.syntax unified
   2              		.cpu cortex-m3
   3              		.fpu softvfp
   4              		.eabi_attribute 20, 1
   5              		.eabi_attribute 21, 1
   6              		.eabi_attribute 23, 3
   7              		.eabi_attribute 24, 1
   8              		.eabi_attribute 25, 1
   9              		.eabi_attribute 26, 1
  10              		.eabi_attribute 30, 6
  11              		.eabi_attribute 34, 1
  12              		.eabi_attribute 18, 4
  13              		.thumb
  14              		.file	"DAC_2_BuffAmp_PM.c"
  15              		.text
  16              	.Ltext0:
  17              		.cfi_sections	.debug_frame
  18              		.bss
  19              		.align	2
  20              	DAC_2_BuffAmp_backup:
  21 0000 00       		.space	1
  22 0001 000000   		.section	.text.DAC_2_BuffAmp_SaveConfig,"ax",%progbits
  23              		.align	2
  24              		.global	DAC_2_BuffAmp_SaveConfig
  25              		.thumb
  26              		.thumb_func
  27              		.type	DAC_2_BuffAmp_SaveConfig, %function
  28              	DAC_2_BuffAmp_SaveConfig:
  29              	.LFB0:
  30              		.file 1 ".\\Generated_Source\\PSoC5\\DAC_2_BuffAmp_PM.c"
   1:.\Generated_Source\PSoC5/DAC_2_BuffAmp_PM.c **** /*******************************************************************************
   2:.\Generated_Source\PSoC5/DAC_2_BuffAmp_PM.c **** * File Name: DAC_2_BuffAmp_PM.c
   3:.\Generated_Source\PSoC5/DAC_2_BuffAmp_PM.c **** * Version 1.90
   4:.\Generated_Source\PSoC5/DAC_2_BuffAmp_PM.c **** *
   5:.\Generated_Source\PSoC5/DAC_2_BuffAmp_PM.c **** * Description:
   6:.\Generated_Source\PSoC5/DAC_2_BuffAmp_PM.c **** *  This file provides the power management source code to the API for the 
   7:.\Generated_Source\PSoC5/DAC_2_BuffAmp_PM.c **** *  OpAmp (Analog Buffer) component.
   8:.\Generated_Source\PSoC5/DAC_2_BuffAmp_PM.c **** *
   9:.\Generated_Source\PSoC5/DAC_2_BuffAmp_PM.c **** * Note:
  10:.\Generated_Source\PSoC5/DAC_2_BuffAmp_PM.c **** *
  11:.\Generated_Source\PSoC5/DAC_2_BuffAmp_PM.c **** ********************************************************************************
  12:.\Generated_Source\PSoC5/DAC_2_BuffAmp_PM.c **** * Copyright 2008-2012, Cypress Semiconductor Corporation.  All rights reserved.
  13:.\Generated_Source\PSoC5/DAC_2_BuffAmp_PM.c **** * You may use this file only in accordance with the license, terms, conditions, 
  14:.\Generated_Source\PSoC5/DAC_2_BuffAmp_PM.c **** * disclaimers, and limitations in the end user license agreement accompanying 
  15:.\Generated_Source\PSoC5/DAC_2_BuffAmp_PM.c **** * the software package with which this file was provided.
  16:.\Generated_Source\PSoC5/DAC_2_BuffAmp_PM.c **** *******************************************************************************/
  17:.\Generated_Source\PSoC5/DAC_2_BuffAmp_PM.c **** 
  18:.\Generated_Source\PSoC5/DAC_2_BuffAmp_PM.c **** #include "DAC_2_BuffAmp.h"
  19:.\Generated_Source\PSoC5/DAC_2_BuffAmp_PM.c **** 
  20:.\Generated_Source\PSoC5/DAC_2_BuffAmp_PM.c **** static DAC_2_BuffAmp_BACKUP_STRUCT  DAC_2_BuffAmp_backup;
  21:.\Generated_Source\PSoC5/DAC_2_BuffAmp_PM.c **** 
  22:.\Generated_Source\PSoC5/DAC_2_BuffAmp_PM.c **** 
  23:.\Generated_Source\PSoC5/DAC_2_BuffAmp_PM.c **** /*******************************************************************************  
  24:.\Generated_Source\PSoC5/DAC_2_BuffAmp_PM.c **** * Function Name: DAC_2_BuffAmp_SaveConfig
  25:.\Generated_Source\PSoC5/DAC_2_BuffAmp_PM.c **** ********************************************************************************
  26:.\Generated_Source\PSoC5/DAC_2_BuffAmp_PM.c **** *
  27:.\Generated_Source\PSoC5/DAC_2_BuffAmp_PM.c **** * Summary:
ARM GAS  C:\Users\Leiuqeze\AppData\Local\Temp\ccjuJjqK.s 			page 2


  28:.\Generated_Source\PSoC5/DAC_2_BuffAmp_PM.c **** *  Saves the current user configuration registers.
  29:.\Generated_Source\PSoC5/DAC_2_BuffAmp_PM.c **** * 
  30:.\Generated_Source\PSoC5/DAC_2_BuffAmp_PM.c **** * Parameters:
  31:.\Generated_Source\PSoC5/DAC_2_BuffAmp_PM.c **** *  void
  32:.\Generated_Source\PSoC5/DAC_2_BuffAmp_PM.c **** * 
  33:.\Generated_Source\PSoC5/DAC_2_BuffAmp_PM.c **** * Return:
  34:.\Generated_Source\PSoC5/DAC_2_BuffAmp_PM.c **** *  void
  35:.\Generated_Source\PSoC5/DAC_2_BuffAmp_PM.c **** *
  36:.\Generated_Source\PSoC5/DAC_2_BuffAmp_PM.c **** *******************************************************************************/
  37:.\Generated_Source\PSoC5/DAC_2_BuffAmp_PM.c **** void DAC_2_BuffAmp_SaveConfig(void) 
  38:.\Generated_Source\PSoC5/DAC_2_BuffAmp_PM.c **** {
  31              		.loc 1 38 0
  32              		.cfi_startproc
  33              		@ args = 0, pretend = 0, frame = 0
  34              		@ frame_needed = 1, uses_anonymous_args = 0
  35              		@ link register save eliminated.
  36 0000 80B4     		push	{r7}
  37              		.cfi_def_cfa_offset 4
  38              		.cfi_offset 7, -4
  39 0002 00AF     		add	r7, sp, #0
  40              		.cfi_def_cfa_register 7
  39:.\Generated_Source\PSoC5/DAC_2_BuffAmp_PM.c ****     /* Nothing to save as registers are System reset on retention flops */
  40:.\Generated_Source\PSoC5/DAC_2_BuffAmp_PM.c **** }
  41              		.loc 1 40 0
  42 0004 BD46     		mov	sp, r7
  43              		@ sp needed
  44 0006 5DF8047B 		ldr	r7, [sp], #4
  45 000a 7047     		bx	lr
  46              		.cfi_endproc
  47              	.LFE0:
  48              		.size	DAC_2_BuffAmp_SaveConfig, .-DAC_2_BuffAmp_SaveConfig
  49              		.section	.text.DAC_2_BuffAmp_RestoreConfig,"ax",%progbits
  50              		.align	2
  51              		.global	DAC_2_BuffAmp_RestoreConfig
  52              		.thumb
  53              		.thumb_func
  54              		.type	DAC_2_BuffAmp_RestoreConfig, %function
  55              	DAC_2_BuffAmp_RestoreConfig:
  56              	.LFB1:
  41:.\Generated_Source\PSoC5/DAC_2_BuffAmp_PM.c **** 
  42:.\Generated_Source\PSoC5/DAC_2_BuffAmp_PM.c **** 
  43:.\Generated_Source\PSoC5/DAC_2_BuffAmp_PM.c **** /*******************************************************************************  
  44:.\Generated_Source\PSoC5/DAC_2_BuffAmp_PM.c **** * Function Name: DAC_2_BuffAmp_RestoreConfig
  45:.\Generated_Source\PSoC5/DAC_2_BuffAmp_PM.c **** ********************************************************************************
  46:.\Generated_Source\PSoC5/DAC_2_BuffAmp_PM.c **** *
  47:.\Generated_Source\PSoC5/DAC_2_BuffAmp_PM.c **** * Summary:
  48:.\Generated_Source\PSoC5/DAC_2_BuffAmp_PM.c **** *  Restores the current user configuration registers.
  49:.\Generated_Source\PSoC5/DAC_2_BuffAmp_PM.c **** *
  50:.\Generated_Source\PSoC5/DAC_2_BuffAmp_PM.c **** * Parameters:
  51:.\Generated_Source\PSoC5/DAC_2_BuffAmp_PM.c **** *  void
  52:.\Generated_Source\PSoC5/DAC_2_BuffAmp_PM.c **** *
  53:.\Generated_Source\PSoC5/DAC_2_BuffAmp_PM.c **** * Return:
  54:.\Generated_Source\PSoC5/DAC_2_BuffAmp_PM.c **** *  void
  55:.\Generated_Source\PSoC5/DAC_2_BuffAmp_PM.c **** *
  56:.\Generated_Source\PSoC5/DAC_2_BuffAmp_PM.c **** *******************************************************************************/
  57:.\Generated_Source\PSoC5/DAC_2_BuffAmp_PM.c **** void DAC_2_BuffAmp_RestoreConfig(void) 
  58:.\Generated_Source\PSoC5/DAC_2_BuffAmp_PM.c **** {
ARM GAS  C:\Users\Leiuqeze\AppData\Local\Temp\ccjuJjqK.s 			page 3


  57              		.loc 1 58 0
  58              		.cfi_startproc
  59              		@ args = 0, pretend = 0, frame = 0
  60              		@ frame_needed = 1, uses_anonymous_args = 0
  61              		@ link register save eliminated.
  62 0000 80B4     		push	{r7}
  63              		.cfi_def_cfa_offset 4
  64              		.cfi_offset 7, -4
  65 0002 00AF     		add	r7, sp, #0
  66              		.cfi_def_cfa_register 7
  59:.\Generated_Source\PSoC5/DAC_2_BuffAmp_PM.c ****     /* Nothing to restore */
  60:.\Generated_Source\PSoC5/DAC_2_BuffAmp_PM.c **** }
  67              		.loc 1 60 0
  68 0004 BD46     		mov	sp, r7
  69              		@ sp needed
  70 0006 5DF8047B 		ldr	r7, [sp], #4
  71 000a 7047     		bx	lr
  72              		.cfi_endproc
  73              	.LFE1:
  74              		.size	DAC_2_BuffAmp_RestoreConfig, .-DAC_2_BuffAmp_RestoreConfig
  75              		.section	.text.DAC_2_BuffAmp_Sleep,"ax",%progbits
  76              		.align	2
  77              		.global	DAC_2_BuffAmp_Sleep
  78              		.thumb
  79              		.thumb_func
  80              		.type	DAC_2_BuffAmp_Sleep, %function
  81              	DAC_2_BuffAmp_Sleep:
  82              	.LFB2:
  61:.\Generated_Source\PSoC5/DAC_2_BuffAmp_PM.c **** 
  62:.\Generated_Source\PSoC5/DAC_2_BuffAmp_PM.c **** 
  63:.\Generated_Source\PSoC5/DAC_2_BuffAmp_PM.c **** /*******************************************************************************   
  64:.\Generated_Source\PSoC5/DAC_2_BuffAmp_PM.c **** * Function Name: DAC_2_BuffAmp_Sleep
  65:.\Generated_Source\PSoC5/DAC_2_BuffAmp_PM.c **** ********************************************************************************
  66:.\Generated_Source\PSoC5/DAC_2_BuffAmp_PM.c **** *
  67:.\Generated_Source\PSoC5/DAC_2_BuffAmp_PM.c **** * Summary:
  68:.\Generated_Source\PSoC5/DAC_2_BuffAmp_PM.c **** *  Disables block's operation and saves its configuration. Should be called 
  69:.\Generated_Source\PSoC5/DAC_2_BuffAmp_PM.c **** *  just prior to entering sleep.
  70:.\Generated_Source\PSoC5/DAC_2_BuffAmp_PM.c **** *
  71:.\Generated_Source\PSoC5/DAC_2_BuffAmp_PM.c **** * Parameters:
  72:.\Generated_Source\PSoC5/DAC_2_BuffAmp_PM.c **** *  void
  73:.\Generated_Source\PSoC5/DAC_2_BuffAmp_PM.c **** *
  74:.\Generated_Source\PSoC5/DAC_2_BuffAmp_PM.c **** * Return:
  75:.\Generated_Source\PSoC5/DAC_2_BuffAmp_PM.c **** *  void
  76:.\Generated_Source\PSoC5/DAC_2_BuffAmp_PM.c **** *
  77:.\Generated_Source\PSoC5/DAC_2_BuffAmp_PM.c **** * Global variables:
  78:.\Generated_Source\PSoC5/DAC_2_BuffAmp_PM.c **** *  DAC_2_BuffAmp_backup: The structure field 'enableState' is modified 
  79:.\Generated_Source\PSoC5/DAC_2_BuffAmp_PM.c **** *  depending on the enable state of the block before entering to sleep mode.
  80:.\Generated_Source\PSoC5/DAC_2_BuffAmp_PM.c **** *
  81:.\Generated_Source\PSoC5/DAC_2_BuffAmp_PM.c **** *******************************************************************************/
  82:.\Generated_Source\PSoC5/DAC_2_BuffAmp_PM.c **** void DAC_2_BuffAmp_Sleep(void) 
  83:.\Generated_Source\PSoC5/DAC_2_BuffAmp_PM.c **** {
  83              		.loc 1 83 0
  84              		.cfi_startproc
  85              		@ args = 0, pretend = 0, frame = 0
  86              		@ frame_needed = 1, uses_anonymous_args = 0
  87 0000 80B5     		push	{r7, lr}
  88              		.cfi_def_cfa_offset 8
ARM GAS  C:\Users\Leiuqeze\AppData\Local\Temp\ccjuJjqK.s 			page 4


  89              		.cfi_offset 7, -8
  90              		.cfi_offset 14, -4
  91 0002 00AF     		add	r7, sp, #0
  92              		.cfi_def_cfa_register 7
  84:.\Generated_Source\PSoC5/DAC_2_BuffAmp_PM.c ****     /* Save OpAmp enable state */
  85:.\Generated_Source\PSoC5/DAC_2_BuffAmp_PM.c ****     if((DAC_2_BuffAmp_PM_ACT_CFG_REG & DAC_2_BuffAmp_ACT_PWR_EN) != 0u)
  93              		.loc 1 85 0
  94 0004 094B     		ldr	r3, .L6
  95 0006 1B78     		ldrb	r3, [r3]
  96 0008 DBB2     		uxtb	r3, r3
  97 000a 03F00803 		and	r3, r3, #8
  98 000e 002B     		cmp	r3, #0
  99 0010 05D0     		beq	.L4
  86:.\Generated_Source\PSoC5/DAC_2_BuffAmp_PM.c ****     {
  87:.\Generated_Source\PSoC5/DAC_2_BuffAmp_PM.c ****         /* Component is enabled */
  88:.\Generated_Source\PSoC5/DAC_2_BuffAmp_PM.c ****         DAC_2_BuffAmp_backup.enableState = 1u;
 100              		.loc 1 88 0
 101 0012 074B     		ldr	r3, .L6+4
 102 0014 0122     		movs	r2, #1
 103 0016 1A70     		strb	r2, [r3]
  89:.\Generated_Source\PSoC5/DAC_2_BuffAmp_PM.c ****          /* Stops the component */
  90:.\Generated_Source\PSoC5/DAC_2_BuffAmp_PM.c ****          DAC_2_BuffAmp_Stop();
 104              		.loc 1 90 0
 105 0018 FFF7FEFF 		bl	DAC_2_BuffAmp_Stop
 106 001c 02E0     		b	.L5
 107              	.L4:
  91:.\Generated_Source\PSoC5/DAC_2_BuffAmp_PM.c ****     }
  92:.\Generated_Source\PSoC5/DAC_2_BuffAmp_PM.c ****     else
  93:.\Generated_Source\PSoC5/DAC_2_BuffAmp_PM.c ****     {
  94:.\Generated_Source\PSoC5/DAC_2_BuffAmp_PM.c ****         /* Component is disabled */
  95:.\Generated_Source\PSoC5/DAC_2_BuffAmp_PM.c ****         DAC_2_BuffAmp_backup.enableState = 0u;
 108              		.loc 1 95 0
 109 001e 044B     		ldr	r3, .L6+4
 110 0020 0022     		movs	r2, #0
 111 0022 1A70     		strb	r2, [r3]
 112              	.L5:
  96:.\Generated_Source\PSoC5/DAC_2_BuffAmp_PM.c ****     }
  97:.\Generated_Source\PSoC5/DAC_2_BuffAmp_PM.c ****     /* Saves the configuration */
  98:.\Generated_Source\PSoC5/DAC_2_BuffAmp_PM.c ****     DAC_2_BuffAmp_SaveConfig();
 113              		.loc 1 98 0
 114 0024 FFF7FEFF 		bl	DAC_2_BuffAmp_SaveConfig
  99:.\Generated_Source\PSoC5/DAC_2_BuffAmp_PM.c **** }
 115              		.loc 1 99 0
 116 0028 80BD     		pop	{r7, pc}
 117              	.L7:
 118 002a 00BF     		.align	2
 119              	.L6:
 120 002c A4430040 		.word	1073759140
 121 0030 00000000 		.word	DAC_2_BuffAmp_backup
 122              		.cfi_endproc
 123              	.LFE2:
 124              		.size	DAC_2_BuffAmp_Sleep, .-DAC_2_BuffAmp_Sleep
 125              		.section	.text.DAC_2_BuffAmp_Wakeup,"ax",%progbits
 126              		.align	2
 127              		.global	DAC_2_BuffAmp_Wakeup
 128              		.thumb
 129              		.thumb_func
ARM GAS  C:\Users\Leiuqeze\AppData\Local\Temp\ccjuJjqK.s 			page 5


 130              		.type	DAC_2_BuffAmp_Wakeup, %function
 131              	DAC_2_BuffAmp_Wakeup:
 132              	.LFB3:
 100:.\Generated_Source\PSoC5/DAC_2_BuffAmp_PM.c **** 
 101:.\Generated_Source\PSoC5/DAC_2_BuffAmp_PM.c **** 
 102:.\Generated_Source\PSoC5/DAC_2_BuffAmp_PM.c **** /*******************************************************************************  
 103:.\Generated_Source\PSoC5/DAC_2_BuffAmp_PM.c **** * Function Name: DAC_2_BuffAmp_Wakeup
 104:.\Generated_Source\PSoC5/DAC_2_BuffAmp_PM.c **** ********************************************************************************
 105:.\Generated_Source\PSoC5/DAC_2_BuffAmp_PM.c **** *
 106:.\Generated_Source\PSoC5/DAC_2_BuffAmp_PM.c **** * Summary:
 107:.\Generated_Source\PSoC5/DAC_2_BuffAmp_PM.c **** *  Enables block's operation and restores its configuration. Should be called
 108:.\Generated_Source\PSoC5/DAC_2_BuffAmp_PM.c **** *  just after awaking from sleep.
 109:.\Generated_Source\PSoC5/DAC_2_BuffAmp_PM.c **** *
 110:.\Generated_Source\PSoC5/DAC_2_BuffAmp_PM.c **** * Parameters:
 111:.\Generated_Source\PSoC5/DAC_2_BuffAmp_PM.c **** *  void
 112:.\Generated_Source\PSoC5/DAC_2_BuffAmp_PM.c **** *
 113:.\Generated_Source\PSoC5/DAC_2_BuffAmp_PM.c **** * Return:
 114:.\Generated_Source\PSoC5/DAC_2_BuffAmp_PM.c **** *  void
 115:.\Generated_Source\PSoC5/DAC_2_BuffAmp_PM.c **** *
 116:.\Generated_Source\PSoC5/DAC_2_BuffAmp_PM.c **** * Global variables:
 117:.\Generated_Source\PSoC5/DAC_2_BuffAmp_PM.c **** *  DAC_2_BuffAmp_backup: The structure field 'enableState' is used to 
 118:.\Generated_Source\PSoC5/DAC_2_BuffAmp_PM.c **** *  restore the enable state of block after wakeup from sleep mode.
 119:.\Generated_Source\PSoC5/DAC_2_BuffAmp_PM.c **** *
 120:.\Generated_Source\PSoC5/DAC_2_BuffAmp_PM.c **** *******************************************************************************/
 121:.\Generated_Source\PSoC5/DAC_2_BuffAmp_PM.c **** void DAC_2_BuffAmp_Wakeup(void) 
 122:.\Generated_Source\PSoC5/DAC_2_BuffAmp_PM.c **** {
 133              		.loc 1 122 0
 134              		.cfi_startproc
 135              		@ args = 0, pretend = 0, frame = 0
 136              		@ frame_needed = 1, uses_anonymous_args = 0
 137 0000 80B5     		push	{r7, lr}
 138              		.cfi_def_cfa_offset 8
 139              		.cfi_offset 7, -8
 140              		.cfi_offset 14, -4
 141 0002 00AF     		add	r7, sp, #0
 142              		.cfi_def_cfa_register 7
 123:.\Generated_Source\PSoC5/DAC_2_BuffAmp_PM.c ****     /* Restore the user configuration */
 124:.\Generated_Source\PSoC5/DAC_2_BuffAmp_PM.c ****     DAC_2_BuffAmp_RestoreConfig();
 143              		.loc 1 124 0
 144 0004 FFF7FEFF 		bl	DAC_2_BuffAmp_RestoreConfig
 125:.\Generated_Source\PSoC5/DAC_2_BuffAmp_PM.c **** 
 126:.\Generated_Source\PSoC5/DAC_2_BuffAmp_PM.c ****     /* Enables the component operation */
 127:.\Generated_Source\PSoC5/DAC_2_BuffAmp_PM.c ****     if(DAC_2_BuffAmp_backup.enableState == 1u)
 145              		.loc 1 127 0
 146 0008 034B     		ldr	r3, .L10
 147 000a 1B78     		ldrb	r3, [r3]	@ zero_extendqisi2
 148 000c 012B     		cmp	r3, #1
 149 000e 01D1     		bne	.L8
 128:.\Generated_Source\PSoC5/DAC_2_BuffAmp_PM.c ****     {
 129:.\Generated_Source\PSoC5/DAC_2_BuffAmp_PM.c ****         DAC_2_BuffAmp_Enable();
 150              		.loc 1 129 0
 151 0010 FFF7FEFF 		bl	DAC_2_BuffAmp_Enable
 152              	.L8:
 130:.\Generated_Source\PSoC5/DAC_2_BuffAmp_PM.c ****     } /* Do nothing if component was disable before */
 131:.\Generated_Source\PSoC5/DAC_2_BuffAmp_PM.c **** }
 153              		.loc 1 131 0
 154 0014 80BD     		pop	{r7, pc}
ARM GAS  C:\Users\Leiuqeze\AppData\Local\Temp\ccjuJjqK.s 			page 6


 155              	.L11:
 156 0016 00BF     		.align	2
 157              	.L10:
 158 0018 00000000 		.word	DAC_2_BuffAmp_backup
 159              		.cfi_endproc
 160              	.LFE3:
 161              		.size	DAC_2_BuffAmp_Wakeup, .-DAC_2_BuffAmp_Wakeup
 162              		.text
 163              	.Letext0:
 164              		.file 2 ".\\Generated_Source\\PSoC5\\cytypes.h"
 165              		.file 3 ".\\Generated_Source\\PSoC5\\DAC_2_BuffAmp.h"
 166              		.section	.debug_info,"",%progbits
 167              	.Ldebug_info0:
 168 0000 15010000 		.4byte	0x115
 169 0004 0400     		.2byte	0x4
 170 0006 00000000 		.4byte	.Ldebug_abbrev0
 171 000a 04       		.byte	0x4
 172 000b 01       		.uleb128 0x1
 173 000c 95010000 		.4byte	.LASF20
 174 0010 01       		.byte	0x1
 175 0011 90000000 		.4byte	.LASF21
 176 0015 63000000 		.4byte	.LASF22
 177 0019 00000000 		.4byte	.Ldebug_ranges0+0
 178 001d 00000000 		.4byte	0
 179 0021 00000000 		.4byte	.Ldebug_line0
 180 0025 02       		.uleb128 0x2
 181 0026 01       		.byte	0x1
 182 0027 06       		.byte	0x6
 183 0028 13010000 		.4byte	.LASF0
 184 002c 02       		.uleb128 0x2
 185 002d 01       		.byte	0x1
 186 002e 08       		.byte	0x8
 187 002f BC000000 		.4byte	.LASF1
 188 0033 02       		.uleb128 0x2
 189 0034 02       		.byte	0x2
 190 0035 05       		.byte	0x5
 191 0036 8B010000 		.4byte	.LASF2
 192 003a 02       		.uleb128 0x2
 193 003b 02       		.byte	0x2
 194 003c 07       		.byte	0x7
 195 003d 00010000 		.4byte	.LASF3
 196 0041 02       		.uleb128 0x2
 197 0042 04       		.byte	0x4
 198 0043 05       		.byte	0x5
 199 0044 E4000000 		.4byte	.LASF4
 200 0048 02       		.uleb128 0x2
 201 0049 04       		.byte	0x4
 202 004a 07       		.byte	0x7
 203 004b 3A000000 		.4byte	.LASF5
 204 004f 02       		.uleb128 0x2
 205 0050 08       		.byte	0x8
 206 0051 05       		.byte	0x5
 207 0052 00000000 		.4byte	.LASF6
 208 0056 02       		.uleb128 0x2
 209 0057 08       		.byte	0x8
 210 0058 07       		.byte	0x7
 211 0059 4C000000 		.4byte	.LASF7
ARM GAS  C:\Users\Leiuqeze\AppData\Local\Temp\ccjuJjqK.s 			page 7


 212 005d 03       		.uleb128 0x3
 213 005e 04       		.byte	0x4
 214 005f 05       		.byte	0x5
 215 0060 696E7400 		.ascii	"int\000"
 216 0064 02       		.uleb128 0x2
 217 0065 04       		.byte	0x4
 218 0066 07       		.byte	0x7
 219 0067 22000000 		.4byte	.LASF8
 220 006b 04       		.uleb128 0x4
 221 006c 34000000 		.4byte	.LASF12
 222 0070 02       		.byte	0x2
 223 0071 A1       		.byte	0xa1
 224 0072 2C000000 		.4byte	0x2c
 225 0076 02       		.uleb128 0x2
 226 0077 04       		.byte	0x4
 227 0078 04       		.byte	0x4
 228 0079 69010000 		.4byte	.LASF9
 229 007d 02       		.uleb128 0x2
 230 007e 08       		.byte	0x8
 231 007f 04       		.byte	0x4
 232 0080 F9000000 		.4byte	.LASF10
 233 0084 02       		.uleb128 0x2
 234 0085 01       		.byte	0x1
 235 0086 08       		.byte	0x8
 236 0087 DF000000 		.4byte	.LASF11
 237 008b 05       		.uleb128 0x5
 238 008c 2F000000 		.4byte	.LASF13
 239 0090 02       		.byte	0x2
 240 0091 4B01     		.2byte	0x14b
 241 0093 97000000 		.4byte	0x97
 242 0097 06       		.uleb128 0x6
 243 0098 6B000000 		.4byte	0x6b
 244 009c 02       		.uleb128 0x2
 245 009d 04       		.byte	0x4
 246 009e 07       		.byte	0x7
 247 009f 11020000 		.4byte	.LASF14
 248 00a3 07       		.uleb128 0x7
 249 00a4 01       		.byte	0x1
 250 00a5 03       		.byte	0x3
 251 00a6 26       		.byte	0x26
 252 00a7 B8000000 		.4byte	0xb8
 253 00ab 08       		.uleb128 0x8
 254 00ac ED000000 		.4byte	.LASF23
 255 00b0 03       		.byte	0x3
 256 00b1 28       		.byte	0x28
 257 00b2 6B000000 		.4byte	0x6b
 258 00b6 00       		.byte	0
 259 00b7 00       		.byte	0
 260 00b8 04       		.uleb128 0x4
 261 00b9 6F010000 		.4byte	.LASF15
 262 00bd 03       		.byte	0x3
 263 00be 29       		.byte	0x29
 264 00bf A3000000 		.4byte	0xa3
 265 00c3 09       		.uleb128 0x9
 266 00c4 1F010000 		.4byte	.LASF16
 267 00c8 01       		.byte	0x1
 268 00c9 25       		.byte	0x25
ARM GAS  C:\Users\Leiuqeze\AppData\Local\Temp\ccjuJjqK.s 			page 8


 269 00ca 00000000 		.4byte	.LFB0
 270 00ce 0C000000 		.4byte	.LFE0-.LFB0
 271 00d2 01       		.uleb128 0x1
 272 00d3 9C       		.byte	0x9c
 273 00d4 09       		.uleb128 0x9
 274 00d5 4D010000 		.4byte	.LASF17
 275 00d9 01       		.byte	0x1
 276 00da 39       		.byte	0x39
 277 00db 00000000 		.4byte	.LFB1
 278 00df 0C000000 		.4byte	.LFE1-.LFB1
 279 00e3 01       		.uleb128 0x1
 280 00e4 9C       		.byte	0x9c
 281 00e5 0A       		.uleb128 0xa
 282 00e6 0E000000 		.4byte	.LASF18
 283 00ea 01       		.byte	0x1
 284 00eb 52       		.byte	0x52
 285 00ec 00000000 		.4byte	.LFB2
 286 00f0 34000000 		.4byte	.LFE2-.LFB2
 287 00f4 01       		.uleb128 0x1
 288 00f5 9C       		.byte	0x9c
 289 00f6 0A       		.uleb128 0xa
 290 00f7 38010000 		.4byte	.LASF19
 291 00fb 01       		.byte	0x1
 292 00fc 79       		.byte	0x79
 293 00fd 00000000 		.4byte	.LFB3
 294 0101 1C000000 		.4byte	.LFE3-.LFB3
 295 0105 01       		.uleb128 0x1
 296 0106 9C       		.byte	0x9c
 297 0107 0B       		.uleb128 0xb
 298 0108 CA000000 		.4byte	.LASF24
 299 010c 01       		.byte	0x1
 300 010d 14       		.byte	0x14
 301 010e B8000000 		.4byte	0xb8
 302 0112 05       		.uleb128 0x5
 303 0113 03       		.byte	0x3
 304 0114 00000000 		.4byte	DAC_2_BuffAmp_backup
 305 0118 00       		.byte	0
 306              		.section	.debug_abbrev,"",%progbits
 307              	.Ldebug_abbrev0:
 308 0000 01       		.uleb128 0x1
 309 0001 11       		.uleb128 0x11
 310 0002 01       		.byte	0x1
 311 0003 25       		.uleb128 0x25
 312 0004 0E       		.uleb128 0xe
 313 0005 13       		.uleb128 0x13
 314 0006 0B       		.uleb128 0xb
 315 0007 03       		.uleb128 0x3
 316 0008 0E       		.uleb128 0xe
 317 0009 1B       		.uleb128 0x1b
 318 000a 0E       		.uleb128 0xe
 319 000b 55       		.uleb128 0x55
 320 000c 17       		.uleb128 0x17
 321 000d 11       		.uleb128 0x11
 322 000e 01       		.uleb128 0x1
 323 000f 10       		.uleb128 0x10
 324 0010 17       		.uleb128 0x17
 325 0011 00       		.byte	0
ARM GAS  C:\Users\Leiuqeze\AppData\Local\Temp\ccjuJjqK.s 			page 9


 326 0012 00       		.byte	0
 327 0013 02       		.uleb128 0x2
 328 0014 24       		.uleb128 0x24
 329 0015 00       		.byte	0
 330 0016 0B       		.uleb128 0xb
 331 0017 0B       		.uleb128 0xb
 332 0018 3E       		.uleb128 0x3e
 333 0019 0B       		.uleb128 0xb
 334 001a 03       		.uleb128 0x3
 335 001b 0E       		.uleb128 0xe
 336 001c 00       		.byte	0
 337 001d 00       		.byte	0
 338 001e 03       		.uleb128 0x3
 339 001f 24       		.uleb128 0x24
 340 0020 00       		.byte	0
 341 0021 0B       		.uleb128 0xb
 342 0022 0B       		.uleb128 0xb
 343 0023 3E       		.uleb128 0x3e
 344 0024 0B       		.uleb128 0xb
 345 0025 03       		.uleb128 0x3
 346 0026 08       		.uleb128 0x8
 347 0027 00       		.byte	0
 348 0028 00       		.byte	0
 349 0029 04       		.uleb128 0x4
 350 002a 16       		.uleb128 0x16
 351 002b 00       		.byte	0
 352 002c 03       		.uleb128 0x3
 353 002d 0E       		.uleb128 0xe
 354 002e 3A       		.uleb128 0x3a
 355 002f 0B       		.uleb128 0xb
 356 0030 3B       		.uleb128 0x3b
 357 0031 0B       		.uleb128 0xb
 358 0032 49       		.uleb128 0x49
 359 0033 13       		.uleb128 0x13
 360 0034 00       		.byte	0
 361 0035 00       		.byte	0
 362 0036 05       		.uleb128 0x5
 363 0037 16       		.uleb128 0x16
 364 0038 00       		.byte	0
 365 0039 03       		.uleb128 0x3
 366 003a 0E       		.uleb128 0xe
 367 003b 3A       		.uleb128 0x3a
 368 003c 0B       		.uleb128 0xb
 369 003d 3B       		.uleb128 0x3b
 370 003e 05       		.uleb128 0x5
 371 003f 49       		.uleb128 0x49
 372 0040 13       		.uleb128 0x13
 373 0041 00       		.byte	0
 374 0042 00       		.byte	0
 375 0043 06       		.uleb128 0x6
 376 0044 35       		.uleb128 0x35
 377 0045 00       		.byte	0
 378 0046 49       		.uleb128 0x49
 379 0047 13       		.uleb128 0x13
 380 0048 00       		.byte	0
 381 0049 00       		.byte	0
 382 004a 07       		.uleb128 0x7
ARM GAS  C:\Users\Leiuqeze\AppData\Local\Temp\ccjuJjqK.s 			page 10


 383 004b 13       		.uleb128 0x13
 384 004c 01       		.byte	0x1
 385 004d 0B       		.uleb128 0xb
 386 004e 0B       		.uleb128 0xb
 387 004f 3A       		.uleb128 0x3a
 388 0050 0B       		.uleb128 0xb
 389 0051 3B       		.uleb128 0x3b
 390 0052 0B       		.uleb128 0xb
 391 0053 01       		.uleb128 0x1
 392 0054 13       		.uleb128 0x13
 393 0055 00       		.byte	0
 394 0056 00       		.byte	0
 395 0057 08       		.uleb128 0x8
 396 0058 0D       		.uleb128 0xd
 397 0059 00       		.byte	0
 398 005a 03       		.uleb128 0x3
 399 005b 0E       		.uleb128 0xe
 400 005c 3A       		.uleb128 0x3a
 401 005d 0B       		.uleb128 0xb
 402 005e 3B       		.uleb128 0x3b
 403 005f 0B       		.uleb128 0xb
 404 0060 49       		.uleb128 0x49
 405 0061 13       		.uleb128 0x13
 406 0062 38       		.uleb128 0x38
 407 0063 0B       		.uleb128 0xb
 408 0064 00       		.byte	0
 409 0065 00       		.byte	0
 410 0066 09       		.uleb128 0x9
 411 0067 2E       		.uleb128 0x2e
 412 0068 00       		.byte	0
 413 0069 3F       		.uleb128 0x3f
 414 006a 19       		.uleb128 0x19
 415 006b 03       		.uleb128 0x3
 416 006c 0E       		.uleb128 0xe
 417 006d 3A       		.uleb128 0x3a
 418 006e 0B       		.uleb128 0xb
 419 006f 3B       		.uleb128 0x3b
 420 0070 0B       		.uleb128 0xb
 421 0071 27       		.uleb128 0x27
 422 0072 19       		.uleb128 0x19
 423 0073 11       		.uleb128 0x11
 424 0074 01       		.uleb128 0x1
 425 0075 12       		.uleb128 0x12
 426 0076 06       		.uleb128 0x6
 427 0077 40       		.uleb128 0x40
 428 0078 18       		.uleb128 0x18
 429 0079 9742     		.uleb128 0x2117
 430 007b 19       		.uleb128 0x19
 431 007c 00       		.byte	0
 432 007d 00       		.byte	0
 433 007e 0A       		.uleb128 0xa
 434 007f 2E       		.uleb128 0x2e
 435 0080 00       		.byte	0
 436 0081 3F       		.uleb128 0x3f
 437 0082 19       		.uleb128 0x19
 438 0083 03       		.uleb128 0x3
 439 0084 0E       		.uleb128 0xe
ARM GAS  C:\Users\Leiuqeze\AppData\Local\Temp\ccjuJjqK.s 			page 11


 440 0085 3A       		.uleb128 0x3a
 441 0086 0B       		.uleb128 0xb
 442 0087 3B       		.uleb128 0x3b
 443 0088 0B       		.uleb128 0xb
 444 0089 27       		.uleb128 0x27
 445 008a 19       		.uleb128 0x19
 446 008b 11       		.uleb128 0x11
 447 008c 01       		.uleb128 0x1
 448 008d 12       		.uleb128 0x12
 449 008e 06       		.uleb128 0x6
 450 008f 40       		.uleb128 0x40
 451 0090 18       		.uleb128 0x18
 452 0091 9642     		.uleb128 0x2116
 453 0093 19       		.uleb128 0x19
 454 0094 00       		.byte	0
 455 0095 00       		.byte	0
 456 0096 0B       		.uleb128 0xb
 457 0097 34       		.uleb128 0x34
 458 0098 00       		.byte	0
 459 0099 03       		.uleb128 0x3
 460 009a 0E       		.uleb128 0xe
 461 009b 3A       		.uleb128 0x3a
 462 009c 0B       		.uleb128 0xb
 463 009d 3B       		.uleb128 0x3b
 464 009e 0B       		.uleb128 0xb
 465 009f 49       		.uleb128 0x49
 466 00a0 13       		.uleb128 0x13
 467 00a1 02       		.uleb128 0x2
 468 00a2 18       		.uleb128 0x18
 469 00a3 00       		.byte	0
 470 00a4 00       		.byte	0
 471 00a5 00       		.byte	0
 472              		.section	.debug_aranges,"",%progbits
 473 0000 34000000 		.4byte	0x34
 474 0004 0200     		.2byte	0x2
 475 0006 00000000 		.4byte	.Ldebug_info0
 476 000a 04       		.byte	0x4
 477 000b 00       		.byte	0
 478 000c 0000     		.2byte	0
 479 000e 0000     		.2byte	0
 480 0010 00000000 		.4byte	.LFB0
 481 0014 0C000000 		.4byte	.LFE0-.LFB0
 482 0018 00000000 		.4byte	.LFB1
 483 001c 0C000000 		.4byte	.LFE1-.LFB1
 484 0020 00000000 		.4byte	.LFB2
 485 0024 34000000 		.4byte	.LFE2-.LFB2
 486 0028 00000000 		.4byte	.LFB3
 487 002c 1C000000 		.4byte	.LFE3-.LFB3
 488 0030 00000000 		.4byte	0
 489 0034 00000000 		.4byte	0
 490              		.section	.debug_ranges,"",%progbits
 491              	.Ldebug_ranges0:
 492 0000 00000000 		.4byte	.LFB0
 493 0004 0C000000 		.4byte	.LFE0
 494 0008 00000000 		.4byte	.LFB1
 495 000c 0C000000 		.4byte	.LFE1
 496 0010 00000000 		.4byte	.LFB2
ARM GAS  C:\Users\Leiuqeze\AppData\Local\Temp\ccjuJjqK.s 			page 12


 497 0014 34000000 		.4byte	.LFE2
 498 0018 00000000 		.4byte	.LFB3
 499 001c 1C000000 		.4byte	.LFE3
 500 0020 00000000 		.4byte	0
 501 0024 00000000 		.4byte	0
 502              		.section	.debug_line,"",%progbits
 503              	.Ldebug_line0:
 504 0000 B2000000 		.section	.debug_str,"MS",%progbits,1
 504      02006200 
 504      00000201 
 504      FB0E0D00 
 504      01010101 
 505              	.LASF6:
 506 0000 6C6F6E67 		.ascii	"long long int\000"
 506      206C6F6E 
 506      6720696E 
 506      7400
 507              	.LASF18:
 508 000e 4441435F 		.ascii	"DAC_2_BuffAmp_Sleep\000"
 508      325F4275 
 508      6666416D 
 508      705F536C 
 508      65657000 
 509              	.LASF8:
 510 0022 756E7369 		.ascii	"unsigned int\000"
 510      676E6564 
 510      20696E74 
 510      00
 511              	.LASF13:
 512 002f 72656738 		.ascii	"reg8\000"
 512      00
 513              	.LASF12:
 514 0034 75696E74 		.ascii	"uint8\000"
 514      3800
 515              	.LASF5:
 516 003a 6C6F6E67 		.ascii	"long unsigned int\000"
 516      20756E73 
 516      69676E65 
 516      6420696E 
 516      7400
 517              	.LASF7:
 518 004c 6C6F6E67 		.ascii	"long long unsigned int\000"
 518      206C6F6E 
 518      6720756E 
 518      7369676E 
 518      65642069 
 519              	.LASF22:
 520 0063 433A5C55 		.ascii	"C:\\Users\\Leiuqeze\\Desktop\\Oscope_Alpha.cydsn\000"
 520      73657273 
 520      5C4C6569 
 520      7571657A 
 520      655C4465 
 521              	.LASF21:
 522 0090 2E5C4765 		.ascii	".\\Generated_Source\\PSoC5\\DAC_2_BuffAmp_PM.c\000"
 522      6E657261 
 522      7465645F 
 522      536F7572 
ARM GAS  C:\Users\Leiuqeze\AppData\Local\Temp\ccjuJjqK.s 			page 13


 522      63655C50 
 523              	.LASF1:
 524 00bc 756E7369 		.ascii	"unsigned char\000"
 524      676E6564 
 524      20636861 
 524      7200
 525              	.LASF24:
 526 00ca 4441435F 		.ascii	"DAC_2_BuffAmp_backup\000"
 526      325F4275 
 526      6666416D 
 526      705F6261 
 526      636B7570 
 527              	.LASF11:
 528 00df 63686172 		.ascii	"char\000"
 528      00
 529              	.LASF4:
 530 00e4 6C6F6E67 		.ascii	"long int\000"
 530      20696E74 
 530      00
 531              	.LASF23:
 532 00ed 656E6162 		.ascii	"enableState\000"
 532      6C655374 
 532      61746500 
 533              	.LASF10:
 534 00f9 646F7562 		.ascii	"double\000"
 534      6C6500
 535              	.LASF3:
 536 0100 73686F72 		.ascii	"short unsigned int\000"
 536      7420756E 
 536      7369676E 
 536      65642069 
 536      6E7400
 537              	.LASF0:
 538 0113 7369676E 		.ascii	"signed char\000"
 538      65642063 
 538      68617200 
 539              	.LASF16:
 540 011f 4441435F 		.ascii	"DAC_2_BuffAmp_SaveConfig\000"
 540      325F4275 
 540      6666416D 
 540      705F5361 
 540      7665436F 
 541              	.LASF19:
 542 0138 4441435F 		.ascii	"DAC_2_BuffAmp_Wakeup\000"
 542      325F4275 
 542      6666416D 
 542      705F5761 
 542      6B657570 
 543              	.LASF17:
 544 014d 4441435F 		.ascii	"DAC_2_BuffAmp_RestoreConfig\000"
 544      325F4275 
 544      6666416D 
 544      705F5265 
 544      73746F72 
 545              	.LASF9:
 546 0169 666C6F61 		.ascii	"float\000"
 546      7400
ARM GAS  C:\Users\Leiuqeze\AppData\Local\Temp\ccjuJjqK.s 			page 14


 547              	.LASF15:
 548 016f 4441435F 		.ascii	"DAC_2_BuffAmp_BACKUP_STRUCT\000"
 548      325F4275 
 548      6666416D 
 548      705F4241 
 548      434B5550 
 549              	.LASF2:
 550 018b 73686F72 		.ascii	"short int\000"
 550      7420696E 
 550      7400
 551              	.LASF20:
 552 0195 474E5520 		.ascii	"GNU C 4.8.4 20140526 (release) [ARM/embedded-4_8-br"
 552      4320342E 
 552      382E3420 
 552      32303134 
 552      30353236 
 553 01c8 616E6368 		.ascii	"anch revision 211358] -mcpu=cortex-m3 -mthumb -g -O"
 553      20726576 
 553      6973696F 
 553      6E203231 
 553      31333538 
 554 01fb 30202D66 		.ascii	"0 -ffunction-sections\000"
 554      66756E63 
 554      74696F6E 
 554      2D736563 
 554      74696F6E 
 555              	.LASF14:
 556 0211 73697A65 		.ascii	"sizetype\000"
 556      74797065 
 556      00
 557              		.ident	"GCC: (GNU Tools for ARM Embedded Processors) 4.8.4 20140526 (release) [ARM/embedded-4_8-br
