Archive member included because of file (symbol)

.\ARM_GCC_484\Debug\Oscope_Alpha.a(cyfitter_cfg.o)
                              .\ARM_GCC_484\Debug\Cm3Start.o (cyfitter_cfg)
.\ARM_GCC_484\Debug\Oscope_Alpha.a(CyBootAsmGnu.o)
                              .\ARM_GCC_484\Debug\Oscope_Alpha.a(cyfitter_cfg.o) (CyDelayCycles)
.\ARM_GCC_484\Debug\Oscope_Alpha.a(CyDmac.o)
                              .\ARM_GCC_484\Debug\Cm3Start.o (CyDmacConfigure)
.\ARM_GCC_484\Debug\Oscope_Alpha.a(CyLib.o)
                              .\ARM_GCC_484\Debug\Cm3Start.o (CyResetStatus)
.\ARM_GCC_484\Debug\Oscope_Alpha.a(cyPm.o)
                              .\ARM_GCC_484\Debug\Oscope_Alpha.a(CyLib.o) (CyPmReadStatus)
.\ARM_GCC_484\Debug\Oscope_Alpha.a(UART_RX.o)
                              .\ARM_GCC_484\Debug\main.o (UART_RX_StartEx)
.\ARM_GCC_484\Debug\Oscope_Alpha.a(UART.o)
                              .\ARM_GCC_484\Debug\main.o (UART_Start)
.\ARM_GCC_484\Debug\Oscope_Alpha.a(UART_IntClock.o)
                              .\ARM_GCC_484\Debug\Oscope_Alpha.a(UART.o) (UART_IntClock_Start)
.\ARM_GCC_484\Debug\Oscope_Alpha.a(ADC.o)
                              .\ARM_GCC_484\Debug\main.o (ADC_Start)
.\ARM_GCC_484\Debug\Oscope_Alpha.a(ADC_INT.o)
                              .\ARM_GCC_484\Debug\Oscope_Alpha.a(ADC.o) (ADC_ISR)
.\ARM_GCC_484\Debug\Oscope_Alpha.a(DMA_ADC_MEM_dma.o)
                              .\ARM_GCC_484\Debug\main.o (DMA_ADC_MEM_DmaInitialize)
.\ARM_GCC_484\Debug\Oscope_Alpha.a(TIMER_DMA.o)
                              .\ARM_GCC_484\Debug\main.o (TIMER_DMA_Init)
.\ARM_GCC_484\Debug\Oscope_Alpha.a(DMA_ENABLE.o)
                              .\ARM_GCC_484\Debug\main.o (DMA_ENABLE_StartEx)
.\ARM_GCC_484\Debug\Oscope_Alpha.a(DMA_FRAME_READY.o)
                              .\ARM_GCC_484\Debug\main.o (DMA_FRAME_READY_StartEx)
.\ARM_GCC_484\Debug\Oscope_Alpha.a(DAC_1.o)
                              .\ARM_GCC_484\Debug\main.o (DAC_1_Start)
.\ARM_GCC_484\Debug\Oscope_Alpha.a(MUX_DAC.o)
                              .\ARM_GCC_484\Debug\main.o (MUX_DAC_FastSelect)
.\ARM_GCC_484\Debug\Oscope_Alpha.a(DAC_2.o)
                              .\ARM_GCC_484\Debug\main.o (DAC_2_Start)
.\ARM_GCC_484\Debug\Oscope_Alpha.a(Control_DAC.o)
                              .\ARM_GCC_484\Debug\main.o (Control_DAC_Write)
.\ARM_GCC_484\Debug\Oscope_Alpha.a(DAC_1_DacClk.o)
                              .\ARM_GCC_484\Debug\Oscope_Alpha.a(DAC_1.o) (DAC_1_DacClk_Start)
.\ARM_GCC_484\Debug\Oscope_Alpha.a(DAC_1_Wave1_DMA_dma.o)
                              .\ARM_GCC_484\Debug\Oscope_Alpha.a(DAC_1.o) (DAC_1_Wave1_DMA_DmaInitialize)
.\ARM_GCC_484\Debug\Oscope_Alpha.a(DAC_1_Wave2_DMA_dma.o)
                              .\ARM_GCC_484\Debug\Oscope_Alpha.a(DAC_1.o) (DAC_1_Wave2_DMA_DmaInitialize)
.\ARM_GCC_484\Debug\Oscope_Alpha.a(DAC_1_VDAC8.o)
                              .\ARM_GCC_484\Debug\Oscope_Alpha.a(DAC_1.o) (DAC_1_VDAC8_Init)
.\ARM_GCC_484\Debug\Oscope_Alpha.a(DAC_2_DacClk.o)
                              .\ARM_GCC_484\Debug\Oscope_Alpha.a(DAC_2.o) (DAC_2_DacClk_Start)
.\ARM_GCC_484\Debug\Oscope_Alpha.a(DAC_2_Wave1_DMA_dma.o)
                              .\ARM_GCC_484\Debug\Oscope_Alpha.a(DAC_2.o) (DAC_2_Wave1_DMA_DmaInitialize)
.\ARM_GCC_484\Debug\Oscope_Alpha.a(DAC_2_Wave2_DMA_dma.o)
                              .\ARM_GCC_484\Debug\Oscope_Alpha.a(DAC_2.o) (DAC_2_Wave2_DMA_DmaInitialize)
.\ARM_GCC_484\Debug\Oscope_Alpha.a(DAC_2_VDAC8.o)
                              .\ARM_GCC_484\Debug\Oscope_Alpha.a(DAC_2.o) (DAC_2_VDAC8_Init)
.\ARM_GCC_484\Debug\Oscope_Alpha.a(DAC_2_BuffAmp.o)
                              .\ARM_GCC_484\Debug\Oscope_Alpha.a(DAC_2.o) (DAC_2_BuffAmp_Init)
.\ARM_GCC_484\Debug\Oscope_Alpha.a(CyFlash.o)
                              .\ARM_GCC_484\Debug\Oscope_Alpha.a(cyPm.o) (CyFlash_SetWaitCycles)
.\ARM_GCC_484\Debug\Oscope_Alpha.a(CySpc.o)
                              .\ARM_GCC_484\Debug\Oscope_Alpha.a(CyFlash.o) (CySpcStart)
c:/program files (x86)/cypress/psoc creator/3.1/psoc creator/import/gnu_cs/arm/4.8.4/bin/../lib/gcc/arm-none-eabi/4.8.4/armv7-m\libgcc.a(_arm_addsubsf3.o)
                              .\ARM_GCC_484\Debug\Oscope_Alpha.a(ADC.o) (__aeabi_i2f)
c:/program files (x86)/cypress/psoc creator/3.1/psoc creator/import/gnu_cs/arm/4.8.4/bin/../lib/gcc/arm-none-eabi/4.8.4/armv7-m\libgcc.a(_arm_muldivsf3.o)
                              .\ARM_GCC_484\Debug\Oscope_Alpha.a(ADC.o) (__aeabi_fmul)
c:/program files (x86)/cypress/psoc creator/3.1/psoc creator/import/gnu_cs/arm/4.8.4/bin/../lib/gcc/arm-none-eabi/4.8.4/armv7-m\libgcc.a(_aeabi_ldivmod.o)
                              .\ARM_GCC_484\Debug\Oscope_Alpha.a(ADC.o) (__aeabi_ldivmod)
c:/program files (x86)/cypress/psoc creator/3.1/psoc creator/import/gnu_cs/arm/4.8.4/bin/../lib/gcc/arm-none-eabi/4.8.4/armv7-m\libgcc.a(bpabi.o)
[...]
Memory Configuration

Name             Origin             Length             Attributes
rom              0x00000000         0x00040000         xr
ram              0x1fff8000         0x00010000         xrw
*default*        0x00000000         0xffffffff

Linker script and memory map

LOAD c:/program files (x86)/cypress/psoc creator/3.1/psoc creator/import/gnu_cs/arm/4.8.4/bin/../lib/gcc/arm-none-eabi/4.8.4/armv7-m/crti.o
LOAD c:/program files (x86)/cypress/psoc creator/3.1/psoc creator/import/gnu_cs/arm/4.8.4/bin/../lib/gcc/arm-none-eabi/4.8.4/armv7-m/crtbegin.o
LOAD c:/program files (x86)/cypress/psoc creator/3.1/psoc creator/import/gnu_cs/arm/4.8.4/bin/../lib/gcc/arm-none-eabi/4.8.4/../../../../arm-none-eabi/lib/armv7-m/crt0.o
START GROUP
LOAD .\ARM_GCC_484\Debug\main.o
LOAD .\ARM_GCC_484\Debug\cymetadata.o
LOAD .\ARM_GCC_484\Debug\Cm3Start.o
LOAD .\ARM_GCC_484\Debug\Oscope_Alpha.a
LOAD C:\Program Files (x86)\Cypress\PSoC Creator\3.1\PSoC Creator\psoc\content\cycomponentlibrary\CyComponentLibrary.cylib\CortexM3\ARM_GCC_484\Debug\CyComponentLibrary.a
END GROUP
START GROUP
LOAD c:/program files (x86)/cypress/psoc creator/3.1/psoc creator/import/gnu_cs/arm/4.8.4/bin/../lib/gcc/arm-none-eabi/4.8.4/armv7-m\libgcc.a
LOAD c:/program files (x86)/cypress/psoc creator/3.1/psoc creator/import/gnu_cs/arm/4.8.4/bin/../lib/gcc/arm-none-eabi/4.8.4/../../../../arm-none-eabi/lib/armv7-m\libg_s.a
LOAD c:/program files (x86)/cypress/psoc creator/3.1/psoc creator/import/gnu_cs/arm/4.8.4/bin/../lib/gcc/arm-none-eabi/4.8.4/../../../../arm-none-eabi/lib/armv7-m\libc_s.a
END GROUP
START GROUP
LOAD c:/program files (x86)/cypress/psoc creator/3.1/psoc creator/import/gnu_cs/arm/4.8.4/bin/../lib/gcc/arm-none-eabi/4.8.4/armv7-m\libgcc.a
LOAD c:/program files (x86)/cypress/psoc creator/3.1/psoc creator/import/gnu_cs/arm/4.8.4/bin/../lib/gcc/arm-none-eabi/4.8.4/../../../../arm-none-eabi/lib/armv7-m\libc_s.a
END GROUP
LOAD c:/program files (x86)/cypress/psoc creator/3.1/psoc creator/import/gnu_cs/arm/4.8.4/bin/../lib/gcc/arm-none-eabi/4.8.4/armv7-m/crtend.o
LOAD c:/program files (x86)/cypress/psoc creator/3.1/psoc creator/import/gnu_cs/arm/4.8.4/bin/../lib/gcc/arm-none-eabi/4.8.4/armv7-m/crtn.o
START GROUP
LOAD c:/program files (x86)/cypress/psoc creator/3.1/psoc creator/import/gnu_cs/arm/4.8.4/bin/../lib/gcc/arm-none-eabi/4.8.4/armv7-m\libgcc.a
LOAD c:/program files (x86)/cypress/psoc creator/3.1/psoc creator/import/gnu_cs/arm/4.8.4/bin/../lib/gcc/arm-none-eabi/4.8.4/../../../../arm-none-eabi/lib/armv7-m\libc.a
LOAD c:/program files (x86)/cypress/psoc creator/3.1/psoc creator/import/gnu_cs/arm/4.8.4/bin/../lib/gcc/arm-none-eabi/4.8.4/../../../../arm-none-eabi/lib/armv7-m\libnosys.a
END GROUP
                0x00000000                CY_APPL_ORIGIN = 0x0
                0x00000100                CY_FLASH_ROW_SIZE = 0x100
                0x00000020                CY_ECC_ROW_SIZE = 0x20
                0x00000000                CY_EE_IN_BTLDR = 0x0
                0x00000000                CY_APPL_LOADABLE = 0x0
                0x00000800                CY_EE_SIZE = 0x800
                0x00000001                CY_APPL_NUM = 0x1
                0x00000001                CY_APPL_MAX = 0x1
                0x00000040                CY_METADATA_SIZE = 0x40
                0x1fff8550                PROVIDE (__cy_heap_start, _end)
                0x00000001                PROVIDE (__cy_region_num, ((__cy_regions_end - __cy_regions) / 0x10))
                0x20008000                PROVIDE (__cy_stack, (ORIGIN (ram) + 0x10000))
                0x20007800                PROVIDE (__cy_heap_end, (__cy_stack - 0x800))

.cybootloader   0x00000000        0x0
 *(.cybootloader)
                0x00000000                appl1_start = CY_APPL_ORIGIN?CY_APPL_ORIGIN:ALIGN (CY_FLASH_ROW_SIZE)
                0x0001ff00                appl2_start = (appl1_start + ALIGN ((((0x40000 - appl1_start) - (0x2 * CY_FLASH_ROW_SIZE)) / 0x2), CY_FLASH_ROW_SIZE))
                0x00000000                appl_start = (CY_APPL_NUM == 0x1)?appl1_start:appl2_start
                0x00000000                ecc_offset = ((appl_start / CY_FLASH_ROW_SIZE) * CY_ECC_ROW_SIZE)
                0x00000000                ee_offset = (CY_APPL_LOADABLE && ! (CY_EE_IN_BTLDR))?((CY_EE_SIZE / CY_APPL_MAX) * (CY_APPL_NUM - 0x1)):0x0
                0x00000800                ee_size = (CY_APPL_LOADABLE && ! (CY_EE_IN_BTLDR))?(CY_EE_SIZE / CY_APPL_MAX):CY_EE_SIZE
                0x00000000                PROVIDE (CY_ECC_OFFSET, ecc_offset)

.text           0x00000000     0x2c8a
 CREATE_OBJECT_SYMBOLS
                0x00000000                PROVIDE (__cy_interrupt_vector, RomVectors)
 *(.romvectors)
 .romvectors    0x00000000       0x10 .\ARM_GCC_484\Debug\Cm3Start.o
                0x00000000                RomVectors
                0x00000001                ASSERT ((. != __cy_interrupt_vector), No interrupt vector)
                0x00000001                ASSERT (CY_APPL_ORIGIN?(SIZEOF (.cybootloader) <= CY_APPL_ORIGIN):0x1, Wrong image location)
                0x00000010                PROVIDE (__cy_reset, Reset)
 *(.text.Reset)
 .text.Reset    0x00000010       0x18 .\ARM_GCC_484\Debug\Cm3Start.o
                0x00000010                Reset
                0x00000001                ASSERT ((. != __cy_reset), No reset code)
 *(.dma_init)
                0x00000001                ASSERT ((((appl_start + .) <= 0x10000) || 0x1), DMA Init must be within the first 64k of flash)
 *(.text .text.* .gnu.linkonce.t.*)
 .text          0x00000028       0x54 c:/program files (x86)/cypress/psoc creator/3.1/psoc creator/import/gnu_cs/arm/4.8.4/bin/../lib/gcc/arm-none-eabi/4.8.4/armv7-m/crtbegin.o
 .text.main     0x0000007c       0xfc .\ARM_GCC_484\Debug\main.o
                0x0000007c                main
 .text.parseCommand
                0x00000178      0x2e4 .\ARM_GCC_484\Debug\main.o
                0x00000178                parseCommand
 .text.UART_RX_INTER
                0x0000045c       0x90 .\ARM_GCC_484\Debug\main.o
                0x0000045c                UART_RX_INTER
 .text.TIMER_DMA_INTER
                0x000004ec       0x18 .\ARM_GCC_484\Debug\main.o
                0x000004ec                TIMER_DMA_INTER
 .text.DMA_FRAME_INTER
                0x00000504       0x18 .\ARM_GCC_484\Debug\main.o
                0x00000504                DMA_FRAME_INTER
 .text.DMA_ADC_MEM_Config
                0x0000051c       0x6c .\ARM_GCC_484\Debug\main.o
                0x0000051c                DMA_ADC_MEM_Config
 .text.IntDefaultHandler
                0x00000588        0x8 .\ARM_GCC_484\Debug\Cm3Start.o
                0x00000588                IntDefaultHandler
 .text._sbrk    0x00000590       0x50 .\ARM_GCC_484\Debug\Cm3Start.o
                0x00000590                _sbrk
 .text.Start_c  0x000005e0       0x98 .\ARM_GCC_484\Debug\Cm3Start.o
                0x000005e0                Start_c
 .text.initialize_psoc
                0x00000678       0x90 .\ARM_GCC_484\Debug\Cm3Start.o
                0x00000678                initialize_psoc
 .text.CYMEMZERO
                0x00000708       0x1c .\ARM_GCC_484\Debug\Oscope_Alpha.a(cyfitter_cfg.o)
 .text.CYCONFIGCPY
                0x00000724       0x1c .\ARM_GCC_484\Debug\Oscope_Alpha.a(cyfitter_cfg.o)
 .text.CyClockStartupError
                0x00000740        0xc .\ARM_GCC_484\Debug\Oscope_Alpha.a(cyfitter_cfg.o)
 .text.cfg_write_bytes32
                0x0000074c       0x74 .\ARM_GCC_484\Debug\Oscope_Alpha.a(cyfitter_cfg.o)
 .text.ClockSetup
                0x000007c0      0x16c .\ARM_GCC_484\Debug\Oscope_Alpha.a(cyfitter_cfg.o)
 .text.AnalogSetDefault
                0x0000092c       0xd8 .\ARM_GCC_484\Debug\Oscope_Alpha.a(cyfitter_cfg.o)
 .text.MUX_DAC_Set
                0x00000a04       0x6c .\ARM_GCC_484\Debug\Oscope_Alpha.a(cyfitter_cfg.o)
                0x00000a04                MUX_DAC_Set
 .text.MUX_DAC_Unset
                0x00000a70       0x74 .\ARM_GCC_484\Debug\Oscope_Alpha.a(cyfitter_cfg.o)
                0x00000a70                MUX_DAC_Unset
 .text.cyfitter_cfg
                0x00000ae4      0x1b8 .\ARM_GCC_484\Debug\Oscope_Alpha.a(cyfitter_cfg.o)
                0x00000ae4                cyfitter_cfg
 *fill*         0x00000c9c        0x4 
 .text          0x00000ca0       0x60 .\ARM_GCC_484\Debug\Oscope_Alpha.a(CyBootAsmGnu.o)
                0x00000ca0                CyDelayCycles
                0x00000ce4                CyEnterCriticalSection
                0x00000cec                CyExitCriticalSection
 .text.CyDmacConfigure
                0x00000d00       0x5c .\ARM_GCC_484\Debug\Oscope_Alpha.a(CyDmac.o)
                0x00000d00                CyDmacConfigure
 .text.CyDmaChEnable
                0x00000d5c       0x8c .\ARM_GCC_484\Debug\Oscope_Alpha.a(CyDmac.o)
                0x00000d5c                CyDmaChEnable
 .text.CyDmaChDisable
                0x00000de8       0x64 .\ARM_GCC_484\Debug\Oscope_Alpha.a(CyDmac.o)
                0x00000de8                CyDmaChDisable
 .text.CyDmaChPriority
                0x00000e4c       0x5c .\ARM_GCC_484\Debug\Oscope_Alpha.a(CyDmac.o)
                0x00000e4c                CyDmaChPriority
 .text.CyDmaChSetExtendedAddress
                0x00000ea8       0x7c .\ARM_GCC_484\Debug\Oscope_Alpha.a(CyDmac.o)
                0x00000ea8                CyDmaChSetExtendedAddress
 .text.CyDmaChSetInitialTd
                0x00000f24       0x3c .\ARM_GCC_484\Debug\Oscope_Alpha.a(CyDmac.o)
                0x00000f24                CyDmaChSetInitialTd
 .text.CyDmaChSetConfiguration
                0x00000f60       0x90 .\ARM_GCC_484\Debug\Oscope_Alpha.a(CyDmac.o)
                0x00000f60                CyDmaChSetConfiguration
 .text.CyDmaTdAllocate
                0x00000ff0       0x5c .\ARM_GCC_484\Debug\Oscope_Alpha.a(CyDmac.o)
                0x00000ff0                CyDmaTdAllocate
 .text.CyDmaTdSetConfiguration
                0x0000104c       0x70 .\ARM_GCC_484\Debug\Oscope_Alpha.a(CyDmac.o)
                0x0000104c                CyDmaTdSetConfiguration
 .text.CyDmaTdSetAddress
                0x000010bc       0x5c .\ARM_GCC_484\Debug\Oscope_Alpha.a(CyDmac.o)
                0x000010bc                CyDmaTdSetAddress
 .text.CyHalt   0x00001118       0x18 .\ARM_GCC_484\Debug\Oscope_Alpha.a(CyLib.o)
                0x00001118                CyHalt
 .text.CyDelayUs
                0x00001130       0x24 .\ARM_GCC_484\Debug\Oscope_Alpha.a(CyLib.o)
                0x00001130                CyDelayUs
 .text.CyIntSetVector
                0x00001154       0x50 .\ARM_GCC_484\Debug\Oscope_Alpha.a(CyLib.o)
                0x00001154                CyIntSetVector
 .text.CyIntSetPriority
                0x000011a4       0x44 .\ARM_GCC_484\Debug\Oscope_Alpha.a(CyLib.o)
                0x000011a4                CyIntSetPriority
 .text.UART_RX_StartEx
                0x000011e8       0x24 .\ARM_GCC_484\Debug\Oscope_Alpha.a(UART_RX.o)
                0x000011e8                UART_RX_StartEx
 .text.UART_RX_SetVector
                0x0000120c       0x24 .\ARM_GCC_484\Debug\Oscope_Alpha.a(UART_RX.o)
                0x0000120c                UART_RX_SetVector
 .text.UART_RX_SetPriority
                0x00001230       0x24 .\ARM_GCC_484\Debug\Oscope_Alpha.a(UART_RX.o)
                0x00001230                UART_RX_SetPriority
 .text.UART_RX_Enable
                0x00001254       0x18 .\ARM_GCC_484\Debug\Oscope_Alpha.a(UART_RX.o)
                0x00001254                UART_RX_Enable
 .text.UART_RX_Disable
                0x0000126c       0x18 .\ARM_GCC_484\Debug\Oscope_Alpha.a(UART_RX.o)
                0x0000126c                UART_RX_Disable
 .text.UART_Start
                0x00001284       0x20 .\ARM_GCC_484\Debug\Oscope_Alpha.a(UART.o)
                0x00001284                UART_Start
 .text.UART_Init
                0x000012a4       0x40 .\ARM_GCC_484\Debug\Oscope_Alpha.a(UART.o)
                0x000012a4                UART_Init
 .text.UART_Enable
                0x000012e4       0x5c .\ARM_GCC_484\Debug\Oscope_Alpha.a(UART.o)
                0x000012e4                UART_Enable
 .text.UART_ReadRxStatus
                0x00001340       0x24 .\ARM_GCC_484\Debug\Oscope_Alpha.a(UART.o)
                0x00001340                UART_ReadRxStatus
 .text.UART_GetChar
                0x00001364       0x44 .\ARM_GCC_484\Debug\Oscope_Alpha.a(UART.o)
                0x00001364                UART_GetChar
 .text.UART_GetRxBufferSize
                0x000013a8       0x30 .\ARM_GCC_484\Debug\Oscope_Alpha.a(UART.o)
                0x000013a8                UART_GetRxBufferSize
 .text.UART_PutChar
                0x000013d8       0x34 .\ARM_GCC_484\Debug\Oscope_Alpha.a(UART.o)
                0x000013d8                UART_PutChar
 .text.UART_PutString
                0x0000140c       0x40 .\ARM_GCC_484\Debug\Oscope_Alpha.a(UART.o)
                0x0000140c                UART_PutString
 .text.UART_IntClock_Start
                0x0000144c       0x34 .\ARM_GCC_484\Debug\Oscope_Alpha.a(UART_IntClock.o)
                0x0000144c                UART_IntClock_Start
 .text.ADC_Start
                0x00001480       0x20 .\ARM_GCC_484\Debug\Oscope_Alpha.a(ADC.o)
                0x00001480                ADC_Start
 .text.ADC_Init
                0x000014a0       0x40 .\ARM_GCC_484\Debug\Oscope_Alpha.a(ADC.o)
                0x000014a0                ADC_Init
 .text.ADC_Enable
                0x000014e0       0xcc .\ARM_GCC_484\Debug\Oscope_Alpha.a(ADC.o)
                0x000014e0                ADC_Enable
 .text.ADC_Stop
                0x000015ac       0x58 .\ARM_GCC_484\Debug\Oscope_Alpha.a(ADC.o)
                0x000015ac                ADC_Stop
 .text.ADC_SetResolution
                0x00001604       0x50 .\ARM_GCC_484\Debug\Oscope_Alpha.a(ADC.o)
                0x00001604                ADC_SetResolution
 .text.ADC_StartConvert
                0x00001654       0x20 .\ARM_GCC_484\Debug\Oscope_Alpha.a(ADC.o)
                0x00001654                ADC_StartConvert
 .text.ADC_CalcGain
                0x00001674       0x7c .\ARM_GCC_484\Debug\Oscope_Alpha.a(ADC.o)
 .text.ADC_ISR  0x000016f0        0xc .\ARM_GCC_484\Debug\Oscope_Alpha.a(ADC_INT.o)
                0x000016f0                ADC_ISR
 .text.DMA_ADC_MEM_DmaInitialize
                0x000016fc       0x60 .\ARM_GCC_484\Debug\Oscope_Alpha.a(DMA_ADC_MEM_dma.o)
                0x000016fc                DMA_ADC_MEM_DmaInitialize
 .text.TIMER_DMA_Init
                0x0000175c       0x4c .\ARM_GCC_484\Debug\Oscope_Alpha.a(TIMER_DMA.o)
                0x0000175c                TIMER_DMA_Init
 .text.TIMER_DMA_Enable
                0x000017a8       0x20 .\ARM_GCC_484\Debug\Oscope_Alpha.a(TIMER_DMA.o)
                0x000017a8                TIMER_DMA_Enable
 .text.TIMER_DMA_Start
                0x000017c8       0x20 .\ARM_GCC_484\Debug\Oscope_Alpha.a(TIMER_DMA.o)
                0x000017c8                TIMER_DMA_Start
 .text.TIMER_DMA_Stop
                0x000017e8       0x20 .\ARM_GCC_484\Debug\Oscope_Alpha.a(TIMER_DMA.o)
                0x000017e8                TIMER_DMA_Stop
 .text.TIMER_DMA_SetInterruptMode
                0x00001808       0x20 .\ARM_GCC_484\Debug\Oscope_Alpha.a(TIMER_DMA.o)
                0x00001808                TIMER_DMA_SetInterruptMode
 .text.TIMER_DMA_ReadStatusRegister
                0x00001828       0x18 .\ARM_GCC_484\Debug\Oscope_Alpha.a(TIMER_DMA.o)
                0x00001828                TIMER_DMA_ReadStatusRegister
 .text.TIMER_DMA_WritePeriod
                0x00001840       0x1c .\ARM_GCC_484\Debug\Oscope_Alpha.a(TIMER_DMA.o)
                0x00001840                TIMER_DMA_WritePeriod
 .text.TIMER_DMA_ReadCapture
                0x0000185c       0x18 .\ARM_GCC_484\Debug\Oscope_Alpha.a(TIMER_DMA.o)
                0x0000185c                TIMER_DMA_ReadCapture
 .text.TIMER_DMA_WriteCounter
                0x00001874       0x1c .\ARM_GCC_484\Debug\Oscope_Alpha.a(TIMER_DMA.o)
                0x00001874                TIMER_DMA_WriteCounter
 .text.TIMER_DMA_ClearFIFO
                0x00001890       0x1c .\ARM_GCC_484\Debug\Oscope_Alpha.a(TIMER_DMA.o)
                0x00001890                TIMER_DMA_ClearFIFO
 .text.DMA_ENABLE_StartEx
                0x000018ac       0x24 .\ARM_GCC_484\Debug\Oscope_Alpha.a(DMA_ENABLE.o)
                0x000018ac                DMA_ENABLE_StartEx
 .text.DMA_ENABLE_SetVector
                0x000018d0       0x24 .\ARM_GCC_484\Debug\Oscope_Alpha.a(DMA_ENABLE.o)
                0x000018d0                DMA_ENABLE_SetVector
 .text.DMA_ENABLE_SetPriority
                0x000018f4       0x24 .\ARM_GCC_484\Debug\Oscope_Alpha.a(DMA_ENABLE.o)
                0x000018f4                DMA_ENABLE_SetPriority
 .text.DMA_ENABLE_Enable
                0x00001918       0x18 .\ARM_GCC_484\Debug\Oscope_Alpha.a(DMA_ENABLE.o)
                0x00001918                DMA_ENABLE_Enable
 .text.DMA_ENABLE_Disable
                0x00001930       0x18 .\ARM_GCC_484\Debug\Oscope_Alpha.a(DMA_ENABLE.o)
                0x00001930                DMA_ENABLE_Disable
 .text.DMA_FRAME_READY_StartEx
                0x00001948       0x24 .\ARM_GCC_484\Debug\Oscope_Alpha.a(DMA_FRAME_READY.o)
                0x00001948                DMA_FRAME_READY_StartEx
 .text.DMA_FRAME_READY_SetVector
                0x0000196c       0x24 .\ARM_GCC_484\Debug\Oscope_Alpha.a(DMA_FRAME_READY.o)
                0x0000196c                DMA_FRAME_READY_SetVector
 .text.DMA_FRAME_READY_SetPriority
                0x00001990       0x24 .\ARM_GCC_484\Debug\Oscope_Alpha.a(DMA_FRAME_READY.o)
                0x00001990                DMA_FRAME_READY_SetPriority
 .text.DMA_FRAME_READY_Enable
                0x000019b4       0x18 .\ARM_GCC_484\Debug\Oscope_Alpha.a(DMA_FRAME_READY.o)
                0x000019b4                DMA_FRAME_READY_Enable
 .text.DMA_FRAME_READY_Disable
                0x000019cc       0x18 .\ARM_GCC_484\Debug\Oscope_Alpha.a(DMA_FRAME_READY.o)
                0x000019cc                DMA_FRAME_READY_Disable
 .text.DAC_1_Init
                0x000019e4       0x54 .\ARM_GCC_484\Debug\Oscope_Alpha.a(DAC_1.o)
                0x000019e4                DAC_1_Init
 .text.DAC_1_Enable
                0x00001a38       0x34 .\ARM_GCC_484\Debug\Oscope_Alpha.a(DAC_1.o)
                0x00001a38                DAC_1_Enable
 .text.DAC_1_Start
                0x00001a6c       0x20 .\ARM_GCC_484\Debug\Oscope_Alpha.a(DAC_1.o)
                0x00001a6c                DAC_1_Start
 .text.DAC_1_Stop
                0x00001a8c       0x2c .\ARM_GCC_484\Debug\Oscope_Alpha.a(DAC_1.o)
                0x00001a8c                DAC_1_Stop
 .text.DAC_1_Wave1Setup
                0x00001ab8       0x70 .\ARM_GCC_484\Debug\Oscope_Alpha.a(DAC_1.o)
                0x00001ab8                DAC_1_Wave1Setup
 .text.DAC_1_Wave2Setup
                0x00001b28       0x70 .\ARM_GCC_484\Debug\Oscope_Alpha.a(DAC_1.o)
                0x00001b28                DAC_1_Wave2Setup
 .text.MUX_DAC_FastSelect
                0x00001b98       0x34 .\ARM_GCC_484\Debug\Oscope_Alpha.a(MUX_DAC.o)
                0x00001b98                MUX_DAC_FastSelect
 .text.MUX_DAC_DisconnectAll
                0x00001bcc       0x24 .\ARM_GCC_484\Debug\Oscope_Alpha.a(MUX_DAC.o)
                0x00001bcc                MUX_DAC_DisconnectAll
 .text.DAC_2_Init
                0x00001bf0       0x58 .\ARM_GCC_484\Debug\Oscope_Alpha.a(DAC_2.o)
                0x00001bf0                DAC_2_Init
 .text.DAC_2_Enable
                0x00001c48       0x38 .\ARM_GCC_484\Debug\Oscope_Alpha.a(DAC_2.o)
                0x00001c48                DAC_2_Enable
 .text.DAC_2_Start
                0x00001c80       0x20 .\ARM_GCC_484\Debug\Oscope_Alpha.a(DAC_2.o)
                0x00001c80                DAC_2_Start
 .text.DAC_2_Stop
                0x00001ca0       0x2c .\ARM_GCC_484\Debug\Oscope_Alpha.a(DAC_2.o)
                0x00001ca0                DAC_2_Stop
 .text.DAC_2_Wave1Setup
                0x00001ccc       0x70 .\ARM_GCC_484\Debug\Oscope_Alpha.a(DAC_2.o)
                0x00001ccc                DAC_2_Wave1Setup
 .text.DAC_2_Wave2Setup
                0x00001d3c       0x70 .\ARM_GCC_484\Debug\Oscope_Alpha.a(DAC_2.o)
                0x00001d3c                DAC_2_Wave2Setup
 .text.Control_DAC_Write
                0x00001dac       0x20 .\ARM_GCC_484\Debug\Oscope_Alpha.a(Control_DAC.o)
                0x00001dac                Control_DAC_Write
 .text.DAC_1_DacClk_Start
                0x00001dcc       0x34 .\ARM_GCC_484\Debug\Oscope_Alpha.a(DAC_1_DacClk.o)
                0x00001dcc                DAC_1_DacClk_Start
 .text.DAC_1_DacClk_Stop
                0x00001e00       0x34 .\ARM_GCC_484\Debug\Oscope_Alpha.a(DAC_1_DacClk.o)
                0x00001e00                DAC_1_DacClk_Stop
 .text.DAC_1_Wave1_DMA_DmaInitialize
                0x00001e34       0x60 .\ARM_GCC_484\Debug\Oscope_Alpha.a(DAC_1_Wave1_DMA_dma.o)
                0x00001e34                DAC_1_Wave1_DMA_DmaInitialize
 .text.DAC_1_Wave2_DMA_DmaInitialize
                0x00001e94       0x60 .\ARM_GCC_484\Debug\Oscope_Alpha.a(DAC_1_Wave2_DMA_dma.o)
                0x00001e94                DAC_1_Wave2_DMA_DmaInitialize
 .text.DAC_1_VDAC8_Init
                0x00001ef4       0x3c .\ARM_GCC_484\Debug\Oscope_Alpha.a(DAC_1_VDAC8.o)
                0x00001ef4                DAC_1_VDAC8_Init
 .text.DAC_1_VDAC8_Enable
                0x00001f30       0x34 .\ARM_GCC_484\Debug\Oscope_Alpha.a(DAC_1_VDAC8.o)
                0x00001f30                DAC_1_VDAC8_Enable
 .text.DAC_1_VDAC8_Stop
                0x00001f64       0x34 .\ARM_GCC_484\Debug\Oscope_Alpha.a(DAC_1_VDAC8.o)
                0x00001f64                DAC_1_VDAC8_Stop
 .text.DAC_1_VDAC8_SetSpeed
                0x00001f98       0x40 .\ARM_GCC_484\Debug\Oscope_Alpha.a(DAC_1_VDAC8.o)
                0x00001f98                DAC_1_VDAC8_SetSpeed
 .text.DAC_1_VDAC8_SetRange
                0x00001fd8       0x40 .\ARM_GCC_484\Debug\Oscope_Alpha.a(DAC_1_VDAC8.o)
                0x00001fd8                DAC_1_VDAC8_SetRange
 .text.DAC_1_VDAC8_SetValue
                0x00002018       0x20 .\ARM_GCC_484\Debug\Oscope_Alpha.a(DAC_1_VDAC8.o)
                0x00002018                DAC_1_VDAC8_SetValue
 .text.DAC_1_VDAC8_DacTrim
                0x00002038       0x3c .\ARM_GCC_484\Debug\Oscope_Alpha.a(DAC_1_VDAC8.o)
                0x00002038                DAC_1_VDAC8_DacTrim
 .text.DAC_2_DacClk_Start
                0x00002074       0x34 .\ARM_GCC_484\Debug\Oscope_Alpha.a(DAC_2_DacClk.o)
                0x00002074                DAC_2_DacClk_Start
 .text.DAC_2_DacClk_Stop
                0x000020a8       0x34 .\ARM_GCC_484\Debug\Oscope_Alpha.a(DAC_2_DacClk.o)
                0x000020a8                DAC_2_DacClk_Stop
 .text.DAC_2_Wave1_DMA_DmaInitialize
                0x000020dc       0x60 .\ARM_GCC_484\Debug\Oscope_Alpha.a(DAC_2_Wave1_DMA_dma.o)
                0x000020dc                DAC_2_Wave1_DMA_DmaInitialize
 .text.DAC_2_Wave2_DMA_DmaInitialize
                0x0000213c       0x60 .\ARM_GCC_484\Debug\Oscope_Alpha.a(DAC_2_Wave2_DMA_dma.o)
                0x0000213c                DAC_2_Wave2_DMA_DmaInitialize
 .text.DAC_2_VDAC8_Init
                0x0000219c       0x3c .\ARM_GCC_484\Debug\Oscope_Alpha.a(DAC_2_VDAC8.o)
                0x0000219c                DAC_2_VDAC8_Init
 .text.DAC_2_VDAC8_Enable
                0x000021d8       0x34 .\ARM_GCC_484\Debug\Oscope_Alpha.a(DAC_2_VDAC8.o)
                0x000021d8                DAC_2_VDAC8_Enable
 .text.DAC_2_VDAC8_Stop
                0x0000220c       0x34 .\ARM_GCC_484\Debug\Oscope_Alpha.a(DAC_2_VDAC8.o)
                0x0000220c                DAC_2_VDAC8_Stop
 .text.DAC_2_VDAC8_SetSpeed
                0x00002240       0x40 .\ARM_GCC_484\Debug\Oscope_Alpha.a(DAC_2_VDAC8.o)
                0x00002240                DAC_2_VDAC8_SetSpeed
 .text.DAC_2_VDAC8_SetRange
                0x00002280       0x40 .\ARM_GCC_484\Debug\Oscope_Alpha.a(DAC_2_VDAC8.o)
                0x00002280                DAC_2_VDAC8_SetRange
 .text.DAC_2_VDAC8_SetValue
                0x000022c0       0x20 .\ARM_GCC_484\Debug\Oscope_Alpha.a(DAC_2_VDAC8.o)
                0x000022c0                DAC_2_VDAC8_SetValue
 .text.DAC_2_VDAC8_DacTrim
                0x000022e0       0x3c .\ARM_GCC_484\Debug\Oscope_Alpha.a(DAC_2_VDAC8.o)
                0x000022e0                DAC_2_VDAC8_DacTrim
 .text.DAC_2_BuffAmp_Init
                0x0000231c        0xc .\ARM_GCC_484\Debug\Oscope_Alpha.a(DAC_2_BuffAmp.o)
                0x0000231c                DAC_2_BuffAmp_Init
 .text.DAC_2_BuffAmp_Enable
                0x00002328       0x48 .\ARM_GCC_484\Debug\Oscope_Alpha.a(DAC_2_BuffAmp.o)
                0x00002328                DAC_2_BuffAmp_Enable
 .text.DAC_2_BuffAmp_SetPower
                0x00002370       0x40 .\ARM_GCC_484\Debug\Oscope_Alpha.a(DAC_2_BuffAmp.o)
                0x00002370                DAC_2_BuffAmp_SetPower
 .text.__errno  0x000023b0        0xc c:/program files (x86)/cypress/psoc creator/3.1/psoc creator/import/gnu_cs/arm/4.8.4/bin/../lib/gcc/arm-none-eabi/4.8.4/../../../../arm-none-eabi/lib/armv7-m\libg_s.a(lib_a-errno.o)
                0x000023b0                __errno
 .text.__libc_init_array
                0x000023bc       0x4c c:/program files (x86)/cypress/psoc creator/3.1/psoc creator/import/gnu_cs/arm/4.8.4/bin/../lib/gcc/arm-none-eabi/4.8.4/../../../../arm-none-eabi/lib/armv7-m\libg_s.a(lib_a-init.o)
                0x000023bc                __libc_init_array
 .text.memcpy   0x00002408       0x12 c:/program files (x86)/cypress/psoc creator/3.1/psoc creator/import/gnu_cs/arm/4.8.4/bin/../lib/gcc/arm-none-eabi/4.8.4/../../../../arm-none-eabi/lib/armv7-m\libg_s.a(lib_a-memcpy-stub.o)
                0x00002408                memcpy
 .text.memset   0x0000241a       0x10 c:/program files (x86)/cypress/psoc creator/3.1/psoc creator/import/gnu_cs/arm/4.8.4/bin/../lib/gcc/arm-none-eabi/4.8.4/../../../../arm-none-eabi/lib/armv7-m\libg_s.a(lib_a-memset.o)
                0x0000241a                memset
 *fill*         0x0000242a        0x2 
 .text.sprintf  0x0000242c       0x48 c:/program files (x86)/cypress/psoc creator/3.1/psoc creator/import/gnu_cs/arm/4.8.4/bin/../lib/gcc/arm-none-eabi/4.8.4/../../../../arm-none-eabi/lib/armv7-m\libg_s.a(lib_a-sprintf.o)
                0x0000242c                siprintf
                0x0000242c                sprintf
 .text          0x00002474       0x14 c:/program files (x86)/cypress/psoc creator/3.1/psoc creator/import/gnu_cs/arm/4.8.4/bin/../lib/gcc/arm-none-eabi/4.8.4/../../../../arm-none-eabi/lib/armv7-m\libg_s.a(lib_a-strcmp.o)
                0x00002474                strcmp
 .text.strncpy  0x00002488       0x24 c:/program files (x86)/cypress/psoc creator/3.1/psoc creator/import/gnu_cs/arm/4.8.4/bin/../lib/gcc/arm-none-eabi/4.8.4/../../../../arm-none-eabi/lib/armv7-m\libg_s.a(lib_a-strncpy.o)
                0x00002488                strncpy
 .text.strpbrk  0x000024ac       0x30 c:/program files (x86)/cypress/psoc creator/3.1/psoc creator/import/gnu_cs/arm/4.8.4/bin/../lib/gcc/arm-none-eabi/4.8.4/../../../../arm-none-eabi/lib/armv7-m\libg_s.a(lib_a-strpbrk.o)
                0x000024ac                strpbrk
 .text.__ssputs_r
                0x000024dc       0xb8 c:/program files (x86)/cypress/psoc creator/3.1/psoc creator/import/gnu_cs/arm/4.8.4/bin/../lib/gcc/arm-none-eabi/4.8.4/../../../../arm-none-eabi/lib/armv7-m\libg_s.a(lib_a-svfprintf.o)
                0x000024dc                __ssputs_r
 .text._svfprintf_r
                0x00002594      0x1d8 c:/program files (x86)/cypress/psoc creator/3.1/psoc creator/import/gnu_cs/arm/4.8.4/bin/../lib/gcc/arm-none-eabi/4.8.4/../../../../arm-none-eabi/lib/armv7-m\libg_s.a(lib_a-svfprintf.o)
                0x00002594                _svfiprintf_r
                0x00002594                _svfprintf_r
 .text._printf_common
                0x0000276c       0xe4 c:/program files (x86)/cypress/psoc creator/3.1/psoc creator/import/gnu_cs/arm/4.8.4/bin/../lib/gcc/arm-none-eabi/4.8.4/../../../../arm-none-eabi/lib/armv7-m\libg_s.a(lib_a-vfprintf_i.o)
                0x0000276c                _printf_common
 .text._printf_i
                0x00002850      0x228 c:/program files (x86)/cypress/psoc creator/3.1/psoc creator/import/gnu_cs/arm/4.8.4/bin/../lib/gcc/arm-none-eabi/4.8.4/../../../../arm-none-eabi/lib/armv7-m\libg_s.a(lib_a-vfprintf_i.o)
                0x00002850                _printf_i
 .text.memchr   0x00002a78       0x1c c:/program files (x86)/cypress/psoc creator/3.1/psoc creator/import/gnu_cs/arm/4.8.4/bin/../lib/gcc/arm-none-eabi/4.8.4/../../../../arm-none-eabi/lib/armv7-m\libg_s.a(lib_a-memchr-stub.o)
                0x00002a78                memchr
 .text.memmove  0x00002a94       0x36 c:/program files (x86)/cypress/psoc creator/3.1/psoc creator/import/gnu_cs/arm/4.8.4/bin/../lib/gcc/arm-none-eabi/4.8.4/../../../../arm-none-eabi/lib/armv7-m\libg_s.a(lib_a-memmove.o)
                0x00002a94                memmove
 *fill*         0x00002aca        0x2 
 .text._free_r  0x00002acc       0x88 c:/program files (x86)/cypress/psoc creator/3.1/psoc creator/import/gnu_cs/arm/4.8.4/bin/../lib/gcc/arm-none-eabi/4.8.4/../../../../arm-none-eabi/lib/armv7-m\libg_s.a(lib_a-nano-freer.o)
                0x00002acc                _free_r
 .text._malloc_r
                0x00002b54       0xa8 c:/program files (x86)/cypress/psoc creator/3.1/psoc creator/import/gnu_cs/arm/4.8.4/bin/../lib/gcc/arm-none-eabi/4.8.4/../../../../arm-none-eabi/lib/armv7-m\libg_s.a(lib_a-nano-mallocr.o)
                0x00002b54                _malloc_r
 .text._realloc_r
                0x00002bfc       0x4c c:/program files (x86)/cypress/psoc creator/3.1/psoc creator/import/gnu_cs/arm/4.8.4/bin/../lib/gcc/arm-none-eabi/4.8.4/../../../../arm-none-eabi/lib/armv7-m\libg_s.a(lib_a-nano-reallocr.o)
                0x00002bfc                _realloc_r
 .text._sbrk_r  0x00002c48       0x20 c:/program files (x86)/cypress/psoc creator/3.1/psoc creator/import/gnu_cs/arm/4.8.4/bin/../lib/gcc/arm-none-eabi/4.8.4/../../../../arm-none-eabi/lib/armv7-m\libg_s.a(lib_a-sbrkr.o)
                0x00002c48                _sbrk_r
 .text.strlen   0x00002c68       0x10 c:/program files (x86)/cypress/psoc creator/3.1/psoc creator/import/gnu_cs/arm/4.8.4/bin/../lib/gcc/arm-none-eabi/4.8.4/../../../../arm-none-eabi/lib/armv7-m\libg_s.a(lib_a-strlen.o)
                0x00002c68                strlen
 .text._malloc_usable_size_r
                0x00002c78       0x12 c:/program files (x86)/cypress/psoc creator/3.1/psoc creator/import/gnu_cs/arm/4.8.4/bin/../lib/gcc/arm-none-eabi/4.8.4/../../../../arm-none-eabi/lib/armv7-m\libg_s.a(lib_a-nano-msizer.o)
                0x00002c78                _malloc_usable_size_r
 *(.plt)
 *(.gnu.warning)
 *(.glue_7t)
 .glue_7t       0x00000000        0x0 linker stubs
 *(.glue_7)
 .glue_7        0x00000000        0x0 linker stubs
 *(.vfp11_veneer)
 .vfp11_veneer  0x00000000        0x0 linker stubs
 *(.bootloader)
 *(.ARM.extab* .gnu.linkonce.armextab.*)
 *(.gcc_except_table)

.v4_bx          0x00002c8c        0x0
 .v4_bx         0x00000000        0x0 linker stubs

.iplt           0x00002c8c        0x0
 .iplt          0x00000000        0x0 c:/program files (x86)/cypress/psoc creator/3.1/psoc creator/import/gnu_cs/arm/4.8.4/bin/../lib/gcc/arm-none-eabi/4.8.4/armv7-m/crtbegin.o

.eh_frame_hdr
 *(.eh_frame_hdr)

.eh_frame       0x00002c8c        0x4
 *(.eh_frame)
 .eh_frame      0x00002c8c        0x0 c:/program files (x86)/cypress/psoc creator/3.1/psoc creator/import/gnu_cs/arm/4.8.4/bin/../lib/gcc/arm-none-eabi/4.8.4/armv7-m/crtbegin.o
 .eh_frame      0x00002c8c        0x4 c:/program files (x86)/cypress/psoc creator/3.1/psoc creator/import/gnu_cs/arm/4.8.4/bin/../lib/gcc/arm-none-eabi/4.8.4/armv7-m/crtend.o
                0x00002c90                PROVIDE (__exidx_start, .)

.ARM.exidx
 *(.ARM.exidx* .gnu.linkonce.armexidx.*)
                0x00002c90                __exidx_end = .

.rodata         0x00002c90      0x720
 *(.rodata .rodata.* .gnu.linkonce.r.*)
 .rodata        0x00002c90       0x50 .\ARM_GCC_484\Debug\main.o
 .rodata        0x00002ce0       0x60 .\ARM_GCC_484\Debug\Oscope_Alpha.a(cyfitter_cfg.o)
                0x00002ce0                MUX_DAC__addrTable
                0x00002cf0                MUX_DAC__maskTable
 .rodata        0x00002d40      0x300 .\ARM_GCC_484\Debug\Oscope_Alpha.a(DAC_1.o)
                0x00002d40                DAC_1_wave1
                0x00002e4c                DAC_1_wave2
 .rodata        0x00003040      0x300 .\ARM_GCC_484\Debug\Oscope_Alpha.a(DAC_2.o)
                0x00003040                DAC_2_wave1
                0x0000314c                DAC_2_wave2
 .rodata.str1.1
                0x00003340        0x2 c:/program files (x86)/cypress/psoc creator/3.1/psoc creator/import/gnu_cs/arm/4.8.4/bin/../lib/gcc/arm-none-eabi/4.8.4/../../../../arm-none-eabi/lib/armv7-m\libg_s.a(lib_a-impure.o)
 .rodata.str1.1
                0x00003342       0x11 c:/program files (x86)/cypress/psoc creator/3.1/psoc creator/import/gnu_cs/arm/4.8.4/bin/../lib/gcc/arm-none-eabi/4.8.4/../../../../arm-none-eabi/lib/armv7-m\libg_s.a(lib_a-svfprintf.o)
 .rodata.str1.1
                0x00003353       0x22 c:/program files (x86)/cypress/psoc creator/3.1/psoc creator/import/gnu_cs/arm/4.8.4/bin/../lib/gcc/arm-none-eabi/4.8.4/../../../../arm-none-eabi/lib/armv7-m\libg_s.a(lib_a-vfprintf_i.o)
                0x00003378                . = ALIGN (0x4)
 *fill*         0x00003375        0x3 
 *(.init)
 .init          0x00003378        0x4 c:/program files (x86)/cypress/psoc creator/3.1/psoc creator/import/gnu_cs/arm/4.8.4/bin/../lib/gcc/arm-none-eabi/4.8.4/armv7-m/crti.o
                0x00003378                _init
 .init          0x0000337c        0x8 c:/program files (x86)/cypress/psoc creator/3.1/psoc creator/import/gnu_cs/arm/4.8.4/bin/../lib/gcc/arm-none-eabi/4.8.4/armv7-m/crtn.o
                0x00003384                . = ALIGN (0x4)
                0x00003384                __preinit_array_start = .
 *(.preinit_array)
                0x00003384                __preinit_array_end = .
                0x00003384                . = ALIGN (0x4)
                0x00003384                __init_array_start = .
 *(SORT(.init_array.*))
 *(.init_array)
 .init_array    0x00003384        0x4 c:/program files (x86)/cypress/psoc creator/3.1/psoc creator/import/gnu_cs/arm/4.8.4/bin/../lib/gcc/arm-none-eabi/4.8.4/armv7-m/crtbegin.o
 .init_array    0x00003388        0x4 .\ARM_GCC_484\Debug\Cm3Start.o
                0x0000338c                __init_array_end = .
                0x0000338c                . = ALIGN (0x4)
 *(.fini)
 .fini          0x0000338c        0x4 c:/program files (x86)/cypress/psoc creator/3.1/psoc creator/import/gnu_cs/arm/4.8.4/bin/../lib/gcc/arm-none-eabi/4.8.4/armv7-m/crti.o
                0x0000338c                _fini
 .fini          0x00003390        0x8 c:/program files (x86)/cypress/psoc creator/3.1/psoc creator/import/gnu_cs/arm/4.8.4/bin/../lib/gcc/arm-none-eabi/4.8.4/armv7-m/crtn.o
                0x00003398                . = ALIGN (0x4)
                0x00003398                __fini_array_start = .
 *(.fini_array)
 .fini_array    0x00003398        0x4 c:/program files (x86)/cypress/psoc creator/3.1/psoc creator/import/gnu_cs/arm/4.8.4/bin/../lib/gcc/arm-none-eabi/4.8.4/armv7-m/crtbegin.o
 *(SORT(.fini_array.*))
                0x0000339c                __fini_array_end = .
                0x0000339c                . = ALIGN (0x4)
 *crtbegin.o(.ctors)
 *(EXCLUDE_FILE(*crtend.o) .ctors)
 *(SORT(.ctors.*))
 *crtend.o(.ctors)
                0x0000339c                . = ALIGN (0x4)
 *crtbegin.o(.dtors)
 *(EXCLUDE_FILE(*crtend.o) .dtors)
 *(SORT(.dtors.*))
 *crtend.o(.dtors)
                0x0000339c                . = ALIGN (0x4)
                0x0000339c                __cy_regions = .
                0x0000339c        0x4 LONG 0x33b0 __cy_region_init_ram
                0x000033a0        0x4 LONG 0x1fff8108 __cy_region_start_data
                0x000033a4        0x4 LONG 0x90 __cy_region_init_size_ram
                0x000033a8        0x4 LONG 0x3b8 __cy_region_zero_size_ram
                0x000033ac                __cy_regions_end = .
                0x000033b0                . = ALIGN (0x8)
 *fill*         0x000033ac        0x4 
                0x000033b0                _etext = .

.ramvectors     0x1fff8000      0x100
                0x1fff8000                __cy_region_start_ram = .
 *(.ramvectors)
 .ramvectors    0x1fff8000      0x100 .\ARM_GCC_484\Debug\Cm3Start.o
                0x1fff8000                CyRamVectors

.noinit         0x1fff8100        0x5
 *(.noinit)
 .noinit        0x1fff8100        0x4 .\ARM_GCC_484\Debug\Cm3Start.o
 .noinit        0x1fff8104        0x1 .\ARM_GCC_484\Debug\Oscope_Alpha.a(CyLib.o)
                0x1fff8104                CyResetStatus

.data           0x1fff8108       0x90 load address 0x000033b0
                0x1fff8108                __cy_region_start_data = .
 *(.jcr)
 .jcr           0x1fff8108        0x0 c:/program files (x86)/cypress/psoc creator/3.1/psoc creator/import/gnu_cs/arm/4.8.4/bin/../lib/gcc/arm-none-eabi/4.8.4/armv7-m/crtbegin.o
 .jcr           0x1fff8108        0x4 c:/program files (x86)/cypress/psoc creator/3.1/psoc creator/import/gnu_cs/arm/4.8.4/bin/../lib/gcc/arm-none-eabi/4.8.4/armv7-m/crtend.o
 *(.got.plt)
 *(.got)
 *(.shdata)
 *(.data .data.* .gnu.linkonce.d.*)
 .data          0x1fff810c        0x4 .\ARM_GCC_484\Debug\Cm3Start.o
 .data          0x1fff8110        0x8 .\ARM_GCC_484\Debug\Oscope_Alpha.a(CyDmac.o)
 .data          0x1fff8118       0x10 .\ARM_GCC_484\Debug\Oscope_Alpha.a(CyLib.o)
                0x1fff8118                cydelay_freq_hz
                0x1fff811c                cydelay_freq_khz
                0x1fff8120                cydelay_freq_mhz
                0x1fff8124                cydelay_32k_ms
 .data          0x1fff8128        0x1 .\ARM_GCC_484\Debug\Oscope_Alpha.a(DMA_ADC_MEM_dma.o)
                0x1fff8128                DMA_ADC_MEM_DmaHandle
 .data          0x1fff8129        0x1 .\ARM_GCC_484\Debug\Oscope_Alpha.a(MUX_DAC.o)
 .data          0x1fff812a        0x1 .\ARM_GCC_484\Debug\Oscope_Alpha.a(DAC_1_Wave1_DMA_dma.o)
                0x1fff812a                DAC_1_Wave1_DMA_DmaHandle
 .data          0x1fff812b        0x1 .\ARM_GCC_484\Debug\Oscope_Alpha.a(DAC_1_Wave2_DMA_dma.o)
                0x1fff812b                DAC_1_Wave2_DMA_DmaHandle
 .data          0x1fff812c        0x1 .\ARM_GCC_484\Debug\Oscope_Alpha.a(DAC_2_Wave1_DMA_dma.o)
                0x1fff812c                DAC_2_Wave1_DMA_DmaHandle
 .data          0x1fff812d        0x1 .\ARM_GCC_484\Debug\Oscope_Alpha.a(DAC_2_Wave2_DMA_dma.o)
                0x1fff812d                DAC_2_Wave2_DMA_DmaHandle
 *fill*         0x1fff812e        0x2 
 .data.impure_data
                0x1fff8130       0x60 c:/program files (x86)/cypress/psoc creator/3.1/psoc creator/import/gnu_cs/arm/4.8.4/bin/../lib/gcc/arm-none-eabi/4.8.4/../../../../arm-none-eabi/lib/armv7-m\libg_s.a(lib_a-impure.o)
 .data._impure_ptr
                0x1fff8190        0x4 c:/program files (x86)/cypress/psoc creator/3.1/psoc creator/import/gnu_cs/arm/4.8.4/bin/../lib/gcc/arm-none-eabi/4.8.4/../../../../arm-none-eabi/lib/armv7-m\libg_s.a(lib_a-impure.o)
                0x1fff8190                _impure_ptr
                0x1fff8198                . = ALIGN (0x8)
 *fill*         0x1fff8194        0x4 
 *(.ram)
                0x1fff8198                _edata = .

.igot.plt       0x1fff8198        0x0 load address 0x00003440
 .igot.plt      0x00000000        0x0 c:/program files (x86)/cypress/psoc creator/3.1/psoc creator/import/gnu_cs/arm/4.8.4/bin/../lib/gcc/arm-none-eabi/4.8.4/armv7-m/crtbegin.o

.bss            0x1fff8198      0x3b8 load address 0x00003440
                0x1fff8198                PROVIDE (__bss_start__, .)
 *(.shbss)
 *(.bss .bss.* .gnu.linkonce.b.*)
 .bss           0x1fff8198       0x1c c:/program files (x86)/cypress/psoc creator/3.1/psoc creator/import/gnu_cs/arm/4.8.4/bin/../lib/gcc/arm-none-eabi/4.8.4/armv7-m/crtbegin.o
 .bss           0x1fff81b4       0x2c .\ARM_GCC_484\Debug\main.o
                0x1fff81b4                initialized
                0x1fff81b5                rxBufLen
                0x1fff81b6                commandReady
                0x1fff81b8                command
                0x1fff81d8                adcOn
                0x1fff81d9                adcFrameReady
                0x1fff81da                dacOn
                0x1fff81db                ws
                0x1fff81dc                ms
 .bss           0x1fff81e0        0x2 .\ARM_GCC_484\Debug\Oscope_Alpha.a(UART.o)
                0x1fff81e0                UART_initVar
 .bss           0x1fff81e2        0x1 .\ARM_GCC_484\Debug\Oscope_Alpha.a(ADC.o)
                0x1fff81e2                ADC_initVar
 .bss           0x1fff81e3        0x1 .\ARM_GCC_484\Debug\Oscope_Alpha.a(TIMER_DMA.o)
                0x1fff81e3                TIMER_DMA_initVar
 .bss           0x1fff81e4        0x5 .\ARM_GCC_484\Debug\Oscope_Alpha.a(DAC_1.o)
                0x1fff81e4                DAC_1_initVar
 .bss           0x1fff81e9        0x5 .\ARM_GCC_484\Debug\Oscope_Alpha.a(DAC_2.o)
                0x1fff81e9                DAC_2_initVar
 *fill*         0x1fff81ee        0x2 
 .bss.__malloc_sbrk_start
                0x1fff81f0        0x4 c:/program files (x86)/cypress/psoc creator/3.1/psoc creator/import/gnu_cs/arm/4.8.4/bin/../lib/gcc/arm-none-eabi/4.8.4/../../../../arm-none-eabi/lib/armv7-m\libg_s.a(lib_a-nano-mallocr.o)
                0x1fff81f0                __malloc_sbrk_start
 .bss.__malloc_free_list
                0x1fff81f4        0x4 c:/program files (x86)/cypress/psoc creator/3.1/psoc creator/import/gnu_cs/arm/4.8.4/bin/../lib/gcc/arm-none-eabi/4.8.4/../../../../arm-none-eabi/lib/armv7-m\libg_s.a(lib_a-nano-mallocr.o)
                0x1fff81f4                __malloc_free_list
 *(COMMON)
 COMMON         0x1fff81f8      0x348 .\ARM_GCC_484\Debug\main.o
                0x1fff81f8                DMA_ADC_MEM_TD
                0x1fff81fc                rxBuffer
                0x1fff821c                DMA_ADC_MEM_Chan
                0x1fff8220                adcFrame
 COMMON         0x1fff8540        0xa .\ARM_GCC_484\Debug\Oscope_Alpha.a(ADC.o)
                0x1fff8540                ADC_countsPer10Volt
                0x1fff8544                ADC_shift
                0x1fff8546                ADC_countsPerVolt
                0x1fff8548                ADC_offset
 *fill*         0x1fff854a        0x2 
 COMMON         0x1fff854c        0x4 c:/program files (x86)/cypress/psoc creator/3.1/psoc creator/import/gnu_cs/arm/4.8.4/bin/../lib/gcc/arm-none-eabi/4.8.4/../../../../arm-none-eabi/lib/armv7-m\libg_s.a(lib_a-reent.o)
                0x1fff854c                errno
                0x1fff8550                . = ALIGN (0x8)
 *(.ram.b)
                0x1fff8550                _end = .
                0x1fff8550                __end = .
                0x1fff8550                PROVIDE (end, .)
                0x1fff8550                PROVIDE (__bss_end__, .)
                0x000033b0                __cy_region_init_ram = LOADADDR (.data)
                0x00000090                __cy_region_init_size_ram = (_edata - ADDR (.data))
                0x000003b8                __cy_region_zero_size_ram = (_end - _edata)

.heap           0x1fff8550       0x80 load address 0x00003440
                0x1fff8550                . = _end
                0x1fff85d0                . = (. + 0x80)
 *fill*         0x1fff8550       0x80 
                0x1fff85d0                __cy_heap_limit = .

.stack          0x20007800      0x800
                0x20007800                __cy_stack_limit = .
                0x20008000                . = (. + 0x800)
 *fill*         0x20007800      0x800 
                0x00000001                ASSERT ((__cy_stack_limit >= __cy_heap_limit), region RAM overflowed with stack)

.cyloadermeta
 *(.cyloadermeta)

.cyloadablemeta
 *(.cyloadablemeta)

.cyconfigecc    0x80000000      0x58c
 *(.cyconfigecc)
 .cyconfigecc   0x80000000      0x58c .\ARM_GCC_484\Debug\cymetadata.o
                0x80000000                cy_meta_configecc

.cycustnvl      0x90000000        0x4
 *(.cycustnvl)
 .cycustnvl     0x90000000        0x4 .\ARM_GCC_484\Debug\cymetadata.o
                0x90000000                cy_meta_custnvl

.cywolatch      0x90100000        0x4
 *(.cywolatch)
 .cywolatch     0x90100000        0x4 .\ARM_GCC_484\Debug\cymetadata.o
                0x90100000                cy_meta_wonvl

.cyeeprom       0x90200000        0x0
 *(.cyeeprom)
                0x00000001                ASSERT ((. <= ((0x90200000 + ee_offset) + ee_size)), .cyeeprom data will not fit in EEPROM)

.cyflashprotect
                0x90400000      0x100
 *(.cyflashprotect)
 .cyflashprotect
                0x90400000      0x100 .\ARM_GCC_484\Debug\cymetadata.o
                0x90400000                cy_meta_flashprotect

.cymeta         0x90500000        0xc
 *(.cymeta)
 .cymeta        0x90500000        0xc .\ARM_GCC_484\Debug\cymetadata.o
                0x90500000                cy_metadata

.rel.dyn        0x00003440        0x0 load address 0x9050000c
 .rel.iplt      0x00000000        0x0 c:/program files (x86)/cypress/psoc creator/3.1/psoc creator/import/gnu_cs/arm/4.8.4/bin/../lib/gcc/arm-none-eabi/4.8.4/armv7-m/crtbegin.o

.stab
 *(.stab)

.stabstr
 *(.stabstr)

.debug
 *(.debug)

.line
 *(.line)

.debug_srcinfo
 *(.debug_srcinfo)

.debug_sfnames
 *(.debug_sfnames)

.debug_aranges  0x00000000      0xdf0
 *(.debug_aranges)
 .debug_aranges
                0x00000000       0x48 .\ARM_GCC_484\Debug\main.o
 .debug_aranges
                0x00000048       0x18 .\ARM_GCC_484\Debug\cymetadata.o
 .debug_aranges
                0x00000060       0x48 .\ARM_GCC_484\Debug\Cm3Start.o
 .debug_aranges
                0x000000a8       0x70 .\ARM_GCC_484\Debug\Oscope_Alpha.a(cyfitter_cfg.o)
 .debug_aranges
                0x00000118       0x20 .\ARM_GCC_484\Debug\Oscope_Alpha.a(CyBootAsmGnu.o)
 .debug_aranges
                0x00000138       0xd8 .\ARM_GCC_484\Debug\Oscope_Alpha.a(CyDmac.o)
 .debug_aranges
                0x00000210      0x290 .\ARM_GCC_484\Debug\Oscope_Alpha.a(CyLib.o)
 .debug_aranges
                0x000004a0       0x90 .\ARM_GCC_484\Debug\Oscope_Alpha.a(cyPm.o)
 .debug_aranges
                0x00000530       0x80 .\ARM_GCC_484\Debug\Oscope_Alpha.a(UART_RX.o)
 .debug_aranges
                0x000005b0       0xf0 .\ARM_GCC_484\Debug\Oscope_Alpha.a(UART.o)
 .debug_aranges
                0x000006a0       0x70 .\ARM_GCC_484\Debug\Oscope_Alpha.a(UART_IntClock.o)
 .debug_aranges
                0x00000710       0xa8 .\ARM_GCC_484\Debug\Oscope_Alpha.a(ADC.o)
 .debug_aranges
                0x000007b8       0x20 .\ARM_GCC_484\Debug\Oscope_Alpha.a(ADC_INT.o)
 .debug_aranges
                0x000007d8       0x28 .\ARM_GCC_484\Debug\Oscope_Alpha.a(DMA_ADC_MEM_dma.o)
 .debug_aranges
                0x00000800       0x90 .\ARM_GCC_484\Debug\Oscope_Alpha.a(TIMER_DMA.o)
 .debug_aranges
                0x00000890       0x80 .\ARM_GCC_484\Debug\Oscope_Alpha.a(DMA_ENABLE.o)
 .debug_aranges
                0x00000910       0x80 .\ARM_GCC_484\Debug\Oscope_Alpha.a(DMA_FRAME_READY.o)
 .debug_aranges
                0x00000990       0x50 .\ARM_GCC_484\Debug\Oscope_Alpha.a(DAC_1.o)
 .debug_aranges
                0x000009e0       0x30 .\ARM_GCC_484\Debug\Oscope_Alpha.a(MUX_DAC.o)
 .debug_aranges
                0x00000a10       0x50 .\ARM_GCC_484\Debug\Oscope_Alpha.a(DAC_2.o)
 .debug_aranges
                0x00000a60       0x28 .\ARM_GCC_484\Debug\Oscope_Alpha.a(Control_DAC.o)
 .debug_aranges
                0x00000a88       0x70 .\ARM_GCC_484\Debug\Oscope_Alpha.a(DAC_1_DacClk.o)
 .debug_aranges
                0x00000af8       0x28 .\ARM_GCC_484\Debug\Oscope_Alpha.a(DAC_1_Wave1_DMA_dma.o)
 .debug_aranges
                0x00000b20       0x28 .\ARM_GCC_484\Debug\Oscope_Alpha.a(DAC_1_Wave2_DMA_dma.o)
 .debug_aranges
                0x00000b48       0x58 .\ARM_GCC_484\Debug\Oscope_Alpha.a(DAC_1_VDAC8.o)
 .debug_aranges
                0x00000ba0       0x70 .\ARM_GCC_484\Debug\Oscope_Alpha.a(DAC_2_DacClk.o)
 .debug_aranges
                0x00000c10       0x28 .\ARM_GCC_484\Debug\Oscope_Alpha.a(DAC_2_Wave1_DMA_dma.o)
 .debug_aranges
                0x00000c38       0x28 .\ARM_GCC_484\Debug\Oscope_Alpha.a(DAC_2_Wave2_DMA_dma.o)
 .debug_aranges
                0x00000c60       0x58 .\ARM_GCC_484\Debug\Oscope_Alpha.a(DAC_2_VDAC8.o)
 .debug_aranges
                0x00000cb8       0x40 .\ARM_GCC_484\Debug\Oscope_Alpha.a(DAC_2_BuffAmp.o)
 .debug_aranges
                0x00000cf8       0x80 .\ARM_GCC_484\Debug\Oscope_Alpha.a(CyFlash.o)
 .debug_aranges
                0x00000d78       0x78 .\ARM_GCC_484\Debug\Oscope_Alpha.a(CySpc.o)

.debug_pubnames
 *(.debug_pubnames)

.debug_info     0x00000000     0x5a6f
 *(.debug_info .gnu.linkonce.wi.*)
 .debug_info    0x00000000      0x36c .\ARM_GCC_484\Debug\main.o
 .debug_info    0x0000036c      0x13b .\ARM_GCC_484\Debug\cymetadata.o
 .debug_info    0x000004a7      0x323 .\ARM_GCC_484\Debug\Cm3Start.o
 .debug_info    0x000007ca      0x50a .\ARM_GCC_484\Debug\Oscope_Alpha.a(cyfitter_cfg.o)
 .debug_info    0x00000cd4       0x7d .\ARM_GCC_484\Debug\Oscope_Alpha.a(CyBootAsmGnu.o)
 .debug_info    0x00000d51      0x8b1 .\ARM_GCC_484\Debug\Oscope_Alpha.a(CyDmac.o)
 .debug_info    0x00001602      0xd85 .\ARM_GCC_484\Debug\Oscope_Alpha.a(CyLib.o)
 .debug_info    0x00002387      0x536 .\ARM_GCC_484\Debug\Oscope_Alpha.a(cyPm.o)
 .debug_info    0x000028bd      0x236 .\ARM_GCC_484\Debug\Oscope_Alpha.a(UART_RX.o)
 .debug_info    0x00002af3      0x500 .\ARM_GCC_484\Debug\Oscope_Alpha.a(UART.o)
 .debug_info    0x00002ff3      0x25b .\ARM_GCC_484\Debug\Oscope_Alpha.a(UART_IntClock.o)
 .debug_info    0x0000324e      0x470 .\ARM_GCC_484\Debug\Oscope_Alpha.a(ADC.o)
 .debug_info    0x000036be       0x92 .\ARM_GCC_484\Debug\Oscope_Alpha.a(ADC_INT.o)
 .debug_info    0x00003750      0x112 .\ARM_GCC_484\Debug\Oscope_Alpha.a(DMA_ADC_MEM_dma.o)
 .debug_info    0x00003862      0x252 .\ARM_GCC_484\Debug\Oscope_Alpha.a(TIMER_DMA.o)
 .debug_info    0x00003ab4      0x236 .\ARM_GCC_484\Debug\Oscope_Alpha.a(DMA_ENABLE.o)
 .debug_info    0x00003cea      0x236 .\ARM_GCC_484\Debug\Oscope_Alpha.a(DMA_FRAME_READY.o)
 .debug_info    0x00003f20      0x250 .\ARM_GCC_484\Debug\Oscope_Alpha.a(DAC_1.o)
 .debug_info    0x00004170       0xf6 .\ARM_GCC_484\Debug\Oscope_Alpha.a(MUX_DAC.o)
 .debug_info    0x00004266      0x250 .\ARM_GCC_484\Debug\Oscope_Alpha.a(DAC_2.o)
 .debug_info    0x000044b6       0xd6 .\ARM_GCC_484\Debug\Oscope_Alpha.a(Control_DAC.o)
 .debug_info    0x0000458c      0x25b .\ARM_GCC_484\Debug\Oscope_Alpha.a(DAC_1_DacClk.o)
 .debug_info    0x000047e7      0x112 .\ARM_GCC_484\Debug\Oscope_Alpha.a(DAC_1_Wave1_DMA_dma.o)
 .debug_info    0x000048f9      0x112 .\ARM_GCC_484\Debug\Oscope_Alpha.a(DAC_1_Wave2_DMA_dma.o)
 .debug_info    0x00004a0b      0x184 .\ARM_GCC_484\Debug\Oscope_Alpha.a(DAC_1_VDAC8.o)
 .debug_info    0x00004b8f      0x25b .\ARM_GCC_484\Debug\Oscope_Alpha.a(DAC_2_DacClk.o)
 .debug_info    0x00004dea      0x112 .\ARM_GCC_484\Debug\Oscope_Alpha.a(DAC_2_Wave1_DMA_dma.o)
 .debug_info    0x00004efc      0x112 .\ARM_GCC_484\Debug\Oscope_Alpha.a(DAC_2_Wave2_DMA_dma.o)
 .debug_info    0x0000500e      0x184 .\ARM_GCC_484\Debug\Oscope_Alpha.a(DAC_2_VDAC8.o)
 .debug_info    0x00005192      0x11d .\ARM_GCC_484\Debug\Oscope_Alpha.a(DAC_2_BuffAmp.o)
 .debug_info    0x000052af      0x36a .\ARM_GCC_484\Debug\Oscope_Alpha.a(CyFlash.o)
 .debug_info    0x00005619      0x456 .\ARM_GCC_484\Debug\Oscope_Alpha.a(CySpc.o)

.debug_abbrev   0x00000000     0x217b
 *(.debug_abbrev)
 .debug_abbrev  0x00000000      0x191 .\ARM_GCC_484\Debug\main.o
 .debug_abbrev  0x00000191       0x77 .\ARM_GCC_484\Debug\cymetadata.o
 .debug_abbrev  0x00000208      0x1c5 .\ARM_GCC_484\Debug\Cm3Start.o
 .debug_abbrev  0x000003cd      0x1ca .\ARM_GCC_484\Debug\Oscope_Alpha.a(cyfitter_cfg.o)
 .debug_abbrev  0x00000597       0x14 .\ARM_GCC_484\Debug\Oscope_Alpha.a(CyBootAsmGnu.o)
 .debug_abbrev  0x000005ab      0x194 .\ARM_GCC_484\Debug\Oscope_Alpha.a(CyDmac.o)
 .debug_abbrev  0x0000073f      0x217 .\ARM_GCC_484\Debug\Oscope_Alpha.a(CyLib.o)
 .debug_abbrev  0x00000956      0x16e .\ARM_GCC_484\Debug\Oscope_Alpha.a(cyPm.o)
 .debug_abbrev  0x00000ac4      0x156 .\ARM_GCC_484\Debug\Oscope_Alpha.a(UART_RX.o)
 .debug_abbrev  0x00000c1a      0x170 .\ARM_GCC_484\Debug\Oscope_Alpha.a(UART.o)
 .debug_abbrev  0x00000d8a      0x12a .\ARM_GCC_484\Debug\Oscope_Alpha.a(UART_IntClock.o)
 .debug_abbrev  0x00000eb4      0x180 .\ARM_GCC_484\Debug\Oscope_Alpha.a(ADC.o)
 .debug_abbrev  0x00001034       0x42 .\ARM_GCC_484\Debug\Oscope_Alpha.a(ADC_INT.o)
 .debug_abbrev  0x00001076       0x8b .\ARM_GCC_484\Debug\Oscope_Alpha.a(DMA_ADC_MEM_dma.o)
 .debug_abbrev  0x00001101      0x128 .\ARM_GCC_484\Debug\Oscope_Alpha.a(TIMER_DMA.o)
 .debug_abbrev  0x00001229      0x156 .\ARM_GCC_484\Debug\Oscope_Alpha.a(DMA_ENABLE.o)
 .debug_abbrev  0x0000137f      0x156 .\ARM_GCC_484\Debug\Oscope_Alpha.a(DMA_FRAME_READY.o)
 .debug_abbrev  0x000014d5       0xe3 .\ARM_GCC_484\Debug\Oscope_Alpha.a(DAC_1.o)
 .debug_abbrev  0x000015b8       0x87 .\ARM_GCC_484\Debug\Oscope_Alpha.a(MUX_DAC.o)
 .debug_abbrev  0x0000163f       0xe3 .\ARM_GCC_484\Debug\Oscope_Alpha.a(DAC_2.o)
 .debug_abbrev  0x00001722       0x8e .\ARM_GCC_484\Debug\Oscope_Alpha.a(Control_DAC.o)
 .debug_abbrev  0x000017b0      0x12a .\ARM_GCC_484\Debug\Oscope_Alpha.a(DAC_1_DacClk.o)
 .debug_abbrev  0x000018da       0x8b .\ARM_GCC_484\Debug\Oscope_Alpha.a(DAC_1_Wave1_DMA_dma.o)
 .debug_abbrev  0x00001965       0x8b .\ARM_GCC_484\Debug\Oscope_Alpha.a(DAC_1_Wave2_DMA_dma.o)
 .debug_abbrev  0x000019f0       0xf8 .\ARM_GCC_484\Debug\Oscope_Alpha.a(DAC_1_VDAC8.o)
 .debug_abbrev  0x00001ae8      0x12a .\ARM_GCC_484\Debug\Oscope_Alpha.a(DAC_2_DacClk.o)
 .debug_abbrev  0x00001c12       0x8b .\ARM_GCC_484\Debug\Oscope_Alpha.a(DAC_2_Wave1_DMA_dma.o)
 .debug_abbrev  0x00001c9d       0x8b .\ARM_GCC_484\Debug\Oscope_Alpha.a(DAC_2_Wave2_DMA_dma.o)
 .debug_abbrev  0x00001d28       0xf8 .\ARM_GCC_484\Debug\Oscope_Alpha.a(DAC_2_VDAC8.o)
 .debug_abbrev  0x00001e20       0xb5 .\ARM_GCC_484\Debug\Oscope_Alpha.a(DAC_2_BuffAmp.o)
 .debug_abbrev  0x00001ed5      0x12d .\ARM_GCC_484\Debug\Oscope_Alpha.a(CyFlash.o)
 .debug_abbrev  0x00002002      0x179 .\ARM_GCC_484\Debug\Oscope_Alpha.a(CySpc.o)

.debug_line     0x00000000     0x31b9
 *(.debug_line)
 .debug_line    0x00000000      0x287 .\ARM_GCC_484\Debug\main.o
 .debug_line    0x00000287       0x53 .\ARM_GCC_484\Debug\cymetadata.o
 .debug_line    0x000002da      0x1cf .\ARM_GCC_484\Debug\Cm3Start.o
 .debug_line    0x000004a9      0x263 .\ARM_GCC_484\Debug\Oscope_Alpha.a(cyfitter_cfg.o)
 .debug_line    0x0000070c       0x7f .\ARM_GCC_484\Debug\Oscope_Alpha.a(CyBootAsmGnu.o)
 .debug_line    0x0000078b      0x2af .\ARM_GCC_484\Debug\Oscope_Alpha.a(CyDmac.o)
 .debug_line    0x00000a3a      0x839 .\ARM_GCC_484\Debug\Oscope_Alpha.a(CyLib.o)
 .debug_line    0x00001273      0x366 .\ARM_GCC_484\Debug\Oscope_Alpha.a(cyPm.o)
 .debug_line    0x000015d9      0x152 .\ARM_GCC_484\Debug\Oscope_Alpha.a(UART_RX.o)
 .debug_line    0x0000172b      0x2ec .\ARM_GCC_484\Debug\Oscope_Alpha.a(UART.o)
 .debug_line    0x00001a17      0x1a5 .\ARM_GCC_484\Debug\Oscope_Alpha.a(UART_IntClock.o)
 .debug_line    0x00001bbc      0x201 .\ARM_GCC_484\Debug\Oscope_Alpha.a(ADC.o)
 .debug_line    0x00001dbd       0x55 .\ARM_GCC_484\Debug\Oscope_Alpha.a(ADC_INT.o)
 .debug_line    0x00001e12       0x80 .\ARM_GCC_484\Debug\Oscope_Alpha.a(DMA_ADC_MEM_dma.o)
 .debug_line    0x00001e92      0x178 .\ARM_GCC_484\Debug\Oscope_Alpha.a(TIMER_DMA.o)
 .debug_line    0x0000200a      0x155 .\ARM_GCC_484\Debug\Oscope_Alpha.a(DMA_ENABLE.o)
 .debug_line    0x0000215f      0x14a .\ARM_GCC_484\Debug\Oscope_Alpha.a(DMA_FRAME_READY.o)
 .debug_line    0x000022a9       0xf1 .\ARM_GCC_484\Debug\Oscope_Alpha.a(DAC_1.o)
 .debug_line    0x0000239a       0x9e .\ARM_GCC_484\Debug\Oscope_Alpha.a(MUX_DAC.o)
 .debug_line    0x00002438       0xef .\ARM_GCC_484\Debug\Oscope_Alpha.a(DAC_2.o)
 .debug_line    0x00002527       0x76 .\ARM_GCC_484\Debug\Oscope_Alpha.a(Control_DAC.o)
 .debug_line    0x0000259d      0x1a4 .\ARM_GCC_484\Debug\Oscope_Alpha.a(DAC_1_DacClk.o)
 .debug_line    0x00002741       0x84 .\ARM_GCC_484\Debug\Oscope_Alpha.a(DAC_1_Wave1_DMA_dma.o)
 .debug_line    0x000027c5       0x84 .\ARM_GCC_484\Debug\Oscope_Alpha.a(DAC_1_Wave2_DMA_dma.o)
 .debug_line    0x00002849       0xf5 .\ARM_GCC_484\Debug\Oscope_Alpha.a(DAC_1_VDAC8.o)
 .debug_line    0x0000293e      0x1a4 .\ARM_GCC_484\Debug\Oscope_Alpha.a(DAC_2_DacClk.o)
 .debug_line    0x00002ae2       0x84 .\ARM_GCC_484\Debug\Oscope_Alpha.a(DAC_2_Wave1_DMA_dma.o)
 .debug_line    0x00002b66       0x84 .\ARM_GCC_484\Debug\Oscope_Alpha.a(DAC_2_Wave2_DMA_dma.o)
 .debug_line    0x00002bea       0xf5 .\ARM_GCC_484\Debug\Oscope_Alpha.a(DAC_2_VDAC8.o)
 .debug_line    0x00002cdf       0xb7 .\ARM_GCC_484\Debug\Oscope_Alpha.a(DAC_2_BuffAmp.o)
 .debug_line    0x00002d96      0x217 .\ARM_GCC_484\Debug\Oscope_Alpha.a(CyFlash.o)
 .debug_line    0x00002fad      0x20c .\ARM_GCC_484\Debug\Oscope_Alpha.a(CySpc.o)

.debug_frame    0x00000000     0x2e64
 *(.debug_frame)
 .debug_frame   0x00000000       0xc4 .\ARM_GCC_484\Debug\main.o
 .debug_frame   0x000000c4       0xc4 .\ARM_GCC_484\Debug\Cm3Start.o
 .debug_frame   0x00000188      0x158 .\ARM_GCC_484\Debug\Oscope_Alpha.a(cyfitter_cfg.o)
 .debug_frame   0x000002e0      0x2c0 .\ARM_GCC_484\Debug\Oscope_Alpha.a(CyDmac.o)
 .debug_frame   0x000005a0      0x924 .\ARM_GCC_484\Debug\Oscope_Alpha.a(CyLib.o)
 .debug_frame   0x00000ec4      0x1d0 .\ARM_GCC_484\Debug\Oscope_Alpha.a(cyPm.o)
 .debug_frame   0x00001094      0x180 .\ARM_GCC_484\Debug\Oscope_Alpha.a(UART_RX.o)
 .debug_frame   0x00001214      0x328 .\ARM_GCC_484\Debug\Oscope_Alpha.a(UART.o)
 .debug_frame   0x0000153c      0x14c .\ARM_GCC_484\Debug\Oscope_Alpha.a(UART_IntClock.o)
 .debug_frame   0x00001688      0x230 .\ARM_GCC_484\Debug\Oscope_Alpha.a(ADC.o)
 .debug_frame   0x000018b8       0x2c .\ARM_GCC_484\Debug\Oscope_Alpha.a(ADC_INT.o)
 .debug_frame   0x000018e4       0x4c .\ARM_GCC_484\Debug\Oscope_Alpha.a(DMA_ADC_MEM_dma.o)
 .debug_frame   0x00001930      0x1b8 .\ARM_GCC_484\Debug\Oscope_Alpha.a(TIMER_DMA.o)
 .debug_frame   0x00001ae8      0x180 .\ARM_GCC_484\Debug\Oscope_Alpha.a(DMA_ENABLE.o)
 .debug_frame   0x00001c68      0x180 .\ARM_GCC_484\Debug\Oscope_Alpha.a(DMA_FRAME_READY.o)
 .debug_frame   0x00001de8       0xe0 .\ARM_GCC_484\Debug\Oscope_Alpha.a(DAC_1.o)
 .debug_frame   0x00001ec8       0x6c .\ARM_GCC_484\Debug\Oscope_Alpha.a(MUX_DAC.o)
 .debug_frame   0x00001f34       0xe0 .\ARM_GCC_484\Debug\Oscope_Alpha.a(DAC_2.o)
 .debug_frame   0x00002014       0x48 .\ARM_GCC_484\Debug\Oscope_Alpha.a(Control_DAC.o)
 .debug_frame   0x0000205c      0x14c .\ARM_GCC_484\Debug\Oscope_Alpha.a(DAC_1_DacClk.o)
 .debug_frame   0x000021a8       0x4c .\ARM_GCC_484\Debug\Oscope_Alpha.a(DAC_1_Wave1_DMA_dma.o)
 .debug_frame   0x000021f4       0x4c .\ARM_GCC_484\Debug\Oscope_Alpha.a(DAC_1_Wave2_DMA_dma.o)
 .debug_frame   0x00002240       0xf4 .\ARM_GCC_484\Debug\Oscope_Alpha.a(DAC_1_VDAC8.o)
 .debug_frame   0x00002334      0x14c .\ARM_GCC_484\Debug\Oscope_Alpha.a(DAC_2_DacClk.o)
 .debug_frame   0x00002480       0x4c .\ARM_GCC_484\Debug\Oscope_Alpha.a(DAC_2_Wave1_DMA_dma.o)
 .debug_frame   0x000024cc       0x4c .\ARM_GCC_484\Debug\Oscope_Alpha.a(DAC_2_Wave2_DMA_dma.o)
 .debug_frame   0x00002518       0xf4 .\ARM_GCC_484\Debug\Oscope_Alpha.a(DAC_2_VDAC8.o)
 .debug_frame   0x0000260c       0x9c .\ARM_GCC_484\Debug\Oscope_Alpha.a(DAC_2_BuffAmp.o)
 .debug_frame   0x000026a8      0x1a8 .\ARM_GCC_484\Debug\Oscope_Alpha.a(CyFlash.o)
 .debug_frame   0x00002850      0x174 .\ARM_GCC_484\Debug\Oscope_Alpha.a(CySpc.o)
 .debug_frame   0x000029c4       0x58 c:/program files (x86)/cypress/psoc creator/3.1/psoc creator/import/gnu_cs/arm/4.8.4/bin/../lib/gcc/arm-none-eabi/4.8.4/armv7-m\libgcc.a(bpabi.o)
 .debug_frame   0x00002a1c       0x34 c:/program files (x86)/cypress/psoc creator/3.1/psoc creator/import/gnu_cs/arm/4.8.4/bin/../lib/gcc/arm-none-eabi/4.8.4/armv7-m\libgcc.a(_divdi3.o)
 .debug_frame   0x00002a50       0x34 c:/program files (x86)/cypress/psoc creator/3.1/psoc creator/import/gnu_cs/arm/4.8.4/bin/../lib/gcc/arm-none-eabi/4.8.4/armv7-m\libgcc.a(_udivdi3.o)
 .debug_frame   0x00002a84       0x20 c:/program files (x86)/cypress/psoc creator/3.1/psoc creator/import/gnu_cs/arm/4.8.4/bin/../lib/gcc/arm-none-eabi/4.8.4/../../../../arm-none-eabi/lib/armv7-m\libg_s.a(lib_a-errno.o)
 .debug_frame   0x00002aa4       0x28 c:/program files (x86)/cypress/psoc creator/3.1/psoc creator/import/gnu_cs/arm/4.8.4/bin/../lib/gcc/arm-none-eabi/4.8.4/../../../../arm-none-eabi/lib/armv7-m\libg_s.a(lib_a-exit.o)
 .debug_frame   0x00002acc       0x2c c:/program files (x86)/cypress/psoc creator/3.1/psoc creator/import/gnu_cs/arm/4.8.4/bin/../lib/gcc/arm-none-eabi/4.8.4/../../../../arm-none-eabi/lib/armv7-m\libg_s.a(lib_a-init.o)
 .debug_frame   0x00002af8       0x28 c:/program files (x86)/cypress/psoc creator/3.1/psoc creator/import/gnu_cs/arm/4.8.4/bin/../lib/gcc/arm-none-eabi/4.8.4/../../../../arm-none-eabi/lib/armv7-m\libg_s.a(lib_a-memcpy-stub.o)
 .debug_frame   0x00002b20       0x20 c:/program files (x86)/cypress/psoc creator/3.1/psoc creator/import/gnu_cs/arm/4.8.4/bin/../lib/gcc/arm-none-eabi/4.8.4/../../../../arm-none-eabi/lib/armv7-m\libg_s.a(lib_a-memset.o)
 .debug_frame   0x00002b40       0x58 c:/program files (x86)/cypress/psoc creator/3.1/psoc creator/import/gnu_cs/arm/4.8.4/bin/../lib/gcc/arm-none-eabi/4.8.4/../../../../arm-none-eabi/lib/armv7-m\libg_s.a(lib_a-sprintf.o)
 .debug_frame   0x00002b98       0x28 c:/program files (x86)/cypress/psoc creator/3.1/psoc creator/import/gnu_cs/arm/4.8.4/bin/../lib/gcc/arm-none-eabi/4.8.4/../../../../arm-none-eabi/lib/armv7-m\libg_s.a(lib_a-strncpy.o)
 .debug_frame   0x00002bc0       0x2c c:/program files (x86)/cypress/psoc creator/3.1/psoc creator/import/gnu_cs/arm/4.8.4/bin/../lib/gcc/arm-none-eabi/4.8.4/../../../../arm-none-eabi/lib/armv7-m\libg_s.a(lib_a-strpbrk.o)
 .debug_frame   0x00002bec       0x88 c:/program files (x86)/cypress/psoc creator/3.1/psoc creator/import/gnu_cs/arm/4.8.4/bin/../lib/gcc/arm-none-eabi/4.8.4/../../../../arm-none-eabi/lib/armv7-m\libg_s.a(lib_a-svfprintf.o)
 .debug_frame   0x00002c74       0x60 c:/program files (x86)/cypress/psoc creator/3.1/psoc creator/import/gnu_cs/arm/4.8.4/bin/../lib/gcc/arm-none-eabi/4.8.4/../../../../arm-none-eabi/lib/armv7-m\libg_s.a(lib_a-vfprintf_i.o)
 .debug_frame   0x00002cd4       0x28 c:/program files (x86)/cypress/psoc creator/3.1/psoc creator/import/gnu_cs/arm/4.8.4/bin/../lib/gcc/arm-none-eabi/4.8.4/../../../../arm-none-eabi/lib/armv7-m\libg_s.a(lib_a-memchr-stub.o)
 .debug_frame   0x00002cfc       0x2c c:/program files (x86)/cypress/psoc creator/3.1/psoc creator/import/gnu_cs/arm/4.8.4/bin/../lib/gcc/arm-none-eabi/4.8.4/../../../../arm-none-eabi/lib/armv7-m\libg_s.a(lib_a-memmove.o)
 .debug_frame   0x00002d28       0x2c c:/program files (x86)/cypress/psoc creator/3.1/psoc creator/import/gnu_cs/arm/4.8.4/bin/../lib/gcc/arm-none-eabi/4.8.4/../../../../arm-none-eabi/lib/armv7-m\libg_s.a(lib_a-nano-freer.o)
 .debug_frame   0x00002d54       0x2c c:/program files (x86)/cypress/psoc creator/3.1/psoc creator/import/gnu_cs/arm/4.8.4/bin/../lib/gcc/arm-none-eabi/4.8.4/../../../../arm-none-eabi/lib/armv7-m\libg_s.a(lib_a-nano-mallocr.o)
 .debug_frame   0x00002d80       0x30 c:/program files (x86)/cypress/psoc creator/3.1/psoc creator/import/gnu_cs/arm/4.8.4/bin/../lib/gcc/arm-none-eabi/4.8.4/../../../../arm-none-eabi/lib/armv7-m\libg_s.a(lib_a-nano-reallocr.o)
 .debug_frame   0x00002db0       0x2c c:/program files (x86)/cypress/psoc creator/3.1/psoc creator/import/gnu_cs/arm/4.8.4/bin/../lib/gcc/arm-none-eabi/4.8.4/../../../../arm-none-eabi/lib/armv7-m\libg_s.a(lib_a-sbrkr.o)
 .debug_frame   0x00002ddc       0x20 c:/program files (x86)/cypress/psoc creator/3.1/psoc creator/import/gnu_cs/arm/4.8.4/bin/../lib/gcc/arm-none-eabi/4.8.4/../../../../arm-none-eabi/lib/armv7-m\libg_s.a(lib_a-strlen.o)
 .debug_frame   0x00002dfc       0x20 c:/program files (x86)/cypress/psoc creator/3.1/psoc creator/import/gnu_cs/arm/4.8.4/bin/../lib/gcc/arm-none-eabi/4.8.4/../../../../arm-none-eabi/lib/armv7-m\libg_s.a(lib_a-nano-msizer.o)
 .debug_frame   0x00002e1c       0x48 c:/program files (x86)/cypress/psoc creator/3.1/psoc creator/import/gnu_cs/arm/4.8.4/bin/../lib/gcc/arm-none-eabi/4.8.4/../../../../arm-none-eabi/lib/armv7-m\libg_s.a(lib_a-reent.o)

.debug_str      0x00000000     0x2ca1
 *(.debug_str)
 .debug_str     0x00000000      0x278 .\ARM_GCC_484\Debug\main.o
                                0x2b9 (size before relaxing)
 .debug_str     0x00000278       0x77 .\ARM_GCC_484\Debug\cymetadata.o
                                0x1c5 (size before relaxing)
 .debug_str     0x000002ef      0x132 .\ARM_GCC_484\Debug\Cm3Start.o
                                0x2a6 (size before relaxing)
 .debug_str     0x00000421      0x1cd .\ARM_GCC_484\Debug\Oscope_Alpha.a(cyfitter_cfg.o)
                                0x34f (size before relaxing)
 .debug_str     0x000005ee      0x360 .\ARM_GCC_484\Debug\Oscope_Alpha.a(CyDmac.o)
                                0x4ec (size before relaxing)
 .debug_str     0x0000094e      0x78d .\ARM_GCC_484\Debug\Oscope_Alpha.a(CyLib.o)
                                0x966 (size before relaxing)
 .debug_str     0x000010db      0x371 .\ARM_GCC_484\Debug\Oscope_Alpha.a(cyPm.o)
                                0x4f6 (size before relaxing)
 .debug_str     0x0000144c      0x104 .\ARM_GCC_484\Debug\Oscope_Alpha.a(UART_RX.o)
                                0x291 (size before relaxing)
 .debug_str     0x00001550      0x282 .\ARM_GCC_484\Debug\Oscope_Alpha.a(UART.o)
                                0x3f0 (size before relaxing)
 .debug_str     0x000017d2      0x1ac .\ARM_GCC_484\Debug\Oscope_Alpha.a(UART_IntClock.o)
                                0x311 (size before relaxing)
 .debug_str     0x0000197e      0x1b9 .\ARM_GCC_484\Debug\Oscope_Alpha.a(ADC.o)
                                0x37c (size before relaxing)
 .debug_str     0x00001b37       0x2b .\ARM_GCC_484\Debug\Oscope_Alpha.a(ADC_INT.o)
                                0x16a (size before relaxing)
 .debug_str     0x00001b62       0xad .\ARM_GCC_484\Debug\Oscope_Alpha.a(DMA_ADC_MEM_dma.o)
                                0x202 (size before relaxing)
 .debug_str     0x00001c0f      0x1bd .\ARM_GCC_484\Debug\Oscope_Alpha.a(TIMER_DMA.o)
                                0x325 (size before relaxing)
 .debug_str     0x00001dcc      0x12e .\ARM_GCC_484\Debug\Oscope_Alpha.a(DMA_ENABLE.o)
                                0x2bb (size before relaxing)
 .debug_str     0x00001efa      0x174 .\ARM_GCC_484\Debug\Oscope_Alpha.a(DMA_FRAME_READY.o)
                                0x301 (size before relaxing)
 .debug_str     0x0000206e      0x11f .\ARM_GCC_484\Debug\Oscope_Alpha.a(DAC_1.o)
                                0x27b (size before relaxing)
 .debug_str     0x0000218d       0x73 .\ARM_GCC_484\Debug\Oscope_Alpha.a(MUX_DAC.o)
                                0x1c0 (size before relaxing)
 .debug_str     0x00002200       0xe2 .\ARM_GCC_484\Debug\Oscope_Alpha.a(DAC_2.o)
                                0x27b (size before relaxing)
 .debug_str     0x000022e2       0x4a .\ARM_GCC_484\Debug\Oscope_Alpha.a(Control_DAC.o)
                                0x19c (size before relaxing)
 .debug_str     0x0000232c      0x155 .\ARM_GCC_484\Debug\Oscope_Alpha.a(DAC_1_DacClk.o)
                                0x305 (size before relaxing)
 .debug_str     0x00002481       0x82 .\ARM_GCC_484\Debug\Oscope_Alpha.a(DAC_1_Wave1_DMA_dma.o)
                                0x212 (size before relaxing)
 .debug_str     0x00002503       0x82 .\ARM_GCC_484\Debug\Oscope_Alpha.a(DAC_1_Wave2_DMA_dma.o)
                                0x212 (size before relaxing)
 .debug_str     0x00002585       0xe1 .\ARM_GCC_484\Debug\Oscope_Alpha.a(DAC_1_VDAC8.o)
                                0x236 (size before relaxing)
 .debug_str     0x00002666      0x155 .\ARM_GCC_484\Debug\Oscope_Alpha.a(DAC_2_DacClk.o)
                                0x305 (size before relaxing)
 .debug_str     0x000027bb       0x82 .\ARM_GCC_484\Debug\Oscope_Alpha.a(DAC_2_Wave1_DMA_dma.o)
                                0x212 (size before relaxing)
 .debug_str     0x0000283d       0x82 .\ARM_GCC_484\Debug\Oscope_Alpha.a(DAC_2_Wave2_DMA_dma.o)
                                0x212 (size before relaxing)
 .debug_str     0x000028bf       0xd5 .\ARM_GCC_484\Debug\Oscope_Alpha.a(DAC_2_VDAC8.o)
                                0x236 (size before relaxing)
 .debug_str     0x00002994       0xa5 .\ARM_GCC_484\Debug\Oscope_Alpha.a(DAC_2_BuffAmp.o)
                                0x1fe (size before relaxing)
 .debug_str     0x00002a39      0x147 .\ARM_GCC_484\Debug\Oscope_Alpha.a(CyFlash.o)
                                0x2c5 (size before relaxing)
 .debug_str     0x00002b80      0x121 .\ARM_GCC_484\Debug\Oscope_Alpha.a(CySpc.o)
                                0x2c2 (size before relaxing)

.debug_loc
 *(.debug_loc)

.debug_macinfo
 *(.debug_macinfo)

.debug_ranges   0x00000000      0xbd8
 *(.debug_ranges)
 .debug_ranges  0x00000000       0x38 .\ARM_GCC_484\Debug\main.o
 .debug_ranges  0x00000038       0x38 .\ARM_GCC_484\Debug\Cm3Start.o
 .debug_ranges  0x00000070       0x60 .\ARM_GCC_484\Debug\Oscope_Alpha.a(cyfitter_cfg.o)
 .debug_ranges  0x000000d0       0xc8 .\ARM_GCC_484\Debug\Oscope_Alpha.a(CyDmac.o)
 .debug_ranges  0x00000198      0x280 .\ARM_GCC_484\Debug\Oscope_Alpha.a(CyLib.o)
 .debug_ranges  0x00000418       0x80 .\ARM_GCC_484\Debug\Oscope_Alpha.a(cyPm.o)
 .debug_ranges  0x00000498       0x70 .\ARM_GCC_484\Debug\Oscope_Alpha.a(UART_RX.o)
 .debug_ranges  0x00000508       0xe0 .\ARM_GCC_484\Debug\Oscope_Alpha.a(UART.o)
 .debug_ranges  0x000005e8       0x60 .\ARM_GCC_484\Debug\Oscope_Alpha.a(UART_IntClock.o)
 .debug_ranges  0x00000648       0x98 .\ARM_GCC_484\Debug\Oscope_Alpha.a(ADC.o)
 .debug_ranges  0x000006e0       0x10 .\ARM_GCC_484\Debug\Oscope_Alpha.a(ADC_INT.o)
 .debug_ranges  0x000006f0       0x18 .\ARM_GCC_484\Debug\Oscope_Alpha.a(DMA_ADC_MEM_dma.o)
 .debug_ranges  0x00000708       0x80 .\ARM_GCC_484\Debug\Oscope_Alpha.a(TIMER_DMA.o)
 .debug_ranges  0x00000788       0x70 .\ARM_GCC_484\Debug\Oscope_Alpha.a(DMA_ENABLE.o)
 .debug_ranges  0x000007f8       0x70 .\ARM_GCC_484\Debug\Oscope_Alpha.a(DMA_FRAME_READY.o)
 .debug_ranges  0x00000868       0x40 .\ARM_GCC_484\Debug\Oscope_Alpha.a(DAC_1.o)
 .debug_ranges  0x000008a8       0x20 .\ARM_GCC_484\Debug\Oscope_Alpha.a(MUX_DAC.o)
 .debug_ranges  0x000008c8       0x40 .\ARM_GCC_484\Debug\Oscope_Alpha.a(DAC_2.o)
 .debug_ranges  0x00000908       0x18 .\ARM_GCC_484\Debug\Oscope_Alpha.a(Control_DAC.o)
 .debug_ranges  0x00000920       0x60 .\ARM_GCC_484\Debug\Oscope_Alpha.a(DAC_1_DacClk.o)
 .debug_ranges  0x00000980       0x18 .\ARM_GCC_484\Debug\Oscope_Alpha.a(DAC_1_Wave1_DMA_dma.o)
 .debug_ranges  0x00000998       0x18 .\ARM_GCC_484\Debug\Oscope_Alpha.a(DAC_1_Wave2_DMA_dma.o)
 .debug_ranges  0x000009b0       0x48 .\ARM_GCC_484\Debug\Oscope_Alpha.a(DAC_1_VDAC8.o)
 .debug_ranges  0x000009f8       0x60 .\ARM_GCC_484\Debug\Oscope_Alpha.a(DAC_2_DacClk.o)
 .debug_ranges  0x00000a58       0x18 .\ARM_GCC_484\Debug\Oscope_Alpha.a(DAC_2_Wave1_DMA_dma.o)
 .debug_ranges  0x00000a70       0x18 .\ARM_GCC_484\Debug\Oscope_Alpha.a(DAC_2_Wave2_DMA_dma.o)
 .debug_ranges  0x00000a88       0x48 .\ARM_GCC_484\Debug\Oscope_Alpha.a(DAC_2_VDAC8.o)
 .debug_ranges  0x00000ad0       0x30 .\ARM_GCC_484\Debug\Oscope_Alpha.a(DAC_2_BuffAmp.o)
 .debug_ranges  0x00000b00       0x70 .\ARM_GCC_484\Debug\Oscope_Alpha.a(CyFlash.o)
 .debug_ranges  0x00000b70       0x68 .\ARM_GCC_484\Debug\Oscope_Alpha.a(CySpc.o)

.comment        0x00000000       0x70
 .comment       0x00000000       0x70 .\ARM_GCC_484\Debug\main.o
                                 0x71 (size before relaxing)
 .comment       0x00000000       0x71 .\ARM_GCC_484\Debug\cymetadata.o
 .comment       0x00000000       0x71 .\ARM_GCC_484\Debug\Cm3Start.o
 .comment       0x00000000       0x71 .\ARM_GCC_484\Debug\Oscope_Alpha.a(cyfitter_cfg.o)
 .comment       0x00000000       0x71 .\ARM_GCC_484\Debug\Oscope_Alpha.a(CyDmac.o)
 .comment       0x00000000       0x71 .\ARM_GCC_484\Debug\Oscope_Alpha.a(CyLib.o)
 .comment       0x00000000       0x71 .\ARM_GCC_484\Debug\Oscope_Alpha.a(cyPm.o)
 .comment       0x00000000       0x71 .\ARM_GCC_484\Debug\Oscope_Alpha.a(UART_RX.o)
 .comment       0x00000000       0x71 .\ARM_GCC_484\Debug\Oscope_Alpha.a(UART.o)
 .comment       0x00000000       0x71 .\ARM_GCC_484\Debug\Oscope_Alpha.a(UART_IntClock.o)
 .comment       0x00000000       0x71 .\ARM_GCC_484\Debug\Oscope_Alpha.a(ADC.o)
 .comment       0x00000000       0x71 .\ARM_GCC_484\Debug\Oscope_Alpha.a(ADC_INT.o)
 .comment       0x00000000       0x71 .\ARM_GCC_484\Debug\Oscope_Alpha.a(DMA_ADC_MEM_dma.o)
 .comment       0x00000000       0x71 .\ARM_GCC_484\Debug\Oscope_Alpha.a(TIMER_DMA.o)
 .comment       0x00000000       0x71 .\ARM_GCC_484\Debug\Oscope_Alpha.a(DMA_ENABLE.o)
 .comment       0x00000000       0x71 .\ARM_GCC_484\Debug\Oscope_Alpha.a(DMA_FRAME_READY.o)
 .comment       0x00000000       0x71 .\ARM_GCC_484\Debug\Oscope_Alpha.a(DAC_1.o)
 .comment       0x00000000       0x71 .\ARM_GCC_484\Debug\Oscope_Alpha.a(MUX_DAC.o)
 .comment       0x00000000       0x71 .\ARM_GCC_484\Debug\Oscope_Alpha.a(DAC_2.o)
 .comment       0x00000000       0x71 .\ARM_GCC_484\Debug\Oscope_Alpha.a(Control_DAC.o)
 .comment       0x00000000       0x71 .\ARM_GCC_484\Debug\Oscope_Alpha.a(DAC_1_DacClk.o)
 .comment       0x00000000       0x71 .\ARM_GCC_484\Debug\Oscope_Alpha.a(DAC_1_Wave1_DMA_dma.o)
 .comment       0x00000000       0x71 .\ARM_GCC_484\Debug\Oscope_Alpha.a(DAC_1_Wave2_DMA_dma.o)
 .comment       0x00000000       0x71 .\ARM_GCC_484\Debug\Oscope_Alpha.a(DAC_1_VDAC8.o)
 .comment       0x00000000       0x71 .\ARM_GCC_484\Debug\Oscope_Alpha.a(DAC_2_DacClk.o)
 .comment       0x00000000       0x71 .\ARM_GCC_484\Debug\Oscope_Alpha.a(DAC_2_Wave1_DMA_dma.o)
 .comment       0x00000000       0x71 .\ARM_GCC_484\Debug\Oscope_Alpha.a(DAC_2_Wave2_DMA_dma.o)
 .comment       0x00000000       0x71 .\ARM_GCC_484\Debug\Oscope_Alpha.a(DAC_2_VDAC8.o)
 .comment       0x00000000       0x71 .\ARM_GCC_484\Debug\Oscope_Alpha.a(DAC_2_BuffAmp.o)
 .comment       0x00000000       0x71 .\ARM_GCC_484\Debug\Oscope_Alpha.a(CyFlash.o)
 .comment       0x00000000       0x71 .\ARM_GCC_484\Debug\Oscope_Alpha.a(CySpc.o)

.debug_weaknames
 *(.debug_weaknames)

.debug_funcnames
 *(.debug_funcnames)

.debug_typenames
 *(.debug_typenames)

.debug_varnames
 *(.debug_varnames)

.note.gnu.arm.ident
 *(.note.gnu.arm.ident)

.ARM.attributes
                0x00000000       0x29
 *(.ARM.attributes)
 .ARM.attributes
                0x00000000       0x1d c:/program files (x86)/cypress/psoc creator/3.1/psoc creator/import/gnu_cs/arm/4.8.4/bin/../lib/gcc/arm-none-eabi/4.8.4/armv7-m/crti.o
 .ARM.attributes
                0x0000001d       0x2d c:/program files (x86)/cypress/psoc creator/3.1/psoc creator/import/gnu_cs/arm/4.8.4/bin/../lib/gcc/arm-none-eabi/4.8.4/armv7-m/crtbegin.o
 .ARM.attributes
                0x0000004a       0x1b c:/program files (x86)/cypress/psoc creator/3.1/psoc creator/import/gnu_cs/arm/4.8.4/bin/../lib/gcc/arm-none-eabi/4.8.4/../../../../arm-none-eabi/lib/armv7-m/crt0.o
 .ARM.attributes
                0x00000065       0x33 .\ARM_GCC_484\Debug\main.o
 .ARM.attributes
                0x00000098       0x33 .\ARM_GCC_484\Debug\cymetadata.o
 .ARM.attributes
                0x000000cb       0x33 .\ARM_GCC_484\Debug\Cm3Start.o
 .ARM.attributes
                0x000000fe       0x33 .\ARM_GCC_484\Debug\Oscope_Alpha.a(cyfitter_cfg.o)
 .ARM.attributes
                0x00000131       0x21 .\ARM_GCC_484\Debug\Oscope_Alpha.a(CyBootAsmGnu.o)
 .ARM.attributes
                0x00000152       0x33 .\ARM_GCC_484\Debug\Oscope_Alpha.a(CyDmac.o)
 .ARM.attributes
                0x00000185       0x33 .\ARM_GCC_484\Debug\Oscope_Alpha.a(CyLib.o)
 .ARM.attributes
                0x000001b8       0x33 .\ARM_GCC_484\Debug\Oscope_Alpha.a(cyPm.o)
 .ARM.attributes
                0x000001eb       0x33 .\ARM_GCC_484\Debug\Oscope_Alpha.a(UART_RX.o)
 .ARM.attributes
                0x0000021e       0x33 .\ARM_GCC_484\Debug\Oscope_Alpha.a(UART.o)
 .ARM.attributes
                0x00000251       0x33 .\ARM_GCC_484\Debug\Oscope_Alpha.a(UART_IntClock.o)
 .ARM.attributes
                0x00000284       0x33 .\ARM_GCC_484\Debug\Oscope_Alpha.a(ADC.o)
 .ARM.attributes
                0x000002b7       0x33 .\ARM_GCC_484\Debug\Oscope_Alpha.a(ADC_INT.o)
 .ARM.attributes
                0x000002ea       0x33 .\ARM_GCC_484\Debug\Oscope_Alpha.a(DMA_ADC_MEM_dma.o)
 .ARM.attributes
                0x0000031d       0x33 .\ARM_GCC_484\Debug\Oscope_Alpha.a(TIMER_DMA.o)
 .ARM.attributes
                0x00000350       0x33 .\ARM_GCC_484\Debug\Oscope_Alpha.a(DMA_ENABLE.o)
 .ARM.attributes
                0x00000383       0x33 .\ARM_GCC_484\Debug\Oscope_Alpha.a(DMA_FRAME_READY.o)
 .ARM.attributes
                0x000003b6       0x33 .\ARM_GCC_484\Debug\Oscope_Alpha.a(DAC_1.o)
 .ARM.attributes
                0x000003e9       0x33 .\ARM_GCC_484\Debug\Oscope_Alpha.a(MUX_DAC.o)
 .ARM.attributes
                0x0000041c       0x33 .\ARM_GCC_484\Debug\Oscope_Alpha.a(DAC_2.o)
 .ARM.attributes
                0x0000044f       0x33 .\ARM_GCC_484\Debug\Oscope_Alpha.a(Control_DAC.o)
 .ARM.attributes
                0x00000482       0x33 .\ARM_GCC_484\Debug\Oscope_Alpha.a(DAC_1_DacClk.o)
 .ARM.attributes
                0x000004b5       0x33 .\ARM_GCC_484\Debug\Oscope_Alpha.a(DAC_1_Wave1_DMA_dma.o)
 .ARM.attributes
                0x000004e8       0x33 .\ARM_GCC_484\Debug\Oscope_Alpha.a(DAC_1_Wave2_DMA_dma.o)
 .ARM.attributes
                0x0000051b       0x33 .\ARM_GCC_484\Debug\Oscope_Alpha.a(DAC_1_VDAC8.o)
 .ARM.attributes
                0x0000054e       0x33 .\ARM_GCC_484\Debug\Oscope_Alpha.a(DAC_2_DacClk.o)
 .ARM.attributes
                0x00000581       0x33 .\ARM_GCC_484\Debug\Oscope_Alpha.a(DAC_2_Wave1_DMA_dma.o)
 .ARM.attributes
                0x000005b4       0x33 .\ARM_GCC_484\Debug\Oscope_Alpha.a(DAC_2_Wave2_DMA_dma.o)
 .ARM.attributes
                0x000005e7       0x33 .\ARM_GCC_484\Debug\Oscope_Alpha.a(DAC_2_VDAC8.o)
 .ARM.attributes
                0x0000061a       0x33 .\ARM_GCC_484\Debug\Oscope_Alpha.a(DAC_2_BuffAmp.o)
 .ARM.attributes
                0x0000064d       0x33 .\ARM_GCC_484\Debug\Oscope_Alpha.a(CyFlash.o)
 .ARM.attributes
                0x00000680       0x33 .\ARM_GCC_484\Debug\Oscope_Alpha.a(CySpc.o)
 .ARM.attributes
                0x000006b3       0x1d c:/program files (x86)/cypress/psoc creator/3.1/psoc creator/import/gnu_cs/arm/4.8.4/bin/../lib/gcc/arm-none-eabi/4.8.4/armv7-m\libgcc.a(_arm_addsubsf3.o)
 .ARM.attributes
                0x000006d0       0x1d c:/program files (x86)/cypress/psoc creator/3.1/psoc creator/import/gnu_cs/arm/4.8.4/bin/../lib/gcc/arm-none-eabi/4.8.4/armv7-m\libgcc.a(_arm_muldivsf3.o)
 .ARM.attributes
                0x000006ed       0x1d c:/program files (x86)/cypress/psoc creator/3.1/psoc creator/import/gnu_cs/arm/4.8.4/bin/../lib/gcc/arm-none-eabi/4.8.4/armv7-m\libgcc.a(_aeabi_ldivmod.o)
 .ARM.attributes
                0x0000070a       0x2d c:/program files (x86)/cypress/psoc creator/3.1/psoc creator/import/gnu_cs/arm/4.8.4/bin/../lib/gcc/arm-none-eabi/4.8.4/armv7-m\libgcc.a(bpabi.o)
 .ARM.attributes
                0x00000737       0x1d c:/program files (x86)/cypress/psoc creator/3.1/psoc creator/import/gnu_cs/arm/4.8.4/bin/../lib/gcc/arm-none-eabi/4.8.4/armv7-m\libgcc.a(_dvmd_tls.o)
 .ARM.attributes
                0x00000754       0x2d c:/program files (x86)/cypress/psoc creator/3.1/psoc creator/import/gnu_cs/arm/4.8.4/bin/../lib/gcc/arm-none-eabi/4.8.4/armv7-m\libgcc.a(_divdi3.o)
 .ARM.attributes
                0x00000781       0x2d c:/program files (x86)/cypress/psoc creator/3.1/psoc creator/import/gnu_cs/arm/4.8.4/bin/../lib/gcc/arm-none-eabi/4.8.4/armv7-m\libgcc.a(_udivdi3.o)
 .ARM.attributes
                0x000007ae       0x2d c:/program files (x86)/cypress/psoc creator/3.1/psoc creator/import/gnu_cs/arm/4.8.4/bin/../lib/gcc/arm-none-eabi/4.8.4/../../../../arm-none-eabi/lib/armv7-m\libg_s.a(lib_a-errno.o)
 .ARM.attributes
                0x000007db       0x2d c:/program files (x86)/cypress/psoc creator/3.1/psoc creator/import/gnu_cs/arm/4.8.4/bin/../lib/gcc/arm-none-eabi/4.8.4/../../../../arm-none-eabi/lib/armv7-m\libg_s.a(lib_a-exit.o)
 .ARM.attributes
                0x00000808       0x2d c:/program files (x86)/cypress/psoc creator/3.1/psoc creator/import/gnu_cs/arm/4.8.4/bin/../lib/gcc/arm-none-eabi/4.8.4/../../../../arm-none-eabi/lib/armv7-m\libg_s.a(lib_a-impure.o)
 .ARM.attributes
                0x00000835       0x2d c:/program files (x86)/cypress/psoc creator/3.1/psoc creator/import/gnu_cs/arm/4.8.4/bin/../lib/gcc/arm-none-eabi/4.8.4/../../../../arm-none-eabi/lib/armv7-m\libg_s.a(lib_a-init.o)
 .ARM.attributes
                0x00000862       0x2d c:/program files (x86)/cypress/psoc creator/3.1/psoc creator/import/gnu_cs/arm/4.8.4/bin/../lib/gcc/arm-none-eabi/4.8.4/../../../../arm-none-eabi/lib/armv7-m\libg_s.a(lib_a-memcpy-stub.o)
 .ARM.attributes
                0x0000088f       0x2d c:/program files (x86)/cypress/psoc creator/3.1/psoc creator/import/gnu_cs/arm/4.8.4/bin/../lib/gcc/arm-none-eabi/4.8.4/../../../../arm-none-eabi/lib/armv7-m\libg_s.a(lib_a-memset.o)
 .ARM.attributes
                0x000008bc       0x2d c:/program files (x86)/cypress/psoc creator/3.1/psoc creator/import/gnu_cs/arm/4.8.4/bin/../lib/gcc/arm-none-eabi/4.8.4/../../../../arm-none-eabi/lib/armv7-m\libg_s.a(lib_a-sprintf.o)
 .ARM.attributes
                0x000008e9       0x1b c:/program files (x86)/cypress/psoc creator/3.1/psoc creator/import/gnu_cs/arm/4.8.4/bin/../lib/gcc/arm-none-eabi/4.8.4/../../../../arm-none-eabi/lib/armv7-m\libg_s.a(lib_a-strcmp.o)
 .ARM.attributes
                0x00000904       0x2d c:/program files (x86)/cypress/psoc creator/3.1/psoc creator/import/gnu_cs/arm/4.8.4/bin/../lib/gcc/arm-none-eabi/4.8.4/../../../../arm-none-eabi/lib/armv7-m\libg_s.a(lib_a-strncpy.o)
 .ARM.attributes
                0x00000931       0x2d c:/program files (x86)/cypress/psoc creator/3.1/psoc creator/import/gnu_cs/arm/4.8.4/bin/../lib/gcc/arm-none-eabi/4.8.4/../../../../arm-none-eabi/lib/armv7-m\libg_s.a(lib_a-strpbrk.o)
 .ARM.attributes
                0x0000095e       0x2d c:/program files (x86)/cypress/psoc creator/3.1/psoc creator/import/gnu_cs/arm/4.8.4/bin/../lib/gcc/arm-none-eabi/4.8.4/../../../../arm-none-eabi/lib/armv7-m\libg_s.a(lib_a-svfprintf.o)
 .ARM.attributes
                0x0000098b       0x2d c:/program files (x86)/cypress/psoc creator/3.1/psoc creator/import/gnu_cs/arm/4.8.4/bin/../lib/gcc/arm-none-eabi/4.8.4/../../../../arm-none-eabi/lib/armv7-m\libg_s.a(lib_a-vfprintf_i.o)
 .ARM.attributes
                0x000009b8       0x2d c:/program files (x86)/cypress/psoc creator/3.1/psoc creator/import/gnu_cs/arm/4.8.4/bin/../lib/gcc/arm-none-eabi/4.8.4/../../../../arm-none-eabi/lib/armv7-m\libg_s.a(lib_a-memchr-stub.o)
 .ARM.attributes
                0x000009e5       0x2d c:/program files (x86)/cypress/psoc creator/3.1/psoc creator/import/gnu_cs/arm/4.8.4/bin/../lib/gcc/arm-none-eabi/4.8.4/../../../../arm-none-eabi/lib/armv7-m\libg_s.a(lib_a-memmove.o)
 .ARM.attributes
                0x00000a12       0x2d c:/program files (x86)/cypress/psoc creator/3.1/psoc creator/import/gnu_cs/arm/4.8.4/bin/../lib/gcc/arm-none-eabi/4.8.4/../../../../arm-none-eabi/lib/armv7-m\libg_s.a(lib_a-nano-freer.o)
 .ARM.attributes
                0x00000a3f       0x2d c:/program files (x86)/cypress/psoc creator/3.1/psoc creator/import/gnu_cs/arm/4.8.4/bin/../lib/gcc/arm-none-eabi/4.8.4/../../../../arm-none-eabi/lib/armv7-m\libg_s.a(lib_a-nano-mallocr.o)
 .ARM.attributes
                0x00000a6c       0x2d c:/program files (x86)/cypress/psoc creator/3.1/psoc creator/import/gnu_cs/arm/4.8.4/bin/../lib/gcc/arm-none-eabi/4.8.4/../../../../arm-none-eabi/lib/armv7-m\libg_s.a(lib_a-nano-reallocr.o)
 .ARM.attributes
                0x00000a99       0x2d c:/program files (x86)/cypress/psoc creator/3.1/psoc creator/import/gnu_cs/arm/4.8.4/bin/../lib/gcc/arm-none-eabi/4.8.4/../../../../arm-none-eabi/lib/armv7-m\libg_s.a(lib_a-sbrkr.o)
 .ARM.attributes
                0x00000ac6       0x2d c:/program files (x86)/cypress/psoc creator/3.1/psoc creator/import/gnu_cs/arm/4.8.4/bin/../lib/gcc/arm-none-eabi/4.8.4/../../../../arm-none-eabi/lib/armv7-m\libg_s.a(lib_a-strlen.o)
 .ARM.attributes
                0x00000af3       0x2d c:/program files (x86)/cypress/psoc creator/3.1/psoc creator/import/gnu_cs/arm/4.8.4/bin/../lib/gcc/arm-none-eabi/4.8.4/../../../../arm-none-eabi/lib/armv7-m\libg_s.a(lib_a-nano-msizer.o)
 .ARM.attributes
                0x00000b20       0x2d c:/program files (x86)/cypress/psoc creator/3.1/psoc creator/import/gnu_cs/arm/4.8.4/bin/../lib/gcc/arm-none-eabi/4.8.4/../../../../arm-none-eabi/lib/armv7-m\libg_s.a(lib_a-reent.o)
 .ARM.attributes
                0x00000b4d       0x2d c:/program files (x86)/cypress/psoc creator/3.1/psoc creator/import/gnu_cs/arm/4.8.4/bin/../lib/gcc/arm-none-eabi/4.8.4/armv7-m/crtend.o
 .ARM.attributes
                0x00000b7a       0x1d c:/program files (x86)/cypress/psoc creator/3.1/psoc creator/import/gnu_cs/arm/4.8.4/bin/../lib/gcc/arm-none-eabi/4.8.4/armv7-m/crtn.o

/DISCARD/
 *(.note.GNU-stack)
OUTPUT(.\ARM_GCC_484\Debug\Oscope_Alpha.elf elf32-littlearm)
