Archive member included because of file (symbol)

.\ARM_GCC_484\Debug\Oscope_Init_and_ADC_DMA.a(cyfitter_cfg.o)
                              .\ARM_GCC_484\Debug\Cm3Start.o (cyfitter_cfg)
.\ARM_GCC_484\Debug\Oscope_Init_and_ADC_DMA.a(CyBootAsmGnu.o)
                              .\ARM_GCC_484\Debug\Oscope_Init_and_ADC_DMA.a(cyfitter_cfg.o) (CyDelayCycles)
.\ARM_GCC_484\Debug\Oscope_Init_and_ADC_DMA.a(CyDmac.o)
                              .\ARM_GCC_484\Debug\Cm3Start.o (CyDmacConfigure)
.\ARM_GCC_484\Debug\Oscope_Init_and_ADC_DMA.a(CyLib.o)
                              .\ARM_GCC_484\Debug\Cm3Start.o (CyResetStatus)
.\ARM_GCC_484\Debug\Oscope_Init_and_ADC_DMA.a(cyPm.o)
                              .\ARM_GCC_484\Debug\Oscope_Init_and_ADC_DMA.a(CyLib.o) (CyPmReadStatus)
.\ARM_GCC_484\Debug\Oscope_Init_and_ADC_DMA.a(UART_RX.o)
                              .\ARM_GCC_484\Debug\main.o (UART_RX_StartEx)
.\ARM_GCC_484\Debug\Oscope_Init_and_ADC_DMA.a(UART.o)
                              .\ARM_GCC_484\Debug\main.o (UART_Start)
.\ARM_GCC_484\Debug\Oscope_Init_and_ADC_DMA.a(UART_IntClock.o)
                              .\ARM_GCC_484\Debug\Oscope_Init_and_ADC_DMA.a(UART.o) (UART_IntClock_Start)
.\ARM_GCC_484\Debug\Oscope_Init_and_ADC_DMA.a(ADC.o)
                              .\ARM_GCC_484\Debug\main.o (ADC_Start)
.\ARM_GCC_484\Debug\Oscope_Init_and_ADC_DMA.a(ADC_INT.o)
                              .\ARM_GCC_484\Debug\Oscope_Init_and_ADC_DMA.a(ADC.o) (ADC_ISR)
.\ARM_GCC_484\Debug\Oscope_Init_and_ADC_DMA.a(DMA_ADC_MEM_dma.o)
                              .\ARM_GCC_484\Debug\main.o (DMA_ADC_MEM_DmaInitialize)
.\ARM_GCC_484\Debug\Oscope_Init_and_ADC_DMA.a(TIMER_DMA.o)
                              .\ARM_GCC_484\Debug\main.o (TIMER_DMA_Init)
.\ARM_GCC_484\Debug\Oscope_Init_and_ADC_DMA.a(DMA_ENABLE.o)
                              .\ARM_GCC_484\Debug\main.o (DMA_ENABLE_StartEx)
.\ARM_GCC_484\Debug\Oscope_Init_and_ADC_DMA.a(DMA_FRAME_READY.o)
                              .\ARM_GCC_484\Debug\main.o (DMA_FRAME_READY_StartEx)
.\ARM_GCC_484\Debug\Oscope_Init_and_ADC_DMA.a(CyFlash.o)
                              .\ARM_GCC_484\Debug\Oscope_Init_and_ADC_DMA.a(cyPm.o) (CyFlash_SetWaitCycles)
.\ARM_GCC_484\Debug\Oscope_Init_and_ADC_DMA.a(CySpc.o)
                              .\ARM_GCC_484\Debug\Oscope_Init_and_ADC_DMA.a(CyFlash.o) (CySpcStart)
.\ARM_GCC_484\Debug\Oscope_Init_and_ADC_DMA.a(cyutils.o)
                              .\ARM_GCC_484\Debug\Oscope_Init_and_ADC_DMA.a(TIMER_DMA.o) (CySetReg24)
c:/program files (x86)/cypress/psoc creator/3.1/psoc creator/import/gnu_cs/arm/4.8.4/bin/../lib/gcc/arm-none-eabi/4.8.4/armv7-m\libgcc.a(_arm_addsubsf3.o)
                              .\ARM_GCC_484\Debug\Oscope_Init_and_ADC_DMA.a(ADC.o) (__aeabi_i2f)
c:/program files (x86)/cypress/psoc creator/3.1/psoc creator/import/gnu_cs/arm/4.8.4/bin/../lib/gcc/arm-none-eabi/4.8.4/armv7-m\libgcc.a(_arm_muldivsf3.o)
                              .\ARM_GCC_484\Debug\Oscope_Init_and_ADC_DMA.a(ADC.o) (__aeabi_fmul)
c:/program files (x86)/cypress/psoc creator/3.1/psoc creator/import/gnu_cs/arm/4.8.4/bin/../lib/gcc/arm-none-eabi/4.8.4/armv7-m\libgcc.a(_aeabi_ldivmod.o)
                              .\ARM_GCC_484\Debug\Oscope_Init_and_ADC_DMA.a(ADC.o) (__aeabi_ldivmod)
c:/program files (x86)/cypress/psoc creator/3.1/psoc creator/import/gnu_cs/arm/4.8.4/bin/../lib/gcc/arm-none-eabi/4.8.4/armv7-m\libgcc.a(bpabi.o)
                              c:/program files (x86)/cypress/psoc creator/3.1/psoc creator/import/gnu_cs/arm/4.8.4/bin/../lib/gcc/arm-none-eabi/4.8.4/armv7-m\libgcc.a(_aeabi_ldivmod.o) (__gnu_ldivmod_helper)
c:/program files (x86)/cypress/psoc creator/3.1/psoc creator/import/gnu_cs/arm/4.8.4/bin/../lib/gcc/arm-none-eabi/4.8.4/armv7-m\libgcc.a(_dvmd_tls.o)
                              c:/program files (x86)/cypress/psoc creator/3.1/psoc creator/import/gnu_cs/arm/4.8.4/bin/../lib/gcc/arm-none-eabi/4.8.4/armv7-m\libgcc.a(_aeabi_ldivmod.o) (__aeabi_ldiv0)
c:/program files (x86)/cypress/psoc creator/3.1/psoc creator/import/gnu_cs/arm/4.8.4/bin/../lib/gcc/arm-none-eabi/4.8.4/armv7-m\libgcc.a(_divdi3.o)
                              c:/program files (x86)/cypress/psoc creator/3.1/psoc creator/import/gnu_cs/arm/4.8.4/bin/../lib/gcc/arm-none-eabi/4.8.4/armv7-m\libgcc.a(bpabi.o) (__divdi3)
c:/program files (x86)/cypress/psoc creator/3.1/psoc creator/import/gnu_cs/arm/4.8.4/bin/../lib/gcc/arm-none-eabi/4.8.4/armv7-m\libgcc.a(_udivdi3.o)
                              c:/program files (x86)/cypress/psoc creator/3.1/psoc creator/import/gnu_cs/arm/4.8.4/bin/../lib/gcc/arm-none-eabi/4.8.4/armv7-m\libgcc.a(bpabi.o) (__udivdi3)
c:/program files (x86)/cypress/psoc creator/3.1/psoc creator/import/gnu_cs/arm/4.8.4/bin/../lib/gcc/arm-none-eabi/4.8.4/../../../../arm-none-eabi/lib/armv7-m\libg_s.a(lib_a-errno.o)
                              .\ARM_GCC_484\Debug\Cm3Start.o (__errno)
[...]
Memory Configuration

Name             Origin             Length             Attributes
rom              0x00000000         0x00040000         xr
ram              0x1fff8000         0x00010000         xrw
*default*        0x00000000         0xffffffff

Linker script and memory map

LOAD c:/program files (x86)/cypress/psoc creator/3.1/psoc creator/import/gnu_cs/arm/4.8.4/bin/../lib/gcc/arm-none-eabi/4.8.4/armv7-m/crti.o
LOAD c:/program files (x86)/cypress/psoc creator/3.1/psoc creator/import/gnu_cs/arm/4.8.4/bin/../lib/gcc/arm-none-eabi/4.8.4/armv7-m/crtbegin.o
LOAD c:/program files (x86)/cypress/psoc creator/3.1/psoc creator/import/gnu_cs/arm/4.8.4/bin/../lib/gcc/arm-none-eabi/4.8.4/../../../../arm-none-eabi/lib/armv7-m/crt0.o
START GROUP
LOAD .\ARM_GCC_484\Debug\main.o
LOAD .\ARM_GCC_484\Debug\cymetadata.o
LOAD .\ARM_GCC_484\Debug\Cm3Start.o
LOAD .\ARM_GCC_484\Debug\Oscope_Init_and_ADC_DMA.a
LOAD C:\Program Files (x86)\Cypress\PSoC Creator\3.1\PSoC Creator\psoc\content\cycomponentlibrary\CyComponentLibrary.cylib\CortexM3\ARM_GCC_484\Debug\CyComponentLibrary.a
END GROUP
START GROUP
LOAD c:/program files (x86)/cypress/psoc creator/3.1/psoc creator/import/gnu_cs/arm/4.8.4/bin/../lib/gcc/arm-none-eabi/4.8.4/armv7-m\libgcc.a
LOAD c:/program files (x86)/cypress/psoc creator/3.1/psoc creator/import/gnu_cs/arm/4.8.4/bin/../lib/gcc/arm-none-eabi/4.8.4/../../../../arm-none-eabi/lib/armv7-m\libg_s.a
LOAD c:/program files (x86)/cypress/psoc creator/3.1/psoc creator/import/gnu_cs/arm/4.8.4/bin/../lib/gcc/arm-none-eabi/4.8.4/../../../../arm-none-eabi/lib/armv7-m\libc_s.a
END GROUP
START GROUP
LOAD c:/program files (x86)/cypress/psoc creator/3.1/psoc creator/import/gnu_cs/arm/4.8.4/bin/../lib/gcc/arm-none-eabi/4.8.4/armv7-m\libgcc.a
LOAD c:/program files (x86)/cypress/psoc creator/3.1/psoc creator/import/gnu_cs/arm/4.8.4/bin/../lib/gcc/arm-none-eabi/4.8.4/../../../../arm-none-eabi/lib/armv7-m\libc_s.a
END GROUP
LOAD c:/program files (x86)/cypress/psoc creator/3.1/psoc creator/import/gnu_cs/arm/4.8.4/bin/../lib/gcc/arm-none-eabi/4.8.4/armv7-m/crtend.o
LOAD c:/program files (x86)/cypress/psoc creator/3.1/psoc creator/import/gnu_cs/arm/4.8.4/bin/../lib/gcc/arm-none-eabi/4.8.4/armv7-m/crtn.o
START GROUP
LOAD c:/program files (x86)/cypress/psoc creator/3.1/psoc creator/import/gnu_cs/arm/4.8.4/bin/../lib/gcc/arm-none-eabi/4.8.4/armv7-m\libgcc.a
LOAD c:/program files (x86)/cypress/psoc creator/3.1/psoc creator/import/gnu_cs/arm/4.8.4/bin/../lib/gcc/arm-none-eabi/4.8.4/../../../../arm-none-eabi/lib/armv7-m\libc.a
LOAD c:/program files (x86)/cypress/psoc creator/3.1/psoc creator/import/gnu_cs/arm/4.8.4/bin/../lib/gcc/arm-none-eabi/4.8.4/../../../../arm-none-eabi/lib/armv7-m\libnosys.a
END GROUP
                0x00000000                CY_APPL_ORIGIN = 0x0
                0x00000100                CY_FLASH_ROW_SIZE = 0x100
                0x00000020                CY_ECC_ROW_SIZE = 0x20
                0x00000000                CY_EE_IN_BTLDR = 0x0
                0x00000000                CY_APPL_LOADABLE = 0x0
                0x00000800                CY_EE_SIZE = 0x800
                0x00000001                CY_APPL_NUM = 0x1
                0x00000001                CY_APPL_MAX = 0x1
                0x00000040                CY_METADATA_SIZE = 0x40
                0x1fff8978                PROVIDE (__cy_heap_start, _end)
                0x00000001                PROVIDE (__cy_region_num, ((__cy_regions_end - __cy_regions) / 0x10))
                0x20008000                PROVIDE (__cy_stack, (ORIGIN (ram) + 0x10000))
                0x20007800                PROVIDE (__cy_heap_end, (__cy_stack - 0x800))

.cybootloader   0x00000000        0x0
 *(.cybootloader)
                0x00000000                appl1_start = CY_APPL_ORIGIN?CY_APPL_ORIGIN:ALIGN (CY_FLASH_ROW_SIZE)
                0x0001ff00                appl2_start = (appl1_start + ALIGN ((((0x40000 - appl1_start) - (0x2 * CY_FLASH_ROW_SIZE)) / 0x2), CY_FLASH_ROW_SIZE))
                0x00000000                appl_start = (CY_APPL_NUM == 0x1)?appl1_start:appl2_start
                0x00000000                ecc_offset = ((appl_start / CY_FLASH_ROW_SIZE) * CY_ECC_ROW_SIZE)
                0x00000000                ee_offset = (CY_APPL_LOADABLE && ! (CY_EE_IN_BTLDR))?((CY_EE_SIZE / CY_APPL_MAX) * (CY_APPL_NUM - 0x1)):0x0
                0x00000800                ee_size = (CY_APPL_LOADABLE && ! (CY_EE_IN_BTLDR))?(CY_EE_SIZE / CY_APPL_MAX):CY_EE_SIZE
                0x00000000                PROVIDE (CY_ECC_OFFSET, ecc_offset)

.text           0x00000000     0x1886
 CREATE_OBJECT_SYMBOLS
                0x00000000                PROVIDE (__cy_interrupt_vector, RomVectors)
 *(.romvectors)
 .romvectors    0x00000000       0x10 .\ARM_GCC_484\Debug\Cm3Start.o
                0x00000000                RomVectors
                0x00000001                ASSERT ((. != __cy_interrupt_vector), No interrupt vector)
                0x00000001                ASSERT (CY_APPL_ORIGIN?(SIZEOF (.cybootloader) <= CY_APPL_ORIGIN):0x1, Wrong image location)
                0x00000010                PROVIDE (__cy_reset, Reset)
 *(.text.Reset)
 .text.Reset    0x00000010       0x18 .\ARM_GCC_484\Debug\Cm3Start.o
                0x00000010                Reset
                0x00000001                ASSERT ((. != __cy_reset), No reset code)
 *(.dma_init)
                0x00000001                ASSERT ((((appl_start + .) <= 0x10000) || 0x1), DMA Init must be within the first 64k of flash)
 *(.text .text.* .gnu.linkonce.t.*)
 .text          0x00000028       0x54 c:/program files (x86)/cypress/psoc creator/3.1/psoc creator/import/gnu_cs/arm/4.8.4/bin/../lib/gcc/arm-none-eabi/4.8.4/armv7-m/crtbegin.o
 .text.DMA_ADC_MEM_Config
                0x0000007c       0x6c .\ARM_GCC_484\Debug\main.o
                0x0000007c                DMA_ADC_MEM_Config
 .text.main     0x000000e8       0xa8 .\ARM_GCC_484\Debug\main.o
                0x000000e8                main
 .text.parseCommand
                0x00000190      0x280 .\ARM_GCC_484\Debug\main.o
                0x00000190                parseCommand
 .text.UART_RX_INTER
                0x00000410       0x9c .\ARM_GCC_484\Debug\main.o
                0x00000410                UART_RX_INTER
 .text.TIMER_DMA_INTER
                0x000004ac       0x20 .\ARM_GCC_484\Debug\main.o
                0x000004ac                TIMER_DMA_INTER
 .text.DMA_FRAME_INTER
                0x000004cc       0x1c .\ARM_GCC_484\Debug\main.o
                0x000004cc                DMA_FRAME_INTER
 .text.IntDefaultHandler
                0x000004e8        0x8 .\ARM_GCC_484\Debug\Cm3Start.o
                0x000004e8                IntDefaultHandler
 .text.Start_c  0x000004f0       0x98 .\ARM_GCC_484\Debug\Cm3Start.o
                0x000004f0                Start_c
 .text.initialize_psoc
                0x00000588       0x90 .\ARM_GCC_484\Debug\Cm3Start.o
                0x00000588                initialize_psoc
 .text.CYMEMZERO
                0x00000618       0x1c .\ARM_GCC_484\Debug\Oscope_Init_and_ADC_DMA.a(cyfitter_cfg.o)
 .text.CYCONFIGCPY
                0x00000634       0x1c .\ARM_GCC_484\Debug\Oscope_Init_and_ADC_DMA.a(cyfitter_cfg.o)
 .text.CyClockStartupError
                0x00000650        0xc .\ARM_GCC_484\Debug\Oscope_Init_and_ADC_DMA.a(cyfitter_cfg.o)
 .text.cfg_write_bytes32
                0x0000065c       0x74 .\ARM_GCC_484\Debug\Oscope_Init_and_ADC_DMA.a(cyfitter_cfg.o)
 .text.ClockSetup
                0x000006d0      0x144 .\ARM_GCC_484\Debug\Oscope_Init_and_ADC_DMA.a(cyfitter_cfg.o)
 .text.AnalogSetDefault
                0x00000814       0xa4 .\ARM_GCC_484\Debug\Oscope_Init_and_ADC_DMA.a(cyfitter_cfg.o)
 .text.cyfitter_cfg
                0x000008b8      0x178 .\ARM_GCC_484\Debug\Oscope_Init_and_ADC_DMA.a(cyfitter_cfg.o)
                0x000008b8                cyfitter_cfg
 .text          0x00000a30       0x60 .\ARM_GCC_484\Debug\Oscope_Init_and_ADC_DMA.a(CyBootAsmGnu.o)
                0x00000a30                CyDelayCycles
                0x00000a74                CyEnterCriticalSection
                0x00000a7c                CyExitCriticalSection
 .text.CyDmacConfigure
                0x00000a90       0x5c .\ARM_GCC_484\Debug\Oscope_Init_and_ADC_DMA.a(CyDmac.o)
                0x00000a90                CyDmacConfigure
 .text.CyDmaChEnable
                0x00000aec       0x8c .\ARM_GCC_484\Debug\Oscope_Init_and_ADC_DMA.a(CyDmac.o)
                0x00000aec                CyDmaChEnable
 .text.CyDmaChDisable
                0x00000b78       0x64 .\ARM_GCC_484\Debug\Oscope_Init_and_ADC_DMA.a(CyDmac.o)
                0x00000b78                CyDmaChDisable
 .text.CyDmaChPriority
                0x00000bdc       0x5c .\ARM_GCC_484\Debug\Oscope_Init_and_ADC_DMA.a(CyDmac.o)
                0x00000bdc                CyDmaChPriority
 .text.CyDmaChSetExtendedAddress
                0x00000c38       0x7c .\ARM_GCC_484\Debug\Oscope_Init_and_ADC_DMA.a(CyDmac.o)
                0x00000c38                CyDmaChSetExtendedAddress
 .text.CyDmaChSetInitialTd
                0x00000cb4       0x3c .\ARM_GCC_484\Debug\Oscope_Init_and_ADC_DMA.a(CyDmac.o)
                0x00000cb4                CyDmaChSetInitialTd
 .text.CyDmaChSetConfiguration
                0x00000cf0       0x90 .\ARM_GCC_484\Debug\Oscope_Init_and_ADC_DMA.a(CyDmac.o)
                0x00000cf0                CyDmaChSetConfiguration
 .text.CyDmaTdAllocate
                0x00000d80       0x5c .\ARM_GCC_484\Debug\Oscope_Init_and_ADC_DMA.a(CyDmac.o)
                0x00000d80                CyDmaTdAllocate
 .text.CyDmaTdSetConfiguration
                0x00000ddc       0x70 .\ARM_GCC_484\Debug\Oscope_Init_and_ADC_DMA.a(CyDmac.o)
                0x00000ddc                CyDmaTdSetConfiguration
 .text.CyDmaTdSetAddress
                0x00000e4c       0x5c .\ARM_GCC_484\Debug\Oscope_Init_and_ADC_DMA.a(CyDmac.o)
                0x00000e4c                CyDmaTdSetAddress
 .text.CyHalt   0x00000ea8       0x18 .\ARM_GCC_484\Debug\Oscope_Init_and_ADC_DMA.a(CyLib.o)
                0x00000ea8                CyHalt
 .text.CyDelayUs
                0x00000ec0       0x24 .\ARM_GCC_484\Debug\Oscope_Init_and_ADC_DMA.a(CyLib.o)
                0x00000ec0                CyDelayUs
 .text.CyIntSetVector
                0x00000ee4       0x50 .\ARM_GCC_484\Debug\Oscope_Init_and_ADC_DMA.a(CyLib.o)
                0x00000ee4                CyIntSetVector
 .text.CyIntSetPriority
                0x00000f34       0x44 .\ARM_GCC_484\Debug\Oscope_Init_and_ADC_DMA.a(CyLib.o)
                0x00000f34                CyIntSetPriority
 .text.UART_RX_StartEx
                0x00000f78       0x24 .\ARM_GCC_484\Debug\Oscope_Init_and_ADC_DMA.a(UART_RX.o)
                0x00000f78                UART_RX_StartEx
 .text.UART_RX_SetVector
                0x00000f9c       0x24 .\ARM_GCC_484\Debug\Oscope_Init_and_ADC_DMA.a(UART_RX.o)
                0x00000f9c                UART_RX_SetVector
 .text.UART_RX_SetPriority
                0x00000fc0       0x24 .\ARM_GCC_484\Debug\Oscope_Init_and_ADC_DMA.a(UART_RX.o)
                0x00000fc0                UART_RX_SetPriority
 .text.UART_RX_Enable
                0x00000fe4       0x18 .\ARM_GCC_484\Debug\Oscope_Init_and_ADC_DMA.a(UART_RX.o)
                0x00000fe4                UART_RX_Enable
 .text.UART_RX_Disable
                0x00000ffc       0x18 .\ARM_GCC_484\Debug\Oscope_Init_and_ADC_DMA.a(UART_RX.o)
                0x00000ffc                UART_RX_Disable
 .text.UART_Start
                0x00001014       0x20 .\ARM_GCC_484\Debug\Oscope_Init_and_ADC_DMA.a(UART.o)
                0x00001014                UART_Start
 .text.UART_Init
                0x00001034       0x40 .\ARM_GCC_484\Debug\Oscope_Init_and_ADC_DMA.a(UART.o)
                0x00001034                UART_Init
 .text.UART_Enable
                0x00001074       0x5c .\ARM_GCC_484\Debug\Oscope_Init_and_ADC_DMA.a(UART.o)
                0x00001074                UART_Enable
 .text.UART_ReadRxStatus
                0x000010d0       0x24 .\ARM_GCC_484\Debug\Oscope_Init_and_ADC_DMA.a(UART.o)
                0x000010d0                UART_ReadRxStatus
 .text.UART_GetChar
                0x000010f4       0x44 .\ARM_GCC_484\Debug\Oscope_Init_and_ADC_DMA.a(UART.o)
                0x000010f4                UART_GetChar
 .text.UART_GetRxBufferSize
                0x00001138       0x30 .\ARM_GCC_484\Debug\Oscope_Init_and_ADC_DMA.a(UART.o)
                0x00001138                UART_GetRxBufferSize
 .text.UART_PutChar
                0x00001168       0x34 .\ARM_GCC_484\Debug\Oscope_Init_and_ADC_DMA.a(UART.o)
                0x00001168                UART_PutChar
 .text.UART_PutString
                0x0000119c       0x40 .\ARM_GCC_484\Debug\Oscope_Init_and_ADC_DMA.a(UART.o)
                0x0000119c                UART_PutString
 .text.UART_IntClock_Start
                0x000011dc       0x34 .\ARM_GCC_484\Debug\Oscope_Init_and_ADC_DMA.a(UART_IntClock.o)
                0x000011dc                UART_IntClock_Start
 .text.ADC_Start
                0x00001210       0x20 .\ARM_GCC_484\Debug\Oscope_Init_and_ADC_DMA.a(ADC.o)
                0x00001210                ADC_Start
 .text.ADC_Init
                0x00001230       0x40 .\ARM_GCC_484\Debug\Oscope_Init_and_ADC_DMA.a(ADC.o)
                0x00001230                ADC_Init
 .text.ADC_Enable
                0x00001270       0xcc .\ARM_GCC_484\Debug\Oscope_Init_and_ADC_DMA.a(ADC.o)
                0x00001270                ADC_Enable
 .text.ADC_Stop
                0x0000133c       0x58 .\ARM_GCC_484\Debug\Oscope_Init_and_ADC_DMA.a(ADC.o)
                0x0000133c                ADC_Stop
 .text.ADC_SetResolution
                0x00001394       0x50 .\ARM_GCC_484\Debug\Oscope_Init_and_ADC_DMA.a(ADC.o)
                0x00001394                ADC_SetResolution
 .text.ADC_StartConvert
                0x000013e4       0x20 .\ARM_GCC_484\Debug\Oscope_Init_and_ADC_DMA.a(ADC.o)
                0x000013e4                ADC_StartConvert
 .text.ADC_CalcGain
                0x00001404       0x7c .\ARM_GCC_484\Debug\Oscope_Init_and_ADC_DMA.a(ADC.o)
 .text.ADC_ISR  0x00001480        0xc .\ARM_GCC_484\Debug\Oscope_Init_and_ADC_DMA.a(ADC_INT.o)
                0x00001480                ADC_ISR
 .text.DMA_ADC_MEM_DmaInitialize
                0x0000148c       0x60 .\ARM_GCC_484\Debug\Oscope_Init_and_ADC_DMA.a(DMA_ADC_MEM_dma.o)
                0x0000148c                DMA_ADC_MEM_DmaInitialize
 .text.TIMER_DMA_Init
                0x000014ec       0x4c .\ARM_GCC_484\Debug\Oscope_Init_and_ADC_DMA.a(TIMER_DMA.o)
                0x000014ec                TIMER_DMA_Init
 .text.TIMER_DMA_Enable
                0x00001538       0x20 .\ARM_GCC_484\Debug\Oscope_Init_and_ADC_DMA.a(TIMER_DMA.o)
                0x00001538                TIMER_DMA_Enable
 .text.TIMER_DMA_Start
                0x00001558       0x20 .\ARM_GCC_484\Debug\Oscope_Init_and_ADC_DMA.a(TIMER_DMA.o)
                0x00001558                TIMER_DMA_Start
 .text.TIMER_DMA_Stop
                0x00001578       0x20 .\ARM_GCC_484\Debug\Oscope_Init_and_ADC_DMA.a(TIMER_DMA.o)
                0x00001578                TIMER_DMA_Stop
 .text.TIMER_DMA_SetInterruptMode
                0x00001598       0x20 .\ARM_GCC_484\Debug\Oscope_Init_and_ADC_DMA.a(TIMER_DMA.o)
                0x00001598                TIMER_DMA_SetInterruptMode
 .text.TIMER_DMA_ReadStatusRegister
                0x000015b8       0x18 .\ARM_GCC_484\Debug\Oscope_Init_and_ADC_DMA.a(TIMER_DMA.o)
                0x000015b8                TIMER_DMA_ReadStatusRegister
 .text.TIMER_DMA_WritePeriod
                0x000015d0       0x1c .\ARM_GCC_484\Debug\Oscope_Init_and_ADC_DMA.a(TIMER_DMA.o)
                0x000015d0                TIMER_DMA_WritePeriod
 .text.TIMER_DMA_ReadCapture
                0x000015ec       0x1c .\ARM_GCC_484\Debug\Oscope_Init_and_ADC_DMA.a(TIMER_DMA.o)
                0x000015ec                TIMER_DMA_ReadCapture
 .text.TIMER_DMA_WriteCounter
                0x00001608       0x1c .\ARM_GCC_484\Debug\Oscope_Init_and_ADC_DMA.a(TIMER_DMA.o)
                0x00001608                TIMER_DMA_WriteCounter
 .text.TIMER_DMA_ClearFIFO
                0x00001624       0x1c .\ARM_GCC_484\Debug\Oscope_Init_and_ADC_DMA.a(TIMER_DMA.o)
                0x00001624                TIMER_DMA_ClearFIFO
 .text.DMA_ENABLE_StartEx
                0x00001640       0x24 .\ARM_GCC_484\Debug\Oscope_Init_and_ADC_DMA.a(DMA_ENABLE.o)
                0x00001640                DMA_ENABLE_StartEx
 .text.DMA_ENABLE_SetVector
                0x00001664       0x24 .\ARM_GCC_484\Debug\Oscope_Init_and_ADC_DMA.a(DMA_ENABLE.o)
                0x00001664                DMA_ENABLE_SetVector
 .text.DMA_ENABLE_SetPriority
                0x00001688       0x24 .\ARM_GCC_484\Debug\Oscope_Init_and_ADC_DMA.a(DMA_ENABLE.o)
                0x00001688                DMA_ENABLE_SetPriority
 .text.DMA_ENABLE_Enable
                0x000016ac       0x18 .\ARM_GCC_484\Debug\Oscope_Init_and_ADC_DMA.a(DMA_ENABLE.o)
                0x000016ac                DMA_ENABLE_Enable
 .text.DMA_ENABLE_Disable
                0x000016c4       0x18 .\ARM_GCC_484\Debug\Oscope_Init_and_ADC_DMA.a(DMA_ENABLE.o)
                0x000016c4                DMA_ENABLE_Disable
 .text.DMA_FRAME_READY_StartEx
                0x000016dc       0x24 .\ARM_GCC_484\Debug\Oscope_Init_and_ADC_DMA.a(DMA_FRAME_READY.o)
                0x000016dc                DMA_FRAME_READY_StartEx
 .text.DMA_FRAME_READY_SetVector
                0x00001700       0x24 .\ARM_GCC_484\Debug\Oscope_Init_and_ADC_DMA.a(DMA_FRAME_READY.o)
                0x00001700                DMA_FRAME_READY_SetVector
 .text.DMA_FRAME_READY_SetPriority
                0x00001724       0x24 .\ARM_GCC_484\Debug\Oscope_Init_and_ADC_DMA.a(DMA_FRAME_READY.o)
                0x00001724                DMA_FRAME_READY_SetPriority
 .text.DMA_FRAME_READY_Enable
                0x00001748       0x18 .\ARM_GCC_484\Debug\Oscope_Init_and_ADC_DMA.a(DMA_FRAME_READY.o)
                0x00001748                DMA_FRAME_READY_Enable
 .text.DMA_FRAME_READY_Disable
                0x00001760       0x18 .\ARM_GCC_484\Debug\Oscope_Init_and_ADC_DMA.a(DMA_FRAME_READY.o)
                0x00001760                DMA_FRAME_READY_Disable
 .text.CySetReg24
                0x00001778       0x38 .\ARM_GCC_484\Debug\Oscope_Init_and_ADC_DMA.a(cyutils.o)
                0x00001778                CySetReg24
 .text.__libc_init_array
                0x000017b0       0x4c c:/program files (x86)/cypress/psoc creator/3.1/psoc creator/import/gnu_cs/arm/4.8.4/bin/../lib/gcc/arm-none-eabi/4.8.4/../../../../arm-none-eabi/lib/armv7-m\libg_s.a(lib_a-init.o)
                0x000017b0                __libc_init_array
 .text.memcpy   0x000017fc       0x12 c:/program files (x86)/cypress/psoc creator/3.1/psoc creator/import/gnu_cs/arm/4.8.4/bin/../lib/gcc/arm-none-eabi/4.8.4/../../../../arm-none-eabi/lib/armv7-m\libg_s.a(lib_a-memcpy-stub.o)
                0x000017fc                memcpy
 .text.memset   0x0000180e       0x10 c:/program files (x86)/cypress/psoc creator/3.1/psoc creator/import/gnu_cs/arm/4.8.4/bin/../lib/gcc/arm-none-eabi/4.8.4/../../../../arm-none-eabi/lib/armv7-m\libg_s.a(lib_a-memset.o)
                0x0000180e                memset
 .text          0x0000181e       0x14 c:/program files (x86)/cypress/psoc creator/3.1/psoc creator/import/gnu_cs/arm/4.8.4/bin/../lib/gcc/arm-none-eabi/4.8.4/../../../../arm-none-eabi/lib/armv7-m\libg_s.a(lib_a-strcmp.o)
                0x0000181e                strcmp
 .text.strncpy  0x00001832       0x24 c:/program files (x86)/cypress/psoc creator/3.1/psoc creator/import/gnu_cs/arm/4.8.4/bin/../lib/gcc/arm-none-eabi/4.8.4/../../../../arm-none-eabi/lib/armv7-m\libg_s.a(lib_a-strncpy.o)
                0x00001832                strncpy
 .text.strpbrk  0x00001856       0x30 c:/program files (x86)/cypress/psoc creator/3.1/psoc creator/import/gnu_cs/arm/4.8.4/bin/../lib/gcc/arm-none-eabi/4.8.4/../../../../arm-none-eabi/lib/armv7-m\libg_s.a(lib_a-strpbrk.o)
                0x00001856                strpbrk
 *(.plt)
 *(.gnu.warning)
 *(.glue_7t)
 .glue_7t       0x00000000        0x0 linker stubs
 *(.glue_7)
 .glue_7        0x00000000        0x0 linker stubs
 *(.vfp11_veneer)
 .vfp11_veneer  0x00000000        0x0 linker stubs
 *(.bootloader)
 *(.ARM.extab* .gnu.linkonce.armextab.*)
 *(.gcc_except_table)

.v4_bx          0x00001888        0x0
 .v4_bx         0x00000000        0x0 linker stubs

.iplt           0x00001888        0x0
 .iplt          0x00000000        0x0 c:/program files (x86)/cypress/psoc creator/3.1/psoc creator/import/gnu_cs/arm/4.8.4/bin/../lib/gcc/arm-none-eabi/4.8.4/armv7-m/crtbegin.o

.eh_frame_hdr
 *(.eh_frame_hdr)

.eh_frame       0x00001888        0x4
 *(.eh_frame)
 .eh_frame      0x00001888        0x0 c:/program files (x86)/cypress/psoc creator/3.1/psoc creator/import/gnu_cs/arm/4.8.4/bin/../lib/gcc/arm-none-eabi/4.8.4/armv7-m/crtbegin.o
 .eh_frame      0x00001888        0x4 c:/program files (x86)/cypress/psoc creator/3.1/psoc creator/import/gnu_cs/arm/4.8.4/bin/../lib/gcc/arm-none-eabi/4.8.4/armv7-m/crtend.o
                0x0000188c                PROVIDE (__exidx_start, .)

.ARM.exidx
 *(.ARM.exidx* .gnu.linkonce.armexidx.*)
                0x0000188c                __exidx_end = .

.rodata         0x0000188c      0x164
 *(.rodata .rodata.* .gnu.linkonce.r.*)
 .rodata        0x0000188c       0xe4 .\ARM_GCC_484\Debug\main.o
 .rodata        0x00001970       0x4c .\ARM_GCC_484\Debug\Oscope_Init_and_ADC_DMA.a(cyfitter_cfg.o)
                0x000019bc                . = ALIGN (0x4)
 *(.init)
 .init          0x000019bc        0x4 c:/program files (x86)/cypress/psoc creator/3.1/psoc creator/import/gnu_cs/arm/4.8.4/bin/../lib/gcc/arm-none-eabi/4.8.4/armv7-m/crti.o
                0x000019bc                _init
 .init          0x000019c0        0x8 c:/program files (x86)/cypress/psoc creator/3.1/psoc creator/import/gnu_cs/arm/4.8.4/bin/../lib/gcc/arm-none-eabi/4.8.4/armv7-m/crtn.o
                0x000019c8                . = ALIGN (0x4)
                0x000019c8                __preinit_array_start = .
 *(.preinit_array)
                0x000019c8                __preinit_array_end = .
                0x000019c8                . = ALIGN (0x4)
                0x000019c8                __init_array_start = .
 *(SORT(.init_array.*))
 *(.init_array)
 .init_array    0x000019c8        0x4 c:/program files (x86)/cypress/psoc creator/3.1/psoc creator/import/gnu_cs/arm/4.8.4/bin/../lib/gcc/arm-none-eabi/4.8.4/armv7-m/crtbegin.o
 .init_array    0x000019cc        0x4 .\ARM_GCC_484\Debug\Cm3Start.o
                0x000019d0                __init_array_end = .
                0x000019d0                . = ALIGN (0x4)
 *(.fini)
 .fini          0x000019d0        0x4 c:/program files (x86)/cypress/psoc creator/3.1/psoc creator/import/gnu_cs/arm/4.8.4/bin/../lib/gcc/arm-none-eabi/4.8.4/armv7-m/crti.o
                0x000019d0                _fini
 .fini          0x000019d4        0x8 c:/program files (x86)/cypress/psoc creator/3.1/psoc creator/import/gnu_cs/arm/4.8.4/bin/../lib/gcc/arm-none-eabi/4.8.4/armv7-m/crtn.o
                0x000019dc                . = ALIGN (0x4)
                0x000019dc                __fini_array_start = .
 *(.fini_array)
 .fini_array    0x000019dc        0x4 c:/program files (x86)/cypress/psoc creator/3.1/psoc creator/import/gnu_cs/arm/4.8.4/bin/../lib/gcc/arm-none-eabi/4.8.4/armv7-m/crtbegin.o
 *(SORT(.fini_array.*))
                0x000019e0                __fini_array_end = .
                0x000019e0                . = ALIGN (0x4)
 *crtbegin.o(.ctors)
 *(EXCLUDE_FILE(*crtend.o) .ctors)
 *(SORT(.ctors.*))
 *crtend.o(.ctors)
                0x000019e0                . = ALIGN (0x4)
 *crtbegin.o(.dtors)
 *(EXCLUDE_FILE(*crtend.o) .dtors)
 *(SORT(.dtors.*))
 *crtend.o(.dtors)
                0x000019e0                . = ALIGN (0x4)
                0x000019e0                __cy_regions = .
                0x000019e0        0x4 LONG 0x19f0 __cy_region_init_ram
                0x000019e4        0x4 LONG 0x1fff8108 __cy_region_start_data
                0x000019e8        0x4 LONG 0x20 __cy_region_init_size_ram
                0x000019ec        0x4 LONG 0x850 __cy_region_zero_size_ram
                0x000019f0                __cy_regions_end = .
                0x000019f0                . = ALIGN (0x8)
                0x000019f0                _etext = .

.ramvectors     0x1fff8000      0x100
                0x1fff8000                __cy_region_start_ram = .
 *(.ramvectors)
 .ramvectors    0x1fff8000      0x100 .\ARM_GCC_484\Debug\Cm3Start.o
                0x1fff8000                CyRamVectors

.noinit         0x1fff8100        0x5
 *(.noinit)
 .noinit        0x1fff8100        0x4 .\ARM_GCC_484\Debug\Cm3Start.o
 .noinit        0x1fff8104        0x1 .\ARM_GCC_484\Debug\Oscope_Init_and_ADC_DMA.a(CyLib.o)
                0x1fff8104                CyResetStatus

.data           0x1fff8108       0x20 load address 0x000019f0
                0x1fff8108                __cy_region_start_data = .
 *(.jcr)
 .jcr           0x1fff8108        0x0 c:/program files (x86)/cypress/psoc creator/3.1/psoc creator/import/gnu_cs/arm/4.8.4/bin/../lib/gcc/arm-none-eabi/4.8.4/armv7-m/crtbegin.o
 .jcr           0x1fff8108        0x4 c:/program files (x86)/cypress/psoc creator/3.1/psoc creator/import/gnu_cs/arm/4.8.4/bin/../lib/gcc/arm-none-eabi/4.8.4/armv7-m/crtend.o
 *(.got.plt)
 *(.got)
 *(.shdata)
 *(.data .data.* .gnu.linkonce.d.*)
 .data          0x1fff810c        0x8 .\ARM_GCC_484\Debug\Oscope_Init_and_ADC_DMA.a(CyDmac.o)
 .data          0x1fff8114       0x10 .\ARM_GCC_484\Debug\Oscope_Init_and_ADC_DMA.a(CyLib.o)
                0x1fff8114                cydelay_freq_hz
                0x1fff8118                cydelay_freq_khz
                0x1fff811c                cydelay_freq_mhz
                0x1fff8120                cydelay_32k_ms
 .data          0x1fff8124        0x1 .\ARM_GCC_484\Debug\Oscope_Init_and_ADC_DMA.a(DMA_ADC_MEM_dma.o)
                0x1fff8124                DMA_ADC_MEM_DmaHandle
                0x1fff8128                . = ALIGN (0x8)
 *fill*         0x1fff8125        0x3 
 *(.ram)
                0x1fff8128                _edata = .

.igot.plt       0x1fff8128        0x0 load address 0x00001a10
 .igot.plt      0x00000000        0x0 c:/program files (x86)/cypress/psoc creator/3.1/psoc creator/import/gnu_cs/arm/4.8.4/bin/../lib/gcc/arm-none-eabi/4.8.4/armv7-m/crtbegin.o

.bss            0x1fff8128      0x850 load address 0x00001a10
                0x1fff8128                PROVIDE (__bss_start__, .)
 *(.shbss)
 *(.bss .bss.* .gnu.linkonce.b.*)
 .bss           0x1fff8128       0x1c c:/program files (x86)/cypress/psoc creator/3.1/psoc creator/import/gnu_cs/arm/4.8.4/bin/../lib/gcc/arm-none-eabi/4.8.4/armv7-m/crtbegin.o
 .bss           0x1fff8144       0x28 .\ARM_GCC_484\Debug\main.o
                0x1fff8144                initialized
                0x1fff8145                rxBufLen
                0x1fff8146                commandReady
                0x1fff8148                command
                0x1fff8168                adcOn
                0x1fff8169                adcFrameReady
                0x1fff816a                dacOn
 .bss           0x1fff816c        0x2 .\ARM_GCC_484\Debug\Oscope_Init_and_ADC_DMA.a(UART.o)
                0x1fff816c                UART_initVar
 .bss           0x1fff816e        0x1 .\ARM_GCC_484\Debug\Oscope_Init_and_ADC_DMA.a(ADC.o)
                0x1fff816e                ADC_initVar
 .bss           0x1fff816f        0x1 .\ARM_GCC_484\Debug\Oscope_Init_and_ADC_DMA.a(TIMER_DMA.o)
                0x1fff816f                TIMER_DMA_initVar
 *(COMMON)
 COMMON         0x1fff8170      0x7f8 .\ARM_GCC_484\Debug\main.o
                0x1fff8170                DMA_ADC_MEM_TD
                0x1fff8174                rxBuffer
                0x1fff8194                DMA_ADC_MEM_Chan
                0x1fff8198                adcFrame
 COMMON         0x1fff8968        0xa .\ARM_GCC_484\Debug\Oscope_Init_and_ADC_DMA.a(ADC.o)
                0x1fff8968                ADC_countsPer10Volt
                0x1fff896c                ADC_shift
                0x1fff896e                ADC_countsPerVolt
                0x1fff8970                ADC_offset
                0x1fff8978                . = ALIGN (0x8)
 *fill*         0x1fff8972        0x6 
 *(.ram.b)
                0x1fff8978                _end = .
                0x1fff8978                __end = .
                0x1fff8978                PROVIDE (end, .)
                0x1fff8978                PROVIDE (__bss_end__, .)
                0x000019f0                __cy_region_init_ram = LOADADDR (.data)
                0x00000020                __cy_region_init_size_ram = (_edata - ADDR (.data))
                0x00000850                __cy_region_zero_size_ram = (_end - _edata)

.heap           0x1fff8978       0x80 load address 0x00001a10
                0x1fff8978                . = _end
                0x1fff89f8                . = (. + 0x80)
 *fill*         0x1fff8978       0x80 
                0x1fff89f8                __cy_heap_limit = .

.stack          0x20007800      0x800
                0x20007800                __cy_stack_limit = .
                0x20008000                . = (. + 0x800)
 *fill*         0x20007800      0x800 
                0x00000001                ASSERT ((__cy_stack_limit >= __cy_heap_limit), region RAM overflowed with stack)

.cyloadermeta
 *(.cyloadermeta)

.cyloadablemeta
 *(.cyloadablemeta)

.cyconfigecc    0x80000000      0x4b4
 *(.cyconfigecc)
 .cyconfigecc   0x80000000      0x4b4 .\ARM_GCC_484\Debug\cymetadata.o
                0x80000000                cy_meta_configecc

.cycustnvl      0x90000000        0x4
 *(.cycustnvl)
 .cycustnvl     0x90000000        0x4 .\ARM_GCC_484\Debug\cymetadata.o
                0x90000000                cy_meta_custnvl

.cywolatch      0x90100000        0x4
 *(.cywolatch)
 .cywolatch     0x90100000        0x4 .\ARM_GCC_484\Debug\cymetadata.o
                0x90100000                cy_meta_wonvl

.cyeeprom       0x90200000        0x0
 *(.cyeeprom)
                0x00000001                ASSERT ((. <= ((0x90200000 + ee_offset) + ee_size)), .cyeeprom data will not fit in EEPROM)

.cyflashprotect
                0x90400000      0x100
 *(.cyflashprotect)
 .cyflashprotect
                0x90400000      0x100 .\ARM_GCC_484\Debug\cymetadata.o
                0x90400000                cy_meta_flashprotect

.cymeta         0x90500000        0xc
 *(.cymeta)
 .cymeta        0x90500000        0xc .\ARM_GCC_484\Debug\cymetadata.o
                0x90500000                cy_metadata

.rel.dyn        0x00001a10        0x0 load address 0x9050000c
 .rel.iplt      0x00000000        0x0 c:/program files (x86)/cypress/psoc creator/3.1/psoc creator/import/gnu_cs/arm/4.8.4/bin/../lib/gcc/arm-none-eabi/4.8.4/armv7-m/crtbegin.o

.stab
 *(.stab)

.stabstr
 *(.stabstr)

.debug
 *(.debug)

.line
 *(.line)

.debug_srcinfo
 *(.debug_srcinfo)

.debug_sfnames
 *(.debug_sfnames)

.debug_aranges  0x00000000      0xa98
 *(.debug_aranges)
 .debug_aranges
                0x00000000       0x48 .\ARM_GCC_484\Debug\main.o
 .debug_aranges
                0x00000048       0x18 .\ARM_GCC_484\Debug\cymetadata.o
 .debug_aranges
                0x00000060       0x48 .\ARM_GCC_484\Debug\Cm3Start.o
 .debug_aranges
                0x000000a8       0x60 .\ARM_GCC_484\Debug\Oscope_Init_and_ADC_DMA.a(cyfitter_cfg.o)
 .debug_aranges
                0x00000108       0x20 .\ARM_GCC_484\Debug\Oscope_Init_and_ADC_DMA.a(CyBootAsmGnu.o)
 .debug_aranges
                0x00000128       0xd8 .\ARM_GCC_484\Debug\Oscope_Init_and_ADC_DMA.a(CyDmac.o)
 .debug_aranges
                0x00000200      0x290 .\ARM_GCC_484\Debug\Oscope_Init_and_ADC_DMA.a(CyLib.o)
 .debug_aranges
                0x00000490       0x90 .\ARM_GCC_484\Debug\Oscope_Init_and_ADC_DMA.a(cyPm.o)
 .debug_aranges
                0x00000520       0x80 .\ARM_GCC_484\Debug\Oscope_Init_and_ADC_DMA.a(UART_RX.o)
 .debug_aranges
                0x000005a0       0xf0 .\ARM_GCC_484\Debug\Oscope_Init_and_ADC_DMA.a(UART.o)
 .debug_aranges
                0x00000690       0x70 .\ARM_GCC_484\Debug\Oscope_Init_and_ADC_DMA.a(UART_IntClock.o)
 .debug_aranges
                0x00000700       0xa8 .\ARM_GCC_484\Debug\Oscope_Init_and_ADC_DMA.a(ADC.o)
 .debug_aranges
                0x000007a8       0x20 .\ARM_GCC_484\Debug\Oscope_Init_and_ADC_DMA.a(ADC_INT.o)
 .debug_aranges
                0x000007c8       0x28 .\ARM_GCC_484\Debug\Oscope_Init_and_ADC_DMA.a(DMA_ADC_MEM_dma.o)
 .debug_aranges
                0x000007f0       0x90 .\ARM_GCC_484\Debug\Oscope_Init_and_ADC_DMA.a(TIMER_DMA.o)
 .debug_aranges
                0x00000880       0x80 .\ARM_GCC_484\Debug\Oscope_Init_and_ADC_DMA.a(DMA_ENABLE.o)
 .debug_aranges
                0x00000900       0x80 .\ARM_GCC_484\Debug\Oscope_Init_and_ADC_DMA.a(DMA_FRAME_READY.o)
 .debug_aranges
                0x00000980       0x80 .\ARM_GCC_484\Debug\Oscope_Init_and_ADC_DMA.a(CyFlash.o)
 .debug_aranges
                0x00000a00       0x78 .\ARM_GCC_484\Debug\Oscope_Init_and_ADC_DMA.a(CySpc.o)
 .debug_aranges
                0x00000a78       0x20 .\ARM_GCC_484\Debug\Oscope_Init_and_ADC_DMA.a(cyutils.o)

.debug_pubnames
 *(.debug_pubnames)

.debug_info     0x00000000     0x470d
 *(.debug_info .gnu.linkonce.wi.*)
 .debug_info    0x00000000      0x346 .\ARM_GCC_484\Debug\main.o
 .debug_info    0x00000346      0x13a .\ARM_GCC_484\Debug\cymetadata.o
 .debug_info    0x00000480      0x323 .\ARM_GCC_484\Debug\Cm3Start.o
 .debug_info    0x000007a3      0x466 .\ARM_GCC_484\Debug\Oscope_Init_and_ADC_DMA.a(cyfitter_cfg.o)
 .debug_info    0x00000c09       0x88 .\ARM_GCC_484\Debug\Oscope_Init_and_ADC_DMA.a(CyBootAsmGnu.o)
 .debug_info    0x00000c91      0x8b1 .\ARM_GCC_484\Debug\Oscope_Init_and_ADC_DMA.a(CyDmac.o)
 .debug_info    0x00001542      0xd85 .\ARM_GCC_484\Debug\Oscope_Init_and_ADC_DMA.a(CyLib.o)
 .debug_info    0x000022c7      0x536 .\ARM_GCC_484\Debug\Oscope_Init_and_ADC_DMA.a(cyPm.o)
 .debug_info    0x000027fd      0x236 .\ARM_GCC_484\Debug\Oscope_Init_and_ADC_DMA.a(UART_RX.o)
 .debug_info    0x00002a33      0x500 .\ARM_GCC_484\Debug\Oscope_Init_and_ADC_DMA.a(UART.o)
 .debug_info    0x00002f33      0x25b .\ARM_GCC_484\Debug\Oscope_Init_and_ADC_DMA.a(UART_IntClock.o)
 .debug_info    0x0000318e      0x470 .\ARM_GCC_484\Debug\Oscope_Init_and_ADC_DMA.a(ADC.o)
 .debug_info    0x000035fe       0x92 .\ARM_GCC_484\Debug\Oscope_Init_and_ADC_DMA.a(ADC_INT.o)
 .debug_info    0x00003690      0x112 .\ARM_GCC_484\Debug\Oscope_Init_and_ADC_DMA.a(DMA_ADC_MEM_dma.o)
 .debug_info    0x000037a2      0x252 .\ARM_GCC_484\Debug\Oscope_Init_and_ADC_DMA.a(TIMER_DMA.o)
 .debug_info    0x000039f4      0x236 .\ARM_GCC_484\Debug\Oscope_Init_and_ADC_DMA.a(DMA_ENABLE.o)
 .debug_info    0x00003c2a      0x236 .\ARM_GCC_484\Debug\Oscope_Init_and_ADC_DMA.a(DMA_FRAME_READY.o)
 .debug_info    0x00003e60      0x36a .\ARM_GCC_484\Debug\Oscope_Init_and_ADC_DMA.a(CyFlash.o)
 .debug_info    0x000041ca      0x456 .\ARM_GCC_484\Debug\Oscope_Init_and_ADC_DMA.a(CySpc.o)
 .debug_info    0x00004620       0xed .\ARM_GCC_484\Debug\Oscope_Init_and_ADC_DMA.a(cyutils.o)

.debug_abbrev   0x00000000     0x17ab
 *(.debug_abbrev)
 .debug_abbrev  0x00000000      0x14c .\ARM_GCC_484\Debug\main.o
 .debug_abbrev  0x0000014c       0x66 .\ARM_GCC_484\Debug\cymetadata.o
 .debug_abbrev  0x000001b2      0x1c5 .\ARM_GCC_484\Debug\Cm3Start.o
 .debug_abbrev  0x00000377      0x1b7 .\ARM_GCC_484\Debug\Oscope_Init_and_ADC_DMA.a(cyfitter_cfg.o)
 .debug_abbrev  0x0000052e       0x14 .\ARM_GCC_484\Debug\Oscope_Init_and_ADC_DMA.a(CyBootAsmGnu.o)
 .debug_abbrev  0x00000542      0x194 .\ARM_GCC_484\Debug\Oscope_Init_and_ADC_DMA.a(CyDmac.o)
 .debug_abbrev  0x000006d6      0x217 .\ARM_GCC_484\Debug\Oscope_Init_and_ADC_DMA.a(CyLib.o)
 .debug_abbrev  0x000008ed      0x16e .\ARM_GCC_484\Debug\Oscope_Init_and_ADC_DMA.a(cyPm.o)
 .debug_abbrev  0x00000a5b      0x156 .\ARM_GCC_484\Debug\Oscope_Init_and_ADC_DMA.a(UART_RX.o)
 .debug_abbrev  0x00000bb1      0x170 .\ARM_GCC_484\Debug\Oscope_Init_and_ADC_DMA.a(UART.o)
 .debug_abbrev  0x00000d21      0x12a .\ARM_GCC_484\Debug\Oscope_Init_and_ADC_DMA.a(UART_IntClock.o)
 .debug_abbrev  0x00000e4b      0x180 .\ARM_GCC_484\Debug\Oscope_Init_and_ADC_DMA.a(ADC.o)
 .debug_abbrev  0x00000fcb       0x42 .\ARM_GCC_484\Debug\Oscope_Init_and_ADC_DMA.a(ADC_INT.o)
 .debug_abbrev  0x0000100d       0x8b .\ARM_GCC_484\Debug\Oscope_Init_and_ADC_DMA.a(DMA_ADC_MEM_dma.o)
 .debug_abbrev  0x00001098      0x142 .\ARM_GCC_484\Debug\Oscope_Init_and_ADC_DMA.a(TIMER_DMA.o)
 .debug_abbrev  0x000011da      0x156 .\ARM_GCC_484\Debug\Oscope_Init_and_ADC_DMA.a(DMA_ENABLE.o)
 .debug_abbrev  0x00001330      0x156 .\ARM_GCC_484\Debug\Oscope_Init_and_ADC_DMA.a(DMA_FRAME_READY.o)
 .debug_abbrev  0x00001486      0x12d .\ARM_GCC_484\Debug\Oscope_Init_and_ADC_DMA.a(CyFlash.o)
 .debug_abbrev  0x000015b3      0x179 .\ARM_GCC_484\Debug\Oscope_Init_and_ADC_DMA.a(CySpc.o)
 .debug_abbrev  0x0000172c       0x7f .\ARM_GCC_484\Debug\Oscope_Init_and_ADC_DMA.a(cyutils.o)

.debug_line     0x00000000     0x26da
 *(.debug_line)
 .debug_line    0x00000000      0x26d .\ARM_GCC_484\Debug\main.o
 .debug_line    0x0000026d       0x53 .\ARM_GCC_484\Debug\cymetadata.o
 .debug_line    0x000002c0      0x1cf .\ARM_GCC_484\Debug\Cm3Start.o
 .debug_line    0x0000048f      0x227 .\ARM_GCC_484\Debug\Oscope_Init_and_ADC_DMA.a(cyfitter_cfg.o)
 .debug_line    0x000006b6       0x7f .\ARM_GCC_484\Debug\Oscope_Init_and_ADC_DMA.a(CyBootAsmGnu.o)
 .debug_line    0x00000735      0x2af .\ARM_GCC_484\Debug\Oscope_Init_and_ADC_DMA.a(CyDmac.o)
 .debug_line    0x000009e4      0x839 .\ARM_GCC_484\Debug\Oscope_Init_and_ADC_DMA.a(CyLib.o)
 .debug_line    0x0000121d      0x366 .\ARM_GCC_484\Debug\Oscope_Init_and_ADC_DMA.a(cyPm.o)
 .debug_line    0x00001583      0x152 .\ARM_GCC_484\Debug\Oscope_Init_and_ADC_DMA.a(UART_RX.o)
 .debug_line    0x000016d5      0x2ec .\ARM_GCC_484\Debug\Oscope_Init_and_ADC_DMA.a(UART.o)
 .debug_line    0x000019c1      0x1a5 .\ARM_GCC_484\Debug\Oscope_Init_and_ADC_DMA.a(UART_IntClock.o)
 .debug_line    0x00001b66      0x201 .\ARM_GCC_484\Debug\Oscope_Init_and_ADC_DMA.a(ADC.o)
 .debug_line    0x00001d67       0x55 .\ARM_GCC_484\Debug\Oscope_Init_and_ADC_DMA.a(ADC_INT.o)
 .debug_line    0x00001dbc       0x80 .\ARM_GCC_484\Debug\Oscope_Init_and_ADC_DMA.a(DMA_ADC_MEM_dma.o)
 .debug_line    0x00001e3c      0x178 .\ARM_GCC_484\Debug\Oscope_Init_and_ADC_DMA.a(TIMER_DMA.o)
 .debug_line    0x00001fb4      0x155 .\ARM_GCC_484\Debug\Oscope_Init_and_ADC_DMA.a(DMA_ENABLE.o)
 .debug_line    0x00002109      0x14a .\ARM_GCC_484\Debug\Oscope_Init_and_ADC_DMA.a(DMA_FRAME_READY.o)
 .debug_line    0x00002253      0x217 .\ARM_GCC_484\Debug\Oscope_Init_and_ADC_DMA.a(CyFlash.o)
 .debug_line    0x0000246a      0x20c .\ARM_GCC_484\Debug\Oscope_Init_and_ADC_DMA.a(CySpc.o)
 .debug_line    0x00002676       0x64 .\ARM_GCC_484\Debug\Oscope_Init_and_ADC_DMA.a(cyutils.o)

.debug_frame    0x00000000     0x22d0
 *(.debug_frame)
 .debug_frame   0x00000000       0xc4 .\ARM_GCC_484\Debug\main.o
 .debug_frame   0x000000c4       0xc4 .\ARM_GCC_484\Debug\Cm3Start.o
 .debug_frame   0x00000188      0x120 .\ARM_GCC_484\Debug\Oscope_Init_and_ADC_DMA.a(cyfitter_cfg.o)
 .debug_frame   0x000002a8      0x2c0 .\ARM_GCC_484\Debug\Oscope_Init_and_ADC_DMA.a(CyDmac.o)
 .debug_frame   0x00000568      0x924 .\ARM_GCC_484\Debug\Oscope_Init_and_ADC_DMA.a(CyLib.o)
 .debug_frame   0x00000e8c      0x1d0 .\ARM_GCC_484\Debug\Oscope_Init_and_ADC_DMA.a(cyPm.o)
 .debug_frame   0x0000105c      0x180 .\ARM_GCC_484\Debug\Oscope_Init_and_ADC_DMA.a(UART_RX.o)
 .debug_frame   0x000011dc      0x328 .\ARM_GCC_484\Debug\Oscope_Init_and_ADC_DMA.a(UART.o)
 .debug_frame   0x00001504      0x14c .\ARM_GCC_484\Debug\Oscope_Init_and_ADC_DMA.a(UART_IntClock.o)
 .debug_frame   0x00001650      0x230 .\ARM_GCC_484\Debug\Oscope_Init_and_ADC_DMA.a(ADC.o)
 .debug_frame   0x00001880       0x2c .\ARM_GCC_484\Debug\Oscope_Init_and_ADC_DMA.a(ADC_INT.o)
 .debug_frame   0x000018ac       0x4c .\ARM_GCC_484\Debug\Oscope_Init_and_ADC_DMA.a(DMA_ADC_MEM_dma.o)
 .debug_frame   0x000018f8      0x1c0 .\ARM_GCC_484\Debug\Oscope_Init_and_ADC_DMA.a(TIMER_DMA.o)
 .debug_frame   0x00001ab8      0x180 .\ARM_GCC_484\Debug\Oscope_Init_and_ADC_DMA.a(DMA_ENABLE.o)
 .debug_frame   0x00001c38      0x180 .\ARM_GCC_484\Debug\Oscope_Init_and_ADC_DMA.a(DMA_FRAME_READY.o)
 .debug_frame   0x00001db8      0x1a8 .\ARM_GCC_484\Debug\Oscope_Init_and_ADC_DMA.a(CyFlash.o)
 .debug_frame   0x00001f60      0x174 .\ARM_GCC_484\Debug\Oscope_Init_and_ADC_DMA.a(CySpc.o)
 .debug_frame   0x000020d4       0x2c .\ARM_GCC_484\Debug\Oscope_Init_and_ADC_DMA.a(cyutils.o)
 .debug_frame   0x00002100       0x58 c:/program files (x86)/cypress/psoc creator/3.1/psoc creator/import/gnu_cs/arm/4.8.4/bin/../lib/gcc/arm-none-eabi/4.8.4/armv7-m\libgcc.a(bpabi.o)
 .debug_frame   0x00002158       0x34 c:/program files (x86)/cypress/psoc creator/3.1/psoc creator/import/gnu_cs/arm/4.8.4/bin/../lib/gcc/arm-none-eabi/4.8.4/armv7-m\libgcc.a(_divdi3.o)
 .debug_frame   0x0000218c       0x34 c:/program files (x86)/cypress/psoc creator/3.1/psoc creator/import/gnu_cs/arm/4.8.4/bin/../lib/gcc/arm-none-eabi/4.8.4/armv7-m\libgcc.a(_udivdi3.o)
 .debug_frame   0x000021c0       0x20 c:/program files (x86)/cypress/psoc creator/3.1/psoc creator/import/gnu_cs/arm/4.8.4/bin/../lib/gcc/arm-none-eabi/4.8.4/../../../../arm-none-eabi/lib/armv7-m\libg_s.a(lib_a-errno.o)
 .debug_frame   0x000021e0       0x28 c:/program files (x86)/cypress/psoc creator/3.1/psoc creator/import/gnu_cs/arm/4.8.4/bin/../lib/gcc/arm-none-eabi/4.8.4/../../../../arm-none-eabi/lib/armv7-m\libg_s.a(lib_a-exit.o)
 .debug_frame   0x00002208       0x2c c:/program files (x86)/cypress/psoc creator/3.1/psoc creator/import/gnu_cs/arm/4.8.4/bin/../lib/gcc/arm-none-eabi/4.8.4/../../../../arm-none-eabi/lib/armv7-m\libg_s.a(lib_a-init.o)
 .debug_frame   0x00002234       0x28 c:/program files (x86)/cypress/psoc creator/3.1/psoc creator/import/gnu_cs/arm/4.8.4/bin/../lib/gcc/arm-none-eabi/4.8.4/../../../../arm-none-eabi/lib/armv7-m\libg_s.a(lib_a-memcpy-stub.o)
 .debug_frame   0x0000225c       0x20 c:/program files (x86)/cypress/psoc creator/3.1/psoc creator/import/gnu_cs/arm/4.8.4/bin/../lib/gcc/arm-none-eabi/4.8.4/../../../../arm-none-eabi/lib/armv7-m\libg_s.a(lib_a-memset.o)
 .debug_frame   0x0000227c       0x28 c:/program files (x86)/cypress/psoc creator/3.1/psoc creator/import/gnu_cs/arm/4.8.4/bin/../lib/gcc/arm-none-eabi/4.8.4/../../../../arm-none-eabi/lib/armv7-m\libg_s.a(lib_a-strncpy.o)
 .debug_frame   0x000022a4       0x2c c:/program files (x86)/cypress/psoc creator/3.1/psoc creator/import/gnu_cs/arm/4.8.4/bin/../lib/gcc/arm-none-eabi/4.8.4/../../../../arm-none-eabi/lib/armv7-m\libg_s.a(lib_a-strpbrk.o)

.debug_str      0x00000000     0x22dc
 *(.debug_str)
 .debug_str     0x00000000      0x283 .\ARM_GCC_484\Debug\main.o
                                0x2c4 (size before relaxing)
 .debug_str     0x00000283       0x77 .\ARM_GCC_484\Debug\cymetadata.o
                                0x1d0 (size before relaxing)
 .debug_str     0x000002fa      0x132 .\ARM_GCC_484\Debug\Cm3Start.o
                                0x2b1 (size before relaxing)
 .debug_str     0x0000042c      0x185 .\ARM_GCC_484\Debug\Oscope_Init_and_ADC_DMA.a(cyfitter_cfg.o)
                                0x312 (size before relaxing)
 .debug_str     0x000005b1      0x368 .\ARM_GCC_484\Debug\Oscope_Init_and_ADC_DMA.a(CyDmac.o)
                                0x4f7 (size before relaxing)
 .debug_str     0x00000919      0x78d .\ARM_GCC_484\Debug\Oscope_Init_and_ADC_DMA.a(CyLib.o)
                                0x971 (size before relaxing)
 .debug_str     0x000010a6      0x371 .\ARM_GCC_484\Debug\Oscope_Init_and_ADC_DMA.a(cyPm.o)
                                0x501 (size before relaxing)
 .debug_str     0x00001417      0x104 .\ARM_GCC_484\Debug\Oscope_Init_and_ADC_DMA.a(UART_RX.o)
                                0x29c (size before relaxing)
 .debug_str     0x0000151b      0x282 .\ARM_GCC_484\Debug\Oscope_Init_and_ADC_DMA.a(UART.o)
                                0x3fb (size before relaxing)
 .debug_str     0x0000179d      0x1ac .\ARM_GCC_484\Debug\Oscope_Init_and_ADC_DMA.a(UART_IntClock.o)
                                0x31c (size before relaxing)
 .debug_str     0x00001949      0x1b9 .\ARM_GCC_484\Debug\Oscope_Init_and_ADC_DMA.a(ADC.o)
                                0x387 (size before relaxing)
 .debug_str     0x00001b02       0x2b .\ARM_GCC_484\Debug\Oscope_Init_and_ADC_DMA.a(ADC_INT.o)
                                0x175 (size before relaxing)
 .debug_str     0x00001b2d       0xad .\ARM_GCC_484\Debug\Oscope_Init_and_ADC_DMA.a(DMA_ADC_MEM_dma.o)
                                0x20d (size before relaxing)
 .debug_str     0x00001bda      0x1bd .\ARM_GCC_484\Debug\Oscope_Init_and_ADC_DMA.a(TIMER_DMA.o)
                                0x330 (size before relaxing)
 .debug_str     0x00001d97      0x12e .\ARM_GCC_484\Debug\Oscope_Init_and_ADC_DMA.a(DMA_ENABLE.o)
                                0x2c6 (size before relaxing)
 .debug_str     0x00001ec5      0x174 .\ARM_GCC_484\Debug\Oscope_Init_and_ADC_DMA.a(DMA_FRAME_READY.o)
                                0x30c (size before relaxing)
 .debug_str     0x00002039      0x147 .\ARM_GCC_484\Debug\Oscope_Init_and_ADC_DMA.a(CyFlash.o)
                                0x2d0 (size before relaxing)
 .debug_str     0x00002180      0x121 .\ARM_GCC_484\Debug\Oscope_Init_and_ADC_DMA.a(CySpc.o)
                                0x2cd (size before relaxing)
 .debug_str     0x000022a1       0x3b .\ARM_GCC_484\Debug\Oscope_Init_and_ADC_DMA.a(cyutils.o)
                                0x198 (size before relaxing)

.debug_loc
 *(.debug_loc)

.debug_macinfo
 *(.debug_macinfo)

.debug_ranges   0x00000000      0x940
 *(.debug_ranges)
 .debug_ranges  0x00000000       0x38 .\ARM_GCC_484\Debug\main.o
 .debug_ranges  0x00000038       0x38 .\ARM_GCC_484\Debug\Cm3Start.o
 .debug_ranges  0x00000070       0x50 .\ARM_GCC_484\Debug\Oscope_Init_and_ADC_DMA.a(cyfitter_cfg.o)
 .debug_ranges  0x000000c0       0xc8 .\ARM_GCC_484\Debug\Oscope_Init_and_ADC_DMA.a(CyDmac.o)
 .debug_ranges  0x00000188      0x280 .\ARM_GCC_484\Debug\Oscope_Init_and_ADC_DMA.a(CyLib.o)
 .debug_ranges  0x00000408       0x80 .\ARM_GCC_484\Debug\Oscope_Init_and_ADC_DMA.a(cyPm.o)
 .debug_ranges  0x00000488       0x70 .\ARM_GCC_484\Debug\Oscope_Init_and_ADC_DMA.a(UART_RX.o)
 .debug_ranges  0x000004f8       0xe0 .\ARM_GCC_484\Debug\Oscope_Init_and_ADC_DMA.a(UART.o)
 .debug_ranges  0x000005d8       0x60 .\ARM_GCC_484\Debug\Oscope_Init_and_ADC_DMA.a(UART_IntClock.o)
 .debug_ranges  0x00000638       0x98 .\ARM_GCC_484\Debug\Oscope_Init_and_ADC_DMA.a(ADC.o)
 .debug_ranges  0x000006d0       0x10 .\ARM_GCC_484\Debug\Oscope_Init_and_ADC_DMA.a(ADC_INT.o)
 .debug_ranges  0x000006e0       0x18 .\ARM_GCC_484\Debug\Oscope_Init_and_ADC_DMA.a(DMA_ADC_MEM_dma.o)
 .debug_ranges  0x000006f8       0x80 .\ARM_GCC_484\Debug\Oscope_Init_and_ADC_DMA.a(TIMER_DMA.o)
 .debug_ranges  0x00000778       0x70 .\ARM_GCC_484\Debug\Oscope_Init_and_ADC_DMA.a(DMA_ENABLE.o)
 .debug_ranges  0x000007e8       0x70 .\ARM_GCC_484\Debug\Oscope_Init_and_ADC_DMA.a(DMA_FRAME_READY.o)
 .debug_ranges  0x00000858       0x70 .\ARM_GCC_484\Debug\Oscope_Init_and_ADC_DMA.a(CyFlash.o)
 .debug_ranges  0x000008c8       0x68 .\ARM_GCC_484\Debug\Oscope_Init_and_ADC_DMA.a(CySpc.o)
 .debug_ranges  0x00000930       0x10 .\ARM_GCC_484\Debug\Oscope_Init_and_ADC_DMA.a(cyutils.o)

.comment        0x00000000       0x70
 .comment       0x00000000       0x70 .\ARM_GCC_484\Debug\main.o
                                 0x71 (size before relaxing)
 .comment       0x00000000       0x71 .\ARM_GCC_484\Debug\cymetadata.o
 .comment       0x00000000       0x71 .\ARM_GCC_484\Debug\Cm3Start.o
 .comment       0x00000000       0x71 .\ARM_GCC_484\Debug\Oscope_Init_and_ADC_DMA.a(cyfitter_cfg.o)
 .comment       0x00000000       0x71 .\ARM_GCC_484\Debug\Oscope_Init_and_ADC_DMA.a(CyDmac.o)
 .comment       0x00000000       0x71 .\ARM_GCC_484\Debug\Oscope_Init_and_ADC_DMA.a(CyLib.o)
 .comment       0x00000000       0x71 .\ARM_GCC_484\Debug\Oscope_Init_and_ADC_DMA.a(cyPm.o)
 .comment       0x00000000       0x71 .\ARM_GCC_484\Debug\Oscope_Init_and_ADC_DMA.a(UART_RX.o)
 .comment       0x00000000       0x71 .\ARM_GCC_484\Debug\Oscope_Init_and_ADC_DMA.a(UART.o)
 .comment       0x00000000       0x71 .\ARM_GCC_484\Debug\Oscope_Init_and_ADC_DMA.a(UART_IntClock.o)
 .comment       0x00000000       0x71 .\ARM_GCC_484\Debug\Oscope_Init_and_ADC_DMA.a(ADC.o)
 .comment       0x00000000       0x71 .\ARM_GCC_484\Debug\Oscope_Init_and_ADC_DMA.a(ADC_INT.o)
 .comment       0x00000000       0x71 .\ARM_GCC_484\Debug\Oscope_Init_and_ADC_DMA.a(DMA_ADC_MEM_dma.o)
 .comment       0x00000000       0x71 .\ARM_GCC_484\Debug\Oscope_Init_and_ADC_DMA.a(TIMER_DMA.o)
 .comment       0x00000000       0x71 .\ARM_GCC_484\Debug\Oscope_Init_and_ADC_DMA.a(DMA_ENABLE.o)
 .comment       0x00000000       0x71 .\ARM_GCC_484\Debug\Oscope_Init_and_ADC_DMA.a(DMA_FRAME_READY.o)
 .comment       0x00000000       0x71 .\ARM_GCC_484\Debug\Oscope_Init_and_ADC_DMA.a(CyFlash.o)
 .comment       0x00000000       0x71 .\ARM_GCC_484\Debug\Oscope_Init_and_ADC_DMA.a(CySpc.o)
 .comment       0x00000000       0x71 .\ARM_GCC_484\Debug\Oscope_Init_and_ADC_DMA.a(cyutils.o)

.debug_weaknames
 *(.debug_weaknames)

.debug_funcnames
 *(.debug_funcnames)

.debug_typenames
 *(.debug_typenames)

.debug_varnames
 *(.debug_varnames)

.note.gnu.arm.ident
 *(.note.gnu.arm.ident)

.ARM.attributes
                0x00000000       0x29
 *(.ARM.attributes)
 .ARM.attributes
                0x00000000       0x1d c:/program files (x86)/cypress/psoc creator/3.1/psoc creator/import/gnu_cs/arm/4.8.4/bin/../lib/gcc/arm-none-eabi/4.8.4/armv7-m/crti.o
 .ARM.attributes
                0x0000001d       0x2d c:/program files (x86)/cypress/psoc creator/3.1/psoc creator/import/gnu_cs/arm/4.8.4/bin/../lib/gcc/arm-none-eabi/4.8.4/armv7-m/crtbegin.o
 .ARM.attributes
                0x0000004a       0x1b c:/program files (x86)/cypress/psoc creator/3.1/psoc creator/import/gnu_cs/arm/4.8.4/bin/../lib/gcc/arm-none-eabi/4.8.4/../../../../arm-none-eabi/lib/armv7-m/crt0.o
 .ARM.attributes
                0x00000065       0x33 .\ARM_GCC_484\Debug\main.o
 .ARM.attributes
                0x00000098       0x33 .\ARM_GCC_484\Debug\cymetadata.o
 .ARM.attributes
                0x000000cb       0x33 .\ARM_GCC_484\Debug\Cm3Start.o
 .ARM.attributes
                0x000000fe       0x33 .\ARM_GCC_484\Debug\Oscope_Init_and_ADC_DMA.a(cyfitter_cfg.o)
 .ARM.attributes
                0x00000131       0x21 .\ARM_GCC_484\Debug\Oscope_Init_and_ADC_DMA.a(CyBootAsmGnu.o)
 .ARM.attributes
                0x00000152       0x33 .\ARM_GCC_484\Debug\Oscope_Init_and_ADC_DMA.a(CyDmac.o)
 .ARM.attributes
                0x00000185       0x33 .\ARM_GCC_484\Debug\Oscope_Init_and_ADC_DMA.a(CyLib.o)
 .ARM.attributes
                0x000001b8       0x33 .\ARM_GCC_484\Debug\Oscope_Init_and_ADC_DMA.a(cyPm.o)
 .ARM.attributes
                0x000001eb       0x33 .\ARM_GCC_484\Debug\Oscope_Init_and_ADC_DMA.a(UART_RX.o)
 .ARM.attributes
                0x0000021e       0x33 .\ARM_GCC_484\Debug\Oscope_Init_and_ADC_DMA.a(UART.o)
 .ARM.attributes
                0x00000251       0x33 .\ARM_GCC_484\Debug\Oscope_Init_and_ADC_DMA.a(UART_IntClock.o)
 .ARM.attributes
                0x00000284       0x33 .\ARM_GCC_484\Debug\Oscope_Init_and_ADC_DMA.a(ADC.o)
 .ARM.attributes
                0x000002b7       0x33 .\ARM_GCC_484\Debug\Oscope_Init_and_ADC_DMA.a(ADC_INT.o)
 .ARM.attributes
                0x000002ea       0x33 .\ARM_GCC_484\Debug\Oscope_Init_and_ADC_DMA.a(DMA_ADC_MEM_dma.o)
 .ARM.attributes
                0x0000031d       0x33 .\ARM_GCC_484\Debug\Oscope_Init_and_ADC_DMA.a(TIMER_DMA.o)
 .ARM.attributes
                0x00000350       0x33 .\ARM_GCC_484\Debug\Oscope_Init_and_ADC_DMA.a(DMA_ENABLE.o)
 .ARM.attributes
                0x00000383       0x33 .\ARM_GCC_484\Debug\Oscope_Init_and_ADC_DMA.a(DMA_FRAME_READY.o)
 .ARM.attributes
                0x000003b6       0x33 .\ARM_GCC_484\Debug\Oscope_Init_and_ADC_DMA.a(CyFlash.o)
 .ARM.attributes
                0x000003e9       0x33 .\ARM_GCC_484\Debug\Oscope_Init_and_ADC_DMA.a(CySpc.o)
 .ARM.attributes
                0x0000041c       0x33 .\ARM_GCC_484\Debug\Oscope_Init_and_ADC_DMA.a(cyutils.o)
 .ARM.attributes
                0x0000044f       0x1d c:/program files (x86)/cypress/psoc creator/3.1/psoc creator/import/gnu_cs/arm/4.8.4/bin/../lib/gcc/arm-none-eabi/4.8.4/armv7-m\libgcc.a(_arm_addsubsf3.o)
 .ARM.attributes
                0x0000046c       0x1d c:/program files (x86)/cypress/psoc creator/3.1/psoc creator/import/gnu_cs/arm/4.8.4/bin/../lib/gcc/arm-none-eabi/4.8.4/armv7-m\libgcc.a(_arm_muldivsf3.o)
 .ARM.attributes
                0x00000489       0x1d c:/program files (x86)/cypress/psoc creator/3.1/psoc creator/import/gnu_cs/arm/4.8.4/bin/../lib/gcc/arm-none-eabi/4.8.4/armv7-m\libgcc.a(_aeabi_ldivmod.o)
 .ARM.attributes
                0x000004a6       0x2d c:/program files (x86)/cypress/psoc creator/3.1/psoc creator/import/gnu_cs/arm/4.8.4/bin/../lib/gcc/arm-none-eabi/4.8.4/armv7-m\libgcc.a(bpabi.o)
 .ARM.attributes
                0x000004d3       0x1d c:/program files (x86)/cypress/psoc creator/3.1/psoc creator/import/gnu_cs/arm/4.8.4/bin/../lib/gcc/arm-none-eabi/4.8.4/armv7-m\libgcc.a(_dvmd_tls.o)
 .ARM.attributes
                0x000004f0       0x2d c:/program files (x86)/cypress/psoc creator/3.1/psoc creator/import/gnu_cs/arm/4.8.4/bin/../lib/gcc/arm-none-eabi/4.8.4/armv7-m\libgcc.a(_divdi3.o)
 .ARM.attributes
                0x0000051d       0x2d c:/program files (x86)/cypress/psoc creator/3.1/psoc creator/import/gnu_cs/arm/4.8.4/bin/../lib/gcc/arm-none-eabi/4.8.4/armv7-m\libgcc.a(_udivdi3.o)
 .ARM.attributes
                0x0000054a       0x2d c:/program files (x86)/cypress/psoc creator/3.1/psoc creator/import/gnu_cs/arm/4.8.4/bin/../lib/gcc/arm-none-eabi/4.8.4/../../../../arm-none-eabi/lib/armv7-m\libg_s.a(lib_a-errno.o)
 .ARM.attributes
                0x00000577       0x2d c:/program files (x86)/cypress/psoc creator/3.1/psoc creator/import/gnu_cs/arm/4.8.4/bin/../lib/gcc/arm-none-eabi/4.8.4/../../../../arm-none-eabi/lib/armv7-m\libg_s.a(lib_a-exit.o)
 .ARM.attributes
                0x000005a4       0x2d c:/program files (x86)/cypress/psoc creator/3.1/psoc creator/import/gnu_cs/arm/4.8.4/bin/../lib/gcc/arm-none-eabi/4.8.4/../../../../arm-none-eabi/lib/armv7-m\libg_s.a(lib_a-impure.o)
 .ARM.attributes
                0x000005d1       0x2d c:/program files (x86)/cypress/psoc creator/3.1/psoc creator/import/gnu_cs/arm/4.8.4/bin/../lib/gcc/arm-none-eabi/4.8.4/../../../../arm-none-eabi/lib/armv7-m\libg_s.a(lib_a-init.o)
 .ARM.attributes
                0x000005fe       0x2d c:/program files (x86)/cypress/psoc creator/3.1/psoc creator/import/gnu_cs/arm/4.8.4/bin/../lib/gcc/arm-none-eabi/4.8.4/../../../../arm-none-eabi/lib/armv7-m\libg_s.a(lib_a-memcpy-stub.o)
 .ARM.attributes
                0x0000062b       0x2d c:/program files (x86)/cypress/psoc creator/3.1/psoc creator/import/gnu_cs/arm/4.8.4/bin/../lib/gcc/arm-none-eabi/4.8.4/../../../../arm-none-eabi/lib/armv7-m\libg_s.a(lib_a-memset.o)
 .ARM.attributes
                0x00000658       0x1b c:/program files (x86)/cypress/psoc creator/3.1/psoc creator/import/gnu_cs/arm/4.8.4/bin/../lib/gcc/arm-none-eabi/4.8.4/../../../../arm-none-eabi/lib/armv7-m\libg_s.a(lib_a-strcmp.o)
 .ARM.attributes
                0x00000673       0x2d c:/program files (x86)/cypress/psoc creator/3.1/psoc creator/import/gnu_cs/arm/4.8.4/bin/../lib/gcc/arm-none-eabi/4.8.4/../../../../arm-none-eabi/lib/armv7-m\libg_s.a(lib_a-strncpy.o)
 .ARM.attributes
                0x000006a0       0x2d c:/program files (x86)/cypress/psoc creator/3.1/psoc creator/import/gnu_cs/arm/4.8.4/bin/../lib/gcc/arm-none-eabi/4.8.4/../../../../arm-none-eabi/lib/armv7-m\libg_s.a(lib_a-strpbrk.o)
 .ARM.attributes
                0x000006cd       0x2d c:/program files (x86)/cypress/psoc creator/3.1/psoc creator/import/gnu_cs/arm/4.8.4/bin/../lib/gcc/arm-none-eabi/4.8.4/armv7-m/crtend.o
 .ARM.attributes
                0x000006fa       0x1d c:/program files (x86)/cypress/psoc creator/3.1/psoc creator/import/gnu_cs/arm/4.8.4/bin/../lib/gcc/arm-none-eabi/4.8.4/armv7-m/crtn.o

/DISCARD/
 *(.note.GNU-stack)
OUTPUT(.\ARM_GCC_484\Debug\Oscope_Init_and_ADC_DMA.elf elf32-littlearm)
