Archive member included because of file (symbol)

.\ARM_GCC_484\Debug\Simple_Oscope.a(cyfitter_cfg.o)
                              .\ARM_GCC_484\Debug\Cm3Start.o (cyfitter_cfg)
.\ARM_GCC_484\Debug\Simple_Oscope.a(CyBootAsmGnu.o)
                              .\ARM_GCC_484\Debug\Simple_Oscope.a(cyfitter_cfg.o) (CyDelayCycles)
.\ARM_GCC_484\Debug\Simple_Oscope.a(CyDmac.o)
                              .\ARM_GCC_484\Debug\Cm3Start.o (CyDmacConfigure)
.\ARM_GCC_484\Debug\Simple_Oscope.a(CyLib.o)
                              .\ARM_GCC_484\Debug\Cm3Start.o (CyResetStatus)
.\ARM_GCC_484\Debug\Simple_Oscope.a(cyPm.o)
                              .\ARM_GCC_484\Debug\Simple_Oscope.a(CyLib.o) (CyPmReadStatus)
.\ARM_GCC_484\Debug\Simple_Oscope.a(UART_RX.o)
                              .\ARM_GCC_484\Debug\main.o (UART_RX_StartEx)
.\ARM_GCC_484\Debug\Simple_Oscope.a(UART.o)
                              .\ARM_GCC_484\Debug\main.o (UART_Start)
.\ARM_GCC_484\Debug\Simple_Oscope.a(UART_IntClock.o)
                              .\ARM_GCC_484\Debug\Simple_Oscope.a(UART.o) (UART_IntClock_Start)
.\ARM_GCC_484\Debug\Simple_Oscope.a(ADC.o)
                              .\ARM_GCC_484\Debug\main.o (ADC_Start)
.\ARM_GCC_484\Debug\Simple_Oscope.a(ADC_INT.o)
                              .\ARM_GCC_484\Debug\Simple_Oscope.a(ADC.o) (ADC_ISR)
.\ARM_GCC_484\Debug\Simple_Oscope.a(ADC_Clock.o)
                              .\ARM_GCC_484\Debug\main.o (ADC_Clock_SetDividerRegister)
.\ARM_GCC_484\Debug\Simple_Oscope.a(DMA_ADC_MEM_dma.o)
                              .\ARM_GCC_484\Debug\main.o (DMA_ADC_MEM_DmaInitialize)
.\ARM_GCC_484\Debug\Simple_Oscope.a(TIMER_DMA.o)
                              .\ARM_GCC_484\Debug\main.o (TIMER_DMA_Init)
.\ARM_GCC_484\Debug\Simple_Oscope.a(DMA_ENABLE.o)
                              .\ARM_GCC_484\Debug\main.o (DMA_ENABLE_StartEx)
.\ARM_GCC_484\Debug\Simple_Oscope.a(DMA_FRAME_READY.o)
                              .\ARM_GCC_484\Debug\main.o (DMA_FRAME_READY_StartEx)
.\ARM_GCC_484\Debug\Simple_Oscope.a(DAC_1.o)
                              .\ARM_GCC_484\Debug\main.o (DAC_1_Start)
.\ARM_GCC_484\Debug\Simple_Oscope.a(MUX_DAC.o)
                              .\ARM_GCC_484\Debug\main.o (MUX_DAC_FastSelect)
.\ARM_GCC_484\Debug\Simple_Oscope.a(DAC_2.o)
                              .\ARM_GCC_484\Debug\main.o (DAC_2_Start)
.\ARM_GCC_484\Debug\Simple_Oscope.a(Control_DAC.o)
                              .\ARM_GCC_484\Debug\main.o (Control_DAC_Write)
.\ARM_GCC_484\Debug\Simple_Oscope.a(DAC_1_DacClk.o)
                              .\ARM_GCC_484\Debug\Simple_Oscope.a(DAC_1.o) (DAC_1_DacClk_Start)
.\ARM_GCC_484\Debug\Simple_Oscope.a(DAC_1_Wave1_DMA_dma.o)
                              .\ARM_GCC_484\Debug\Simple_Oscope.a(DAC_1.o) (DAC_1_Wave1_DMA_DmaInitialize)
.\ARM_GCC_484\Debug\Simple_Oscope.a(DAC_1_Wave2_DMA_dma.o)
                              .\ARM_GCC_484\Debug\Simple_Oscope.a(DAC_1.o) (DAC_1_Wave2_DMA_DmaInitialize)
.\ARM_GCC_484\Debug\Simple_Oscope.a(DAC_1_VDAC8.o)
                              .\ARM_GCC_484\Debug\Simple_Oscope.a(DAC_1.o) (DAC_1_VDAC8_Init)
.\ARM_GCC_484\Debug\Simple_Oscope.a(DAC_2_DacClk.o)
                              .\ARM_GCC_484\Debug\Simple_Oscope.a(DAC_2.o) (DAC_2_DacClk_Start)
.\ARM_GCC_484\Debug\Simple_Oscope.a(DAC_2_Wave1_DMA_dma.o)
                              .\ARM_GCC_484\Debug\Simple_Oscope.a(DAC_2.o) (DAC_2_Wave1_DMA_DmaInitialize)
.\ARM_GCC_484\Debug\Simple_Oscope.a(DAC_2_Wave2_DMA_dma.o)
                              .\ARM_GCC_484\Debug\Simple_Oscope.a(DAC_2.o) (DAC_2_Wave2_DMA_DmaInitialize)
.\ARM_GCC_484\Debug\Simple_Oscope.a(DAC_2_VDAC8.o)
                              .\ARM_GCC_484\Debug\Simple_Oscope.a(DAC_2.o) (DAC_2_VDAC8_Init)
.\ARM_GCC_484\Debug\Simple_Oscope.a(DAC_2_BuffAmp.o)
                              .\ARM_GCC_484\Debug\Simple_Oscope.a(DAC_2.o) (DAC_2_BuffAmp_Init)
.\ARM_GCC_484\Debug\Simple_Oscope.a(CyFlash.o)
                              .\ARM_GCC_484\Debug\Simple_Oscope.a(cyPm.o) (CyFlash_SetWaitCycles)
.\ARM_GCC_484\Debug\Simple_Oscope.a(CySpc.o)
                              .\ARM_GCC_484\Debug\Simple_Oscope.a(CyFlash.o) (CySpcStart)
c:/program files (x86)/cypress/psoc creator/3.1/psoc creator/import/gnu_cs/arm/4.8.4/bin/../lib/gcc/arm-none-eabi/4.8.4/armv7-m\libgcc.a(_arm_addsubsf3.o)
                              .\ARM_GCC_484\Debug\Simple_Oscope.a(ADC.o) (__aeabi_i2f)
c:/program files (x86)/cypress/psoc creator/3.1/psoc creator/import/gnu_cs/arm/4.8.4/bin/../lib/gcc/arm-none-eabi/4.8.4/armv7-m\libgcc.a(_arm_muldivsf3.o)
                              .\ARM_GCC_484\Debug\Simple_Oscope.a(ADC.o) (__aeabi_fmul)
c:/program files (x86)/cypress/psoc creator/3.1/psoc creator/import/gnu_cs/arm/4.8.4/bin/../lib/gcc/arm-none-eabi/4.8.4/armv7-m\libgcc.a(_arm_cmpsf2.o)
                              .\ARM_GCC_484\Debug\main.o (__aeabi_fcmplt)
[...]
Memory Configuration

Name             Origin             Length             Attributes
rom              0x00000000         0x00040000         xr
ram              0x1fff8000         0x00010000         xrw
*default*        0x00000000         0xffffffff

Linker script and memory map

LOAD c:/program files (x86)/cypress/psoc creator/3.1/psoc creator/import/gnu_cs/arm/4.8.4/bin/../lib/gcc/arm-none-eabi/4.8.4/armv7-m/crti.o
LOAD c:/program files (x86)/cypress/psoc creator/3.1/psoc creator/import/gnu_cs/arm/4.8.4/bin/../lib/gcc/arm-none-eabi/4.8.4/armv7-m/crtbegin.o
LOAD c:/program files (x86)/cypress/psoc creator/3.1/psoc creator/import/gnu_cs/arm/4.8.4/bin/../lib/gcc/arm-none-eabi/4.8.4/../../../../arm-none-eabi/lib/armv7-m/crt0.o
START GROUP
LOAD .\ARM_GCC_484\Debug\main.o
LOAD .\ARM_GCC_484\Debug\cymetadata.o
LOAD .\ARM_GCC_484\Debug\Cm3Start.o
LOAD .\ARM_GCC_484\Debug\Simple_Oscope.a
LOAD C:\Program Files (x86)\Cypress\PSoC Creator\3.1\PSoC Creator\psoc\content\cycomponentlibrary\CyComponentLibrary.cylib\CortexM3\ARM_GCC_484\Debug\CyComponentLibrary.a
LOAD c:/program files (x86)/cypress/psoc creator/3.1/psoc creator/import/gnu_cs/arm/4.8.4/bin/../lib/gcc/arm-none-eabi/4.8.4/../../../../arm-none-eabi/lib/armv7-m\libm.a
END GROUP
START GROUP
LOAD c:/program files (x86)/cypress/psoc creator/3.1/psoc creator/import/gnu_cs/arm/4.8.4/bin/../lib/gcc/arm-none-eabi/4.8.4/armv7-m\libgcc.a
LOAD c:/program files (x86)/cypress/psoc creator/3.1/psoc creator/import/gnu_cs/arm/4.8.4/bin/../lib/gcc/arm-none-eabi/4.8.4/../../../../arm-none-eabi/lib/armv7-m\libg_s.a
LOAD c:/program files (x86)/cypress/psoc creator/3.1/psoc creator/import/gnu_cs/arm/4.8.4/bin/../lib/gcc/arm-none-eabi/4.8.4/../../../../arm-none-eabi/lib/armv7-m\libc_s.a
END GROUP
START GROUP
LOAD c:/program files (x86)/cypress/psoc creator/3.1/psoc creator/import/gnu_cs/arm/4.8.4/bin/../lib/gcc/arm-none-eabi/4.8.4/armv7-m\libgcc.a
LOAD c:/program files (x86)/cypress/psoc creator/3.1/psoc creator/import/gnu_cs/arm/4.8.4/bin/../lib/gcc/arm-none-eabi/4.8.4/../../../../arm-none-eabi/lib/armv7-m\libc_s.a
END GROUP
LOAD c:/program files (x86)/cypress/psoc creator/3.1/psoc creator/import/gnu_cs/arm/4.8.4/bin/../lib/gcc/arm-none-eabi/4.8.4/armv7-m/crtend.o
LOAD c:/program files (x86)/cypress/psoc creator/3.1/psoc creator/import/gnu_cs/arm/4.8.4/bin/../lib/gcc/arm-none-eabi/4.8.4/armv7-m/crtn.o
START GROUP
LOAD c:/program files (x86)/cypress/psoc creator/3.1/psoc creator/import/gnu_cs/arm/4.8.4/bin/../lib/gcc/arm-none-eabi/4.8.4/armv7-m\libgcc.a
LOAD c:/program files (x86)/cypress/psoc creator/3.1/psoc creator/import/gnu_cs/arm/4.8.4/bin/../lib/gcc/arm-none-eabi/4.8.4/../../../../arm-none-eabi/lib/armv7-m\libc.a
LOAD c:/program files (x86)/cypress/psoc creator/3.1/psoc creator/import/gnu_cs/arm/4.8.4/bin/../lib/gcc/arm-none-eabi/4.8.4/../../../../arm-none-eabi/lib/armv7-m\libnosys.a
END GROUP
                0x00000000                CY_APPL_ORIGIN = 0x0
                0x00000100                CY_FLASH_ROW_SIZE = 0x100
                0x00000020                CY_ECC_ROW_SIZE = 0x20
                0x00000000                CY_EE_IN_BTLDR = 0x0
                0x00000000                CY_APPL_LOADABLE = 0x0
                0x00000800                CY_EE_SIZE = 0x800
                0x00000001                CY_APPL_NUM = 0x1
                0x00000001                CY_APPL_MAX = 0x1
                0x00000040                CY_METADATA_SIZE = 0x40
                0x1fff8258                PROVIDE (__cy_heap_start, _end)
                0x00000001                PROVIDE (__cy_region_num, ((__cy_regions_end - __cy_regions) / 0x10))
                0x20008000                PROVIDE (__cy_stack, (ORIGIN (ram) + 0x10000))
                0x20007800                PROVIDE (__cy_heap_end, (__cy_stack - 0x800))

.cybootloader   0x00000000        0x0
 *(.cybootloader)
                0x00000000                appl1_start = CY_APPL_ORIGIN?CY_APPL_ORIGIN:ALIGN (CY_FLASH_ROW_SIZE)
                0x0001ff00                appl2_start = (appl1_start + ALIGN ((((0x40000 - appl1_start) - (0x2 * CY_FLASH_ROW_SIZE)) / 0x2), CY_FLASH_ROW_SIZE))
                0x00000000                appl_start = (CY_APPL_NUM == 0x1)?appl1_start:appl2_start
                0x00000000                ecc_offset = ((appl_start / CY_FLASH_ROW_SIZE) * CY_ECC_ROW_SIZE)
                0x00000000                ee_offset = (CY_APPL_LOADABLE && ! (CY_EE_IN_BTLDR))?((CY_EE_SIZE / CY_APPL_MAX) * (CY_APPL_NUM - 0x1)):0x0
                0x00000800                ee_size = (CY_APPL_LOADABLE && ! (CY_EE_IN_BTLDR))?(CY_EE_SIZE / CY_APPL_MAX):CY_EE_SIZE
                0x00000000                PROVIDE (CY_ECC_OFFSET, ecc_offset)

.text           0x00000000     0x37ae
 CREATE_OBJECT_SYMBOLS
                0x00000000                PROVIDE (__cy_interrupt_vector, RomVectors)
 *(.romvectors)
 .romvectors    0x00000000       0x10 .\ARM_GCC_484\Debug\Cm3Start.o
                0x00000000                RomVectors
                0x00000001                ASSERT ((. != __cy_interrupt_vector), No interrupt vector)
                0x00000001                ASSERT (CY_APPL_ORIGIN?(SIZEOF (.cybootloader) <= CY_APPL_ORIGIN):0x1, Wrong image location)
                0x00000010                PROVIDE (__cy_reset, Reset)
 *(.text.Reset)
 .text.Reset    0x00000010       0x18 .\ARM_GCC_484\Debug\Cm3Start.o
                0x00000010                Reset
                0x00000001                ASSERT ((. != __cy_reset), No reset code)
 *(.dma_init)
                0x00000001                ASSERT ((((appl_start + .) <= 0x10000) || 0x1), DMA Init must be within the first 64k of flash)
 *(.text .text.* .gnu.linkonce.t.*)
 .text          0x00000028       0x54 c:/program files (x86)/cypress/psoc creator/3.1/psoc creator/import/gnu_cs/arm/4.8.4/bin/../lib/gcc/arm-none-eabi/4.8.4/armv7-m/crtbegin.o
 .text.main     0x0000007c       0xd0 .\ARM_GCC_484\Debug\main.o
                0x0000007c                main
 .text.parseCommand
                0x0000014c      0x4ec .\ARM_GCC_484\Debug\main.o
                0x0000014c                parseCommand
 .text.startADC
                0x00000638       0x30 .\ARM_GCC_484\Debug\main.o
                0x00000638                startADC
 .text.stopADC  0x00000668       0x4c .\ARM_GCC_484\Debug\main.o
                0x00000668                stopADC
 .text.changeSPS
                0x000006b4       0xc0 .\ARM_GCC_484\Debug\main.o
                0x000006b4                changeSPS
 .text.changeRes
                0x00000774       0x94 .\ARM_GCC_484\Debug\main.o
                0x00000774                changeRes
 .text.adcFrameResize
                0x00000808       0x7c .\ARM_GCC_484\Debug\main.o
                0x00000808                adcFrameResize
 .text.UART_RX_INTER
                0x00000884       0x9c .\ARM_GCC_484\Debug\main.o
                0x00000884                UART_RX_INTER
 .text.TIMER_DMA_INTER
                0x00000920       0x48 .\ARM_GCC_484\Debug\main.o
                0x00000920                TIMER_DMA_INTER
 .text.DMA_FRAME_INTER
                0x00000968       0x1c .\ARM_GCC_484\Debug\main.o
                0x00000968                DMA_FRAME_INTER
 .text.DMA_ADC_MEM_Config
                0x00000984       0x88 .\ARM_GCC_484\Debug\main.o
                0x00000984                DMA_ADC_MEM_Config
 .text.DMA_ADC_MEM_Destruct
                0x00000a0c       0x18 .\ARM_GCC_484\Debug\main.o
                0x00000a0c                DMA_ADC_MEM_Destruct
 .text.IntDefaultHandler
                0x00000a24        0x8 .\ARM_GCC_484\Debug\Cm3Start.o
                0x00000a24                IntDefaultHandler
 .text._sbrk    0x00000a2c       0x50 .\ARM_GCC_484\Debug\Cm3Start.o
                0x00000a2c                _sbrk
 .text.Start_c  0x00000a7c       0x98 .\ARM_GCC_484\Debug\Cm3Start.o
                0x00000a7c                Start_c
 .text.initialize_psoc
                0x00000b14       0x90 .\ARM_GCC_484\Debug\Cm3Start.o
                0x00000b14                initialize_psoc
 .text.CYMEMZERO
                0x00000ba4       0x1c .\ARM_GCC_484\Debug\Simple_Oscope.a(cyfitter_cfg.o)
 .text.CYCONFIGCPY
                0x00000bc0       0x1c .\ARM_GCC_484\Debug\Simple_Oscope.a(cyfitter_cfg.o)
 .text.CyClockStartupError
                0x00000bdc        0xc .\ARM_GCC_484\Debug\Simple_Oscope.a(cyfitter_cfg.o)
 .text.cfg_write_bytes32
                0x00000be8       0x74 .\ARM_GCC_484\Debug\Simple_Oscope.a(cyfitter_cfg.o)
 .text.ClockSetup
                0x00000c5c      0x16c .\ARM_GCC_484\Debug\Simple_Oscope.a(cyfitter_cfg.o)
 .text.AnalogSetDefault
                0x00000dc8       0xd8 .\ARM_GCC_484\Debug\Simple_Oscope.a(cyfitter_cfg.o)
 .text.MUX_DAC_Set
                0x00000ea0       0x6c .\ARM_GCC_484\Debug\Simple_Oscope.a(cyfitter_cfg.o)
                0x00000ea0                MUX_DAC_Set
 .text.MUX_DAC_Unset
                0x00000f0c       0x74 .\ARM_GCC_484\Debug\Simple_Oscope.a(cyfitter_cfg.o)
                0x00000f0c                MUX_DAC_Unset
 .text.cyfitter_cfg
                0x00000f80      0x1b8 .\ARM_GCC_484\Debug\Simple_Oscope.a(cyfitter_cfg.o)
                0x00000f80                cyfitter_cfg
 .text          0x00001138       0x60 .\ARM_GCC_484\Debug\Simple_Oscope.a(CyBootAsmGnu.o)
                0x00001138                CyDelayCycles
                0x0000117c                CyEnterCriticalSection
                0x00001184                CyExitCriticalSection
 .text.CyDmacConfigure
                0x00001198       0x5c .\ARM_GCC_484\Debug\Simple_Oscope.a(CyDmac.o)
                0x00001198                CyDmacConfigure
 .text.CyDmaChEnable
                0x000011f4       0x8c .\ARM_GCC_484\Debug\Simple_Oscope.a(CyDmac.o)
                0x000011f4                CyDmaChEnable
 .text.CyDmaChDisable
                0x00001280       0x64 .\ARM_GCC_484\Debug\Simple_Oscope.a(CyDmac.o)
                0x00001280                CyDmaChDisable
 .text.CyDmaChPriority
                0x000012e4       0x5c .\ARM_GCC_484\Debug\Simple_Oscope.a(CyDmac.o)
                0x000012e4                CyDmaChPriority
 .text.CyDmaChSetExtendedAddress
                0x00001340       0x7c .\ARM_GCC_484\Debug\Simple_Oscope.a(CyDmac.o)
                0x00001340                CyDmaChSetExtendedAddress
 .text.CyDmaChSetInitialTd
                0x000013bc       0x3c .\ARM_GCC_484\Debug\Simple_Oscope.a(CyDmac.o)
                0x000013bc                CyDmaChSetInitialTd
 .text.CyDmaChStatus
                0x000013f8       0x60 .\ARM_GCC_484\Debug\Simple_Oscope.a(CyDmac.o)
                0x000013f8                CyDmaChStatus
 .text.CyDmaChSetConfiguration
                0x00001458       0x90 .\ARM_GCC_484\Debug\Simple_Oscope.a(CyDmac.o)
                0x00001458                CyDmaChSetConfiguration
 .text.CyDmaTdAllocate
                0x000014e8       0x5c .\ARM_GCC_484\Debug\Simple_Oscope.a(CyDmac.o)
                0x000014e8                CyDmaTdAllocate
 .text.CyDmaTdFree
                0x00001544       0x54 .\ARM_GCC_484\Debug\Simple_Oscope.a(CyDmac.o)
                0x00001544                CyDmaTdFree
 .text.CyDmaTdSetConfiguration
                0x00001598       0x70 .\ARM_GCC_484\Debug\Simple_Oscope.a(CyDmac.o)
                0x00001598                CyDmaTdSetConfiguration
 .text.CyDmaTdSetAddress
                0x00001608       0x5c .\ARM_GCC_484\Debug\Simple_Oscope.a(CyDmac.o)
                0x00001608                CyDmaTdSetAddress
 .text.CyHalt   0x00001664       0x18 .\ARM_GCC_484\Debug\Simple_Oscope.a(CyLib.o)
                0x00001664                CyHalt
 .text.CySoftwareReset
                0x0000167c       0x20 .\ARM_GCC_484\Debug\Simple_Oscope.a(CyLib.o)
                0x0000167c                CySoftwareReset
 .text.CyDelayUs
                0x0000169c       0x24 .\ARM_GCC_484\Debug\Simple_Oscope.a(CyLib.o)
                0x0000169c                CyDelayUs
 .text.CyIntSetVector
                0x000016c0       0x50 .\ARM_GCC_484\Debug\Simple_Oscope.a(CyLib.o)
                0x000016c0                CyIntSetVector
 .text.CyIntSetPriority
                0x00001710       0x44 .\ARM_GCC_484\Debug\Simple_Oscope.a(CyLib.o)
                0x00001710                CyIntSetPriority
 .text.UART_RX_StartEx
                0x00001754       0x24 .\ARM_GCC_484\Debug\Simple_Oscope.a(UART_RX.o)
                0x00001754                UART_RX_StartEx
 .text.UART_RX_SetVector
                0x00001778       0x24 .\ARM_GCC_484\Debug\Simple_Oscope.a(UART_RX.o)
                0x00001778                UART_RX_SetVector
 .text.UART_RX_SetPriority
                0x0000179c       0x24 .\ARM_GCC_484\Debug\Simple_Oscope.a(UART_RX.o)
                0x0000179c                UART_RX_SetPriority
 .text.UART_RX_Enable
                0x000017c0       0x18 .\ARM_GCC_484\Debug\Simple_Oscope.a(UART_RX.o)
                0x000017c0                UART_RX_Enable
 .text.UART_RX_Disable
                0x000017d8       0x18 .\ARM_GCC_484\Debug\Simple_Oscope.a(UART_RX.o)
                0x000017d8                UART_RX_Disable
 .text.UART_Start
                0x000017f0       0x20 .\ARM_GCC_484\Debug\Simple_Oscope.a(UART.o)
                0x000017f0                UART_Start
 .text.UART_Init
                0x00001810       0x40 .\ARM_GCC_484\Debug\Simple_Oscope.a(UART.o)
                0x00001810                UART_Init
 .text.UART_Enable
                0x00001850       0x5c .\ARM_GCC_484\Debug\Simple_Oscope.a(UART.o)
                0x00001850                UART_Enable
 .text.UART_ReadRxStatus
                0x000018ac       0x24 .\ARM_GCC_484\Debug\Simple_Oscope.a(UART.o)
                0x000018ac                UART_ReadRxStatus
 .text.UART_GetChar
                0x000018d0       0x44 .\ARM_GCC_484\Debug\Simple_Oscope.a(UART.o)
                0x000018d0                UART_GetChar
 .text.UART_GetRxBufferSize
                0x00001914       0x30 .\ARM_GCC_484\Debug\Simple_Oscope.a(UART.o)
                0x00001914                UART_GetRxBufferSize
 .text.UART_PutChar
                0x00001944       0x34 .\ARM_GCC_484\Debug\Simple_Oscope.a(UART.o)
                0x00001944                UART_PutChar
 .text.UART_PutString
                0x00001978       0x40 .\ARM_GCC_484\Debug\Simple_Oscope.a(UART.o)
                0x00001978                UART_PutString
 .text.UART_IntClock_Start
                0x000019b8       0x34 .\ARM_GCC_484\Debug\Simple_Oscope.a(UART_IntClock.o)
                0x000019b8                UART_IntClock_Start
 .text.ADC_Start
                0x000019ec       0x20 .\ARM_GCC_484\Debug\Simple_Oscope.a(ADC.o)
                0x000019ec                ADC_Start
 .text.ADC_Init
                0x00001a0c       0x40 .\ARM_GCC_484\Debug\Simple_Oscope.a(ADC.o)
                0x00001a0c                ADC_Init
 .text.ADC_Enable
                0x00001a4c       0xcc .\ARM_GCC_484\Debug\Simple_Oscope.a(ADC.o)
                0x00001a4c                ADC_Enable
 .text.ADC_Stop
                0x00001b18       0x58 .\ARM_GCC_484\Debug\Simple_Oscope.a(ADC.o)
                0x00001b18                ADC_Stop
 .text.ADC_SetResolution
                0x00001b70       0x50 .\ARM_GCC_484\Debug\Simple_Oscope.a(ADC.o)
                0x00001b70                ADC_SetResolution
 .text.ADC_StartConvert
                0x00001bc0       0x20 .\ARM_GCC_484\Debug\Simple_Oscope.a(ADC.o)
                0x00001bc0                ADC_StartConvert
 .text.ADC_CalcGain
                0x00001be0       0x7c .\ARM_GCC_484\Debug\Simple_Oscope.a(ADC.o)
 .text.ADC_ISR  0x00001c5c        0xc .\ARM_GCC_484\Debug\Simple_Oscope.a(ADC_INT.o)
                0x00001c5c                ADC_ISR
 .text.ADC_Clock_SetDividerRegister
                0x00001c68      0x15c .\ARM_GCC_484\Debug\Simple_Oscope.a(ADC_Clock.o)
                0x00001c68                ADC_Clock_SetDividerRegister
 .text.ADC_Clock_GetDividerRegister
                0x00001dc4       0x18 .\ARM_GCC_484\Debug\Simple_Oscope.a(ADC_Clock.o)
                0x00001dc4                ADC_Clock_GetDividerRegister
 .text.ADC_Clock_GetSourceRegister
                0x00001ddc       0x20 .\ARM_GCC_484\Debug\Simple_Oscope.a(ADC_Clock.o)
                0x00001ddc                ADC_Clock_GetSourceRegister
 .text.DMA_ADC_MEM_DmaInitialize
                0x00001dfc       0x60 .\ARM_GCC_484\Debug\Simple_Oscope.a(DMA_ADC_MEM_dma.o)
                0x00001dfc                DMA_ADC_MEM_DmaInitialize
 .text.DMA_ADC_MEM_DmaRelease
                0x00001e5c       0x14 .\ARM_GCC_484\Debug\Simple_Oscope.a(DMA_ADC_MEM_dma.o)
                0x00001e5c                DMA_ADC_MEM_DmaRelease
 .text.TIMER_DMA_Init
                0x00001e70       0x4c .\ARM_GCC_484\Debug\Simple_Oscope.a(TIMER_DMA.o)
                0x00001e70                TIMER_DMA_Init
 .text.TIMER_DMA_Enable
                0x00001ebc       0x20 .\ARM_GCC_484\Debug\Simple_Oscope.a(TIMER_DMA.o)
                0x00001ebc                TIMER_DMA_Enable
 .text.TIMER_DMA_Start
                0x00001edc       0x20 .\ARM_GCC_484\Debug\Simple_Oscope.a(TIMER_DMA.o)
                0x00001edc                TIMER_DMA_Start
 .text.TIMER_DMA_Stop
                0x00001efc       0x20 .\ARM_GCC_484\Debug\Simple_Oscope.a(TIMER_DMA.o)
                0x00001efc                TIMER_DMA_Stop
 .text.TIMER_DMA_SetInterruptMode
                0x00001f1c       0x20 .\ARM_GCC_484\Debug\Simple_Oscope.a(TIMER_DMA.o)
                0x00001f1c                TIMER_DMA_SetInterruptMode
 .text.TIMER_DMA_ReadStatusRegister
                0x00001f3c       0x18 .\ARM_GCC_484\Debug\Simple_Oscope.a(TIMER_DMA.o)
                0x00001f3c                TIMER_DMA_ReadStatusRegister
 .text.TIMER_DMA_WritePeriod
                0x00001f54       0x1c .\ARM_GCC_484\Debug\Simple_Oscope.a(TIMER_DMA.o)
                0x00001f54                TIMER_DMA_WritePeriod
 .text.TIMER_DMA_ReadCapture
                0x00001f70       0x18 .\ARM_GCC_484\Debug\Simple_Oscope.a(TIMER_DMA.o)
                0x00001f70                TIMER_DMA_ReadCapture
 .text.TIMER_DMA_WriteCounter
                0x00001f88       0x1c .\ARM_GCC_484\Debug\Simple_Oscope.a(TIMER_DMA.o)
                0x00001f88                TIMER_DMA_WriteCounter
 .text.TIMER_DMA_ClearFIFO
                0x00001fa4       0x1c .\ARM_GCC_484\Debug\Simple_Oscope.a(TIMER_DMA.o)
                0x00001fa4                TIMER_DMA_ClearFIFO
 .text.DMA_ENABLE_StartEx
                0x00001fc0       0x24 .\ARM_GCC_484\Debug\Simple_Oscope.a(DMA_ENABLE.o)
                0x00001fc0                DMA_ENABLE_StartEx
 .text.DMA_ENABLE_SetVector
                0x00001fe4       0x24 .\ARM_GCC_484\Debug\Simple_Oscope.a(DMA_ENABLE.o)
                0x00001fe4                DMA_ENABLE_SetVector
 .text.DMA_ENABLE_SetPriority
                0x00002008       0x24 .\ARM_GCC_484\Debug\Simple_Oscope.a(DMA_ENABLE.o)
                0x00002008                DMA_ENABLE_SetPriority
 .text.DMA_ENABLE_Enable
                0x0000202c       0x18 .\ARM_GCC_484\Debug\Simple_Oscope.a(DMA_ENABLE.o)
                0x0000202c                DMA_ENABLE_Enable
 .text.DMA_ENABLE_Disable
                0x00002044       0x18 .\ARM_GCC_484\Debug\Simple_Oscope.a(DMA_ENABLE.o)
                0x00002044                DMA_ENABLE_Disable
 .text.DMA_FRAME_READY_StartEx
                0x0000205c       0x24 .\ARM_GCC_484\Debug\Simple_Oscope.a(DMA_FRAME_READY.o)
                0x0000205c                DMA_FRAME_READY_StartEx
 .text.DMA_FRAME_READY_SetVector
                0x00002080       0x24 .\ARM_GCC_484\Debug\Simple_Oscope.a(DMA_FRAME_READY.o)
                0x00002080                DMA_FRAME_READY_SetVector
 .text.DMA_FRAME_READY_SetPriority
                0x000020a4       0x24 .\ARM_GCC_484\Debug\Simple_Oscope.a(DMA_FRAME_READY.o)
                0x000020a4                DMA_FRAME_READY_SetPriority
 .text.DMA_FRAME_READY_Enable
                0x000020c8       0x18 .\ARM_GCC_484\Debug\Simple_Oscope.a(DMA_FRAME_READY.o)
                0x000020c8                DMA_FRAME_READY_Enable
 .text.DMA_FRAME_READY_Disable
                0x000020e0       0x18 .\ARM_GCC_484\Debug\Simple_Oscope.a(DMA_FRAME_READY.o)
                0x000020e0                DMA_FRAME_READY_Disable
 .text.DAC_1_Init
                0x000020f8       0x54 .\ARM_GCC_484\Debug\Simple_Oscope.a(DAC_1.o)
                0x000020f8                DAC_1_Init
 .text.DAC_1_Enable
                0x0000214c       0x34 .\ARM_GCC_484\Debug\Simple_Oscope.a(DAC_1.o)
                0x0000214c                DAC_1_Enable
 .text.DAC_1_Start
                0x00002180       0x20 .\ARM_GCC_484\Debug\Simple_Oscope.a(DAC_1.o)
                0x00002180                DAC_1_Start
 .text.DAC_1_Stop
                0x000021a0       0x2c .\ARM_GCC_484\Debug\Simple_Oscope.a(DAC_1.o)
                0x000021a0                DAC_1_Stop
 .text.DAC_1_Wave1Setup
                0x000021cc       0x70 .\ARM_GCC_484\Debug\Simple_Oscope.a(DAC_1.o)
                0x000021cc                DAC_1_Wave1Setup
 .text.DAC_1_Wave2Setup
                0x0000223c       0x70 .\ARM_GCC_484\Debug\Simple_Oscope.a(DAC_1.o)
                0x0000223c                DAC_1_Wave2Setup
 .text.MUX_DAC_FastSelect
                0x000022ac       0x34 .\ARM_GCC_484\Debug\Simple_Oscope.a(MUX_DAC.o)
                0x000022ac                MUX_DAC_FastSelect
 .text.MUX_DAC_DisconnectAll
                0x000022e0       0x24 .\ARM_GCC_484\Debug\Simple_Oscope.a(MUX_DAC.o)
                0x000022e0                MUX_DAC_DisconnectAll
 .text.DAC_2_Init
                0x00002304       0x58 .\ARM_GCC_484\Debug\Simple_Oscope.a(DAC_2.o)
                0x00002304                DAC_2_Init
 .text.DAC_2_Enable
                0x0000235c       0x38 .\ARM_GCC_484\Debug\Simple_Oscope.a(DAC_2.o)
                0x0000235c                DAC_2_Enable
 .text.DAC_2_Start
                0x00002394       0x20 .\ARM_GCC_484\Debug\Simple_Oscope.a(DAC_2.o)
                0x00002394                DAC_2_Start
 .text.DAC_2_Stop
                0x000023b4       0x2c .\ARM_GCC_484\Debug\Simple_Oscope.a(DAC_2.o)
                0x000023b4                DAC_2_Stop
 .text.DAC_2_Wave1Setup
                0x000023e0       0x70 .\ARM_GCC_484\Debug\Simple_Oscope.a(DAC_2.o)
                0x000023e0                DAC_2_Wave1Setup
 .text.DAC_2_Wave2Setup
                0x00002450       0x70 .\ARM_GCC_484\Debug\Simple_Oscope.a(DAC_2.o)
                0x00002450                DAC_2_Wave2Setup
 .text.Control_DAC_Write
                0x000024c0       0x20 .\ARM_GCC_484\Debug\Simple_Oscope.a(Control_DAC.o)
                0x000024c0                Control_DAC_Write
 .text.DAC_1_DacClk_Start
                0x000024e0       0x34 .\ARM_GCC_484\Debug\Simple_Oscope.a(DAC_1_DacClk.o)
                0x000024e0                DAC_1_DacClk_Start
 .text.DAC_1_DacClk_Stop
                0x00002514       0x34 .\ARM_GCC_484\Debug\Simple_Oscope.a(DAC_1_DacClk.o)
                0x00002514                DAC_1_DacClk_Stop
 .text.DAC_1_Wave1_DMA_DmaInitialize
                0x00002548       0x60 .\ARM_GCC_484\Debug\Simple_Oscope.a(DAC_1_Wave1_DMA_dma.o)
                0x00002548                DAC_1_Wave1_DMA_DmaInitialize
 .text.DAC_1_Wave2_DMA_DmaInitialize
                0x000025a8       0x60 .\ARM_GCC_484\Debug\Simple_Oscope.a(DAC_1_Wave2_DMA_dma.o)
                0x000025a8                DAC_1_Wave2_DMA_DmaInitialize
 .text.DAC_1_VDAC8_Init
                0x00002608       0x3c .\ARM_GCC_484\Debug\Simple_Oscope.a(DAC_1_VDAC8.o)
                0x00002608                DAC_1_VDAC8_Init
 .text.DAC_1_VDAC8_Enable
                0x00002644       0x34 .\ARM_GCC_484\Debug\Simple_Oscope.a(DAC_1_VDAC8.o)
                0x00002644                DAC_1_VDAC8_Enable
 .text.DAC_1_VDAC8_Stop
                0x00002678       0x34 .\ARM_GCC_484\Debug\Simple_Oscope.a(DAC_1_VDAC8.o)
                0x00002678                DAC_1_VDAC8_Stop
 .text.DAC_1_VDAC8_SetSpeed
                0x000026ac       0x40 .\ARM_GCC_484\Debug\Simple_Oscope.a(DAC_1_VDAC8.o)
                0x000026ac                DAC_1_VDAC8_SetSpeed
 .text.DAC_1_VDAC8_SetRange
                0x000026ec       0x40 .\ARM_GCC_484\Debug\Simple_Oscope.a(DAC_1_VDAC8.o)
                0x000026ec                DAC_1_VDAC8_SetRange
 .text.DAC_1_VDAC8_SetValue
                0x0000272c       0x20 .\ARM_GCC_484\Debug\Simple_Oscope.a(DAC_1_VDAC8.o)
                0x0000272c                DAC_1_VDAC8_SetValue
 .text.DAC_1_VDAC8_DacTrim
                0x0000274c       0x3c .\ARM_GCC_484\Debug\Simple_Oscope.a(DAC_1_VDAC8.o)
                0x0000274c                DAC_1_VDAC8_DacTrim
 .text.DAC_2_DacClk_Start
                0x00002788       0x34 .\ARM_GCC_484\Debug\Simple_Oscope.a(DAC_2_DacClk.o)
                0x00002788                DAC_2_DacClk_Start
 .text.DAC_2_DacClk_Stop
                0x000027bc       0x34 .\ARM_GCC_484\Debug\Simple_Oscope.a(DAC_2_DacClk.o)
                0x000027bc                DAC_2_DacClk_Stop
 .text.DAC_2_Wave1_DMA_DmaInitialize
                0x000027f0       0x60 .\ARM_GCC_484\Debug\Simple_Oscope.a(DAC_2_Wave1_DMA_dma.o)
                0x000027f0                DAC_2_Wave1_DMA_DmaInitialize
 .text.DAC_2_Wave2_DMA_DmaInitialize
                0x00002850       0x60 .\ARM_GCC_484\Debug\Simple_Oscope.a(DAC_2_Wave2_DMA_dma.o)
                0x00002850                DAC_2_Wave2_DMA_DmaInitialize
 .text.DAC_2_VDAC8_Init
                0x000028b0       0x3c .\ARM_GCC_484\Debug\Simple_Oscope.a(DAC_2_VDAC8.o)
                0x000028b0                DAC_2_VDAC8_Init
 .text.DAC_2_VDAC8_Enable
                0x000028ec       0x34 .\ARM_GCC_484\Debug\Simple_Oscope.a(DAC_2_VDAC8.o)
                0x000028ec                DAC_2_VDAC8_Enable
 .text.DAC_2_VDAC8_Stop
                0x00002920       0x34 .\ARM_GCC_484\Debug\Simple_Oscope.a(DAC_2_VDAC8.o)
                0x00002920                DAC_2_VDAC8_Stop
 .text.DAC_2_VDAC8_SetSpeed
                0x00002954       0x40 .\ARM_GCC_484\Debug\Simple_Oscope.a(DAC_2_VDAC8.o)
                0x00002954                DAC_2_VDAC8_SetSpeed
 .text.DAC_2_VDAC8_SetRange
                0x00002994       0x40 .\ARM_GCC_484\Debug\Simple_Oscope.a(DAC_2_VDAC8.o)
                0x00002994                DAC_2_VDAC8_SetRange
 .text.DAC_2_VDAC8_SetValue
                0x000029d4       0x20 .\ARM_GCC_484\Debug\Simple_Oscope.a(DAC_2_VDAC8.o)
                0x000029d4                DAC_2_VDAC8_SetValue
 .text.DAC_2_VDAC8_DacTrim
                0x000029f4       0x3c .\ARM_GCC_484\Debug\Simple_Oscope.a(DAC_2_VDAC8.o)
                0x000029f4                DAC_2_VDAC8_DacTrim
 .text.DAC_2_BuffAmp_Init
                0x00002a30        0xc .\ARM_GCC_484\Debug\Simple_Oscope.a(DAC_2_BuffAmp.o)
                0x00002a30                DAC_2_BuffAmp_Init
 .text.DAC_2_BuffAmp_Enable
                0x00002a3c       0x48 .\ARM_GCC_484\Debug\Simple_Oscope.a(DAC_2_BuffAmp.o)
                0x00002a3c                DAC_2_BuffAmp_Enable
 .text.DAC_2_BuffAmp_SetPower
                0x00002a84       0x40 .\ARM_GCC_484\Debug\Simple_Oscope.a(DAC_2_BuffAmp.o)
                0x00002a84                DAC_2_BuffAmp_SetPower
 .text          0x00002ac4       0xec c:/program files (x86)/cypress/psoc creator/3.1/psoc creator/import/gnu_cs/arm/4.8.4/bin/../lib/gcc/arm-none-eabi/4.8.4/armv7-m\libgcc.a(_arm_cmpsf2.o)
                0x00002ac4                __gesf2
                0x00002ac4                __gtsf2
                0x00002acc                __lesf2
                0x00002acc                __ltsf2
                0x00002ad4                __nesf2
                0x00002ad4                __eqsf2
                0x00002ad4                __cmpsf2
                0x00002b34                __aeabi_cfrcmple
                0x00002b3c                __aeabi_cfcmpeq
                0x00002b3c                __aeabi_cfcmple
                0x00002b4c                __aeabi_fcmpeq
                0x00002b60                __aeabi_fcmplt
                0x00002b74                __aeabi_fcmple
                0x00002b88                __aeabi_fcmpge
                0x00002b9c                __aeabi_fcmpgt
 .text.__errno  0x00002bb0        0xc c:/program files (x86)/cypress/psoc creator/3.1/psoc creator/import/gnu_cs/arm/4.8.4/bin/../lib/gcc/arm-none-eabi/4.8.4/../../../../arm-none-eabi/lib/armv7-m\libg_s.a(lib_a-errno.o)
                0x00002bb0                __errno
 .text.__libc_init_array
                0x00002bbc       0x4c c:/program files (x86)/cypress/psoc creator/3.1/psoc creator/import/gnu_cs/arm/4.8.4/bin/../lib/gcc/arm-none-eabi/4.8.4/../../../../arm-none-eabi/lib/armv7-m\libg_s.a(lib_a-init.o)
                0x00002bbc                __libc_init_array
 .text.malloc   0x00002c08       0x10 c:/program files (x86)/cypress/psoc creator/3.1/psoc creator/import/gnu_cs/arm/4.8.4/bin/../lib/gcc/arm-none-eabi/4.8.4/../../../../arm-none-eabi/lib/armv7-m\libg_s.a(lib_a-malloc.o)
                0x00002c08                malloc
 .text.free     0x00002c18       0x10 c:/program files (x86)/cypress/psoc creator/3.1/psoc creator/import/gnu_cs/arm/4.8.4/bin/../lib/gcc/arm-none-eabi/4.8.4/../../../../arm-none-eabi/lib/armv7-m\libg_s.a(lib_a-malloc.o)
                0x00002c18                free
 .text.memcpy   0x00002c28       0x12 c:/program files (x86)/cypress/psoc creator/3.1/psoc creator/import/gnu_cs/arm/4.8.4/bin/../lib/gcc/arm-none-eabi/4.8.4/../../../../arm-none-eabi/lib/armv7-m\libg_s.a(lib_a-memcpy-stub.o)
                0x00002c28                memcpy
 .text.memset   0x00002c3a       0x10 c:/program files (x86)/cypress/psoc creator/3.1/psoc creator/import/gnu_cs/arm/4.8.4/bin/../lib/gcc/arm-none-eabi/4.8.4/../../../../arm-none-eabi/lib/armv7-m\libg_s.a(lib_a-memset.o)
                0x00002c3a                memset
 *fill*         0x00002c4a        0x2 
 .text._free_r  0x00002c4c       0x88 c:/program files (x86)/cypress/psoc creator/3.1/psoc creator/import/gnu_cs/arm/4.8.4/bin/../lib/gcc/arm-none-eabi/4.8.4/../../../../arm-none-eabi/lib/armv7-m\libg_s.a(lib_a-nano-freer.o)
                0x00002c4c                _free_r
 .text._malloc_r
                0x00002cd4       0xa8 c:/program files (x86)/cypress/psoc creator/3.1/psoc creator/import/gnu_cs/arm/4.8.4/bin/../lib/gcc/arm-none-eabi/4.8.4/../../../../arm-none-eabi/lib/armv7-m\libg_s.a(lib_a-nano-mallocr.o)
                0x00002cd4                _malloc_r
 .text._sbrk_r  0x00002d7c       0x20 c:/program files (x86)/cypress/psoc creator/3.1/psoc creator/import/gnu_cs/arm/4.8.4/bin/../lib/gcc/arm-none-eabi/4.8.4/../../../../arm-none-eabi/lib/armv7-m\libg_s.a(lib_a-sbrkr.o)
                0x00002d7c                _sbrk_r
 .text.sscanf   0x00002d9c       0x54 c:/program files (x86)/cypress/psoc creator/3.1/psoc creator/import/gnu_cs/arm/4.8.4/bin/../lib/gcc/arm-none-eabi/4.8.4/../../../../arm-none-eabi/lib/armv7-m\libg_s.a(lib_a-sscanf.o)
                0x00002d9c                siscanf
                0x00002d9c                sscanf
 .text.__seofread
                0x00002df0        0x4 c:/program files (x86)/cypress/psoc creator/3.1/psoc creator/import/gnu_cs/arm/4.8.4/bin/../lib/gcc/arm-none-eabi/4.8.4/../../../../arm-none-eabi/lib/armv7-m\libg_s.a(lib_a-stdio.o)
                0x00002df0                __seofread
 .text          0x00002df4       0x14 c:/program files (x86)/cypress/psoc creator/3.1/psoc creator/import/gnu_cs/arm/4.8.4/bin/../lib/gcc/arm-none-eabi/4.8.4/../../../../arm-none-eabi/lib/armv7-m\libg_s.a(lib_a-strcmp.o)
                0x00002df4                strcmp
 .text.strlen   0x00002e08       0x10 c:/program files (x86)/cypress/psoc creator/3.1/psoc creator/import/gnu_cs/arm/4.8.4/bin/../lib/gcc/arm-none-eabi/4.8.4/../../../../arm-none-eabi/lib/armv7-m\libg_s.a(lib_a-strlen.o)
                0x00002e08                strlen
 .text.strncpy  0x00002e18       0x24 c:/program files (x86)/cypress/psoc creator/3.1/psoc creator/import/gnu_cs/arm/4.8.4/bin/../lib/gcc/arm-none-eabi/4.8.4/../../../../arm-none-eabi/lib/armv7-m\libg_s.a(lib_a-strncpy.o)
                0x00002e18                strncpy
 .text.strpbrk  0x00002e3c       0x30 c:/program files (x86)/cypress/psoc creator/3.1/psoc creator/import/gnu_cs/arm/4.8.4/bin/../lib/gcc/arm-none-eabi/4.8.4/../../../../arm-none-eabi/lib/armv7-m\libg_s.a(lib_a-strpbrk.o)
                0x00002e3c                strpbrk
 .text._sungetc_r
                0x00002e6c       0x7a c:/program files (x86)/cypress/psoc creator/3.1/psoc creator/import/gnu_cs/arm/4.8.4/bin/../lib/gcc/arm-none-eabi/4.8.4/../../../../arm-none-eabi/lib/armv7-m\libg_s.a(lib_a-svfscanf.o)
                0x00002e6c                _sungetc_r
 .text.__ssrefill_r
                0x00002ee6       0x3a c:/program files (x86)/cypress/psoc creator/3.1/psoc creator/import/gnu_cs/arm/4.8.4/bin/../lib/gcc/arm-none-eabi/4.8.4/../../../../arm-none-eabi/lib/armv7-m\libg_s.a(lib_a-svfscanf.o)
                0x00002ee6                __ssrefill_r
 .text.__ssvfscanf_r
                0x00002f20      0x29c c:/program files (x86)/cypress/psoc creator/3.1/psoc creator/import/gnu_cs/arm/4.8.4/bin/../lib/gcc/arm-none-eabi/4.8.4/../../../../arm-none-eabi/lib/armv7-m\libg_s.a(lib_a-svfscanf.o)
                0x00002f20                __ssvfiscanf_r
                0x00002f20                __ssvfscanf_r
 .text.__submore
                0x000031bc       0x72 c:/program files (x86)/cypress/psoc creator/3.1/psoc creator/import/gnu_cs/arm/4.8.4/bin/../lib/gcc/arm-none-eabi/4.8.4/../../../../arm-none-eabi/lib/armv7-m\libg_s.a(lib_a-ungetc.o)
                0x000031bc                __submore
 *fill*         0x0000322e        0x2 
 .text._scanf_chars
                0x00003230       0xc0 c:/program files (x86)/cypress/psoc creator/3.1/psoc creator/import/gnu_cs/arm/4.8.4/bin/../lib/gcc/arm-none-eabi/4.8.4/../../../../arm-none-eabi/lib/armv7-m\libg_s.a(lib_a-vfscanf_i.o)
                0x00003230                _scanf_chars
 .text._scanf_i
                0x000032f0      0x1ec c:/program files (x86)/cypress/psoc creator/3.1/psoc creator/import/gnu_cs/arm/4.8.4/bin/../lib/gcc/arm-none-eabi/4.8.4/../../../../arm-none-eabi/lib/armv7-m\libg_s.a(lib_a-vfscanf_i.o)
                0x000032f0                _scanf_i
 .text.memchr   0x000034dc       0x1c c:/program files (x86)/cypress/psoc creator/3.1/psoc creator/import/gnu_cs/arm/4.8.4/bin/../lib/gcc/arm-none-eabi/4.8.4/../../../../arm-none-eabi/lib/armv7-m\libg_s.a(lib_a-memchr-stub.o)
                0x000034dc                memchr
 .text._realloc_r
                0x000034f8       0x4c c:/program files (x86)/cypress/psoc creator/3.1/psoc creator/import/gnu_cs/arm/4.8.4/bin/../lib/gcc/arm-none-eabi/4.8.4/../../../../arm-none-eabi/lib/armv7-m\libg_s.a(lib_a-nano-reallocr.o)
                0x000034f8                _realloc_r
 .text.__sccl   0x00003544       0x62 c:/program files (x86)/cypress/psoc creator/3.1/psoc creator/import/gnu_cs/arm/4.8.4/bin/../lib/gcc/arm-none-eabi/4.8.4/../../../../arm-none-eabi/lib/armv7-m\libg_s.a(lib_a-sccl.o)
                0x00003544                __sccl
 *fill*         0x000035a6        0x2 
 .text._strtol_r
                0x000035a8      0x104 c:/program files (x86)/cypress/psoc creator/3.1/psoc creator/import/gnu_cs/arm/4.8.4/bin/../lib/gcc/arm-none-eabi/4.8.4/../../../../arm-none-eabi/lib/armv7-m\libg_s.a(lib_a-strtol.o)
                0x000035a8                _strtol_r
 .text._strtoul_r
                0x000036ac       0xf0 c:/program files (x86)/cypress/psoc creator/3.1/psoc creator/import/gnu_cs/arm/4.8.4/bin/../lib/gcc/arm-none-eabi/4.8.4/../../../../arm-none-eabi/lib/armv7-m\libg_s.a(lib_a-strtoul.o)
                0x000036ac                _strtoul_r
 .text._malloc_usable_size_r
                0x0000379c       0x12 c:/program files (x86)/cypress/psoc creator/3.1/psoc creator/import/gnu_cs/arm/4.8.4/bin/../lib/gcc/arm-none-eabi/4.8.4/../../../../arm-none-eabi/lib/armv7-m\libg_s.a(lib_a-nano-msizer.o)
                0x0000379c                _malloc_usable_size_r
 *(.plt)
 *(.gnu.warning)
 *(.glue_7t)
 .glue_7t       0x00000000        0x0 linker stubs
 *(.glue_7)
 .glue_7        0x00000000        0x0 linker stubs
 *(.vfp11_veneer)
 .vfp11_veneer  0x00000000        0x0 linker stubs
 *(.bootloader)
 *(.ARM.extab* .gnu.linkonce.armextab.*)
 *(.gcc_except_table)

.v4_bx          0x000037b0        0x0
 .v4_bx         0x00000000        0x0 linker stubs

.iplt           0x000037b0        0x0
 .iplt          0x00000000        0x0 c:/program files (x86)/cypress/psoc creator/3.1/psoc creator/import/gnu_cs/arm/4.8.4/bin/../lib/gcc/arm-none-eabi/4.8.4/armv7-m/crtbegin.o

.eh_frame_hdr
 *(.eh_frame_hdr)

.eh_frame       0x000037b0        0x4
 *(.eh_frame)
 .eh_frame      0x000037b0        0x0 c:/program files (x86)/cypress/psoc creator/3.1/psoc creator/import/gnu_cs/arm/4.8.4/bin/../lib/gcc/arm-none-eabi/4.8.4/armv7-m/crtbegin.o
 .eh_frame      0x000037b0        0x4 c:/program files (x86)/cypress/psoc creator/3.1/psoc creator/import/gnu_cs/arm/4.8.4/bin/../lib/gcc/arm-none-eabi/4.8.4/armv7-m/crtend.o
                0x000037b4                PROVIDE (__exidx_start, .)

.ARM.exidx
 *(.ARM.exidx* .gnu.linkonce.armexidx.*)
                0x000037b4                __exidx_end = .

.rodata         0x000037b4      0xa4c
 *(.rodata .rodata.* .gnu.linkonce.r.*)
 .rodata        0x000037b4      0x224 .\ARM_GCC_484\Debug\main.o
 .rodata        0x000039d8       0x60 .\ARM_GCC_484\Debug\Simple_Oscope.a(cyfitter_cfg.o)
                0x000039d8                MUX_DAC__addrTable
                0x000039e8                MUX_DAC__maskTable
 .rodata        0x00003a38      0x300 .\ARM_GCC_484\Debug\Simple_Oscope.a(DAC_1.o)
                0x00003a38                DAC_1_wave1
                0x00003b44                DAC_1_wave2
 .rodata        0x00003d38      0x300 .\ARM_GCC_484\Debug\Simple_Oscope.a(DAC_2.o)
                0x00003d38                DAC_2_wave1
                0x00003e44                DAC_2_wave2
 .rodata.str1.1
                0x00004038        0x2 c:/program files (x86)/cypress/psoc creator/3.1/psoc creator/import/gnu_cs/arm/4.8.4/bin/../lib/gcc/arm-none-eabi/4.8.4/../../../../arm-none-eabi/lib/armv7-m\libg_s.a(lib_a-impure.o)
 .rodata.str1.1
                0x0000403a        0x4 c:/program files (x86)/cypress/psoc creator/3.1/psoc creator/import/gnu_cs/arm/4.8.4/bin/../lib/gcc/arm-none-eabi/4.8.4/../../../../arm-none-eabi/lib/armv7-m\libg_s.a(lib_a-svfscanf.o)
 *fill*         0x0000403e        0x2 
 .rodata        0x00004040        0xc c:/program files (x86)/cypress/psoc creator/3.1/psoc creator/import/gnu_cs/arm/4.8.4/bin/../lib/gcc/arm-none-eabi/4.8.4/../../../../arm-none-eabi/lib/armv7-m\libg_s.a(lib_a-vfscanf_i.o)
 .rodata.str1.1
                0x0000404c       0x1b c:/program files (x86)/cypress/psoc creator/3.1/psoc creator/import/gnu_cs/arm/4.8.4/bin/../lib/gcc/arm-none-eabi/4.8.4/../../../../arm-none-eabi/lib/armv7-m\libg_s.a(lib_a-vfscanf_i.o)
 .rodata._ctype_
                0x00004067      0x101 c:/program files (x86)/cypress/psoc creator/3.1/psoc creator/import/gnu_cs/arm/4.8.4/bin/../lib/gcc/arm-none-eabi/4.8.4/../../../../arm-none-eabi/lib/armv7-m\libg_s.a(lib_a-ctype_.o)
                0x00004067                _ctype_
 .rodata.__sf_fake_stdin
                0x00004168       0x20 c:/program files (x86)/cypress/psoc creator/3.1/psoc creator/import/gnu_cs/arm/4.8.4/bin/../lib/gcc/arm-none-eabi/4.8.4/../../../../arm-none-eabi/lib/armv7-m\libg_s.a(lib_a-findfp.o)
                0x00004168                __sf_fake_stdin
 .rodata.__sf_fake_stdout
                0x00004188       0x20 c:/program files (x86)/cypress/psoc creator/3.1/psoc creator/import/gnu_cs/arm/4.8.4/bin/../lib/gcc/arm-none-eabi/4.8.4/../../../../arm-none-eabi/lib/armv7-m\libg_s.a(lib_a-findfp.o)
                0x00004188                __sf_fake_stdout
 .rodata.__sf_fake_stderr
                0x000041a8       0x20 c:/program files (x86)/cypress/psoc creator/3.1/psoc creator/import/gnu_cs/arm/4.8.4/bin/../lib/gcc/arm-none-eabi/4.8.4/../../../../arm-none-eabi/lib/armv7-m\libg_s.a(lib_a-findfp.o)
                0x000041a8                __sf_fake_stderr
                0x000041c8                . = ALIGN (0x4)
 *(.init)
 .init          0x000041c8        0x4 c:/program files (x86)/cypress/psoc creator/3.1/psoc creator/import/gnu_cs/arm/4.8.4/bin/../lib/gcc/arm-none-eabi/4.8.4/armv7-m/crti.o
                0x000041c8                _init
 .init          0x000041cc        0x8 c:/program files (x86)/cypress/psoc creator/3.1/psoc creator/import/gnu_cs/arm/4.8.4/bin/../lib/gcc/arm-none-eabi/4.8.4/armv7-m/crtn.o
                0x000041d4                . = ALIGN (0x4)
                0x000041d4                __preinit_array_start = .
 *(.preinit_array)
                0x000041d4                __preinit_array_end = .
                0x000041d4                . = ALIGN (0x4)
                0x000041d4                __init_array_start = .
 *(SORT(.init_array.*))
 *(.init_array)
 .init_array    0x000041d4        0x4 c:/program files (x86)/cypress/psoc creator/3.1/psoc creator/import/gnu_cs/arm/4.8.4/bin/../lib/gcc/arm-none-eabi/4.8.4/armv7-m/crtbegin.o
 .init_array    0x000041d8        0x4 .\ARM_GCC_484\Debug\Cm3Start.o
                0x000041dc                __init_array_end = .
                0x000041dc                . = ALIGN (0x4)
 *(.fini)
 .fini          0x000041dc        0x4 c:/program files (x86)/cypress/psoc creator/3.1/psoc creator/import/gnu_cs/arm/4.8.4/bin/../lib/gcc/arm-none-eabi/4.8.4/armv7-m/crti.o
                0x000041dc                _fini
 .fini          0x000041e0        0x8 c:/program files (x86)/cypress/psoc creator/3.1/psoc creator/import/gnu_cs/arm/4.8.4/bin/../lib/gcc/arm-none-eabi/4.8.4/armv7-m/crtn.o
                0x000041e8                . = ALIGN (0x4)
                0x000041e8                __fini_array_start = .
 *(.fini_array)
 .fini_array    0x000041e8        0x4 c:/program files (x86)/cypress/psoc creator/3.1/psoc creator/import/gnu_cs/arm/4.8.4/bin/../lib/gcc/arm-none-eabi/4.8.4/armv7-m/crtbegin.o
 *(SORT(.fini_array.*))
                0x000041ec                __fini_array_end = .
                0x000041ec                . = ALIGN (0x4)
 *crtbegin.o(.ctors)
 *(EXCLUDE_FILE(*crtend.o) .ctors)
 *(SORT(.ctors.*))
 *crtend.o(.ctors)
                0x000041ec                . = ALIGN (0x4)
 *crtbegin.o(.dtors)
 *(EXCLUDE_FILE(*crtend.o) .dtors)
 *(SORT(.dtors.*))
 *crtend.o(.dtors)
                0x000041ec                . = ALIGN (0x4)
                0x000041ec                __cy_regions = .
                0x000041ec        0x4 LONG 0x4200 __cy_region_init_ram
                0x000041f0        0x4 LONG 0x1fff8108 __cy_region_start_data
                0x000041f4        0x4 LONG 0xb8 __cy_region_init_size_ram
                0x000041f8        0x4 LONG 0x98 __cy_region_zero_size_ram
                0x000041fc                __cy_regions_end = .
                0x00004200                . = ALIGN (0x8)
 *fill*         0x000041fc        0x4 
                0x00004200                _etext = .

.ramvectors     0x1fff8000      0x100
                0x1fff8000                __cy_region_start_ram = .
 *(.ramvectors)
 .ramvectors    0x1fff8000      0x100 .\ARM_GCC_484\Debug\Cm3Start.o
                0x1fff8000                CyRamVectors

.noinit         0x1fff8100        0x5
 *(.noinit)
 .noinit        0x1fff8100        0x4 .\ARM_GCC_484\Debug\Cm3Start.o
 .noinit        0x1fff8104        0x1 .\ARM_GCC_484\Debug\Simple_Oscope.a(CyLib.o)
                0x1fff8104                CyResetStatus

.data           0x1fff8108       0xb8 load address 0x00004200
                0x1fff8108                __cy_region_start_data = .
 *(.jcr)
 .jcr           0x1fff8108        0x0 c:/program files (x86)/cypress/psoc creator/3.1/psoc creator/import/gnu_cs/arm/4.8.4/bin/../lib/gcc/arm-none-eabi/4.8.4/armv7-m/crtbegin.o
 .jcr           0x1fff8108        0x4 c:/program files (x86)/cypress/psoc creator/3.1/psoc creator/import/gnu_cs/arm/4.8.4/bin/../lib/gcc/arm-none-eabi/4.8.4/armv7-m/crtend.o
 *(.got.plt)
 *(.got)
 *(.shdata)
 *(.data .data.* .gnu.linkonce.d.*)
 .data          0x1fff810c       0x28 .\ARM_GCC_484\Debug\main.o
                0x1fff810c                adcRez
                0x1fff8110                adcSPS
                0x1fff8114                adcFPS
                0x1fff8118                adcFrameSize
                0x1fff811c                dacFreq
                0x1fff8120                dacVPP
                0x1fff8124                dacOffset
                0x1fff8128                dacWave
                0x1fff812c                dacDuty
                0x1fff8130                DMA_ADC_MEM_BYTES_PER_BURST
 .data          0x1fff8134        0x4 .\ARM_GCC_484\Debug\Cm3Start.o
 .data          0x1fff8138        0x8 .\ARM_GCC_484\Debug\Simple_Oscope.a(CyDmac.o)
 .data          0x1fff8140       0x10 .\ARM_GCC_484\Debug\Simple_Oscope.a(CyLib.o)
                0x1fff8140                cydelay_freq_hz
                0x1fff8144                cydelay_freq_khz
                0x1fff8148                cydelay_freq_mhz
                0x1fff814c                cydelay_32k_ms
 .data          0x1fff8150        0x1 .\ARM_GCC_484\Debug\Simple_Oscope.a(DMA_ADC_MEM_dma.o)
                0x1fff8150                DMA_ADC_MEM_DmaHandle
 .data          0x1fff8151        0x1 .\ARM_GCC_484\Debug\Simple_Oscope.a(MUX_DAC.o)
 .data          0x1fff8152        0x1 .\ARM_GCC_484\Debug\Simple_Oscope.a(DAC_1_Wave1_DMA_dma.o)
                0x1fff8152                DAC_1_Wave1_DMA_DmaHandle
 .data          0x1fff8153        0x1 .\ARM_GCC_484\Debug\Simple_Oscope.a(DAC_1_Wave2_DMA_dma.o)
                0x1fff8153                DAC_1_Wave2_DMA_DmaHandle
 .data          0x1fff8154        0x1 .\ARM_GCC_484\Debug\Simple_Oscope.a(DAC_2_Wave1_DMA_dma.o)
                0x1fff8154                DAC_2_Wave1_DMA_DmaHandle
 .data          0x1fff8155        0x1 .\ARM_GCC_484\Debug\Simple_Oscope.a(DAC_2_Wave2_DMA_dma.o)
                0x1fff8155                DAC_2_Wave2_DMA_DmaHandle
 *fill*         0x1fff8156        0x2 
 .data.impure_data
                0x1fff8158       0x60 c:/program files (x86)/cypress/psoc creator/3.1/psoc creator/import/gnu_cs/arm/4.8.4/bin/../lib/gcc/arm-none-eabi/4.8.4/../../../../arm-none-eabi/lib/armv7-m\libg_s.a(lib_a-impure.o)
 .data._impure_ptr
                0x1fff81b8        0x4 c:/program files (x86)/cypress/psoc creator/3.1/psoc creator/import/gnu_cs/arm/4.8.4/bin/../lib/gcc/arm-none-eabi/4.8.4/../../../../arm-none-eabi/lib/armv7-m\libg_s.a(lib_a-impure.o)
                0x1fff81b8                _impure_ptr
 .data.__ctype_ptr__
                0x1fff81bc        0x4 c:/program files (x86)/cypress/psoc creator/3.1/psoc creator/import/gnu_cs/arm/4.8.4/bin/../lib/gcc/arm-none-eabi/4.8.4/../../../../arm-none-eabi/lib/armv7-m\libg_s.a(lib_a-ctype_.o)
                0x1fff81bc                __ctype_ptr__
                0x1fff81c0                . = ALIGN (0x8)
 *(.ram)
                0x1fff81c0                _edata = .

.igot.plt       0x1fff81c0        0x0 load address 0x000042b8
 .igot.plt      0x00000000        0x0 c:/program files (x86)/cypress/psoc creator/3.1/psoc creator/import/gnu_cs/arm/4.8.4/bin/../lib/gcc/arm-none-eabi/4.8.4/armv7-m/crtbegin.o

.bss            0x1fff81c0       0x98 load address 0x000042b8
                0x1fff81c0                PROVIDE (__bss_start__, .)
 *(.shbss)
 *(.bss .bss.* .gnu.linkonce.b.*)
 .bss           0x1fff81c0       0x1c c:/program files (x86)/cypress/psoc creator/3.1/psoc creator/import/gnu_cs/arm/4.8.4/bin/../lib/gcc/arm-none-eabi/4.8.4/armv7-m/crtbegin.o
 .bss           0x1fff81dc        0x8 .\ARM_GCC_484\Debug\main.o
                0x1fff81dc                initialized
                0x1fff81dd                rxBufLen
                0x1fff81de                commandReady
                0x1fff81df                adcOn
                0x1fff81e0                adcFrameReady
                0x1fff81e1                dacOn
                0x1fff81e2                ws
                0x1fff81e3                ms
 .bss           0x1fff81e4        0x2 .\ARM_GCC_484\Debug\Simple_Oscope.a(UART.o)
                0x1fff81e4                UART_initVar
 .bss           0x1fff81e6        0x1 .\ARM_GCC_484\Debug\Simple_Oscope.a(ADC.o)
                0x1fff81e6                ADC_initVar
 .bss           0x1fff81e7        0x1 .\ARM_GCC_484\Debug\Simple_Oscope.a(TIMER_DMA.o)
                0x1fff81e7                TIMER_DMA_initVar
 .bss           0x1fff81e8        0x5 .\ARM_GCC_484\Debug\Simple_Oscope.a(DAC_1.o)
                0x1fff81e8                DAC_1_initVar
 .bss           0x1fff81ed        0x5 .\ARM_GCC_484\Debug\Simple_Oscope.a(DAC_2.o)
                0x1fff81ed                DAC_2_initVar
 *fill*         0x1fff81f2        0x2 
 .bss.__malloc_sbrk_start
                0x1fff81f4        0x4 c:/program files (x86)/cypress/psoc creator/3.1/psoc creator/import/gnu_cs/arm/4.8.4/bin/../lib/gcc/arm-none-eabi/4.8.4/../../../../arm-none-eabi/lib/armv7-m\libg_s.a(lib_a-nano-mallocr.o)
                0x1fff81f4                __malloc_sbrk_start
 .bss.__malloc_free_list
                0x1fff81f8        0x4 c:/program files (x86)/cypress/psoc creator/3.1/psoc creator/import/gnu_cs/arm/4.8.4/bin/../lib/gcc/arm-none-eabi/4.8.4/../../../../arm-none-eabi/lib/armv7-m\libg_s.a(lib_a-nano-mallocr.o)
                0x1fff81f8                __malloc_free_list
 *(COMMON)
 COMMON         0x1fff81fc       0x4c .\ARM_GCC_484\Debug\main.o
                0x1fff81fc                DMA_ADC_MEM_TD
                0x1fff8200                command
                0x1fff8220                rxBuffer
                0x1fff8240                DMA_ADC_MEM_Chan
                0x1fff8244                adcFrame
 COMMON         0x1fff8248        0xa .\ARM_GCC_484\Debug\Simple_Oscope.a(ADC.o)
                0x1fff8248                ADC_countsPer10Volt
                0x1fff824c                ADC_shift
                0x1fff824e                ADC_countsPerVolt
                0x1fff8250                ADC_offset
 *fill*         0x1fff8252        0x2 
 COMMON         0x1fff8254        0x4 c:/program files (x86)/cypress/psoc creator/3.1/psoc creator/import/gnu_cs/arm/4.8.4/bin/../lib/gcc/arm-none-eabi/4.8.4/../../../../arm-none-eabi/lib/armv7-m\libg_s.a(lib_a-reent.o)
                0x1fff8254                errno
                0x1fff8258                . = ALIGN (0x8)
 *(.ram.b)
                0x1fff8258                _end = .
                0x1fff8258                __end = .
                0x1fff8258                PROVIDE (end, .)
                0x1fff8258                PROVIDE (__bss_end__, .)
                0x00004200                __cy_region_init_ram = LOADADDR (.data)
                0x000000b8                __cy_region_init_size_ram = (_edata - ADDR (.data))
                0x00000098                __cy_region_zero_size_ram = (_end - _edata)

.heap           0x1fff8258       0x80 load address 0x000042b8
                0x1fff8258                . = _end
                0x1fff82d8                . = (. + 0x80)
 *fill*         0x1fff8258       0x80 
                0x1fff82d8                __cy_heap_limit = .

.stack          0x20007800      0x800
                0x20007800                __cy_stack_limit = .
                0x20008000                . = (. + 0x800)
 *fill*         0x20007800      0x800 
                0x00000001                ASSERT ((__cy_stack_limit >= __cy_heap_limit), region RAM overflowed with stack)

.cyloadermeta
 *(.cyloadermeta)

.cyloadablemeta
 *(.cyloadablemeta)

.cyconfigecc    0x80000000      0x58c
 *(.cyconfigecc)
 .cyconfigecc   0x80000000      0x58c .\ARM_GCC_484\Debug\cymetadata.o
                0x80000000                cy_meta_configecc

.cycustnvl      0x90000000        0x4
 *(.cycustnvl)
 .cycustnvl     0x90000000        0x4 .\ARM_GCC_484\Debug\cymetadata.o
                0x90000000                cy_meta_custnvl

.cywolatch      0x90100000        0x4
 *(.cywolatch)
 .cywolatch     0x90100000        0x4 .\ARM_GCC_484\Debug\cymetadata.o
                0x90100000                cy_meta_wonvl

.cyeeprom       0x90200000        0x0
 *(.cyeeprom)
                0x00000001                ASSERT ((. <= ((0x90200000 + ee_offset) + ee_size)), .cyeeprom data will not fit in EEPROM)

.cyflashprotect
                0x90400000      0x100
 *(.cyflashprotect)
 .cyflashprotect
                0x90400000      0x100 .\ARM_GCC_484\Debug\cymetadata.o
                0x90400000                cy_meta_flashprotect

.cymeta         0x90500000        0xc
 *(.cymeta)
 .cymeta        0x90500000        0xc .\ARM_GCC_484\Debug\cymetadata.o
                0x90500000                cy_metadata

.rel.dyn        0x000042b8        0x0 load address 0x9050000c
 .rel.iplt      0x00000000        0x0 c:/program files (x86)/cypress/psoc creator/3.1/psoc creator/import/gnu_cs/arm/4.8.4/bin/../lib/gcc/arm-none-eabi/4.8.4/armv7-m/crtbegin.o

.stab           0x00000000       0x6c
 *(.stab)
 .stab          0x00000000       0x24 c:/program files (x86)/cypress/psoc creator/3.1/psoc creator/import/gnu_cs/arm/4.8.4/bin/../lib/gcc/arm-none-eabi/4.8.4/../../../../arm-none-eabi/lib/armv7-m\libnosys.a(close.o)
 .stab          0x00000024       0x18 c:/program files (x86)/cypress/psoc creator/3.1/psoc creator/import/gnu_cs/arm/4.8.4/bin/../lib/gcc/arm-none-eabi/4.8.4/../../../../arm-none-eabi/lib/armv7-m\libnosys.a(lseek.o)
                                 0x24 (size before relaxing)
 .stab          0x0000003c       0x18 c:/program files (x86)/cypress/psoc creator/3.1/psoc creator/import/gnu_cs/arm/4.8.4/bin/../lib/gcc/arm-none-eabi/4.8.4/../../../../arm-none-eabi/lib/armv7-m\libnosys.a(read.o)
                                 0x24 (size before relaxing)
 .stab          0x00000054       0x18 c:/program files (x86)/cypress/psoc creator/3.1/psoc creator/import/gnu_cs/arm/4.8.4/bin/../lib/gcc/arm-none-eabi/4.8.4/../../../../arm-none-eabi/lib/armv7-m\libnosys.a(write.o)
                                 0x24 (size before relaxing)

.stabstr        0x00000000       0xdf
 *(.stabstr)
 .stabstr       0x00000000       0xdf c:/program files (x86)/cypress/psoc creator/3.1/psoc creator/import/gnu_cs/arm/4.8.4/bin/../lib/gcc/arm-none-eabi/4.8.4/../../../../arm-none-eabi/lib/armv7-m\libnosys.a(close.o)

.debug
 *(.debug)

.line
 *(.line)

.debug_srcinfo
 *(.debug_srcinfo)

.debug_sfnames
 *(.debug_sfnames)

.debug_aranges  0x00000000      0xea0
 *(.debug_aranges)
 .debug_aranges
                0x00000000       0x78 .\ARM_GCC_484\Debug\main.o
 .debug_aranges
                0x00000078       0x18 .\ARM_GCC_484\Debug\cymetadata.o
 .debug_aranges
                0x00000090       0x48 .\ARM_GCC_484\Debug\Cm3Start.o
 .debug_aranges
                0x000000d8       0x70 .\ARM_GCC_484\Debug\Simple_Oscope.a(cyfitter_cfg.o)
 .debug_aranges
                0x00000148       0x20 .\ARM_GCC_484\Debug\Simple_Oscope.a(CyBootAsmGnu.o)
 .debug_aranges
                0x00000168       0xd8 .\ARM_GCC_484\Debug\Simple_Oscope.a(CyDmac.o)
 .debug_aranges
                0x00000240      0x290 .\ARM_GCC_484\Debug\Simple_Oscope.a(CyLib.o)
 .debug_aranges
                0x000004d0       0x90 .\ARM_GCC_484\Debug\Simple_Oscope.a(cyPm.o)
 .debug_aranges
                0x00000560       0x80 .\ARM_GCC_484\Debug\Simple_Oscope.a(UART_RX.o)
 .debug_aranges
                0x000005e0       0xf0 .\ARM_GCC_484\Debug\Simple_Oscope.a(UART.o)
 .debug_aranges
                0x000006d0       0x70 .\ARM_GCC_484\Debug\Simple_Oscope.a(UART_IntClock.o)
 .debug_aranges
                0x00000740       0xa8 .\ARM_GCC_484\Debug\Simple_Oscope.a(ADC.o)
 .debug_aranges
                0x000007e8       0x20 .\ARM_GCC_484\Debug\Simple_Oscope.a(ADC_INT.o)
 .debug_aranges
                0x00000808       0x80 .\ARM_GCC_484\Debug\Simple_Oscope.a(ADC_Clock.o)
 .debug_aranges
                0x00000888       0x28 .\ARM_GCC_484\Debug\Simple_Oscope.a(DMA_ADC_MEM_dma.o)
 .debug_aranges
                0x000008b0       0x90 .\ARM_GCC_484\Debug\Simple_Oscope.a(TIMER_DMA.o)
 .debug_aranges
                0x00000940       0x80 .\ARM_GCC_484\Debug\Simple_Oscope.a(DMA_ENABLE.o)
 .debug_aranges
                0x000009c0       0x80 .\ARM_GCC_484\Debug\Simple_Oscope.a(DMA_FRAME_READY.o)
 .debug_aranges
                0x00000a40       0x50 .\ARM_GCC_484\Debug\Simple_Oscope.a(DAC_1.o)
 .debug_aranges
                0x00000a90       0x30 .\ARM_GCC_484\Debug\Simple_Oscope.a(MUX_DAC.o)
 .debug_aranges
                0x00000ac0       0x50 .\ARM_GCC_484\Debug\Simple_Oscope.a(DAC_2.o)
 .debug_aranges
                0x00000b10       0x28 .\ARM_GCC_484\Debug\Simple_Oscope.a(Control_DAC.o)
 .debug_aranges
                0x00000b38       0x70 .\ARM_GCC_484\Debug\Simple_Oscope.a(DAC_1_DacClk.o)
 .debug_aranges
                0x00000ba8       0x28 .\ARM_GCC_484\Debug\Simple_Oscope.a(DAC_1_Wave1_DMA_dma.o)
 .debug_aranges
                0x00000bd0       0x28 .\ARM_GCC_484\Debug\Simple_Oscope.a(DAC_1_Wave2_DMA_dma.o)
 .debug_aranges
                0x00000bf8       0x58 .\ARM_GCC_484\Debug\Simple_Oscope.a(DAC_1_VDAC8.o)
 .debug_aranges
                0x00000c50       0x70 .\ARM_GCC_484\Debug\Simple_Oscope.a(DAC_2_DacClk.o)
 .debug_aranges
                0x00000cc0       0x28 .\ARM_GCC_484\Debug\Simple_Oscope.a(DAC_2_Wave1_DMA_dma.o)
 .debug_aranges
                0x00000ce8       0x28 .\ARM_GCC_484\Debug\Simple_Oscope.a(DAC_2_Wave2_DMA_dma.o)
 .debug_aranges
                0x00000d10       0x58 .\ARM_GCC_484\Debug\Simple_Oscope.a(DAC_2_VDAC8.o)
 .debug_aranges
                0x00000d68       0x40 .\ARM_GCC_484\Debug\Simple_Oscope.a(DAC_2_BuffAmp.o)
 .debug_aranges
                0x00000da8       0x80 .\ARM_GCC_484\Debug\Simple_Oscope.a(CyFlash.o)
 .debug_aranges
                0x00000e28       0x78 .\ARM_GCC_484\Debug\Simple_Oscope.a(CySpc.o)

.debug_pubnames
 *(.debug_pubnames)

.debug_info     0x00000000     0x5e72
 *(.debug_info .gnu.linkonce.wi.*)
 .debug_info    0x00000000      0x4bd .\ARM_GCC_484\Debug\main.o
 .debug_info    0x000004bd      0x13b .\ARM_GCC_484\Debug\cymetadata.o
 .debug_info    0x000005f8      0x323 .\ARM_GCC_484\Debug\Cm3Start.o
 .debug_info    0x0000091b      0x50a .\ARM_GCC_484\Debug\Simple_Oscope.a(cyfitter_cfg.o)
 .debug_info    0x00000e25       0x98 .\ARM_GCC_484\Debug\Simple_Oscope.a(CyBootAsmGnu.o)
 .debug_info    0x00000ebd      0x8b1 .\ARM_GCC_484\Debug\Simple_Oscope.a(CyDmac.o)
 .debug_info    0x0000176e      0xd85 .\ARM_GCC_484\Debug\Simple_Oscope.a(CyLib.o)
 .debug_info    0x000024f3      0x536 .\ARM_GCC_484\Debug\Simple_Oscope.a(cyPm.o)
 .debug_info    0x00002a29      0x236 .\ARM_GCC_484\Debug\Simple_Oscope.a(UART_RX.o)
 .debug_info    0x00002c5f      0x500 .\ARM_GCC_484\Debug\Simple_Oscope.a(UART.o)
 .debug_info    0x0000315f      0x25b .\ARM_GCC_484\Debug\Simple_Oscope.a(UART_IntClock.o)
 .debug_info    0x000033ba      0x470 .\ARM_GCC_484\Debug\Simple_Oscope.a(ADC.o)
 .debug_info    0x0000382a       0x92 .\ARM_GCC_484\Debug\Simple_Oscope.a(ADC_INT.o)
 .debug_info    0x000038bc      0x297 .\ARM_GCC_484\Debug\Simple_Oscope.a(ADC_Clock.o)
 .debug_info    0x00003b53      0x112 .\ARM_GCC_484\Debug\Simple_Oscope.a(DMA_ADC_MEM_dma.o)
 .debug_info    0x00003c65      0x252 .\ARM_GCC_484\Debug\Simple_Oscope.a(TIMER_DMA.o)
 .debug_info    0x00003eb7      0x236 .\ARM_GCC_484\Debug\Simple_Oscope.a(DMA_ENABLE.o)
 .debug_info    0x000040ed      0x236 .\ARM_GCC_484\Debug\Simple_Oscope.a(DMA_FRAME_READY.o)
 .debug_info    0x00004323      0x250 .\ARM_GCC_484\Debug\Simple_Oscope.a(DAC_1.o)
 .debug_info    0x00004573       0xf6 .\ARM_GCC_484\Debug\Simple_Oscope.a(MUX_DAC.o)
 .debug_info    0x00004669      0x250 .\ARM_GCC_484\Debug\Simple_Oscope.a(DAC_2.o)
 .debug_info    0x000048b9       0xd6 .\ARM_GCC_484\Debug\Simple_Oscope.a(Control_DAC.o)
 .debug_info    0x0000498f      0x25b .\ARM_GCC_484\Debug\Simple_Oscope.a(DAC_1_DacClk.o)
 .debug_info    0x00004bea      0x112 .\ARM_GCC_484\Debug\Simple_Oscope.a(DAC_1_Wave1_DMA_dma.o)
 .debug_info    0x00004cfc      0x112 .\ARM_GCC_484\Debug\Simple_Oscope.a(DAC_1_Wave2_DMA_dma.o)
 .debug_info    0x00004e0e      0x184 .\ARM_GCC_484\Debug\Simple_Oscope.a(DAC_1_VDAC8.o)
 .debug_info    0x00004f92      0x25b .\ARM_GCC_484\Debug\Simple_Oscope.a(DAC_2_DacClk.o)
 .debug_info    0x000051ed      0x112 .\ARM_GCC_484\Debug\Simple_Oscope.a(DAC_2_Wave1_DMA_dma.o)
 .debug_info    0x000052ff      0x112 .\ARM_GCC_484\Debug\Simple_Oscope.a(DAC_2_Wave2_DMA_dma.o)
 .debug_info    0x00005411      0x184 .\ARM_GCC_484\Debug\Simple_Oscope.a(DAC_2_VDAC8.o)
 .debug_info    0x00005595      0x11d .\ARM_GCC_484\Debug\Simple_Oscope.a(DAC_2_BuffAmp.o)
 .debug_info    0x000056b2      0x36a .\ARM_GCC_484\Debug\Simple_Oscope.a(CyFlash.o)
 .debug_info    0x00005a1c      0x456 .\ARM_GCC_484\Debug\Simple_Oscope.a(CySpc.o)

.debug_abbrev   0x00000000     0x22c7
 *(.debug_abbrev)
 .debug_abbrev  0x00000000      0x1b3 .\ARM_GCC_484\Debug\main.o
 .debug_abbrev  0x000001b3       0x77 .\ARM_GCC_484\Debug\cymetadata.o
 .debug_abbrev  0x0000022a      0x1c5 .\ARM_GCC_484\Debug\Cm3Start.o
 .debug_abbrev  0x000003ef      0x1ca .\ARM_GCC_484\Debug\Simple_Oscope.a(cyfitter_cfg.o)
 .debug_abbrev  0x000005b9       0x14 .\ARM_GCC_484\Debug\Simple_Oscope.a(CyBootAsmGnu.o)
 .debug_abbrev  0x000005cd      0x194 .\ARM_GCC_484\Debug\Simple_Oscope.a(CyDmac.o)
 .debug_abbrev  0x00000761      0x217 .\ARM_GCC_484\Debug\Simple_Oscope.a(CyLib.o)
 .debug_abbrev  0x00000978      0x16e .\ARM_GCC_484\Debug\Simple_Oscope.a(cyPm.o)
 .debug_abbrev  0x00000ae6      0x156 .\ARM_GCC_484\Debug\Simple_Oscope.a(UART_RX.o)
 .debug_abbrev  0x00000c3c      0x170 .\ARM_GCC_484\Debug\Simple_Oscope.a(UART.o)
 .debug_abbrev  0x00000dac      0x12a .\ARM_GCC_484\Debug\Simple_Oscope.a(UART_IntClock.o)
 .debug_abbrev  0x00000ed6      0x180 .\ARM_GCC_484\Debug\Simple_Oscope.a(ADC.o)
 .debug_abbrev  0x00001056       0x42 .\ARM_GCC_484\Debug\Simple_Oscope.a(ADC_INT.o)
 .debug_abbrev  0x00001098      0x12a .\ARM_GCC_484\Debug\Simple_Oscope.a(ADC_Clock.o)
 .debug_abbrev  0x000011c2       0x8b .\ARM_GCC_484\Debug\Simple_Oscope.a(DMA_ADC_MEM_dma.o)
 .debug_abbrev  0x0000124d      0x128 .\ARM_GCC_484\Debug\Simple_Oscope.a(TIMER_DMA.o)
 .debug_abbrev  0x00001375      0x156 .\ARM_GCC_484\Debug\Simple_Oscope.a(DMA_ENABLE.o)
 .debug_abbrev  0x000014cb      0x156 .\ARM_GCC_484\Debug\Simple_Oscope.a(DMA_FRAME_READY.o)
 .debug_abbrev  0x00001621       0xe3 .\ARM_GCC_484\Debug\Simple_Oscope.a(DAC_1.o)
 .debug_abbrev  0x00001704       0x87 .\ARM_GCC_484\Debug\Simple_Oscope.a(MUX_DAC.o)
 .debug_abbrev  0x0000178b       0xe3 .\ARM_GCC_484\Debug\Simple_Oscope.a(DAC_2.o)
 .debug_abbrev  0x0000186e       0x8e .\ARM_GCC_484\Debug\Simple_Oscope.a(Control_DAC.o)
 .debug_abbrev  0x000018fc      0x12a .\ARM_GCC_484\Debug\Simple_Oscope.a(DAC_1_DacClk.o)
 .debug_abbrev  0x00001a26       0x8b .\ARM_GCC_484\Debug\Simple_Oscope.a(DAC_1_Wave1_DMA_dma.o)
 .debug_abbrev  0x00001ab1       0x8b .\ARM_GCC_484\Debug\Simple_Oscope.a(DAC_1_Wave2_DMA_dma.o)
 .debug_abbrev  0x00001b3c       0xf8 .\ARM_GCC_484\Debug\Simple_Oscope.a(DAC_1_VDAC8.o)
 .debug_abbrev  0x00001c34      0x12a .\ARM_GCC_484\Debug\Simple_Oscope.a(DAC_2_DacClk.o)
 .debug_abbrev  0x00001d5e       0x8b .\ARM_GCC_484\Debug\Simple_Oscope.a(DAC_2_Wave1_DMA_dma.o)
 .debug_abbrev  0x00001de9       0x8b .\ARM_GCC_484\Debug\Simple_Oscope.a(DAC_2_Wave2_DMA_dma.o)
 .debug_abbrev  0x00001e74       0xf8 .\ARM_GCC_484\Debug\Simple_Oscope.a(DAC_2_VDAC8.o)
 .debug_abbrev  0x00001f6c       0xb5 .\ARM_GCC_484\Debug\Simple_Oscope.a(DAC_2_BuffAmp.o)
 .debug_abbrev  0x00002021      0x12d .\ARM_GCC_484\Debug\Simple_Oscope.a(CyFlash.o)
 .debug_abbrev  0x0000214e      0x179 .\ARM_GCC_484\Debug\Simple_Oscope.a(CySpc.o)

.debug_line     0x00000000     0x350a
 *(.debug_line)
 .debug_line    0x00000000      0x415 .\ARM_GCC_484\Debug\main.o
 .debug_line    0x00000415       0x53 .\ARM_GCC_484\Debug\cymetadata.o
 .debug_line    0x00000468      0x1cf .\ARM_GCC_484\Debug\Cm3Start.o
 .debug_line    0x00000637      0x263 .\ARM_GCC_484\Debug\Simple_Oscope.a(cyfitter_cfg.o)
 .debug_line    0x0000089a       0x7f .\ARM_GCC_484\Debug\Simple_Oscope.a(CyBootAsmGnu.o)
 .debug_line    0x00000919      0x2af .\ARM_GCC_484\Debug\Simple_Oscope.a(CyDmac.o)
 .debug_line    0x00000bc8      0x839 .\ARM_GCC_484\Debug\Simple_Oscope.a(CyLib.o)
 .debug_line    0x00001401      0x366 .\ARM_GCC_484\Debug\Simple_Oscope.a(cyPm.o)
 .debug_line    0x00001767      0x152 .\ARM_GCC_484\Debug\Simple_Oscope.a(UART_RX.o)
 .debug_line    0x000018b9      0x2ec .\ARM_GCC_484\Debug\Simple_Oscope.a(UART.o)
 .debug_line    0x00001ba5      0x1a5 .\ARM_GCC_484\Debug\Simple_Oscope.a(UART_IntClock.o)
 .debug_line    0x00001d4a      0x1ff .\ARM_GCC_484\Debug\Simple_Oscope.a(ADC.o)
 .debug_line    0x00001f49       0x55 .\ARM_GCC_484\Debug\Simple_Oscope.a(ADC_INT.o)
 .debug_line    0x00001f9e      0x1c5 .\ARM_GCC_484\Debug\Simple_Oscope.a(ADC_Clock.o)
 .debug_line    0x00002163       0x80 .\ARM_GCC_484\Debug\Simple_Oscope.a(DMA_ADC_MEM_dma.o)
 .debug_line    0x000021e3      0x178 .\ARM_GCC_484\Debug\Simple_Oscope.a(TIMER_DMA.o)
 .debug_line    0x0000235b      0x155 .\ARM_GCC_484\Debug\Simple_Oscope.a(DMA_ENABLE.o)
 .debug_line    0x000024b0      0x14a .\ARM_GCC_484\Debug\Simple_Oscope.a(DMA_FRAME_READY.o)
 .debug_line    0x000025fa       0xf1 .\ARM_GCC_484\Debug\Simple_Oscope.a(DAC_1.o)
 .debug_line    0x000026eb       0x9e .\ARM_GCC_484\Debug\Simple_Oscope.a(MUX_DAC.o)
 .debug_line    0x00002789       0xef .\ARM_GCC_484\Debug\Simple_Oscope.a(DAC_2.o)
 .debug_line    0x00002878       0x76 .\ARM_GCC_484\Debug\Simple_Oscope.a(Control_DAC.o)
 .debug_line    0x000028ee      0x1a4 .\ARM_GCC_484\Debug\Simple_Oscope.a(DAC_1_DacClk.o)
 .debug_line    0x00002a92       0x84 .\ARM_GCC_484\Debug\Simple_Oscope.a(DAC_1_Wave1_DMA_dma.o)
 .debug_line    0x00002b16       0x84 .\ARM_GCC_484\Debug\Simple_Oscope.a(DAC_1_Wave2_DMA_dma.o)
 .debug_line    0x00002b9a       0xf5 .\ARM_GCC_484\Debug\Simple_Oscope.a(DAC_1_VDAC8.o)
 .debug_line    0x00002c8f      0x1a4 .\ARM_GCC_484\Debug\Simple_Oscope.a(DAC_2_DacClk.o)
 .debug_line    0x00002e33       0x84 .\ARM_GCC_484\Debug\Simple_Oscope.a(DAC_2_Wave1_DMA_dma.o)
 .debug_line    0x00002eb7       0x84 .\ARM_GCC_484\Debug\Simple_Oscope.a(DAC_2_Wave2_DMA_dma.o)
 .debug_line    0x00002f3b       0xf5 .\ARM_GCC_484\Debug\Simple_Oscope.a(DAC_2_VDAC8.o)
 .debug_line    0x00003030       0xb7 .\ARM_GCC_484\Debug\Simple_Oscope.a(DAC_2_BuffAmp.o)
 .debug_line    0x000030e7      0x217 .\ARM_GCC_484\Debug\Simple_Oscope.a(CyFlash.o)
 .debug_line    0x000032fe      0x20c .\ARM_GCC_484\Debug\Simple_Oscope.a(CySpc.o)

.debug_frame    0x00000000     0x354c
 *(.debug_frame)
 .debug_frame   0x00000000      0x180 .\ARM_GCC_484\Debug\main.o
 .debug_frame   0x00000180       0xc4 .\ARM_GCC_484\Debug\Cm3Start.o
 .debug_frame   0x00000244      0x158 .\ARM_GCC_484\Debug\Simple_Oscope.a(cyfitter_cfg.o)
 .debug_frame   0x0000039c      0x2c0 .\ARM_GCC_484\Debug\Simple_Oscope.a(CyDmac.o)
 .debug_frame   0x0000065c      0x924 .\ARM_GCC_484\Debug\Simple_Oscope.a(CyLib.o)
 .debug_frame   0x00000f80      0x1d0 .\ARM_GCC_484\Debug\Simple_Oscope.a(cyPm.o)
 .debug_frame   0x00001150      0x180 .\ARM_GCC_484\Debug\Simple_Oscope.a(UART_RX.o)
 .debug_frame   0x000012d0      0x328 .\ARM_GCC_484\Debug\Simple_Oscope.a(UART.o)
 .debug_frame   0x000015f8      0x14c .\ARM_GCC_484\Debug\Simple_Oscope.a(UART_IntClock.o)
 .debug_frame   0x00001744      0x230 .\ARM_GCC_484\Debug\Simple_Oscope.a(ADC.o)
 .debug_frame   0x00001974       0x2c .\ARM_GCC_484\Debug\Simple_Oscope.a(ADC_INT.o)
 .debug_frame   0x000019a0      0x184 .\ARM_GCC_484\Debug\Simple_Oscope.a(ADC_Clock.o)
 .debug_frame   0x00001b24       0x4c .\ARM_GCC_484\Debug\Simple_Oscope.a(DMA_ADC_MEM_dma.o)
 .debug_frame   0x00001b70      0x1b8 .\ARM_GCC_484\Debug\Simple_Oscope.a(TIMER_DMA.o)
 .debug_frame   0x00001d28      0x180 .\ARM_GCC_484\Debug\Simple_Oscope.a(DMA_ENABLE.o)
 .debug_frame   0x00001ea8      0x180 .\ARM_GCC_484\Debug\Simple_Oscope.a(DMA_FRAME_READY.o)
 .debug_frame   0x00002028       0xe0 .\ARM_GCC_484\Debug\Simple_Oscope.a(DAC_1.o)
 .debug_frame   0x00002108       0x6c .\ARM_GCC_484\Debug\Simple_Oscope.a(MUX_DAC.o)
 .debug_frame   0x00002174       0xe0 .\ARM_GCC_484\Debug\Simple_Oscope.a(DAC_2.o)
 .debug_frame   0x00002254       0x48 .\ARM_GCC_484\Debug\Simple_Oscope.a(Control_DAC.o)
 .debug_frame   0x0000229c      0x14c .\ARM_GCC_484\Debug\Simple_Oscope.a(DAC_1_DacClk.o)
 .debug_frame   0x000023e8       0x4c .\ARM_GCC_484\Debug\Simple_Oscope.a(DAC_1_Wave1_DMA_dma.o)
 .debug_frame   0x00002434       0x4c .\ARM_GCC_484\Debug\Simple_Oscope.a(DAC_1_Wave2_DMA_dma.o)
 .debug_frame   0x00002480       0xf4 .\ARM_GCC_484\Debug\Simple_Oscope.a(DAC_1_VDAC8.o)
 .debug_frame   0x00002574      0x14c .\ARM_GCC_484\Debug\Simple_Oscope.a(DAC_2_DacClk.o)
 .debug_frame   0x000026c0       0x4c .\ARM_GCC_484\Debug\Simple_Oscope.a(DAC_2_Wave1_DMA_dma.o)
 .debug_frame   0x0000270c       0x4c .\ARM_GCC_484\Debug\Simple_Oscope.a(DAC_2_Wave2_DMA_dma.o)
 .debug_frame   0x00002758       0xf4 .\ARM_GCC_484\Debug\Simple_Oscope.a(DAC_2_VDAC8.o)
 .debug_frame   0x0000284c       0x9c .\ARM_GCC_484\Debug\Simple_Oscope.a(DAC_2_BuffAmp.o)
 .debug_frame   0x000028e8      0x1a8 .\ARM_GCC_484\Debug\Simple_Oscope.a(CyFlash.o)
 .debug_frame   0x00002a90      0x174 .\ARM_GCC_484\Debug\Simple_Oscope.a(CySpc.o)
 .debug_frame   0x00002c04       0x58 c:/program files (x86)/cypress/psoc creator/3.1/psoc creator/import/gnu_cs/arm/4.8.4/bin/../lib/gcc/arm-none-eabi/4.8.4/armv7-m\libgcc.a(bpabi.o)
 .debug_frame   0x00002c5c       0x34 c:/program files (x86)/cypress/psoc creator/3.1/psoc creator/import/gnu_cs/arm/4.8.4/bin/../lib/gcc/arm-none-eabi/4.8.4/armv7-m\libgcc.a(_divdi3.o)
 .debug_frame   0x00002c90       0x34 c:/program files (x86)/cypress/psoc creator/3.1/psoc creator/import/gnu_cs/arm/4.8.4/bin/../lib/gcc/arm-none-eabi/4.8.4/armv7-m\libgcc.a(_udivdi3.o)
 .debug_frame   0x00002cc4       0x20 c:/program files (x86)/cypress/psoc creator/3.1/psoc creator/import/gnu_cs/arm/4.8.4/bin/../lib/gcc/arm-none-eabi/4.8.4/../../../../arm-none-eabi/lib/armv7-m\libg_s.a(lib_a-errno.o)
 .debug_frame   0x00002ce4       0x28 c:/program files (x86)/cypress/psoc creator/3.1/psoc creator/import/gnu_cs/arm/4.8.4/bin/../lib/gcc/arm-none-eabi/4.8.4/../../../../arm-none-eabi/lib/armv7-m\libg_s.a(lib_a-exit.o)
 .debug_frame   0x00002d0c       0x2c c:/program files (x86)/cypress/psoc creator/3.1/psoc creator/import/gnu_cs/arm/4.8.4/bin/../lib/gcc/arm-none-eabi/4.8.4/../../../../arm-none-eabi/lib/armv7-m\libg_s.a(lib_a-init.o)
 .debug_frame   0x00002d38       0x30 c:/program files (x86)/cypress/psoc creator/3.1/psoc creator/import/gnu_cs/arm/4.8.4/bin/../lib/gcc/arm-none-eabi/4.8.4/../../../../arm-none-eabi/lib/armv7-m\libg_s.a(lib_a-malloc.o)
 .debug_frame   0x00002d68       0x28 c:/program files (x86)/cypress/psoc creator/3.1/psoc creator/import/gnu_cs/arm/4.8.4/bin/../lib/gcc/arm-none-eabi/4.8.4/../../../../arm-none-eabi/lib/armv7-m\libg_s.a(lib_a-memcpy-stub.o)
 .debug_frame   0x00002d90       0x20 c:/program files (x86)/cypress/psoc creator/3.1/psoc creator/import/gnu_cs/arm/4.8.4/bin/../lib/gcc/arm-none-eabi/4.8.4/../../../../arm-none-eabi/lib/armv7-m\libg_s.a(lib_a-memset.o)
 .debug_frame   0x00002db0       0x2c c:/program files (x86)/cypress/psoc creator/3.1/psoc creator/import/gnu_cs/arm/4.8.4/bin/../lib/gcc/arm-none-eabi/4.8.4/../../../../arm-none-eabi/lib/armv7-m\libg_s.a(lib_a-nano-freer.o)
 .debug_frame   0x00002ddc       0x2c c:/program files (x86)/cypress/psoc creator/3.1/psoc creator/import/gnu_cs/arm/4.8.4/bin/../lib/gcc/arm-none-eabi/4.8.4/../../../../arm-none-eabi/lib/armv7-m\libg_s.a(lib_a-nano-mallocr.o)
 .debug_frame   0x00002e08       0x2c c:/program files (x86)/cypress/psoc creator/3.1/psoc creator/import/gnu_cs/arm/4.8.4/bin/../lib/gcc/arm-none-eabi/4.8.4/../../../../arm-none-eabi/lib/armv7-m\libg_s.a(lib_a-sbrkr.o)
 .debug_frame   0x00002e34       0x60 c:/program files (x86)/cypress/psoc creator/3.1/psoc creator/import/gnu_cs/arm/4.8.4/bin/../lib/gcc/arm-none-eabi/4.8.4/../../../../arm-none-eabi/lib/armv7-m\libg_s.a(lib_a-sscanf.o)
 .debug_frame   0x00002e94       0x80 c:/program files (x86)/cypress/psoc creator/3.1/psoc creator/import/gnu_cs/arm/4.8.4/bin/../lib/gcc/arm-none-eabi/4.8.4/../../../../arm-none-eabi/lib/armv7-m\libg_s.a(lib_a-stdio.o)
 .debug_frame   0x00002f14       0x20 c:/program files (x86)/cypress/psoc creator/3.1/psoc creator/import/gnu_cs/arm/4.8.4/bin/../lib/gcc/arm-none-eabi/4.8.4/../../../../arm-none-eabi/lib/armv7-m\libg_s.a(lib_a-strlen.o)
 .debug_frame   0x00002f34       0x28 c:/program files (x86)/cypress/psoc creator/3.1/psoc creator/import/gnu_cs/arm/4.8.4/bin/../lib/gcc/arm-none-eabi/4.8.4/../../../../arm-none-eabi/lib/armv7-m\libg_s.a(lib_a-strncpy.o)
 .debug_frame   0x00002f5c       0x2c c:/program files (x86)/cypress/psoc creator/3.1/psoc creator/import/gnu_cs/arm/4.8.4/bin/../lib/gcc/arm-none-eabi/4.8.4/../../../../arm-none-eabi/lib/armv7-m\libg_s.a(lib_a-strpbrk.o)
 .debug_frame   0x00002f88       0x6c c:/program files (x86)/cypress/psoc creator/3.1/psoc creator/import/gnu_cs/arm/4.8.4/bin/../lib/gcc/arm-none-eabi/4.8.4/../../../../arm-none-eabi/lib/armv7-m\libg_s.a(lib_a-svfscanf.o)
 .debug_frame   0x00002ff4       0x5c c:/program files (x86)/cypress/psoc creator/3.1/psoc creator/import/gnu_cs/arm/4.8.4/bin/../lib/gcc/arm-none-eabi/4.8.4/../../../../arm-none-eabi/lib/armv7-m\libg_s.a(lib_a-ungetc.o)
 .debug_frame   0x00003050       0x58 c:/program files (x86)/cypress/psoc creator/3.1/psoc creator/import/gnu_cs/arm/4.8.4/bin/../lib/gcc/arm-none-eabi/4.8.4/../../../../arm-none-eabi/lib/armv7-m\libg_s.a(lib_a-vfscanf_i.o)
 .debug_frame   0x000030a8       0x2c c:/program files (x86)/cypress/psoc creator/3.1/psoc creator/import/gnu_cs/arm/4.8.4/bin/../lib/gcc/arm-none-eabi/4.8.4/../../../../arm-none-eabi/lib/armv7-m\libg_s.a(lib_a-writer.o)
 .debug_frame   0x000030d4       0x2c c:/program files (x86)/cypress/psoc creator/3.1/psoc creator/import/gnu_cs/arm/4.8.4/bin/../lib/gcc/arm-none-eabi/4.8.4/../../../../arm-none-eabi/lib/armv7-m\libg_s.a(lib_a-closer.o)
 .debug_frame   0x00003100       0x5c c:/program files (x86)/cypress/psoc creator/3.1/psoc creator/import/gnu_cs/arm/4.8.4/bin/../lib/gcc/arm-none-eabi/4.8.4/../../../../arm-none-eabi/lib/armv7-m\libg_s.a(lib_a-fflush.o)
 .debug_frame   0x0000315c      0x12c c:/program files (x86)/cypress/psoc creator/3.1/psoc creator/import/gnu_cs/arm/4.8.4/bin/../lib/gcc/arm-none-eabi/4.8.4/../../../../arm-none-eabi/lib/armv7-m\libg_s.a(lib_a-findfp.o)
 .debug_frame   0x00003288       0x54 c:/program files (x86)/cypress/psoc creator/3.1/psoc creator/import/gnu_cs/arm/4.8.4/bin/../lib/gcc/arm-none-eabi/4.8.4/../../../../arm-none-eabi/lib/armv7-m\libg_s.a(lib_a-fwalk.o)
 .debug_frame   0x000032dc       0x2c c:/program files (x86)/cypress/psoc creator/3.1/psoc creator/import/gnu_cs/arm/4.8.4/bin/../lib/gcc/arm-none-eabi/4.8.4/../../../../arm-none-eabi/lib/armv7-m\libg_s.a(lib_a-lseekr.o)
 .debug_frame   0x00003308       0x28 c:/program files (x86)/cypress/psoc creator/3.1/psoc creator/import/gnu_cs/arm/4.8.4/bin/../lib/gcc/arm-none-eabi/4.8.4/../../../../arm-none-eabi/lib/armv7-m\libg_s.a(lib_a-memchr-stub.o)
 .debug_frame   0x00003330       0x30 c:/program files (x86)/cypress/psoc creator/3.1/psoc creator/import/gnu_cs/arm/4.8.4/bin/../lib/gcc/arm-none-eabi/4.8.4/../../../../arm-none-eabi/lib/armv7-m\libg_s.a(lib_a-nano-reallocr.o)
 .debug_frame   0x00003360       0x2c c:/program files (x86)/cypress/psoc creator/3.1/psoc creator/import/gnu_cs/arm/4.8.4/bin/../lib/gcc/arm-none-eabi/4.8.4/../../../../arm-none-eabi/lib/armv7-m\libg_s.a(lib_a-readr.o)
 .debug_frame   0x0000338c       0x48 c:/program files (x86)/cypress/psoc creator/3.1/psoc creator/import/gnu_cs/arm/4.8.4/bin/../lib/gcc/arm-none-eabi/4.8.4/../../../../arm-none-eabi/lib/armv7-m\libg_s.a(lib_a-reent.o)
 .debug_frame   0x000033d4       0x30 c:/program files (x86)/cypress/psoc creator/3.1/psoc creator/import/gnu_cs/arm/4.8.4/bin/../lib/gcc/arm-none-eabi/4.8.4/../../../../arm-none-eabi/lib/armv7-m\libg_s.a(lib_a-sccl.o)
 .debug_frame   0x00003404       0x54 c:/program files (x86)/cypress/psoc creator/3.1/psoc creator/import/gnu_cs/arm/4.8.4/bin/../lib/gcc/arm-none-eabi/4.8.4/../../../../arm-none-eabi/lib/armv7-m\libg_s.a(lib_a-strtol.o)
 .debug_frame   0x00003458       0x54 c:/program files (x86)/cypress/psoc creator/3.1/psoc creator/import/gnu_cs/arm/4.8.4/bin/../lib/gcc/arm-none-eabi/4.8.4/../../../../arm-none-eabi/lib/armv7-m\libg_s.a(lib_a-strtoul.o)
 .debug_frame   0x000034ac       0x20 c:/program files (x86)/cypress/psoc creator/3.1/psoc creator/import/gnu_cs/arm/4.8.4/bin/../lib/gcc/arm-none-eabi/4.8.4/../../../../arm-none-eabi/lib/armv7-m\libg_s.a(lib_a-nano-msizer.o)
 .debug_frame   0x000034cc       0x20 c:/program files (x86)/cypress/psoc creator/3.1/psoc creator/import/gnu_cs/arm/4.8.4/bin/../lib/gcc/arm-none-eabi/4.8.4/../../../../arm-none-eabi/lib/armv7-m\libnosys.a(close.o)
 .debug_frame   0x000034ec       0x20 c:/program files (x86)/cypress/psoc creator/3.1/psoc creator/import/gnu_cs/arm/4.8.4/bin/../lib/gcc/arm-none-eabi/4.8.4/../../../../arm-none-eabi/lib/armv7-m\libnosys.a(lseek.o)
 .debug_frame   0x0000350c       0x20 c:/program files (x86)/cypress/psoc creator/3.1/psoc creator/import/gnu_cs/arm/4.8.4/bin/../lib/gcc/arm-none-eabi/4.8.4/../../../../arm-none-eabi/lib/armv7-m\libnosys.a(read.o)
 .debug_frame   0x0000352c       0x20 c:/program files (x86)/cypress/psoc creator/3.1/psoc creator/import/gnu_cs/arm/4.8.4/bin/../lib/gcc/arm-none-eabi/4.8.4/../../../../arm-none-eabi/lib/armv7-m\libnosys.a(write.o)

.debug_str      0x00000000     0x2ede
 *(.debug_str)
 .debug_str     0x00000000      0x353 .\ARM_GCC_484\Debug\main.o
                                0x39b (size before relaxing)
 .debug_str     0x00000353       0x77 .\ARM_GCC_484\Debug\cymetadata.o
                                0x1e0 (size before relaxing)
 .debug_str     0x000003ca      0x132 .\ARM_GCC_484\Debug\Cm3Start.o
                                0x2c1 (size before relaxing)
 .debug_str     0x000004fc      0x1cd .\ARM_GCC_484\Debug\Simple_Oscope.a(cyfitter_cfg.o)
                                0x36a (size before relaxing)
 .debug_str     0x000006c9      0x35a .\ARM_GCC_484\Debug\Simple_Oscope.a(CyDmac.o)
                                0x507 (size before relaxing)
 .debug_str     0x00000a23      0x785 .\ARM_GCC_484\Debug\Simple_Oscope.a(CyLib.o)
                                0x981 (size before relaxing)
 .debug_str     0x000011a8      0x371 .\ARM_GCC_484\Debug\Simple_Oscope.a(cyPm.o)
                                0x511 (size before relaxing)
 .debug_str     0x00001519      0x104 .\ARM_GCC_484\Debug\Simple_Oscope.a(UART_RX.o)
                                0x2ac (size before relaxing)
 .debug_str     0x0000161d      0x282 .\ARM_GCC_484\Debug\Simple_Oscope.a(UART.o)
                                0x40b (size before relaxing)
 .debug_str     0x0000189f      0x1ac .\ARM_GCC_484\Debug\Simple_Oscope.a(UART_IntClock.o)
                                0x32c (size before relaxing)
 .debug_str     0x00001a4b      0x1b9 .\ARM_GCC_484\Debug\Simple_Oscope.a(ADC.o)
                                0x397 (size before relaxing)
 .debug_str     0x00001c04       0x2b .\ARM_GCC_484\Debug\Simple_Oscope.a(ADC_INT.o)
                                0x185 (size before relaxing)
 .debug_str     0x00001c2f      0x170 .\ARM_GCC_484\Debug\Simple_Oscope.a(ADC_Clock.o)
                                0x33b (size before relaxing)
 .debug_str     0x00001d9f       0xad .\ARM_GCC_484\Debug\Simple_Oscope.a(DMA_ADC_MEM_dma.o)
                                0x21d (size before relaxing)
 .debug_str     0x00001e4c      0x1bd .\ARM_GCC_484\Debug\Simple_Oscope.a(TIMER_DMA.o)
                                0x340 (size before relaxing)
 .debug_str     0x00002009      0x12e .\ARM_GCC_484\Debug\Simple_Oscope.a(DMA_ENABLE.o)
                                0x2d6 (size before relaxing)
 .debug_str     0x00002137      0x174 .\ARM_GCC_484\Debug\Simple_Oscope.a(DMA_FRAME_READY.o)
                                0x31c (size before relaxing)
 .debug_str     0x000022ab      0x11f .\ARM_GCC_484\Debug\Simple_Oscope.a(DAC_1.o)
                                0x296 (size before relaxing)
 .debug_str     0x000023ca       0x73 .\ARM_GCC_484\Debug\Simple_Oscope.a(MUX_DAC.o)
                                0x1db (size before relaxing)
 .debug_str     0x0000243d       0xe2 .\ARM_GCC_484\Debug\Simple_Oscope.a(DAC_2.o)
                                0x296 (size before relaxing)
 .debug_str     0x0000251f       0x4a .\ARM_GCC_484\Debug\Simple_Oscope.a(Control_DAC.o)
                                0x1b7 (size before relaxing)
 .debug_str     0x00002569      0x155 .\ARM_GCC_484\Debug\Simple_Oscope.a(DAC_1_DacClk.o)
                                0x320 (size before relaxing)
 .debug_str     0x000026be       0x82 .\ARM_GCC_484\Debug\Simple_Oscope.a(DAC_1_Wave1_DMA_dma.o)
                                0x22d (size before relaxing)
 .debug_str     0x00002740       0x82 .\ARM_GCC_484\Debug\Simple_Oscope.a(DAC_1_Wave2_DMA_dma.o)
                                0x22d (size before relaxing)
 .debug_str     0x000027c2       0xe1 .\ARM_GCC_484\Debug\Simple_Oscope.a(DAC_1_VDAC8.o)
                                0x251 (size before relaxing)
 .debug_str     0x000028a3      0x155 .\ARM_GCC_484\Debug\Simple_Oscope.a(DAC_2_DacClk.o)
                                0x320 (size before relaxing)
 .debug_str     0x000029f8       0x82 .\ARM_GCC_484\Debug\Simple_Oscope.a(DAC_2_Wave1_DMA_dma.o)
                                0x22d (size before relaxing)
 .debug_str     0x00002a7a       0x82 .\ARM_GCC_484\Debug\Simple_Oscope.a(DAC_2_Wave2_DMA_dma.o)
                                0x22d (size before relaxing)
 .debug_str     0x00002afc       0xd5 .\ARM_GCC_484\Debug\Simple_Oscope.a(DAC_2_VDAC8.o)
                                0x251 (size before relaxing)
 .debug_str     0x00002bd1       0xa5 .\ARM_GCC_484\Debug\Simple_Oscope.a(DAC_2_BuffAmp.o)
                                0x219 (size before relaxing)
 .debug_str     0x00002c76      0x147 .\ARM_GCC_484\Debug\Simple_Oscope.a(CyFlash.o)
                                0x2e0 (size before relaxing)
 .debug_str     0x00002dbd      0x121 .\ARM_GCC_484\Debug\Simple_Oscope.a(CySpc.o)
                                0x2dd (size before relaxing)

.debug_loc
 *(.debug_loc)

.debug_macinfo
 *(.debug_macinfo)

.debug_ranges   0x00000000      0xc78
 *(.debug_ranges)
 .debug_ranges  0x00000000       0x68 .\ARM_GCC_484\Debug\main.o
 .debug_ranges  0x00000068       0x38 .\ARM_GCC_484\Debug\Cm3Start.o
 .debug_ranges  0x000000a0       0x60 .\ARM_GCC_484\Debug\Simple_Oscope.a(cyfitter_cfg.o)
 .debug_ranges  0x00000100       0xc8 .\ARM_GCC_484\Debug\Simple_Oscope.a(CyDmac.o)
 .debug_ranges  0x000001c8      0x280 .\ARM_GCC_484\Debug\Simple_Oscope.a(CyLib.o)
 .debug_ranges  0x00000448       0x80 .\ARM_GCC_484\Debug\Simple_Oscope.a(cyPm.o)
 .debug_ranges  0x000004c8       0x70 .\ARM_GCC_484\Debug\Simple_Oscope.a(UART_RX.o)
 .debug_ranges  0x00000538       0xe0 .\ARM_GCC_484\Debug\Simple_Oscope.a(UART.o)
 .debug_ranges  0x00000618       0x60 .\ARM_GCC_484\Debug\Simple_Oscope.a(UART_IntClock.o)
 .debug_ranges  0x00000678       0x98 .\ARM_GCC_484\Debug\Simple_Oscope.a(ADC.o)
 .debug_ranges  0x00000710       0x10 .\ARM_GCC_484\Debug\Simple_Oscope.a(ADC_INT.o)
 .debug_ranges  0x00000720       0x70 .\ARM_GCC_484\Debug\Simple_Oscope.a(ADC_Clock.o)
 .debug_ranges  0x00000790       0x18 .\ARM_GCC_484\Debug\Simple_Oscope.a(DMA_ADC_MEM_dma.o)
 .debug_ranges  0x000007a8       0x80 .\ARM_GCC_484\Debug\Simple_Oscope.a(TIMER_DMA.o)
 .debug_ranges  0x00000828       0x70 .\ARM_GCC_484\Debug\Simple_Oscope.a(DMA_ENABLE.o)
 .debug_ranges  0x00000898       0x70 .\ARM_GCC_484\Debug\Simple_Oscope.a(DMA_FRAME_READY.o)
 .debug_ranges  0x00000908       0x40 .\ARM_GCC_484\Debug\Simple_Oscope.a(DAC_1.o)
 .debug_ranges  0x00000948       0x20 .\ARM_GCC_484\Debug\Simple_Oscope.a(MUX_DAC.o)
 .debug_ranges  0x00000968       0x40 .\ARM_GCC_484\Debug\Simple_Oscope.a(DAC_2.o)
 .debug_ranges  0x000009a8       0x18 .\ARM_GCC_484\Debug\Simple_Oscope.a(Control_DAC.o)
 .debug_ranges  0x000009c0       0x60 .\ARM_GCC_484\Debug\Simple_Oscope.a(DAC_1_DacClk.o)
 .debug_ranges  0x00000a20       0x18 .\ARM_GCC_484\Debug\Simple_Oscope.a(DAC_1_Wave1_DMA_dma.o)
 .debug_ranges  0x00000a38       0x18 .\ARM_GCC_484\Debug\Simple_Oscope.a(DAC_1_Wave2_DMA_dma.o)
 .debug_ranges  0x00000a50       0x48 .\ARM_GCC_484\Debug\Simple_Oscope.a(DAC_1_VDAC8.o)
 .debug_ranges  0x00000a98       0x60 .\ARM_GCC_484\Debug\Simple_Oscope.a(DAC_2_DacClk.o)
 .debug_ranges  0x00000af8       0x18 .\ARM_GCC_484\Debug\Simple_Oscope.a(DAC_2_Wave1_DMA_dma.o)
 .debug_ranges  0x00000b10       0x18 .\ARM_GCC_484\Debug\Simple_Oscope.a(DAC_2_Wave2_DMA_dma.o)
 .debug_ranges  0x00000b28       0x48 .\ARM_GCC_484\Debug\Simple_Oscope.a(DAC_2_VDAC8.o)
 .debug_ranges  0x00000b70       0x30 .\ARM_GCC_484\Debug\Simple_Oscope.a(DAC_2_BuffAmp.o)
 .debug_ranges  0x00000ba0       0x70 .\ARM_GCC_484\Debug\Simple_Oscope.a(CyFlash.o)
 .debug_ranges  0x00000c10       0x68 .\ARM_GCC_484\Debug\Simple_Oscope.a(CySpc.o)

.comment        0x00000000       0x70
 .comment       0x00000000       0x70 .\ARM_GCC_484\Debug\main.o
                                 0x71 (size before relaxing)
 .comment       0x00000000       0x71 .\ARM_GCC_484\Debug\cymetadata.o
 .comment       0x00000000       0x71 .\ARM_GCC_484\Debug\Cm3Start.o
 .comment       0x00000000       0x71 .\ARM_GCC_484\Debug\Simple_Oscope.a(cyfitter_cfg.o)
 .comment       0x00000000       0x71 .\ARM_GCC_484\Debug\Simple_Oscope.a(CyDmac.o)
 .comment       0x00000000       0x71 .\ARM_GCC_484\Debug\Simple_Oscope.a(CyLib.o)
 .comment       0x00000000       0x71 .\ARM_GCC_484\Debug\Simple_Oscope.a(cyPm.o)
 .comment       0x00000000       0x71 .\ARM_GCC_484\Debug\Simple_Oscope.a(UART_RX.o)
 .comment       0x00000000       0x71 .\ARM_GCC_484\Debug\Simple_Oscope.a(UART.o)
 .comment       0x00000000       0x71 .\ARM_GCC_484\Debug\Simple_Oscope.a(UART_IntClock.o)
 .comment       0x00000000       0x71 .\ARM_GCC_484\Debug\Simple_Oscope.a(ADC.o)
 .comment       0x00000000       0x71 .\ARM_GCC_484\Debug\Simple_Oscope.a(ADC_INT.o)
 .comment       0x00000000       0x71 .\ARM_GCC_484\Debug\Simple_Oscope.a(ADC_Clock.o)
 .comment       0x00000000       0x71 .\ARM_GCC_484\Debug\Simple_Oscope.a(DMA_ADC_MEM_dma.o)
 .comment       0x00000000       0x71 .\ARM_GCC_484\Debug\Simple_Oscope.a(TIMER_DMA.o)
 .comment       0x00000000       0x71 .\ARM_GCC_484\Debug\Simple_Oscope.a(DMA_ENABLE.o)
 .comment       0x00000000       0x71 .\ARM_GCC_484\Debug\Simple_Oscope.a(DMA_FRAME_READY.o)
 .comment       0x00000000       0x71 .\ARM_GCC_484\Debug\Simple_Oscope.a(DAC_1.o)
 .comment       0x00000000       0x71 .\ARM_GCC_484\Debug\Simple_Oscope.a(MUX_DAC.o)
 .comment       0x00000000       0x71 .\ARM_GCC_484\Debug\Simple_Oscope.a(DAC_2.o)
 .comment       0x00000000       0x71 .\ARM_GCC_484\Debug\Simple_Oscope.a(Control_DAC.o)
 .comment       0x00000000       0x71 .\ARM_GCC_484\Debug\Simple_Oscope.a(DAC_1_DacClk.o)
 .comment       0x00000000       0x71 .\ARM_GCC_484\Debug\Simple_Oscope.a(DAC_1_Wave1_DMA_dma.o)
 .comment       0x00000000       0x71 .\ARM_GCC_484\Debug\Simple_Oscope.a(DAC_1_Wave2_DMA_dma.o)
 .comment       0x00000000       0x71 .\ARM_GCC_484\Debug\Simple_Oscope.a(DAC_1_VDAC8.o)
 .comment       0x00000000       0x71 .\ARM_GCC_484\Debug\Simple_Oscope.a(DAC_2_DacClk.o)
 .comment       0x00000000       0x71 .\ARM_GCC_484\Debug\Simple_Oscope.a(DAC_2_Wave1_DMA_dma.o)
 .comment       0x00000000       0x71 .\ARM_GCC_484\Debug\Simple_Oscope.a(DAC_2_Wave2_DMA_dma.o)
 .comment       0x00000000       0x71 .\ARM_GCC_484\Debug\Simple_Oscope.a(DAC_2_VDAC8.o)
 .comment       0x00000000       0x71 .\ARM_GCC_484\Debug\Simple_Oscope.a(DAC_2_BuffAmp.o)
 .comment       0x00000000       0x71 .\ARM_GCC_484\Debug\Simple_Oscope.a(CyFlash.o)
 .comment       0x00000000       0x71 .\ARM_GCC_484\Debug\Simple_Oscope.a(CySpc.o)

.debug_weaknames
 *(.debug_weaknames)

.debug_funcnames
 *(.debug_funcnames)

.debug_typenames
 *(.debug_typenames)

.debug_varnames
 *(.debug_varnames)

.note.gnu.arm.ident
 *(.note.gnu.arm.ident)

.ARM.attributes
                0x00000000       0x29
 *(.ARM.attributes)
 .ARM.attributes
                0x00000000       0x1d c:/program files (x86)/cypress/psoc creator/3.1/psoc creator/import/gnu_cs/arm/4.8.4/bin/../lib/gcc/arm-none-eabi/4.8.4/armv7-m/crti.o
 .ARM.attributes
                0x0000001d       0x2d c:/program files (x86)/cypress/psoc creator/3.1/psoc creator/import/gnu_cs/arm/4.8.4/bin/../lib/gcc/arm-none-eabi/4.8.4/armv7-m/crtbegin.o
 .ARM.attributes
                0x0000004a       0x1b c:/program files (x86)/cypress/psoc creator/3.1/psoc creator/import/gnu_cs/arm/4.8.4/bin/../lib/gcc/arm-none-eabi/4.8.4/../../../../arm-none-eabi/lib/armv7-m/crt0.o
 .ARM.attributes
                0x00000065       0x33 .\ARM_GCC_484\Debug\main.o
 .ARM.attributes
                0x00000098       0x33 .\ARM_GCC_484\Debug\cymetadata.o
 .ARM.attributes
                0x000000cb       0x33 .\ARM_GCC_484\Debug\Cm3Start.o
 .ARM.attributes
                0x000000fe       0x33 .\ARM_GCC_484\Debug\Simple_Oscope.a(cyfitter_cfg.o)
 .ARM.attributes
                0x00000131       0x21 .\ARM_GCC_484\Debug\Simple_Oscope.a(CyBootAsmGnu.o)
 .ARM.attributes
                0x00000152       0x33 .\ARM_GCC_484\Debug\Simple_Oscope.a(CyDmac.o)
 .ARM.attributes
                0x00000185       0x33 .\ARM_GCC_484\Debug\Simple_Oscope.a(CyLib.o)
 .ARM.attributes
                0x000001b8       0x33 .\ARM_GCC_484\Debug\Simple_Oscope.a(cyPm.o)
 .ARM.attributes
                0x000001eb       0x33 .\ARM_GCC_484\Debug\Simple_Oscope.a(UART_RX.o)
 .ARM.attributes
                0x0000021e       0x33 .\ARM_GCC_484\Debug\Simple_Oscope.a(UART.o)
 .ARM.attributes
                0x00000251       0x33 .\ARM_GCC_484\Debug\Simple_Oscope.a(UART_IntClock.o)
 .ARM.attributes
                0x00000284       0x33 .\ARM_GCC_484\Debug\Simple_Oscope.a(ADC.o)
 .ARM.attributes
                0x000002b7       0x33 .\ARM_GCC_484\Debug\Simple_Oscope.a(ADC_INT.o)
 .ARM.attributes
                0x000002ea       0x33 .\ARM_GCC_484\Debug\Simple_Oscope.a(ADC_Clock.o)
 .ARM.attributes
                0x0000031d       0x33 .\ARM_GCC_484\Debug\Simple_Oscope.a(DMA_ADC_MEM_dma.o)
 .ARM.attributes
                0x00000350       0x33 .\ARM_GCC_484\Debug\Simple_Oscope.a(TIMER_DMA.o)
 .ARM.attributes
                0x00000383       0x33 .\ARM_GCC_484\Debug\Simple_Oscope.a(DMA_ENABLE.o)
 .ARM.attributes
                0x000003b6       0x33 .\ARM_GCC_484\Debug\Simple_Oscope.a(DMA_FRAME_READY.o)
 .ARM.attributes
                0x000003e9       0x33 .\ARM_GCC_484\Debug\Simple_Oscope.a(DAC_1.o)
 .ARM.attributes
                0x0000041c       0x33 .\ARM_GCC_484\Debug\Simple_Oscope.a(MUX_DAC.o)
 .ARM.attributes
                0x0000044f       0x33 .\ARM_GCC_484\Debug\Simple_Oscope.a(DAC_2.o)
 .ARM.attributes
                0x00000482       0x33 .\ARM_GCC_484\Debug\Simple_Oscope.a(Control_DAC.o)
 .ARM.attributes
                0x000004b5       0x33 .\ARM_GCC_484\Debug\Simple_Oscope.a(DAC_1_DacClk.o)
 .ARM.attributes
                0x000004e8       0x33 .\ARM_GCC_484\Debug\Simple_Oscope.a(DAC_1_Wave1_DMA_dma.o)
 .ARM.attributes
                0x0000051b       0x33 .\ARM_GCC_484\Debug\Simple_Oscope.a(DAC_1_Wave2_DMA_dma.o)
 .ARM.attributes
                0x0000054e       0x33 .\ARM_GCC_484\Debug\Simple_Oscope.a(DAC_1_VDAC8.o)
 .ARM.attributes
                0x00000581       0x33 .\ARM_GCC_484\Debug\Simple_Oscope.a(DAC_2_DacClk.o)
 .ARM.attributes
                0x000005b4       0x33 .\ARM_GCC_484\Debug\Simple_Oscope.a(DAC_2_Wave1_DMA_dma.o)
 .ARM.attributes
                0x000005e7       0x33 .\ARM_GCC_484\Debug\Simple_Oscope.a(DAC_2_Wave2_DMA_dma.o)
 .ARM.attributes
                0x0000061a       0x33 .\ARM_GCC_484\Debug\Simple_Oscope.a(DAC_2_VDAC8.o)
 .ARM.attributes
                0x0000064d       0x33 .\ARM_GCC_484\Debug\Simple_Oscope.a(DAC_2_BuffAmp.o)
 .ARM.attributes
                0x00000680       0x33 .\ARM_GCC_484\Debug\Simple_Oscope.a(CyFlash.o)
 .ARM.attributes
                0x000006b3       0x33 .\ARM_GCC_484\Debug\Simple_Oscope.a(CySpc.o)
 .ARM.attributes
                0x000006e6       0x1d c:/program files (x86)/cypress/psoc creator/3.1/psoc creator/import/gnu_cs/arm/4.8.4/bin/../lib/gcc/arm-none-eabi/4.8.4/armv7-m\libgcc.a(_arm_addsubsf3.o)
 .ARM.attributes
                0x00000703       0x1d c:/program files (x86)/cypress/psoc creator/3.1/psoc creator/import/gnu_cs/arm/4.8.4/bin/../lib/gcc/arm-none-eabi/4.8.4/armv7-m\libgcc.a(_arm_muldivsf3.o)
 .ARM.attributes
                0x00000720       0x1d c:/program files (x86)/cypress/psoc creator/3.1/psoc creator/import/gnu_cs/arm/4.8.4/bin/../lib/gcc/arm-none-eabi/4.8.4/armv7-m\libgcc.a(_arm_cmpsf2.o)
 .ARM.attributes
                0x0000073d       0x1d c:/program files (x86)/cypress/psoc creator/3.1/psoc creator/import/gnu_cs/arm/4.8.4/bin/../lib/gcc/arm-none-eabi/4.8.4/armv7-m\libgcc.a(_aeabi_ldivmod.o)
 .ARM.attributes
                0x0000075a       0x2d c:/program files (x86)/cypress/psoc creator/3.1/psoc creator/import/gnu_cs/arm/4.8.4/bin/../lib/gcc/arm-none-eabi/4.8.4/armv7-m\libgcc.a(bpabi.o)
 .ARM.attributes
                0x00000787       0x1d c:/program files (x86)/cypress/psoc creator/3.1/psoc creator/import/gnu_cs/arm/4.8.4/bin/../lib/gcc/arm-none-eabi/4.8.4/armv7-m\libgcc.a(_dvmd_tls.o)
 .ARM.attributes
                0x000007a4       0x2d c:/program files (x86)/cypress/psoc creator/3.1/psoc creator/import/gnu_cs/arm/4.8.4/bin/../lib/gcc/arm-none-eabi/4.8.4/armv7-m\libgcc.a(_divdi3.o)
 .ARM.attributes
                0x000007d1       0x2d c:/program files (x86)/cypress/psoc creator/3.1/psoc creator/import/gnu_cs/arm/4.8.4/bin/../lib/gcc/arm-none-eabi/4.8.4/armv7-m\libgcc.a(_udivdi3.o)
 .ARM.attributes
                0x000007fe       0x2d c:/program files (x86)/cypress/psoc creator/3.1/psoc creator/import/gnu_cs/arm/4.8.4/bin/../lib/gcc/arm-none-eabi/4.8.4/../../../../arm-none-eabi/lib/armv7-m\libg_s.a(lib_a-errno.o)
 .ARM.attributes
                0x0000082b       0x2d c:/program files (x86)/cypress/psoc creator/3.1/psoc creator/import/gnu_cs/arm/4.8.4/bin/../lib/gcc/arm-none-eabi/4.8.4/../../../../arm-none-eabi/lib/armv7-m\libg_s.a(lib_a-exit.o)
 .ARM.attributes